--- 
recorded_with: VCR 2.3.0
http_interactions: 
- request: 
    method: post
    uri: https://admin:admin@localhost/pulp/api/v2/consumer_groups/integration_test_consumer_group_support/actions/unassociate/
    body: 
      string: "{\"criteria\":{\"filters\":{\"id\":{\"$in\":[\"integration_test_consumer_support\"]}}}}"
    headers: 
      Content-Length: 
      - "77"
      Accept: 
      - application/json
      Content-Type: 
      - application/json
      Accept-Encoding: 
      - gzip, deflate
  response: 
    status: 
      code: 200
      message: OK
    headers: 
      Content-Length: 
      - "37"
      Date: 
      - Wed, 14 Nov 2012 14:16:23 GMT
      Content-Type: 
      - application/json
      Server: 
      - Apache/2.2.22 (Fedora)
    body: 
      string: "[\"integration_test_consumer_support\"]"
    http_version: 
  recorded_at: Wed, 14 Nov 2012 14:16:23 GMT
- request: 
    method: post
    uri: https://admin:admin@localhost/pulp/api/v2/consumer_groups/integration_test_consumer_group_extensions/actions/content/uninstall//
    body: 
      string: "{\"options\":{},\"units\":[{\"unit_key\":{\"name\":\"zsh\"},\"type_id\":\"rpm\"},{\"unit_key\":{\"name\":\"foo\"},\"type_id\":\"rpm\"}]}"
    headers: 
      Content-Length: 
      - "112"
      Accept: 
      - application/json
      Content-Type: 
      - application/json
      Accept-Encoding: 
      - gzip, deflate
  response: 
    status: 
      code: 202
      message: Accepted
    headers: 
      Content-Encoding: 
      - utf-8
      Content-Length: 
      - "516"
      Date: 
      - Wed, 14 Nov 2012 14:16:25 GMT
      Content-Type: 
      - application/json
      Server: 
      - Apache/2.2.22 (Fedora)
    body: 
      string: "{\"task_group_id\": null, \"exception\": null, \"traceback\": null, \"_href\": \"/pulp/api/v2/tasks/157878d2-395c-4906-bc21-66e58844c73d/\", \"task_id\": \"157878d2-395c-4906-bc21-66e58844c73d\", \"call_request_tags\": [], \"reasons\": [], \"start_time\": null, \"tags\": [], \"state\": \"waiting\", \"finish_time\": null, \"dependency_failures\": {}, \"schedule_id\": null, \"progress\": {}, \"call_request_group_id\": null, \"call_request_id\": \"157878d2-395c-4906-bc21-66e58844c73d\", \"principal_login\": \"admin\", \"response\": \"accepted\", \"result\": null}"
    http_version: 
  recorded_at: Wed, 14 Nov 2012 14:16:25 GMT
- request: 
    method: post
    uri: https://admin:admin@localhost/pulp/api/v2/consumer_groups/integration_test_consumer_group_support/actions/associate/
    body: 
      string: "{\"criteria\":{\"filters\":{\"id\":{\"$in\":[\"integration_test_consumer_support\"]}}}}"
    headers: 
      Content-Length: 
      - "77"
      Accept: 
      - application/json
      Content-Type: 
      - application/json
      Accept-Encoding: 
      - gzip, deflate
  response: 
    status: 
      code: 200
      message: OK
    headers: 
      Content-Length: 
      - "37"
      Date: 
      - Wed, 14 Nov 2012 14:16:27 GMT
      Content-Type: 
      - application/json
      Server: 
      - Apache/2.2.22 (Fedora)
    body: 
      string: "[\"integration_test_consumer_support\"]"
    http_version: 
  recorded_at: Wed, 14 Nov 2012 14:16:27 GMT
- request: 
    method: post
    uri: https://admin:admin@localhost/pulp/api/v2/consumer_groups/integration_test_consumer_group_extensions/actions/content/install//
    body: 
      string: "{\"options\":{},\"units\":[{\"unit_key\":{\"name\":\"zsh\"},\"type_id\":\"rpm\"},{\"unit_key\":{\"name\":\"foo\"},\"type_id\":\"rpm\"}]}"
    headers: 
      Content-Length: 
      - "112"
      Accept: 
      - application/json
      Content-Type: 
      - application/json
      Accept-Encoding: 
      - gzip, deflate
  response: 
    status: 
      code: 202
      message: Accepted
    headers: 
      Content-Encoding: 
      - utf-8
      Content-Length: 
      - "516"
      Date: 
      - Wed, 14 Nov 2012 14:16:30 GMT
      Content-Type: 
      - application/json
      Server: 
      - Apache/2.2.22 (Fedora)
    body: 
      string: "{\"task_group_id\": null, \"exception\": null, \"traceback\": null, \"_href\": \"/pulp/api/v2/tasks/4765bdec-c44c-4f63-b8a2-498394d4d10d/\", \"task_id\": \"4765bdec-c44c-4f63-b8a2-498394d4d10d\", \"call_request_tags\": [], \"reasons\": [], \"start_time\": null, \"tags\": [], \"state\": \"waiting\", \"finish_time\": null, \"dependency_failures\": {}, \"schedule_id\": null, \"progress\": {}, \"call_request_group_id\": null, \"call_request_id\": \"4765bdec-c44c-4f63-b8a2-498394d4d10d\", \"principal_login\": \"admin\", \"response\": \"accepted\", \"result\": null}"
    http_version: 
  recorded_at: Wed, 14 Nov 2012 14:16:30 GMT
- request: 
    method: post
    uri: https://admin:admin@localhost/pulp/api/v2/consumer_groups/integration_test_consumer_group_extensions/actions/content/update//
    body: 
      string: "{\"options\":{},\"units\":[{\"unit_key\":{\"name\":\"zsh\"},\"type_id\":\"rpm\"},{\"unit_key\":{\"name\":\"foo\"},\"type_id\":\"rpm\"}]}"
    headers: 
      Content-Length: 
      - "112"
      Accept: 
      - application/json
      Content-Type: 
      - application/json
      Accept-Encoding: 
      - gzip, deflate
  response: 
    status: 
      code: 202
      message: Accepted
    headers: 
      Content-Encoding: 
      - utf-8
      Content-Length: 
      - "516"
      Date: 
      - Wed, 14 Nov 2012 14:16:32 GMT
      Content-Type: 
      - application/json
      Server: 
      - Apache/2.2.22 (Fedora)
    body: 
      string: "{\"task_group_id\": null, \"exception\": null, \"traceback\": null, \"_href\": \"/pulp/api/v2/tasks/62cb0434-5825-4af3-8978-4929d8c9ae4b/\", \"task_id\": \"62cb0434-5825-4af3-8978-4929d8c9ae4b\", \"call_request_tags\": [], \"reasons\": [], \"start_time\": null, \"tags\": [], \"state\": \"waiting\", \"finish_time\": null, \"dependency_failures\": {}, \"schedule_id\": null, \"progress\": {}, \"call_request_group_id\": null, \"call_request_id\": \"62cb0434-5825-4af3-8978-4929d8c9ae4b\", \"principal_login\": \"admin\", \"response\": \"accepted\", \"result\": null}"
    http_version: 
  recorded_at: Wed, 14 Nov 2012 14:16:32 GMT
