--- 
http_interactions: 
- request: 
    method: get
    uri: https://admin:admin@abed.usersys.redhat.com/pulp/api/v2/consumer_groups/integration_test_consumer_group_support/
    body: 
      encoding: US-ASCII
      string: ""
    headers: 
      Accept: 
      - application/json
      Accept-Encoding: 
      - gzip, deflate
      Content-Type: 
      - application/json
      User-Agent: 
      - Ruby
  response: 
    status: 
      code: 200
      message: OK
    headers: 
      Date: 
      - Tue, 13 Aug 2013 14:38:23 GMT
      Server: 
      - Apache/2.2.15 (Red Hat)
      Content-Length: 
      - "333"
      Content-Type: 
      - application/json
    body: 
      encoding: US-ASCII
      string: "{\"scratchpad\": null, \"display_name\": null, \"description\": null, \"_ns\": \"consumer_groups\", \"notes\": {}, \"consumer_ids\": [\"integration_test_consumer_support\"], \"_id\": {\"$oid\": \"520a44de5ca01309da322ef4\"}, \"id\": \"integration_test_consumer_group_support\", \"_href\": \"/pulp/api/v2/consumer_groups/integration_test_consumer_group_support/\"}"
    http_version: 
  recorded_at: Tue, 13 Aug 2013 14:38:23 GMT
- request: 
    method: post
    uri: https://admin:admin@abed.usersys.redhat.com/pulp/api/v2/consumer_groups/integration_test_consumer_group_support/actions/unassociate/
    body: 
      encoding: US-ASCII
      string: "{\"criteria\":{\"filters\":{\"id\":{\"$in\":[\"integration_test_consumer_support\"]}}}}"
    headers: 
      Accept: 
      - application/json
      Accept-Encoding: 
      - gzip, deflate
      Content-Type: 
      - application/json
      Content-Length: 
      - "77"
      User-Agent: 
      - Ruby
  response: 
    status: 
      code: 200
      message: OK
    headers: 
      Date: 
      - Tue, 13 Aug 2013 14:38:23 GMT
      Server: 
      - Apache/2.2.15 (Red Hat)
      Content-Length: 
      - "2"
      Content-Type: 
      - application/json
    body: 
      encoding: US-ASCII
      string: "[]"
    http_version: 
  recorded_at: Tue, 13 Aug 2013 14:38:24 GMT
- request: 
    method: get
    uri: https://admin:admin@abed.usersys.redhat.com/pulp/api/v2/consumer_groups/integration_test_consumer_group_support/
    body: 
      encoding: US-ASCII
      string: ""
    headers: 
      Accept: 
      - application/json
      Accept-Encoding: 
      - gzip, deflate
      Content-Type: 
      - application/json
      User-Agent: 
      - Ruby
  response: 
    status: 
      code: 200
      message: OK
    headers: 
      Date: 
      - Tue, 13 Aug 2013 14:38:24 GMT
      Server: 
      - Apache/2.2.15 (Red Hat)
      Content-Length: 
      - "298"
      Content-Type: 
      - application/json
    body: 
      encoding: US-ASCII
      string: "{\"scratchpad\": null, \"display_name\": null, \"description\": null, \"_ns\": \"consumer_groups\", \"notes\": {}, \"consumer_ids\": [], \"_id\": {\"$oid\": \"520a44de5ca01309da322ef4\"}, \"id\": \"integration_test_consumer_group_support\", \"_href\": \"/pulp/api/v2/consumer_groups/integration_test_consumer_group_support/\"}"
    http_version: 
  recorded_at: Tue, 13 Aug 2013 14:38:24 GMT
- request: 
    method: post
    uri: https://admin:admin@abed.usersys.redhat.com/pulp/api/v2/consumer_groups/integration_test_consumer_group_support/actions/content/install/
    body: 
      encoding: US-ASCII
      string: "{\"units\":[{\"type_id\":\"rpm\",\"unit_key\":{\"name\":\"zsh\"}},{\"type_id\":\"rpm\",\"unit_key\":{\"name\":\"foo\"}}],\"options\":{}}"
    headers: 
      Accept: 
      - application/json
      Accept-Encoding: 
      - gzip, deflate
      Content-Type: 
      - application/json
      Content-Length: 
      - "112"
      User-Agent: 
      - Ruby
  response: 
    status: 
      code: 202
      message: Accepted
    headers: 
      Date: 
      - Tue, 13 Aug 2013 14:38:28 GMT
      Server: 
      - Apache/2.2.15 (Red Hat)
      Content-Encoding: 
      - utf-8
      Content-Length: 
      - "746"
      Content-Type: 
      - application/json
    body: 
      encoding: US-ASCII
      string: "[{\"task_group_id\": \"52078d9d-11ab-49cd-bab3-7a309e4f54e5\", \"exception\": null, \"traceback\": null, \"_href\": \"/pulp/api/v2/task_groups/52078d9d-11ab-49cd-bab3-7a309e4f54e5/\", \"task_id\": \"8c5f98d1-8119-4687-9b9c-9156ecc1556c\", \"call_request_tags\": [\"pulp:consumer:integration_test_consumer_support\", \"pulp:action:unit_install\"], \"reasons\": [], \"start_time\": null, \"tags\": [\"pulp:consumer:integration_test_consumer_support\", \"pulp:action:unit_install\"], \"state\": \"waiting\", \"finish_time\": null, \"dependency_failures\": {}, \"schedule_id\": null, \"progress\": {}, \"call_request_group_id\": \"52078d9d-11ab-49cd-bab3-7a309e4f54e5\", \"call_request_id\": \"8c5f98d1-8119-4687-9b9c-9156ecc1556c\", \"principal_login\": \"admin\", \"response\": \"accepted\", \"result\": null}]"
    http_version: 
  recorded_at: Tue, 13 Aug 2013 14:38:28 GMT
- request: 
    method: post
    uri: https://admin:admin@abed.usersys.redhat.com/pulp/api/v2/consumer_groups/integration_test_consumer_group_support/actions/content/uninstall/
    body: 
      encoding: US-ASCII
      string: "{\"units\":[{\"type_id\":\"rpm\",\"unit_key\":{\"name\":\"zsh\"}},{\"type_id\":\"rpm\",\"unit_key\":{\"name\":\"foo\"}}],\"options\":{}}"
    headers: 
      Accept: 
      - application/json
      Accept-Encoding: 
      - gzip, deflate
      Content-Type: 
      - application/json
      Content-Length: 
      - "112"
      User-Agent: 
      - Ruby
  response: 
    status: 
      code: 202
      message: Accepted
    headers: 
      Date: 
      - Tue, 13 Aug 2013 14:38:42 GMT
      Server: 
      - Apache/2.2.15 (Red Hat)
      Content-Encoding: 
      - utf-8
      Content-Length: 
      - "750"
      Content-Type: 
      - application/json
    body: 
      encoding: US-ASCII
      string: "[{\"task_group_id\": \"d92d01e3-0b0f-431a-9bfb-12e129a4929b\", \"exception\": null, \"traceback\": null, \"_href\": \"/pulp/api/v2/task_groups/d92d01e3-0b0f-431a-9bfb-12e129a4929b/\", \"task_id\": \"c6267317-cc45-49ec-a812-b443440f534f\", \"call_request_tags\": [\"pulp:consumer:integration_test_consumer_support\", \"pulp:action:unit_uninstall\"], \"reasons\": [], \"start_time\": null, \"tags\": [\"pulp:consumer:integration_test_consumer_support\", \"pulp:action:unit_uninstall\"], \"state\": \"waiting\", \"finish_time\": null, \"dependency_failures\": {}, \"schedule_id\": null, \"progress\": {}, \"call_request_group_id\": \"d92d01e3-0b0f-431a-9bfb-12e129a4929b\", \"call_request_id\": \"c6267317-cc45-49ec-a812-b443440f534f\", \"principal_login\": \"admin\", \"response\": \"accepted\", \"result\": null}]"
    http_version: 
  recorded_at: Tue, 13 Aug 2013 14:38:42 GMT
- request: 
    method: post
    uri: https://admin:admin@abed.usersys.redhat.com/pulp/api/v2/consumer_groups/integration_test_consumer_group_support/actions/content/update/
    body: 
      encoding: US-ASCII
      string: "{\"units\":[{\"type_id\":\"rpm\",\"unit_key\":{\"name\":\"zsh\"}},{\"type_id\":\"rpm\",\"unit_key\":{\"name\":\"foo\"}}],\"options\":{}}"
    headers: 
      Accept: 
      - application/json
      Accept-Encoding: 
      - gzip, deflate
      Content-Type: 
      - application/json
      Content-Length: 
      - "112"
      User-Agent: 
      - Ruby
  response: 
    status: 
      code: 202
      message: Accepted
    headers: 
      Date: 
      - Tue, 13 Aug 2013 14:38:56 GMT
      Server: 
      - Apache/2.2.15 (Red Hat)
      Content-Encoding: 
      - utf-8
      Content-Length: 
      - "744"
      Content-Type: 
      - application/json
    body: 
      encoding: US-ASCII
      string: "[{\"task_group_id\": \"6934f58a-b70d-4979-aa20-2c35df87461a\", \"exception\": null, \"traceback\": null, \"_href\": \"/pulp/api/v2/task_groups/6934f58a-b70d-4979-aa20-2c35df87461a/\", \"task_id\": \"8d778083-0367-4cd9-aba8-9f088f293e2d\", \"call_request_tags\": [\"pulp:consumer:integration_test_consumer_support\", \"pulp:action:unit_update\"], \"reasons\": [], \"start_time\": null, \"tags\": [\"pulp:consumer:integration_test_consumer_support\", \"pulp:action:unit_update\"], \"state\": \"waiting\", \"finish_time\": null, \"dependency_failures\": {}, \"schedule_id\": null, \"progress\": {}, \"call_request_group_id\": \"6934f58a-b70d-4979-aa20-2c35df87461a\", \"call_request_id\": \"8d778083-0367-4cd9-aba8-9f088f293e2d\", \"principal_login\": \"admin\", \"response\": \"accepted\", \"result\": null}]"
    http_version: 
  recorded_at: Tue, 13 Aug 2013 14:38:56 GMT
- request: 
    method: get
    uri: https://admin:admin@abed.usersys.redhat.com/pulp/api/v2/repositories/integration_test_id/?details=true
    body: 
      encoding: US-ASCII
      string: ""
    headers: 
      Accept: 
      - application/json
      Accept-Encoding: 
      - gzip, deflate
      Content-Type: 
      - application/json
      User-Agent: 
      - Ruby
  response: 
    status: 
      code: 200
      message: OK
    headers: 
      Date: 
      - Tue, 13 Aug 2013 14:39:14 GMT
      Server: 
      - Apache/2.2.15 (Red Hat)
      Content-Length: 
      - "1013"
      Content-Type: 
      - application/json
    body: 
      encoding: US-ASCII
      string: "{\"scratchpad\": {}, \"display_name\": \"integration_test_id\", \"description\": null, \"_ns\": \"repos\", \"notes\": {}, \"content_unit_counts\": {\"package_group\": 2, \"distribution\": 1, \"package_category\": 1, \"rpm\": 8, \"erratum\": 2}, \"_id\": {\"$oid\": \"520a44dd5ca01309da322ec6\"}, \"id\": \"integration_test_id\", \"_href\": \"/pulp/api/v2/repositories/integration_test_id/\", \"importers\": [{\"repo_id\": \"integration_test_id\", \"_ns\": \"repo_importers\", \"importer_type_id\": \"yum_importer\", \"last_sync\": \"2013-08-13T10:38:21-04:00\", \"scheduled_syncs\": [], \"_id\": {\"$oid\": \"520a44dd5ca01309da322ec7\"}, \"config\": {\"feed\": \"file:///home/jlsherri/git/runcible/test/fixtures/repositories/zoo5\"}, \"id\": \"yum_importer\"}], \"distributors\": [{\"repo_id\": \"integration_test_id\", \"_ns\": \"repo_distributors\", \"last_publish\": null, \"auto_publish\": false, \"scheduled_publishes\": [], \"distributor_type_id\": \"yum_distributor\", \"_id\": {\"$oid\": \"520a44dd5ca01309da322ec8\"}, \"config\": {\"http\": true, \"relative_url\": \"/path\", \"https\": true}, \"id\": \"puppet_dist\"}]}"
    http_version: 
  recorded_at: Tue, 13 Aug 2013 14:39:14 GMT
- request: 
    method: post
    uri: https://admin:admin@abed.usersys.redhat.com/pulp/api/v2/consumers/integration_test_consumer_support/bindings//
    body: 
      encoding: US-ASCII
      string: "{\"repo_id\":\"integration_test_id\",\"distributor_id\":\"puppet_dist\"}"
    headers: 
      Accept: 
      - application/json
      Accept-Encoding: 
      - gzip, deflate
      Content-Type: 
      - application/json
      Content-Length: 
      - "64"
      User-Agent: 
      - Ruby
  response: 
    status: 
      code: 202
      message: Accepted
    headers: 
      Date: 
      - Tue, 13 Aug 2013 14:39:14 GMT
      Server: 
      - Apache/2.2.15 (Red Hat)
      Content-Encoding: 
      - utf-8
      Content-Length: 
      - "1800"
      Content-Type: 
      - application/json
    body: 
      encoding: US-ASCII
      string: "[{\"task_group_id\": \"9ef928d0-163f-4f37-9041-41c61d07d3f2\", \"exception\": null, \"traceback\": null, \"_href\": \"/pulp/api/v2/task_groups/9ef928d0-163f-4f37-9041-41c61d07d3f2/\", \"task_id\": \"0f205f2d-50dc-4582-ac2b-a66850a7a853\", \"call_request_tags\": [\"pulp:consumer:integration_test_consumer_support\", \"pulp:repository:integration_test_id\", \"pulp:repository_distributor:puppet_dist\", \"pulp:action:bind\"], \"reasons\": [], \"start_time\": null, \"tags\": [\"pulp:consumer:integration_test_consumer_support\", \"pulp:repository:integration_test_id\", \"pulp:repository_distributor:puppet_dist\", \"pulp:action:bind\"], \"state\": \"waiting\", \"finish_time\": null, \"dependency_failures\": {}, \"schedule_id\": null, \"progress\": {}, \"call_request_group_id\": \"9ef928d0-163f-4f37-9041-41c61d07d3f2\", \"call_request_id\": \"0f205f2d-50dc-4582-ac2b-a66850a7a853\", \"principal_login\": \"admin\", \"response\": \"accepted\", \"result\": null}, {\"task_group_id\": \"9ef928d0-163f-4f37-9041-41c61d07d3f2\", \"exception\": null, \"traceback\": null, \"_href\": \"/pulp/api/v2/task_groups/9ef928d0-163f-4f37-9041-41c61d07d3f2/\", \"task_id\": \"bbddf56f-5616-48e0-8d76-a377a324d9cd\", \"call_request_tags\": [\"pulp:consumer:integration_test_consumer_support\", \"pulp:repository:integration_test_id\", \"pulp:repository_distributor:puppet_dist\", \"pulp:action:agent_bind\"], \"reasons\": [], \"start_time\": null, \"tags\": [\"pulp:consumer:integration_test_consumer_support\", \"pulp:repository:integration_test_id\", \"pulp:repository_distributor:puppet_dist\", \"pulp:action:agent_bind\"], \"state\": \"waiting\", \"finish_time\": null, \"dependency_failures\": {}, \"schedule_id\": null, \"progress\": {}, \"call_request_group_id\": \"9ef928d0-163f-4f37-9041-41c61d07d3f2\", \"call_request_id\": \"bbddf56f-5616-48e0-8d76-a377a324d9cd\", \"principal_login\": \"admin\", \"response\": \"accepted\", \"result\": null}]"
    http_version: 
  recorded_at: Tue, 13 Aug 2013 14:39:14 GMT
- request: 
    method: post
    uri: https://admin:admin@abed.usersys.redhat.com/pulp/api/v2/consumer_groups/integration_test_consumer_group_support/actions/associate/
    body: 
      encoding: US-ASCII
      string: "{\"criteria\":{\"filters\":{\"id\":{\"$in\":[\"integration_test_consumer_support\"]}}}}"
    headers: 
      Accept: 
      - application/json
      Accept-Encoding: 
      - gzip, deflate
      Content-Type: 
      - application/json
      Content-Length: 
      - "77"
      User-Agent: 
      - Ruby
  response: 
    status: 
      code: 200
      message: OK
    headers: 
      Date: 
      - Tue, 13 Aug 2013 14:39:14 GMT
      Server: 
      - Apache/2.2.15 (Red Hat)
      Content-Length: 
      - "37"
      Content-Type: 
      - application/json
    body: 
      encoding: US-ASCII
      string: "[\"integration_test_consumer_support\"]"
    http_version: 
  recorded_at: Tue, 13 Aug 2013 14:39:14 GMT
- request: 
    method: post
    uri: https://admin:admin@abed.usersys.redhat.com/pulp/api/v2/consumer_groups/integration_test_consumer_group_support/actions/associate/
    body: 
      encoding: US-ASCII
      string: "{\"criteria\":{\"filters\":{\"id\":{\"$in\":[\"integration_test_consumer_support\"]}}}}"
    headers: 
      Accept: 
      - application/json
      Accept-Encoding: 
      - gzip, deflate
      Content-Type: 
      - application/json
      Content-Length: 
      - "77"
      User-Agent: 
      - Ruby
  response: 
    status: 
      code: 200
      message: OK
    headers: 
      Date: 
      - Tue, 13 Aug 2013 14:39:14 GMT
      Server: 
      - Apache/2.2.15 (Red Hat)
      Content-Length: 
      - "37"
      Content-Type: 
      - application/json
    body: 
      encoding: US-ASCII
      string: "[\"integration_test_consumer_support\"]"
    http_version: 
  recorded_at: Tue, 13 Aug 2013 14:39:15 GMT
recorded_with: VCR 2.5.0
