--- 
http_interactions: 
- request: 
    method: delete
    uri: https://admin:admin@centos.installer/pulp/api/v2/repositories/integration_test_id_clone/
    body: 
      encoding: US-ASCII
      string: ""
    headers: 
      Accept: 
      - application/json
      Accept-Encoding: 
      - gzip, deflate
      Content-Type: 
      - application/json
      User-Agent: 
      - Ruby
  response: 
    status: 
      code: 404
      message: Not Found
    headers: 
      Date: 
      - Wed, 30 Apr 2014 03:44:30 GMT
      Server: 
      - Apache/2.2.15 (CentOS)
      Content-Encoding: 
      - utf-8
      Content-Length: 
      - "472"
      Connection: 
      - close
      Content-Type: 
      - application/json
    body: 
      encoding: US-ASCII
      string: "{\"http_request_method\": \"DELETE\", \"exception\": null, \"error_message\": \"Missing resource(s): repo_id=integration_test_id_clone\", \"_href\": \"/pulp/api/v2/repositories/integration_test_id_clone/\", \"http_status\": 404, \"error\": {\"code\": \"PLP0009\", \"data\": {\"resources\": {\"repo_id\": \"integration_test_id_clone\"}}, \"description\": \"Missing resource(s): repo_id=integration_test_id_clone\", \"sub_errors\": []}, \"traceback\": null, \"resources\": {\"repo_id\": \"integration_test_id_clone\"}}"
    http_version: 
  recorded_at: Wed, 30 Apr 2014 03:44:30 GMT
- request: 
    method: delete
    uri: https://admin:admin@centos.installer/pulp/api/v2/repositories/integration_test_id/
    body: 
      encoding: US-ASCII
      string: ""
    headers: 
      Accept: 
      - application/json
      Accept-Encoding: 
      - gzip, deflate
      Content-Type: 
      - application/json
      User-Agent: 
      - Ruby
  response: 
    status: 
      code: 404
      message: Not Found
    headers: 
      Date: 
      - Wed, 30 Apr 2014 03:44:30 GMT
      Server: 
      - Apache/2.2.15 (CentOS)
      Content-Encoding: 
      - utf-8
      Content-Length: 
      - "442"
      Connection: 
      - close
      Content-Type: 
      - application/json
    body: 
      encoding: US-ASCII
      string: "{\"http_request_method\": \"DELETE\", \"exception\": null, \"error_message\": \"Missing resource(s): repo_id=integration_test_id\", \"_href\": \"/pulp/api/v2/repositories/integration_test_id/\", \"http_status\": 404, \"error\": {\"code\": \"PLP0009\", \"data\": {\"resources\": {\"repo_id\": \"integration_test_id\"}}, \"description\": \"Missing resource(s): repo_id=integration_test_id\", \"sub_errors\": []}, \"traceback\": null, \"resources\": {\"repo_id\": \"integration_test_id\"}}"
    http_version: 
  recorded_at: Wed, 30 Apr 2014 03:44:30 GMT
- request: 
    method: delete
    uri: https://admin:admin@centos.installer/pulp/api/v2/repositories/integration_test_id/
    body: 
      encoding: US-ASCII
      string: ""
    headers: 
      Accept: 
      - application/json
      Accept-Encoding: 
      - gzip, deflate
      Content-Type: 
      - application/json
      User-Agent: 
      - Ruby
  response: 
    status: 
      code: 404
      message: Not Found
    headers: 
      Date: 
      - Wed, 30 Apr 2014 03:44:30 GMT
      Server: 
      - Apache/2.2.15 (CentOS)
      Content-Encoding: 
      - utf-8
      Content-Length: 
      - "442"
      Connection: 
      - close
      Content-Type: 
      - application/json
    body: 
      encoding: US-ASCII
      string: "{\"http_request_method\": \"DELETE\", \"exception\": null, \"error_message\": \"Missing resource(s): repo_id=integration_test_id\", \"_href\": \"/pulp/api/v2/repositories/integration_test_id/\", \"http_status\": 404, \"error\": {\"code\": \"PLP0009\", \"data\": {\"resources\": {\"repo_id\": \"integration_test_id\"}}, \"description\": \"Missing resource(s): repo_id=integration_test_id\", \"sub_errors\": []}, \"traceback\": null, \"resources\": {\"repo_id\": \"integration_test_id\"}}"
    http_version: 
  recorded_at: Wed, 30 Apr 2014 03:44:30 GMT
- request: 
    method: get
    uri: https://admin:admin@centos.installer/pulp/api/v2/repositories/integration_test_id/
    body: 
      encoding: US-ASCII
      string: ""
    headers: 
      Accept: 
      - application/json
      Accept-Encoding: 
      - gzip, deflate
      Content-Type: 
      - application/json
      User-Agent: 
      - Ruby
  response: 
    status: 
      code: 404
      message: Not Found
    headers: 
      Date: 
      - Wed, 30 Apr 2014 03:44:30 GMT
      Server: 
      - Apache/2.2.15 (CentOS)
      Content-Encoding: 
      - utf-8
      Content-Length: 
      - "427"
      Connection: 
      - close
      Content-Type: 
      - application/json
    body: 
      encoding: US-ASCII
      string: "{\"http_request_method\": \"GET\", \"exception\": null, \"error_message\": \"Missing resource(s): repo=integration_test_id\", \"_href\": \"/pulp/api/v2/repositories/integration_test_id/\", \"http_status\": 404, \"error\": {\"code\": \"PLP0009\", \"data\": {\"resources\": {\"repo\": \"integration_test_id\"}}, \"description\": \"Missing resource(s): repo=integration_test_id\", \"sub_errors\": []}, \"traceback\": null, \"resources\": {\"repo\": \"integration_test_id\"}}"
    http_version: 
  recorded_at: Wed, 30 Apr 2014 03:44:30 GMT
- request: 
    method: post
    uri: https://admin:admin@centos.installer/pulp/api/v2/repositories/
    body: 
      encoding: US-ASCII
      string: "{\"id\":\"integration_test_id\",\"importer_type_id\":\"yum_importer\",\"importer_config\":{\"feed\":\"file:///home/jlsherri/git/runcible/test/fixtures/repositories/zoo5\"}}"
    headers: 
      Accept: 
      - application/json
      Accept-Encoding: 
      - gzip, deflate
      Content-Type: 
      - application/json
      Content-Length: 
      - "158"
      User-Agent: 
      - Ruby
  response: 
    status: 
      code: 201
      message: Created
    headers: 
      Date: 
      - Wed, 30 Apr 2014 03:44:30 GMT
      Server: 
      - Apache/2.2.15 (CentOS)
      Location: 
      - integration_test_id
      Content-Length: 
      - "267"
      Connection: 
      - close
      Content-Type: 
      - application/json
    body: 
      encoding: US-ASCII
      string: "{\"scratchpad\": {}, \"display_name\": \"integration_test_id\", \"description\": null, \"_ns\": \"repos\", \"notes\": {}, \"content_unit_counts\": {}, \"_id\": {\"$oid\": \"5360719e86d9a955af932c79\"}, \"id\": \"integration_test_id\", \"_href\": \"/pulp/api/v2/repositories/integration_test_id/\"}"
    http_version: 
  recorded_at: Wed, 30 Apr 2014 03:44:30 GMT
- request: 
    method: post
    uri: https://admin:admin@centos.installer/pulp/api/v2/repositories/integration_test_id/actions/sync/
    body: 
      encoding: US-ASCII
      string: "{}"
    headers: 
      Accept: 
      - application/json
      Accept-Encoding: 
      - gzip, deflate
      Content-Type: 
      - application/json
      Content-Length: 
      - "2"
      User-Agent: 
      - Ruby
  response: 
    status: 
      code: 202
      message: Accepted
    headers: 
      Date: 
      - Wed, 30 Apr 2014 03:44:30 GMT
      Server: 
      - Apache/2.2.15 (CentOS)
      Content-Encoding: 
      - utf-8
      Content-Length: 
      - "172"
      Connection: 
      - close
      Content-Type: 
      - application/json
    body: 
      encoding: US-ASCII
      string: "{\"spawned_tasks\": [{\"_href\": \"/pulp/api/v2/tasks/b94d3fe8-53f8-49ab-85c1-608c45d111ed/\", \"task_id\": \"b94d3fe8-53f8-49ab-85c1-608c45d111ed\"}], \"result\": null, \"error\": null}"
    http_version: 
  recorded_at: Wed, 30 Apr 2014 03:44:31 GMT
- request: 
    method: get
    uri: https://admin:admin@centos.installer/pulp/api/v2/tasks/b94d3fe8-53f8-49ab-85c1-608c45d111ed/
    body: 
      encoding: US-ASCII
      string: ""
    headers: 
      Accept: 
      - application/json
      Accept-Encoding: 
      - gzip, deflate
      Content-Type: 
      - application/json
      User-Agent: 
      - Ruby
  response: 
    status: 
      code: 200
      message: OK
    headers: 
      Date: 
      - Wed, 30 Apr 2014 03:44:31 GMT
      Server: 
      - Apache/2.2.15 (CentOS)
      Content-Length: 
      - "1941"
      Connection: 
      - close
      Content-Type: 
      - application/json
    body: 
      encoding: US-ASCII
      string: "{\"task_type\": \"pulp.server.tasks.repository.sync_with_auto_publish\", \"_href\": \"/pulp/api/v2/tasks/b94d3fe8-53f8-49ab-85c1-608c45d111ed/\", \"task_id\": \"b94d3fe8-53f8-49ab-85c1-608c45d111ed\", \"tags\": [\"pulp:repository:integration_test_id\", \"pulp:action:sync\"], \"finish_time\": \"2014-04-30T03:44:31Z\", \"_ns\": \"task_status\", \"start_time\": \"2014-04-30T03:44:31Z\", \"spawned_tasks\": [], \"progress_report\": {\"yum_importer\": {\"content\": {\"size_total\": 17872, \"items_left\": 8, \"items_total\": 8, \"state\": \"FINISHED\", \"size_left\": 17872, \"details\": {\"rpm_total\": 8, \"rpm_done\": 0, \"drpm_total\": 0, \"drpm_done\": 0}, \"error_details\": []}, \"comps\": {\"state\": \"FINISHED\"}, \"distribution\": {\"items_total\": 3, \"state\": \"FINISHED\", \"error_details\": [], \"items_left\": 0}, \"errata\": {\"state\": \"FINISHED\"}, \"metadata\": {\"state\": \"FINISHED\"}}}, \"queue\": \"reserved_resource_worker-1@centos.installer\", \"state\": \"finished\", \"result\": {\"importer_type_id\": \"yum_importer\", \"importer_id\": \"yum_importer\", \"exception\": null, \"repo_id\": \"integration_test_id\", \"removed_count\": 0, \"started\": \"2014-04-30T04:44:31+01:00\", \"_ns\": \"repo_sync_results\", \"completed\": \"2014-04-30T04:44:31+01:00\", \"traceback\": null, \"summary\": {\"content\": {\"state\": \"FINISHED\"}, \"comps\": {\"state\": \"FINISHED\"}, \"distribution\": {\"state\": \"FINISHED\"}, \"errata\": {\"state\": \"FINISHED\"}, \"metadata\": {\"state\": \"FINISHED\"}}, \"added_count\": 0, \"error_message\": null, \"updated_count\": 14, \"details\": {\"content\": {\"size_total\": 17872, \"items_left\": 8, \"items_total\": 8, \"state\": \"FINISHED\", \"size_left\": 17872, \"details\": {\"rpm_total\": 8, \"rpm_done\": 0, \"drpm_total\": 0, \"drpm_done\": 0}, \"error_details\": []}, \"comps\": {\"state\": \"FINISHED\"}, \"distribution\": {\"items_total\": 3, \"state\": \"FINISHED\", \"error_details\": [], \"items_left\": 0}, \"errata\": {\"state\": \"FINISHED\"}, \"metadata\": {\"state\": \"FINISHED\"}}, \"id\": \"5360719f86d9a91302b67501\", \"result\": \"success\"}, \"_id\": {\"$oid\": \"5360719f052c1f5b813b437e\"}}"
    http_version: 
  recorded_at: Wed, 30 Apr 2014 03:44:31 GMT
- request: 
    method: post
    uri: https://admin:admin@centos.installer/pulp/api/v2/repositories/
    body: 
      encoding: US-ASCII
      string: "{\"id\":\"integration_test_id_clone\",\"importer_type_id\":\"yum_importer\",\"importer_config\":{}}"
    headers: 
      Accept: 
      - application/json
      Accept-Encoding: 
      - gzip, deflate
      Content-Type: 
      - application/json
      Content-Length: 
      - "89"
      User-Agent: 
      - Ruby
  response: 
    status: 
      code: 201
      message: Created
    headers: 
      Date: 
      - Wed, 30 Apr 2014 03:44:31 GMT
      Server: 
      - Apache/2.2.15 (CentOS)
      Location: 
      - integration_test_id_clone
      Content-Length: 
      - "285"
      Connection: 
      - close
      Content-Type: 
      - application/json
    body: 
      encoding: US-ASCII
      string: "{\"scratchpad\": {}, \"display_name\": \"integration_test_id_clone\", \"description\": null, \"_ns\": \"repos\", \"notes\": {}, \"content_unit_counts\": {}, \"_id\": {\"$oid\": \"5360719f86d9a955af932c7d\"}, \"id\": \"integration_test_id_clone\", \"_href\": \"/pulp/api/v2/repositories/integration_test_id_clone/\"}"
    http_version: 
  recorded_at: Wed, 30 Apr 2014 03:44:31 GMT
- request: 
    method: post
    uri: https://admin:admin@centos.installer/pulp/api/v2/repositories/integration_test_id_clone/actions/associate/
    body: 
      encoding: US-ASCII
      string: "{\"source_repo_id\":\"integration_test_id\",\"criteria\":{\"type_ids\":[\"package_group\"],\"filters\":{}}}"
    headers: 
      Accept: 
      - application/json
      Accept-Encoding: 
      - gzip, deflate
      Content-Type: 
      - application/json
      Content-Length: 
      - "95"
      User-Agent: 
      - Ruby
  response: 
    status: 
      code: 202
      message: Accepted
    headers: 
      Date: 
      - Wed, 30 Apr 2014 03:44:31 GMT
      Server: 
      - Apache/2.2.15 (CentOS)
      Content-Encoding: 
      - utf-8
      Content-Length: 
      - "172"
      Connection: 
      - close
      Content-Type: 
      - application/json
    body: 
      encoding: US-ASCII
      string: "{\"spawned_tasks\": [{\"_href\": \"/pulp/api/v2/tasks/76ae8cc4-97be-4461-b131-51533d3fee67/\", \"task_id\": \"76ae8cc4-97be-4461-b131-51533d3fee67\"}], \"result\": null, \"error\": null}"
    http_version: 
  recorded_at: Wed, 30 Apr 2014 03:44:32 GMT
- request: 
    method: get
    uri: https://admin:admin@centos.installer/pulp/api/v2/tasks/76ae8cc4-97be-4461-b131-51533d3fee67/
    body: 
      encoding: US-ASCII
      string: ""
    headers: 
      Accept: 
      - application/json
      Accept-Encoding: 
      - gzip, deflate
      Content-Type: 
      - application/json
      User-Agent: 
      - Ruby
  response: 
    status: 
      code: 200
      message: OK
    headers: 
      Date: 
      - Wed, 30 Apr 2014 03:44:32 GMT
      Server: 
      - Apache/2.2.15 (CentOS)
      Content-Length: 
      - "792"
      Connection: 
      - close
      Content-Type: 
      - application/json
    body: 
      encoding: US-ASCII
      string: "{\"task_type\": \"pulp.server.managers.repo.unit_association.associate_from_repo\", \"_href\": \"/pulp/api/v2/tasks/76ae8cc4-97be-4461-b131-51533d3fee67/\", \"task_id\": \"76ae8cc4-97be-4461-b131-51533d3fee67\", \"tags\": [\"pulp:repository:integration_test_id_clone\", \"pulp:repository:integration_test_id\", \"pulp:action:associate\"], \"finish_time\": \"2014-04-30T03:44:32Z\", \"_ns\": \"task_status\", \"start_time\": \"2014-04-30T03:44:32Z\", \"spawned_tasks\": [], \"queue\": \"reserved_resource_worker-1@centos.installer\", \"state\": \"finished\", \"result\": {\"units_successful\": [{\"unit_key\": {\"repo_id\": \"integration_test_id_clone\", \"id\": \"bird\"}, \"type_id\": \"package_group\"}, {\"unit_key\": {\"repo_id\": \"integration_test_id_clone\", \"id\": \"mammal\"}, \"type_id\": \"package_group\"}]}, \"_id\": {\"$oid\": \"536071a0052c1f5b813b437f\"}}"
    http_version: 
  recorded_at: Wed, 30 Apr 2014 03:44:32 GMT
- request: 
    method: post
    uri: https://admin:admin@centos.installer/pulp/api/v2/repositories/integration_test_id_clone/search/units/
    body: 
      encoding: US-ASCII
      string: "{\"criteria\":{\"type_ids\":[\"package_group\"]}}"
    headers: 
      Accept: 
      - application/json
      Accept-Encoding: 
      - gzip, deflate
      Content-Type: 
      - application/json
      Content-Length: 
      - "43"
      User-Agent: 
      - Ruby
  response: 
    status: 
      code: 200
      message: OK
    headers: 
      Date: 
      - Wed, 30 Apr 2014 03:44:32 GMT
      Server: 
      - Apache/2.2.15 (CentOS)
      Content-Length: 
      - "1836"
      Connection: 
      - close
      Content-Type: 
      - application/json
    body: 
      encoding: US-ASCII
      string: "[{\"updated\": \"2014-04-30T02:44:32Z\", \"repo_id\": \"integration_test_id_clone\", \"created\": \"2014-04-30T02:44:32Z\", \"_ns\": \"repo_content_units\", \"unit_id\": \"8beac07c-115c-49d0-8de5-7bdb67ce831e\", \"metadata\": {\"_storage_path\": null, \"mandatory_package_names\": [\"penguin\"], \"repo_id\": \"integration_test_id_clone\", \"translated_name\": {}, \"description\": null, \"user_visible\": true, \"default\": true, \"_ns\": \"units_package_group\", \"_last_updated\": 1398829472, \"optional_package_names\": [], \"id\": \"bird\", \"translated_description\": {}, \"conditional_package_names\": [], \"default_package_names\": [], \"_content_type_id\": \"package_group\", \"langonly\": null, \"_id\": \"8beac07c-115c-49d0-8de5-7bdb67ce831e\", \"display_order\": 1024, \"name\": \"bird\"}, \"unit_type_id\": \"package_group\", \"owner_type\": \"user\", \"_id\": {\"$oid\": \"536071a086d9a91302b67503\"}, \"id\": \"536071a086d9a91302b67503\", \"owner_id\": \"SYSTEM\"}, {\"updated\": \"2014-04-30T02:44:32Z\", \"repo_id\": \"integration_test_id_clone\", \"created\": \"2014-04-30T02:44:32Z\", \"_ns\": \"repo_content_units\", \"unit_id\": \"8ef8a700-c5fa-40d9-900f-31ad42b7eb28\", \"metadata\": {\"_storage_path\": null, \"mandatory_package_names\": [\"elephant,giraffe,cheetah,lion,monkey,penguin,squirrel,walrus\", \"penguin\"], \"repo_id\": \"integration_test_id_clone\", \"translated_name\": {}, \"description\": null, \"user_visible\": true, \"default\": true, \"_ns\": \"units_package_group\", \"_last_updated\": 1398829472, \"optional_package_names\": [], \"id\": \"mammal\", \"translated_description\": {}, \"conditional_package_names\": [], \"default_package_names\": [], \"_content_type_id\": \"package_group\", \"langonly\": null, \"_id\": \"8ef8a700-c5fa-40d9-900f-31ad42b7eb28\", \"display_order\": 1024, \"name\": \"mammal\"}, \"unit_type_id\": \"package_group\", \"owner_type\": \"user\", \"_id\": {\"$oid\": \"536071a086d9a91302b67504\"}, \"id\": \"536071a086d9a91302b67504\", \"owner_id\": \"SYSTEM\"}]"
    http_version: 
  recorded_at: Wed, 30 Apr 2014 03:44:32 GMT
- request: 
    method: post
    uri: https://admin:admin@centos.installer/pulp/api/v2/repositories/integration_test_id/search/units/
    body: 
      encoding: US-ASCII
      string: "{\"criteria\":{\"type_ids\":[\"package_group\"]}}"
    headers: 
      Accept: 
      - application/json
      Accept-Encoding: 
      - gzip, deflate
      Content-Type: 
      - application/json
      Content-Length: 
      - "43"
      User-Agent: 
      - Ruby
  response: 
    status: 
      code: 200
      message: OK
    headers: 
      Date: 
      - Wed, 30 Apr 2014 03:44:32 GMT
      Server: 
      - Apache/2.2.15 (CentOS)
      Content-Length: 
      - "1832"
      Connection: 
      - close
      Content-Type: 
      - application/json
    body: 
      encoding: US-ASCII
      string: "[{\"updated\": \"2014-04-30T02:44:31Z\", \"repo_id\": \"integration_test_id\", \"created\": \"2014-04-30T02:44:31Z\", \"_ns\": \"repo_content_units\", \"unit_id\": \"c65efd3e-3129-4182-8c72-ea27da9e2cfc\", \"metadata\": {\"_storage_path\": null, \"mandatory_package_names\": [\"penguin\"], \"repo_id\": \"integration_test_id\", \"translated_name\": {}, \"description\": null, \"user_visible\": true, \"default\": true, \"_ns\": \"units_package_group\", \"_last_updated\": 1398829471, \"optional_package_names\": [], \"id\": \"bird\", \"translated_description\": {}, \"conditional_package_names\": [], \"default_package_names\": [], \"_content_type_id\": \"package_group\", \"langonly\": null, \"_id\": \"c65efd3e-3129-4182-8c72-ea27da9e2cfc\", \"display_order\": 1024, \"name\": \"bird\"}, \"unit_type_id\": \"package_group\", \"owner_type\": \"importer\", \"_id\": {\"$oid\": \"5360719f86d9a91302b674fe\"}, \"id\": \"5360719f86d9a91302b674fe\", \"owner_id\": \"yum_importer\"}, {\"updated\": \"2014-04-30T02:44:31Z\", \"repo_id\": \"integration_test_id\", \"created\": \"2014-04-30T02:44:31Z\", \"_ns\": \"repo_content_units\", \"unit_id\": \"6f7293ec-2f33-4830-bd4a-c413d3833544\", \"metadata\": {\"_storage_path\": null, \"mandatory_package_names\": [\"elephant,giraffe,cheetah,lion,monkey,penguin,squirrel,walrus\", \"penguin\"], \"repo_id\": \"integration_test_id\", \"translated_name\": {}, \"description\": null, \"user_visible\": true, \"default\": true, \"_ns\": \"units_package_group\", \"_last_updated\": 1398829471, \"optional_package_names\": [], \"id\": \"mammal\", \"translated_description\": {}, \"conditional_package_names\": [], \"default_package_names\": [], \"_content_type_id\": \"package_group\", \"langonly\": null, \"_id\": \"6f7293ec-2f33-4830-bd4a-c413d3833544\", \"display_order\": 1024, \"name\": \"mammal\"}, \"unit_type_id\": \"package_group\", \"owner_type\": \"importer\", \"_id\": {\"$oid\": \"5360719f86d9a91302b674ff\"}, \"id\": \"5360719f86d9a91302b674ff\", \"owner_id\": \"yum_importer\"}]"
    http_version: 
  recorded_at: Wed, 30 Apr 2014 03:44:32 GMT
- request: 
    method: delete
    uri: https://admin:admin@centos.installer/pulp/api/v2/repositories/integration_test_id_clone/
    body: 
      encoding: US-ASCII
      string: ""
    headers: 
      Accept: 
      - application/json
      Accept-Encoding: 
      - gzip, deflate
      Content-Type: 
      - application/json
      User-Agent: 
      - Ruby
  response: 
    status: 
      code: 202
      message: Accepted
    headers: 
      Date: 
      - Wed, 30 Apr 2014 03:44:32 GMT
      Server: 
      - Apache/2.2.15 (CentOS)
      Content-Encoding: 
      - utf-8
      Content-Length: 
      - "172"
      Connection: 
      - close
      Content-Type: 
      - application/json
    body: 
      encoding: US-ASCII
      string: "{\"spawned_tasks\": [{\"_href\": \"/pulp/api/v2/tasks/99c044f8-f74d-444a-9128-0f2ebc31fb30/\", \"task_id\": \"99c044f8-f74d-444a-9128-0f2ebc31fb30\"}], \"result\": null, \"error\": null}"
    http_version: 
  recorded_at: Wed, 30 Apr 2014 03:44:33 GMT
- request: 
    method: get
    uri: https://admin:admin@centos.installer/pulp/api/v2/tasks/99c044f8-f74d-444a-9128-0f2ebc31fb30/
    body: 
      encoding: US-ASCII
      string: ""
    headers: 
      Accept: 
      - application/json
      Accept-Encoding: 
      - gzip, deflate
      Content-Type: 
      - application/json
      User-Agent: 
      - Ruby
  response: 
    status: 
      code: 200
      message: OK
    headers: 
      Date: 
      - Wed, 30 Apr 2014 03:44:34 GMT
      Server: 
      - Apache/2.2.15 (CentOS)
      Content-Length: 
      - "507"
      Connection: 
      - close
      Content-Type: 
      - application/json
    body: 
      encoding: US-ASCII
      string: "{\"task_type\": \"pulp.server.tasks.repository.delete\", \"_href\": \"/pulp/api/v2/tasks/99c044f8-f74d-444a-9128-0f2ebc31fb30/\", \"task_id\": \"99c044f8-f74d-444a-9128-0f2ebc31fb30\", \"tags\": [\"pulp:repository:integration_test_id_clone\", \"pulp:action:delete\"], \"finish_time\": \"2014-04-30T03:44:33Z\", \"_ns\": \"task_status\", \"start_time\": \"2014-04-30T03:44:33Z\", \"spawned_tasks\": [], \"queue\": \"reserved_resource_worker-1@centos.installer\", \"state\": \"finished\", \"result\": null, \"_id\": {\"$oid\": \"536071a1052c1f5b813b4380\"}}"
    http_version: 
  recorded_at: Wed, 30 Apr 2014 03:44:34 GMT
- request: 
    method: delete
    uri: https://admin:admin@centos.installer/pulp/api/v2/repositories/integration_test_id/
    body: 
      encoding: US-ASCII
      string: ""
    headers: 
      Accept: 
      - application/json
      Accept-Encoding: 
      - gzip, deflate
      Content-Type: 
      - application/json
      User-Agent: 
      - Ruby
  response: 
    status: 
      code: 202
      message: Accepted
    headers: 
      Date: 
      - Wed, 30 Apr 2014 03:44:34 GMT
      Server: 
      - Apache/2.2.15 (CentOS)
      Content-Encoding: 
      - utf-8
      Content-Length: 
      - "172"
      Connection: 
      - close
      Content-Type: 
      - application/json
    body: 
      encoding: US-ASCII
      string: "{\"spawned_tasks\": [{\"_href\": \"/pulp/api/v2/tasks/cad3c2bf-426a-4cdf-900b-dfb63b4de194/\", \"task_id\": \"cad3c2bf-426a-4cdf-900b-dfb63b4de194\"}], \"result\": null, \"error\": null}"
    http_version: 
  recorded_at: Wed, 30 Apr 2014 03:44:34 GMT
- request: 
    method: get
    uri: https://admin:admin@centos.installer/pulp/api/v2/tasks/cad3c2bf-426a-4cdf-900b-dfb63b4de194/
    body: 
      encoding: US-ASCII
      string: ""
    headers: 
      Accept: 
      - application/json
      Accept-Encoding: 
      - gzip, deflate
      Content-Type: 
      - application/json
      User-Agent: 
      - Ruby
  response: 
    status: 
      code: 200
      message: OK
    headers: 
      Date: 
      - Wed, 30 Apr 2014 03:44:35 GMT
      Server: 
      - Apache/2.2.15 (CentOS)
      Content-Length: 
      - "501"
      Connection: 
      - close
      Content-Type: 
      - application/json
    body: 
      encoding: US-ASCII
      string: "{\"task_type\": \"pulp.server.tasks.repository.delete\", \"_href\": \"/pulp/api/v2/tasks/cad3c2bf-426a-4cdf-900b-dfb63b4de194/\", \"task_id\": \"cad3c2bf-426a-4cdf-900b-dfb63b4de194\", \"tags\": [\"pulp:repository:integration_test_id\", \"pulp:action:delete\"], \"finish_time\": \"2014-04-30T03:44:34Z\", \"_ns\": \"task_status\", \"start_time\": \"2014-04-30T03:44:34Z\", \"spawned_tasks\": [], \"queue\": \"reserved_resource_worker-1@centos.installer\", \"state\": \"finished\", \"result\": null, \"_id\": {\"$oid\": \"536071a2052c1f5b813b4381\"}}"
    http_version: 
  recorded_at: Wed, 30 Apr 2014 03:44:35 GMT
recorded_with: VCR 2.9.0
