--- 
http_interactions: 
- request: 
    method: post
    uri: https://admin:admin@localhost/pulp/api/v2/content/units/package_category/search/
    body: 
      string: "{\"criteria\":{}}"
    headers: 
      Accept: 
      - application/json
      Accept-Encoding: 
      - gzip, deflate
      Content-Type: 
      - application/json
      Content-Length: 
      - "15"
  response: 
    status: 
      code: 200
      message: OK
    headers: 
      Date: 
      - Mon, 21 Jan 2013 23:12:36 GMT
      Content-Type: 
      - application/json
      Content-Length: 
      - "418"
      Server: 
      - Apache/2.2.22 (Fedora)
    body: 
      string: "[{\"_storage_path\": null, \"repo_id\": \"integration_test_id\", \"description\": null, \"display_order\": 99, \"translated_name\": {}, \"packagegroupids\": [\"mammal\", \"bird\"], \"translated_description\": {}, \"_content_type_id\": \"package_category\", \"_id\": \"f56680c1-fca5-4d13-aeda-db030f3a6f00\", \"id\": \"all\", \"name\": \"all\", \"_href\": \"/pulp/api/v2/content/units/package_category/f56680c1-fca5-4d13-aeda-db030f3a6f00/\", \"children\": {}}]"
    http_version: 
  recorded_at: Mon, 21 Jan 2013 23:12:36 GMT
- request: 
    method: post
    uri: https://admin:admin@localhost/pulp/api/v2/content/units/package_category/search/
    body: 
      string: "{\"include_repos\":true,\"criteria\":{\"filters\":{\"_id\":{\"$in\":[\"f56680c1-fca5-4d13-aeda-db030f3a6f00\"]}}}}"
    headers: 
      Accept: 
      - application/json
      Accept-Encoding: 
      - gzip, deflate
      Content-Type: 
      - application/json
      Content-Length: 
      - "102"
  response: 
    status: 
      code: 200
      message: OK
    headers: 
      Date: 
      - Mon, 21 Jan 2013 23:12:36 GMT
      Content-Type: 
      - application/json
      Content-Length: 
      - "469"
      Server: 
      - Apache/2.2.22 (Fedora)
    body: 
      string: "[{\"_storage_path\": null, \"repo_id\": \"integration_test_id\", \"description\": null, \"display_order\": 99, \"translated_name\": {}, \"packagegroupids\": [\"mammal\", \"bird\"], \"translated_description\": {}, \"_content_type_id\": \"package_category\", \"_id\": \"f56680c1-fca5-4d13-aeda-db030f3a6f00\", \"id\": \"all\", \"name\": \"all\", \"_href\": \"/pulp/api/v2/content/units/package_category/f56680c1-fca5-4d13-aeda-db030f3a6f00/\", \"children\": {}, \"repository_memberships\": [\"integration_test_id\"]}]"
    http_version: 
  recorded_at: Mon, 21 Jan 2013 23:12:36 GMT
- request: 
    method: post
    uri: https://admin:admin@localhost/pulp/api/v2/content/units/package_category/search/
    body: 
      string: "{\"criteria\":{}}"
    headers: 
      Accept: 
      - application/json
      Accept-Encoding: 
      - gzip, deflate
      Content-Type: 
      - application/json
      Content-Length: 
      - "15"
  response: 
    status: 
      code: 200
      message: OK
    headers: 
      Date: 
      - Mon, 21 Jan 2013 23:12:36 GMT
      Content-Type: 
      - application/json
      Content-Length: 
      - "418"
      Server: 
      - Apache/2.2.22 (Fedora)
    body: 
      string: "[{\"_storage_path\": null, \"repo_id\": \"integration_test_id\", \"description\": null, \"display_order\": 99, \"translated_name\": {}, \"packagegroupids\": [\"mammal\", \"bird\"], \"translated_description\": {}, \"_content_type_id\": \"package_category\", \"_id\": \"f56680c1-fca5-4d13-aeda-db030f3a6f00\", \"id\": \"all\", \"name\": \"all\", \"_href\": \"/pulp/api/v2/content/units/package_category/f56680c1-fca5-4d13-aeda-db030f3a6f00/\", \"children\": {}}]"
    http_version: 
  recorded_at: Mon, 21 Jan 2013 23:12:37 GMT
- request: 
    method: post
    uri: https://admin:admin@localhost/pulp/api/v2/content/units/package_category/search/
    body: 
      string: "{\"include_repos\":true,\"criteria\":{\"filters\":{\"id\":{\"$in\":[\"all\"]}}}}"
    headers: 
      Accept: 
      - application/json
      Accept-Encoding: 
      - gzip, deflate
      Content-Type: 
      - application/json
      Content-Length: 
      - "68"
  response: 
    status: 
      code: 200
      message: OK
    headers: 
      Date: 
      - Mon, 21 Jan 2013 23:12:37 GMT
      Content-Type: 
      - application/json
      Content-Length: 
      - "469"
      Server: 
      - Apache/2.2.22 (Fedora)
    body: 
      string: "[{\"_storage_path\": null, \"repo_id\": \"integration_test_id\", \"description\": null, \"display_order\": 99, \"translated_name\": {}, \"packagegroupids\": [\"mammal\", \"bird\"], \"translated_description\": {}, \"_content_type_id\": \"package_category\", \"_id\": \"f56680c1-fca5-4d13-aeda-db030f3a6f00\", \"id\": \"all\", \"name\": \"all\", \"_href\": \"/pulp/api/v2/content/units/package_category/f56680c1-fca5-4d13-aeda-db030f3a6f00/\", \"children\": {}, \"repository_memberships\": [\"integration_test_id\"]}]"
    http_version: 
  recorded_at: Mon, 21 Jan 2013 23:12:37 GMT
- request: 
    method: post
    uri: https://admin:admin@localhost/pulp/api/v2/content/units/package_category/search/
    body: 
      string: "{\"criteria\":{}}"
    headers: 
      Accept: 
      - application/json
      Accept-Encoding: 
      - gzip, deflate
      Content-Type: 
      - application/json
      Content-Length: 
      - "15"
  response: 
    status: 
      code: 200
      message: OK
    headers: 
      Date: 
      - Mon, 21 Jan 2013 23:12:37 GMT
      Content-Type: 
      - application/json
      Content-Length: 
      - "418"
      Server: 
      - Apache/2.2.22 (Fedora)
    body: 
      string: "[{\"_storage_path\": null, \"repo_id\": \"integration_test_id\", \"description\": null, \"display_order\": 99, \"translated_name\": {}, \"packagegroupids\": [\"mammal\", \"bird\"], \"translated_description\": {}, \"_content_type_id\": \"package_category\", \"_id\": \"f56680c1-fca5-4d13-aeda-db030f3a6f00\", \"id\": \"all\", \"name\": \"all\", \"_href\": \"/pulp/api/v2/content/units/package_category/f56680c1-fca5-4d13-aeda-db030f3a6f00/\", \"children\": {}}]"
    http_version: 
  recorded_at: Mon, 21 Jan 2013 23:12:37 GMT
- request: 
    method: post
    uri: https://admin:admin@localhost/pulp/api/v2/content/units/package_category/search/
    body: 
      string: "{\"criteria\":{}}"
    headers: 
      Accept: 
      - application/json
      Accept-Encoding: 
      - gzip, deflate
      Content-Type: 
      - application/json
      Content-Length: 
      - "15"
  response: 
    status: 
      code: 200
      message: OK
    headers: 
      Date: 
      - Mon, 21 Jan 2013 23:12:37 GMT
      Content-Type: 
      - application/json
      Content-Length: 
      - "418"
      Server: 
      - Apache/2.2.22 (Fedora)
    body: 
      string: "[{\"_storage_path\": null, \"repo_id\": \"integration_test_id\", \"description\": null, \"display_order\": 99, \"translated_name\": {}, \"packagegroupids\": [\"mammal\", \"bird\"], \"translated_description\": {}, \"_content_type_id\": \"package_category\", \"_id\": \"f56680c1-fca5-4d13-aeda-db030f3a6f00\", \"id\": \"all\", \"name\": \"all\", \"_href\": \"/pulp/api/v2/content/units/package_category/f56680c1-fca5-4d13-aeda-db030f3a6f00/\", \"children\": {}}]"
    http_version: 
  recorded_at: Mon, 21 Jan 2013 23:12:37 GMT
- request: 
    method: post
    uri: https://admin:admin@localhost/pulp/api/v2/content/units/package_category/search/
    body: 
      string: "{\"include_repos\":true,\"criteria\":{\"filters\":{\"_id\":{\"$in\":[\"f56680c1-fca5-4d13-aeda-db030f3a6f00\"]}}}}"
    headers: 
      Accept: 
      - application/json
      Accept-Encoding: 
      - gzip, deflate
      Content-Type: 
      - application/json
      Content-Length: 
      - "102"
  response: 
    status: 
      code: 200
      message: OK
    headers: 
      Date: 
      - Mon, 21 Jan 2013 23:12:37 GMT
      Content-Type: 
      - application/json
      Content-Length: 
      - "469"
      Server: 
      - Apache/2.2.22 (Fedora)
    body: 
      string: "[{\"_storage_path\": null, \"repo_id\": \"integration_test_id\", \"description\": null, \"display_order\": 99, \"translated_name\": {}, \"packagegroupids\": [\"mammal\", \"bird\"], \"translated_description\": {}, \"_content_type_id\": \"package_category\", \"_id\": \"f56680c1-fca5-4d13-aeda-db030f3a6f00\", \"id\": \"all\", \"name\": \"all\", \"_href\": \"/pulp/api/v2/content/units/package_category/f56680c1-fca5-4d13-aeda-db030f3a6f00/\", \"children\": {}, \"repository_memberships\": [\"integration_test_id\"]}]"
    http_version: 
  recorded_at: Mon, 21 Jan 2013 23:12:37 GMT
- request: 
    method: post
    uri: https://admin:admin@localhost/pulp/api/v2/content/units/package_category/search/
    body: 
      string: "{\"criteria\":{}}"
    headers: 
      Accept: 
      - application/json
      Accept-Encoding: 
      - gzip, deflate
      Content-Type: 
      - application/json
      Content-Length: 
      - "15"
  response: 
    status: 
      code: 200
      message: OK
    headers: 
      Date: 
      - Mon, 21 Jan 2013 23:12:37 GMT
      Content-Type: 
      - application/json
      Content-Length: 
      - "418"
      Server: 
      - Apache/2.2.22 (Fedora)
    body: 
      string: "[{\"_storage_path\": null, \"repo_id\": \"integration_test_id\", \"description\": null, \"display_order\": 99, \"translated_name\": {}, \"packagegroupids\": [\"mammal\", \"bird\"], \"translated_description\": {}, \"_content_type_id\": \"package_category\", \"_id\": \"f56680c1-fca5-4d13-aeda-db030f3a6f00\", \"id\": \"all\", \"name\": \"all\", \"_href\": \"/pulp/api/v2/content/units/package_category/f56680c1-fca5-4d13-aeda-db030f3a6f00/\", \"children\": {}}]"
    http_version: 
  recorded_at: Mon, 21 Jan 2013 23:12:37 GMT
- request: 
    method: post
    uri: https://admin:admin@localhost/pulp/api/v2/content/units/package_category/search/
    body: 
      string: "{\"include_repos\":true,\"criteria\":{\"filters\":{\"id\":{\"$in\":[\"all\"]}}}}"
    headers: 
      Accept: 
      - application/json
      Accept-Encoding: 
      - gzip, deflate
      Content-Type: 
      - application/json
      Content-Length: 
      - "68"
  response: 
    status: 
      code: 200
      message: OK
    headers: 
      Date: 
      - Mon, 21 Jan 2013 23:12:37 GMT
      Content-Type: 
      - application/json
      Content-Length: 
      - "469"
      Server: 
      - Apache/2.2.22 (Fedora)
    body: 
      string: "[{\"_storage_path\": null, \"repo_id\": \"integration_test_id\", \"description\": null, \"display_order\": 99, \"translated_name\": {}, \"packagegroupids\": [\"mammal\", \"bird\"], \"translated_description\": {}, \"_content_type_id\": \"package_category\", \"_id\": \"f56680c1-fca5-4d13-aeda-db030f3a6f00\", \"id\": \"all\", \"name\": \"all\", \"_href\": \"/pulp/api/v2/content/units/package_category/f56680c1-fca5-4d13-aeda-db030f3a6f00/\", \"children\": {}, \"repository_memberships\": [\"integration_test_id\"]}]"
    http_version: 
  recorded_at: Mon, 21 Jan 2013 23:12:38 GMT
- request: 
    method: post
    uri: https://admin:admin@localhost/pulp/api/v2/content/units/package_category/search/
    body: 
      string: "{\"include_repos\":true,\"criteria\":{\"filters\":{\"id\":{\"$in\":[\"f\"]}}}}"
    headers: 
      Accept: 
      - application/json
      Accept-Encoding: 
      - gzip, deflate
      Content-Type: 
      - application/json
      Content-Length: 
      - "66"
  response: 
    status: 
      code: 200
      message: OK
    headers: 
      Date: 
      - Mon, 21 Jan 2013 23:12:38 GMT
      Content-Type: 
      - application/json
      Content-Length: 
      - "2"
      Server: 
      - Apache/2.2.22 (Fedora)
    body: 
      string: "[]"
    http_version: 
  recorded_at: Mon, 21 Jan 2013 23:12:38 GMT
recorded_with: VCR 2.4.0
