--- 
http_interactions: 
- request: 
    method: post
    uri: https://admin:admin@localhost/pulp/api/v2/repositories/integration_test_id/search/units/
    body: 
      string: "{\"criteria\":{\"type_ids\":[\"rpm\"]}}"
    headers: 
      Accept: 
      - application/json
      Accept-Encoding: 
      - gzip, deflate
      Content-Length: 
      - "33"
      Content-Type: 
      - application/json
  response: 
    status: 
      code: 200
      message: OK
    headers: 
      Date: 
      - Mon, 21 Jan 2013 22:01:48 GMT
      Server: 
      - Apache/2.2.22 (Fedora)
      Content-Length: 
      - "21592"
      Content-Type: 
      - application/json
    body: 
      string: "[{\"updated\": \"2013-01-22T03:01:44Z\", \"repo_id\": \"integration_test_id\", \"created\": \"2013-01-22T03:01:44Z\", \"_ns\": \"repo_content_units\", \"unit_id\": \"8ca10b54-a031-417f-9225-91a224bde136\", \"unit_type_id\": \"rpm\", \"owner_type\": \"importer\", \"_id\": {\"$oid\": \"50fdbac8196cbe3e59001f91\"}, \"id\": \"50fdbac8196cbe3e59001f91\", \"owner_id\": \"yum_importer\", \"metadata\": {\"requires\": [[\"/bin/sh\", null, [null, null, null]]], \"_storage_path\": \"/var/lib/pulp/content/rpm/.//cheetah/0.3/0.8/noarch/422d0baa0cd9d7713ae796e886a23e17f578f924f74880debdbb7d65fb368dae/cheetah-0.3-0.8.noarch.rpm\", \"repodata\": {\"filelists\": \"\\n<package pkgid=\\\"422d0baa0cd9d7713ae796e886a23e17f578f924f74880debdbb7d65fb368dae\\\" name=\\\"cheetah\\\" arch=\\\"noarch\\\">\\n    <version epoch=\\\"0\\\" ver=\\\"0.3\\\" rel=\\\"0.8\\\"/>\\n\\n    <file>//cheetah.txt</file>\\n</package>\\n\", \"other\": \"\\n<package pkgid=\\\"422d0baa0cd9d7713ae796e886a23e17f578f924f74880debdbb7d65fb368dae\\\" name=\\\"cheetah\\\" arch=\\\"noarch\\\">\\n    <version epoch=\\\"0\\\" ver=\\\"0.3\\\" rel=\\\"0.8\\\"/>\\n\\n</package>\\n\", \"primary\": \"\\n<package type=\\\"rpm\\\">\\n  <name>cheetah</name>\\n  <arch>noarch</arch>\\n  <version epoch=\\\"0\\\" ver=\\\"0.3\\\" rel=\\\"0.8\\\"/>\\n  <checksum type=\\\"sha256\\\" pkgid=\\\"YES\\\">422d0baa0cd9d7713ae796e886a23e17f578f924f74880debdbb7d65fb368dae</checksum>\\n  <summary>A dummy package of cheetah</summary>\\n  <description>A dummy package of cheetah</description>\\n  <packager></packager>\\n  <url>http://tstrachota.fedorapeople.org</url>\\n  <time file=\\\"1321891028\\\" build=\\\"1308257472\\\"/>\\n  <size package=\\\"2232\\\" installed=\\\"42\\\" archive=\\\"292\\\"/>\\n<location href=\\\"cheetah-0.3-0.8.noarch.rpm\\\"/>\\n  <format>\\n    <rpm:license>GPLv2</rpm:license>\\n    <rpm:vendor/>\\n    <rpm:group>Internet/Applications</rpm:group>\\n    <rpm:buildhost>dhcp-26-118.brq.redhat.com</rpm:buildhost>\\n    <rpm:sourcerpm>cheetah-0.3-0.8.src.rpm</rpm:sourcerpm>\\n    <rpm:header-range start=\\\"280\\\" end=\\\"2016\\\"/>\\n    <rpm:provides>\\n      <rpm:entry name=\\\"cheetah\\\" flags=\\\"EQ\\\" epoch=\\\"0\\\" ver=\\\"0.3\\\" rel=\\\"0.8\\\"/>\\n    </rpm:provides>\\n    <rpm:requires>\\n      <rpm:entry name=\\\"/bin/sh\\\" pre=\\\"1\\\"/>\\n    </rpm:requires>\\n  </format>\\n</package>\"}, \"checksumtype\": \"sha256\", \"license\": \"GPLv2\", \"_ns\": \"units_rpm\", \"checksum\": \"422d0baa0cd9d7713ae796e886a23e17f578f924f74880debdbb7d65fb368dae\", \"filename\": \"cheetah-0.3-0.8.noarch.rpm\", \"buildhost\": \"dhcp-26-118.brq.redhat.com\", \"epoch\": \"0\", \"version\": \"0.3\", \"relativepath\": \"cheetah-0.3-0.8.noarch.rpm\", \"provides\": [[\"cheetah\", \"EQ\", [\"0\", \"0.3\", \"0.8\"]]], \"_content_type_id\": \"rpm\", \"release\": \"0.8\", \"vendor\": \"\", \"_id\": \"8ca10b54-a031-417f-9225-91a224bde136\", \"arch\": \"noarch\", \"name\": \"cheetah\", \"description\": \"A dummy package of cheetah\"}}, {\"updated\": \"2013-01-22T03:01:44Z\", \"repo_id\": \"integration_test_id\", \"created\": \"2013-01-22T03:01:44Z\", \"_ns\": \"repo_content_units\", \"unit_id\": \"ce717547-b67b-4310-bb4f-e62a1e4a7748\", \"unit_type_id\": \"rpm\", \"owner_type\": \"importer\", \"_id\": {\"$oid\": \"50fdbac8196cbe3e59001f8d\"}, \"id\": \"50fdbac8196cbe3e59001f8d\", \"owner_id\": \"yum_importer\", \"metadata\": {\"requires\": [[\"/bin/sh\", null, [null, null, null]]], \"_storage_path\": \"/var/lib/pulp/content/rpm/.//elephant/0.3/0.8/noarch/3e1c70cd1b421328acaf6397cb3d16145306bb95f65d1b095fc31372a0a701f3/elephant-0.3-0.8.noarch.rpm\", \"repodata\": {\"filelists\": \"\\n<package pkgid=\\\"3e1c70cd1b421328acaf6397cb3d16145306bb95f65d1b095fc31372a0a701f3\\\" name=\\\"elephant\\\" arch=\\\"noarch\\\">\\n    <version epoch=\\\"0\\\" ver=\\\"0.3\\\" rel=\\\"0.8\\\"/>\\n\\n    <file>//elephant.txt</file>\\n</package>\\n\", \"other\": \"\\n<package pkgid=\\\"3e1c70cd1b421328acaf6397cb3d16145306bb95f65d1b095fc31372a0a701f3\\\" name=\\\"elephant\\\" arch=\\\"noarch\\\">\\n    <version epoch=\\\"0\\\" ver=\\\"0.3\\\" rel=\\\"0.8\\\"/>\\n\\n</package>\\n\", \"primary\": \"\\n<package type=\\\"rpm\\\">\\n  <name>elephant</name>\\n  <arch>noarch</arch>\\n  <version epoch=\\\"0\\\" ver=\\\"0.3\\\" rel=\\\"0.8\\\"/>\\n  <checksum type=\\\"sha256\\\" pkgid=\\\"YES\\\">3e1c70cd1b421328acaf6397cb3d16145306bb95f65d1b095fc31372a0a701f3</checksum>\\n  <summary>A dummy package of elephant</summary>\\n  <description>A dummy package of elephant</description>\\n  <packager></packager>\\n  <url>http://tstrachota.fedorapeople.org</url>\\n  <time file=\\\"1321891027\\\" build=\\\"1308257466\\\"/>\\n  <size package=\\\"2244\\\" installed=\\\"42\\\" archive=\\\"296\\\"/>\\n<location href=\\\"elephant-0.3-0.8.noarch.rpm\\\"/>\\n  <format>\\n    <rpm:license>GPLv2</rpm:license>\\n    <rpm:vendor/>\\n    <rpm:group>Internet/Applications</rpm:group>\\n    <rpm:buildhost>dhcp-26-118.brq.redhat.com</rpm:buildhost>\\n    <rpm:sourcerpm>elephant-0.3-0.8.src.rpm</rpm:sourcerpm>\\n    <rpm:header-range start=\\\"280\\\" end=\\\"2028\\\"/>\\n    <rpm:provides>\\n      <rpm:entry name=\\\"elephant\\\" flags=\\\"EQ\\\" epoch=\\\"0\\\" ver=\\\"0.3\\\" rel=\\\"0.8\\\"/>\\n    </rpm:provides>\\n    <rpm:requires>\\n      <rpm:entry name=\\\"/bin/sh\\\" pre=\\\"1\\\"/>\\n    </rpm:requires>\\n  </format>\\n</package>\"}, \"checksumtype\": \"sha256\", \"license\": \"GPLv2\", \"_ns\": \"units_rpm\", \"checksum\": \"3e1c70cd1b421328acaf6397cb3d16145306bb95f65d1b095fc31372a0a701f3\", \"filename\": \"elephant-0.3-0.8.noarch.rpm\", \"buildhost\": \"dhcp-26-118.brq.redhat.com\", \"epoch\": \"0\", \"version\": \"0.3\", \"relativepath\": \"elephant-0.3-0.8.noarch.rpm\", \"provides\": [[\"elephant\", \"EQ\", [\"0\", \"0.3\", \"0.8\"]]], \"_content_type_id\": \"rpm\", \"release\": \"0.8\", \"vendor\": \"\", \"_id\": \"ce717547-b67b-4310-bb4f-e62a1e4a7748\", \"arch\": \"noarch\", \"name\": \"elephant\", \"description\": \"A dummy package of elephant\"}}, {\"updated\": \"2013-01-22T03:01:44Z\", \"repo_id\": \"integration_test_id\", \"created\": \"2013-01-22T03:01:44Z\", \"_ns\": \"repo_content_units\", \"unit_id\": \"2f1736b0-b283-491f-8941-d9227ebe5d00\", \"unit_type_id\": \"rpm\", \"owner_type\": \"importer\", \"_id\": {\"$oid\": \"50fdbac8196cbe3e59001f8c\"}, \"id\": \"50fdbac8196cbe3e59001f8c\", \"owner_id\": \"yum_importer\", \"metadata\": {\"requires\": [[\"/bin/sh\", null, [null, null, null]]], \"_storage_path\": \"/var/lib/pulp/content/rpm/.//giraffe/0.3/0.8/noarch/f25d67d1d9da04f12e57ca323247b43891ac46533e355b82de6d1922009f9f14/giraffe-0.3-0.8.noarch.rpm\", \"repodata\": {\"filelists\": \"\\n<package pkgid=\\\"f25d67d1d9da04f12e57ca323247b43891ac46533e355b82de6d1922009f9f14\\\" name=\\\"giraffe\\\" arch=\\\"noarch\\\">\\n    <version epoch=\\\"0\\\" ver=\\\"0.3\\\" rel=\\\"0.8\\\"/>\\n\\n    <file>//giraffe.txt</file>\\n</package>\\n\", \"other\": \"\\n<package pkgid=\\\"f25d67d1d9da04f12e57ca323247b43891ac46533e355b82de6d1922009f9f14\\\" name=\\\"giraffe\\\" arch=\\\"noarch\\\">\\n    <version epoch=\\\"0\\\" ver=\\\"0.3\\\" rel=\\\"0.8\\\"/>\\n\\n</package>\\n\", \"primary\": \"\\n<package type=\\\"rpm\\\">\\n  <name>giraffe</name>\\n  <arch>noarch</arch>\\n  <version epoch=\\\"0\\\" ver=\\\"0.3\\\" rel=\\\"0.8\\\"/>\\n  <checksum type=\\\"sha256\\\" pkgid=\\\"YES\\\">f25d67d1d9da04f12e57ca323247b43891ac46533e355b82de6d1922009f9f14</checksum>\\n  <summary>A dummy package of giraffe</summary>\\n  <description>A dummy package of giraffe</description>\\n  <packager></packager>\\n  <url>http://tstrachota.fedorapeople.org</url>\\n  <time file=\\\"1321891027\\\" build=\\\"1308257414\\\"/>\\n  <size package=\\\"2236\\\" installed=\\\"42\\\" archive=\\\"292\\\"/>\\n<location href=\\\"giraffe-0.3-0.8.noarch.rpm\\\"/>\\n  <format>\\n    <rpm:license>GPLv2</rpm:license>\\n    <rpm:vendor/>\\n    <rpm:group>Internet/Applications</rpm:group>\\n    <rpm:buildhost>dhcp-26-118.brq.redhat.com</rpm:buildhost>\\n    <rpm:sourcerpm>giraffe-0.3-0.8.src.rpm</rpm:sourcerpm>\\n    <rpm:header-range start=\\\"280\\\" end=\\\"2016\\\"/>\\n    <rpm:provides>\\n      <rpm:entry name=\\\"giraffe\\\" flags=\\\"EQ\\\" epoch=\\\"0\\\" ver=\\\"0.3\\\" rel=\\\"0.8\\\"/>\\n    </rpm:provides>\\n    <rpm:requires>\\n      <rpm:entry name=\\\"/bin/sh\\\" pre=\\\"1\\\"/>\\n    </rpm:requires>\\n  </format>\\n</package>\"}, \"checksumtype\": \"sha256\", \"license\": \"GPLv2\", \"_ns\": \"units_rpm\", \"checksum\": \"f25d67d1d9da04f12e57ca323247b43891ac46533e355b82de6d1922009f9f14\", \"filename\": \"giraffe-0.3-0.8.noarch.rpm\", \"buildhost\": \"dhcp-26-118.brq.redhat.com\", \"epoch\": \"0\", \"version\": \"0.3\", \"relativepath\": \"giraffe-0.3-0.8.noarch.rpm\", \"provides\": [[\"giraffe\", \"EQ\", [\"0\", \"0.3\", \"0.8\"]]], \"_content_type_id\": \"rpm\", \"release\": \"0.8\", \"vendor\": \"\", \"_id\": \"2f1736b0-b283-491f-8941-d9227ebe5d00\", \"arch\": \"noarch\", \"name\": \"giraffe\", \"description\": \"A dummy package of giraffe\"}}, {\"updated\": \"2013-01-22T03:01:44Z\", \"repo_id\": \"integration_test_id\", \"created\": \"2013-01-22T03:01:44Z\", \"_ns\": \"repo_content_units\", \"unit_id\": \"d8b29540-e885-4796-88f4-6f9dfbf12106\", \"unit_type_id\": \"rpm\", \"owner_type\": \"importer\", \"_id\": {\"$oid\": \"50fdbac8196cbe3e59001f8e\"}, \"id\": \"50fdbac8196cbe3e59001f8e\", \"owner_id\": \"yum_importer\", \"metadata\": {\"requires\": [[\"/bin/sh\", null, [null, null, null]]], \"_storage_path\": \"/var/lib/pulp/content/rpm/.//lion/0.3/0.8/noarch/12400dc95c23a4c160725a908716cd3fcdd7a8981585437ab64cd62efa3e4ae4/lion-0.3-0.8.noarch.rpm\", \"repodata\": {\"filelists\": \"\\n<package pkgid=\\\"12400dc95c23a4c160725a908716cd3fcdd7a8981585437ab64cd62efa3e4ae4\\\" name=\\\"lion\\\" arch=\\\"noarch\\\">\\n    <version epoch=\\\"0\\\" ver=\\\"0.3\\\" rel=\\\"0.8\\\"/>\\n\\n    <file>//lion.txt</file>\\n</package>\\n\", \"other\": \"\\n<package pkgid=\\\"12400dc95c23a4c160725a908716cd3fcdd7a8981585437ab64cd62efa3e4ae4\\\" name=\\\"lion\\\" arch=\\\"noarch\\\">\\n    <version epoch=\\\"0\\\" ver=\\\"0.3\\\" rel=\\\"0.8\\\"/>\\n\\n</package>\\n\", \"primary\": \"\\n<package type=\\\"rpm\\\">\\n  <name>lion</name>\\n  <arch>noarch</arch>\\n  <version epoch=\\\"0\\\" ver=\\\"0.3\\\" rel=\\\"0.8\\\"/>\\n  <checksum type=\\\"sha256\\\" pkgid=\\\"YES\\\">12400dc95c23a4c160725a908716cd3fcdd7a8981585437ab64cd62efa3e4ae4</checksum>\\n  <summary>A dummy package of lion</summary>\\n  <description>A dummy package of lion</description>\\n  <packager></packager>\\n  <url>http://tstrachota.fedorapeople.org</url>\\n  <time file=\\\"1321891028\\\" build=\\\"1308257455\\\"/>\\n  <size package=\\\"2212\\\" installed=\\\"42\\\" archive=\\\"292\\\"/>\\n<location href=\\\"lion-0.3-0.8.noarch.rpm\\\"/>\\n  <format>\\n    <rpm:license>GPLv2</rpm:license>\\n    <rpm:vendor/>\\n    <rpm:group>Internet/Applications</rpm:group>\\n    <rpm:buildhost>dhcp-26-118.brq.redhat.com</rpm:buildhost>\\n    <rpm:sourcerpm>lion-0.3-0.8.src.rpm</rpm:sourcerpm>\\n    <rpm:header-range start=\\\"280\\\" end=\\\"2000\\\"/>\\n    <rpm:provides>\\n      <rpm:entry name=\\\"lion\\\" flags=\\\"EQ\\\" epoch=\\\"0\\\" ver=\\\"0.3\\\" rel=\\\"0.8\\\"/>\\n    </rpm:provides>\\n    <rpm:requires>\\n      <rpm:entry name=\\\"/bin/sh\\\" pre=\\\"1\\\"/>\\n    </rpm:requires>\\n  </format>\\n</package>\"}, \"checksumtype\": \"sha256\", \"license\": \"GPLv2\", \"_ns\": \"units_rpm\", \"checksum\": \"12400dc95c23a4c160725a908716cd3fcdd7a8981585437ab64cd62efa3e4ae4\", \"filename\": \"lion-0.3-0.8.noarch.rpm\", \"buildhost\": \"dhcp-26-118.brq.redhat.com\", \"epoch\": \"0\", \"version\": \"0.3\", \"relativepath\": \"lion-0.3-0.8.noarch.rpm\", \"provides\": [[\"lion\", \"EQ\", [\"0\", \"0.3\", \"0.8\"]]], \"_content_type_id\": \"rpm\", \"release\": \"0.8\", \"vendor\": \"\", \"_id\": \"d8b29540-e885-4796-88f4-6f9dfbf12106\", \"arch\": \"noarch\", \"name\": \"lion\", \"description\": \"A dummy package of lion\"}}, {\"updated\": \"2013-01-22T03:01:44Z\", \"repo_id\": \"integration_test_id\", \"created\": \"2013-01-22T03:01:44Z\", \"_ns\": \"repo_content_units\", \"unit_id\": \"9a075ed4-9b36-4d74-a27b-dedce70fbb32\", \"unit_type_id\": \"rpm\", \"owner_type\": \"importer\", \"_id\": {\"$oid\": \"50fdbac8196cbe3e59001f8f\"}, \"id\": \"50fdbac8196cbe3e59001f8f\", \"owner_id\": \"yum_importer\", \"metadata\": {\"requires\": [[\"/bin/sh\", null, [null, null, null]]], \"_storage_path\": \"/var/lib/pulp/content/rpm/.//monkey/0.3/0.8/noarch/0e8fa50d0128fbabc7ccc5632e3fa25d39b0280169f6166cb8e2c84de8501db1/monkey-0.3-0.8.noarch.rpm\", \"repodata\": {\"filelists\": \"\\n<package pkgid=\\\"0e8fa50d0128fbabc7ccc5632e3fa25d39b0280169f6166cb8e2c84de8501db1\\\" name=\\\"monkey\\\" arch=\\\"noarch\\\">\\n    <version epoch=\\\"0\\\" ver=\\\"0.3\\\" rel=\\\"0.8\\\"/>\\n\\n    <file>//monkey.txt</file>\\n</package>\\n\", \"other\": \"\\n<package pkgid=\\\"0e8fa50d0128fbabc7ccc5632e3fa25d39b0280169f6166cb8e2c84de8501db1\\\" name=\\\"monkey\\\" arch=\\\"noarch\\\">\\n    <version epoch=\\\"0\\\" ver=\\\"0.3\\\" rel=\\\"0.8\\\"/>\\n\\n</package>\\n\", \"primary\": \"\\n<package type=\\\"rpm\\\">\\n  <name>monkey</name>\\n  <arch>noarch</arch>\\n  <version epoch=\\\"0\\\" ver=\\\"0.3\\\" rel=\\\"0.8\\\"/>\\n  <checksum type=\\\"sha256\\\" pkgid=\\\"YES\\\">0e8fa50d0128fbabc7ccc5632e3fa25d39b0280169f6166cb8e2c84de8501db1</checksum>\\n  <summary>A dummy package of monkey</summary>\\n  <description>A dummy package of monkey</description>\\n  <packager></packager>\\n  <url>http://tstrachota.fedorapeople.org</url>\\n  <time file=\\\"1321891029\\\" build=\\\"1308257260\\\"/>\\n  <size package=\\\"2232\\\" installed=\\\"42\\\" archive=\\\"292\\\"/>\\n<location href=\\\"monkey-0.3-0.8.noarch.rpm\\\"/>\\n  <format>\\n    <rpm:license>GPLv2</rpm:license>\\n    <rpm:vendor/>\\n    <rpm:group>Internet/Applications</rpm:group>\\n    <rpm:buildhost>dhcp-26-118.brq.redhat.com</rpm:buildhost>\\n    <rpm:sourcerpm>monkey-0.3-0.8.src.rpm</rpm:sourcerpm>\\n    <rpm:header-range start=\\\"280\\\" end=\\\"2016\\\"/>\\n    <rpm:provides>\\n      <rpm:entry name=\\\"monkey\\\" flags=\\\"EQ\\\" epoch=\\\"0\\\" ver=\\\"0.3\\\" rel=\\\"0.8\\\"/>\\n    </rpm:provides>\\n    <rpm:requires>\\n      <rpm:entry name=\\\"/bin/sh\\\" pre=\\\"1\\\"/>\\n    </rpm:requires>\\n  </format>\\n</package>\"}, \"checksumtype\": \"sha256\", \"license\": \"GPLv2\", \"_ns\": \"units_rpm\", \"checksum\": \"0e8fa50d0128fbabc7ccc5632e3fa25d39b0280169f6166cb8e2c84de8501db1\", \"filename\": \"monkey-0.3-0.8.noarch.rpm\", \"buildhost\": \"dhcp-26-118.brq.redhat.com\", \"epoch\": \"0\", \"version\": \"0.3\", \"relativepath\": \"monkey-0.3-0.8.noarch.rpm\", \"provides\": [[\"monkey\", \"EQ\", [\"0\", \"0.3\", \"0.8\"]]], \"_content_type_id\": \"rpm\", \"release\": \"0.8\", \"vendor\": \"\", \"_id\": \"9a075ed4-9b36-4d74-a27b-dedce70fbb32\", \"arch\": \"noarch\", \"name\": \"monkey\", \"description\": \"A dummy package of monkey\"}}, {\"updated\": \"2013-01-22T03:01:44Z\", \"repo_id\": \"integration_test_id\", \"created\": \"2013-01-22T03:01:44Z\", \"_ns\": \"repo_content_units\", \"unit_id\": \"85c0b330-5118-42af-9740-f55dc5a3f229\", \"unit_type_id\": \"rpm\", \"owner_type\": \"importer\", \"_id\": {\"$oid\": \"50fdbac8196cbe3e59001f90\"}, \"id\": \"50fdbac8196cbe3e59001f90\", \"owner_id\": \"yum_importer\", \"metadata\": {\"requires\": [[\"/bin/sh\", null, [null, null, null]]], \"_storage_path\": \"/var/lib/pulp/content/rpm/.//penguin/0.3/0.8/noarch/3fcb2c927de9e13bf68469032a28b139d3e5ad2e58564fc210fd6e48635be694/penguin-0.3-0.8.noarch.rpm\", \"repodata\": {\"filelists\": \"\\n<package pkgid=\\\"3fcb2c927de9e13bf68469032a28b139d3e5ad2e58564fc210fd6e48635be694\\\" name=\\\"penguin\\\" arch=\\\"noarch\\\">\\n    <version epoch=\\\"0\\\" ver=\\\"0.3\\\" rel=\\\"0.8\\\"/>\\n\\n    <file>//penguin.txt</file>\\n</package>\\n\", \"other\": \"\\n<package pkgid=\\\"3fcb2c927de9e13bf68469032a28b139d3e5ad2e58564fc210fd6e48635be694\\\" name=\\\"penguin\\\" arch=\\\"noarch\\\">\\n    <version epoch=\\\"0\\\" ver=\\\"0.3\\\" rel=\\\"0.8\\\"/>\\n\\n</package>\\n\", \"primary\": \"\\n<package type=\\\"rpm\\\">\\n  <name>penguin</name>\\n  <arch>noarch</arch>\\n  <version epoch=\\\"0\\\" ver=\\\"0.3\\\" rel=\\\"0.8\\\"/>\\n  <checksum type=\\\"sha256\\\" pkgid=\\\"YES\\\">3fcb2c927de9e13bf68469032a28b139d3e5ad2e58564fc210fd6e48635be694</checksum>\\n  <summary>A dummy package of penguin</summary>\\n  <description>A dummy package of penguin</description>\\n  <packager></packager>\\n  <url>http://tstrachota.fedorapeople.org</url>\\n  <time file=\\\"1321891029\\\" build=\\\"1308257460\\\"/>\\n  <size package=\\\"2232\\\" installed=\\\"42\\\" archive=\\\"292\\\"/>\\n<location href=\\\"penguin-0.3-0.8.noarch.rpm\\\"/>\\n  <format>\\n    <rpm:license>GPLv2</rpm:license>\\n    <rpm:vendor/>\\n    <rpm:group>Internet/Applications</rpm:group>\\n    <rpm:buildhost>dhcp-26-118.brq.redhat.com</rpm:buildhost>\\n    <rpm:sourcerpm>penguin-0.3-0.8.src.rpm</rpm:sourcerpm>\\n    <rpm:header-range start=\\\"280\\\" end=\\\"2016\\\"/>\\n    <rpm:provides>\\n      <rpm:entry name=\\\"penguin\\\" flags=\\\"EQ\\\" epoch=\\\"0\\\" ver=\\\"0.3\\\" rel=\\\"0.8\\\"/>\\n    </rpm:provides>\\n    <rpm:requires>\\n      <rpm:entry name=\\\"/bin/sh\\\" pre=\\\"1\\\"/>\\n    </rpm:requires>\\n  </format>\\n</package>\"}, \"checksumtype\": \"sha256\", \"license\": \"GPLv2\", \"_ns\": \"units_rpm\", \"checksum\": \"3fcb2c927de9e13bf68469032a28b139d3e5ad2e58564fc210fd6e48635be694\", \"filename\": \"penguin-0.3-0.8.noarch.rpm\", \"buildhost\": \"dhcp-26-118.brq.redhat.com\", \"epoch\": \"0\", \"version\": \"0.3\", \"relativepath\": \"penguin-0.3-0.8.noarch.rpm\", \"provides\": [[\"penguin\", \"EQ\", [\"0\", \"0.3\", \"0.8\"]]], \"_content_type_id\": \"rpm\", \"release\": \"0.8\", \"vendor\": \"\", \"_id\": \"85c0b330-5118-42af-9740-f55dc5a3f229\", \"arch\": \"noarch\", \"name\": \"penguin\", \"description\": \"A dummy package of penguin\"}}, {\"updated\": \"2013-01-22T03:01:44Z\", \"repo_id\": \"integration_test_id\", \"created\": \"2013-01-22T03:01:44Z\", \"_ns\": \"repo_content_units\", \"unit_id\": \"889a1984-ca60-4a4e-bea9-9263d8d57844\", \"unit_type_id\": \"rpm\", \"owner_type\": \"importer\", \"_id\": {\"$oid\": \"50fdbac8196cbe3e59001f93\"}, \"id\": \"50fdbac8196cbe3e59001f93\", \"owner_id\": \"yum_importer\", \"metadata\": {\"requires\": [[\"/bin/sh\", null, [null, null, null]]], \"_storage_path\": \"/var/lib/pulp/content/rpm/.//squirrel/0.3/0.8/noarch/251768bdd15f13d78487c27638aa6aecd01551e253756093cde1c0ae878a17d2/squirrel-0.3-0.8.noarch.rpm\", \"repodata\": {\"filelists\": \"\\n<package pkgid=\\\"251768bdd15f13d78487c27638aa6aecd01551e253756093cde1c0ae878a17d2\\\" name=\\\"squirrel\\\" arch=\\\"noarch\\\">\\n    <version epoch=\\\"0\\\" ver=\\\"0.3\\\" rel=\\\"0.8\\\"/>\\n\\n    <file>//squirrel.txt</file>\\n</package>\\n\", \"other\": \"\\n<package pkgid=\\\"251768bdd15f13d78487c27638aa6aecd01551e253756093cde1c0ae878a17d2\\\" name=\\\"squirrel\\\" arch=\\\"noarch\\\">\\n    <version epoch=\\\"0\\\" ver=\\\"0.3\\\" rel=\\\"0.8\\\"/>\\n\\n</package>\\n\", \"primary\": \"\\n<package type=\\\"rpm\\\">\\n  <name>squirrel</name>\\n  <arch>noarch</arch>\\n  <version epoch=\\\"0\\\" ver=\\\"0.3\\\" rel=\\\"0.8\\\"/>\\n  <checksum type=\\\"sha256\\\" pkgid=\\\"YES\\\">251768bdd15f13d78487c27638aa6aecd01551e253756093cde1c0ae878a17d2</checksum>\\n  <summary>A dummy package of squirrel</summary>\\n  <description>A dummy package of squirrel</description>\\n  <packager></packager>\\n  <url>http://tstrachota.fedorapeople.org</url>\\n  <time file=\\\"1321891029\\\" build=\\\"1308257502\\\"/>\\n  <size package=\\\"2248\\\" installed=\\\"42\\\" archive=\\\"296\\\"/>\\n<location href=\\\"squirrel-0.3-0.8.noarch.rpm\\\"/>\\n  <format>\\n    <rpm:license>GPLv2</rpm:license>\\n    <rpm:vendor/>\\n    <rpm:group>Internet/Applications</rpm:group>\\n    <rpm:buildhost>dhcp-26-118.brq.redhat.com</rpm:buildhost>\\n    <rpm:sourcerpm>squirrel-0.3-0.8.src.rpm</rpm:sourcerpm>\\n    <rpm:header-range start=\\\"280\\\" end=\\\"2028\\\"/>\\n    <rpm:provides>\\n      <rpm:entry name=\\\"squirrel\\\" flags=\\\"EQ\\\" epoch=\\\"0\\\" ver=\\\"0.3\\\" rel=\\\"0.8\\\"/>\\n    </rpm:provides>\\n    <rpm:requires>\\n      <rpm:entry name=\\\"/bin/sh\\\" pre=\\\"1\\\"/>\\n    </rpm:requires>\\n  </format>\\n</package>\"}, \"checksumtype\": \"sha256\", \"license\": \"GPLv2\", \"_ns\": \"units_rpm\", \"checksum\": \"251768bdd15f13d78487c27638aa6aecd01551e253756093cde1c0ae878a17d2\", \"filename\": \"squirrel-0.3-0.8.noarch.rpm\", \"buildhost\": \"dhcp-26-118.brq.redhat.com\", \"epoch\": \"0\", \"version\": \"0.3\", \"relativepath\": \"squirrel-0.3-0.8.noarch.rpm\", \"provides\": [[\"squirrel\", \"EQ\", [\"0\", \"0.3\", \"0.8\"]]], \"_content_type_id\": \"rpm\", \"release\": \"0.8\", \"vendor\": \"\", \"_id\": \"889a1984-ca60-4a4e-bea9-9263d8d57844\", \"arch\": \"noarch\", \"name\": \"squirrel\", \"description\": \"A dummy package of squirrel\"}}, {\"updated\": \"2013-01-22T03:01:44Z\", \"repo_id\": \"integration_test_id\", \"created\": \"2013-01-22T03:01:44Z\", \"_ns\": \"repo_content_units\", \"unit_id\": \"e2579a2c-4268-42d1-96af-1d0bc57f700b\", \"unit_type_id\": \"rpm\", \"owner_type\": \"importer\", \"_id\": {\"$oid\": \"50fdbac8196cbe3e59001f92\"}, \"id\": \"50fdbac8196cbe3e59001f92\", \"owner_id\": \"yum_importer\", \"metadata\": {\"requires\": [[\"/bin/sh\", null, [null, null, null]]], \"_storage_path\": \"/var/lib/pulp/content/rpm/.//walrus/0.3/0.8/noarch/6e8d6dc057e3e2c9819f0dc7e6c7b7f86bf2e8571bba414adec7fb621a461dfd/walrus-0.3-0.8.noarch.rpm\", \"repodata\": {\"filelists\": \"\\n<package pkgid=\\\"6e8d6dc057e3e2c9819f0dc7e6c7b7f86bf2e8571bba414adec7fb621a461dfd\\\" name=\\\"walrus\\\" arch=\\\"noarch\\\">\\n    <version epoch=\\\"0\\\" ver=\\\"0.3\\\" rel=\\\"0.8\\\"/>\\n\\n    <file>//walrus.txt</file>\\n</package>\\n\", \"other\": \"\\n<package pkgid=\\\"6e8d6dc057e3e2c9819f0dc7e6c7b7f86bf2e8571bba414adec7fb621a461dfd\\\" name=\\\"walrus\\\" arch=\\\"noarch\\\">\\n    <version epoch=\\\"0\\\" ver=\\\"0.3\\\" rel=\\\"0.8\\\"/>\\n\\n</package>\\n\", \"primary\": \"\\n<package type=\\\"rpm\\\">\\n  <name>walrus</name>\\n  <arch>noarch</arch>\\n  <version epoch=\\\"0\\\" ver=\\\"0.3\\\" rel=\\\"0.8\\\"/>\\n  <checksum type=\\\"sha256\\\" pkgid=\\\"YES\\\">6e8d6dc057e3e2c9819f0dc7e6c7b7f86bf2e8571bba414adec7fb621a461dfd</checksum>\\n  <summary>A dummy package of walrus</summary>\\n  <description>A dummy package of walrus</description>\\n  <packager></packager>\\n  <url>http://tstrachota.fedorapeople.org</url>\\n  <time file=\\\"1321891030\\\" build=\\\"1308257449\\\"/>\\n  <size package=\\\"2236\\\" installed=\\\"42\\\" archive=\\\"292\\\"/>\\n<location href=\\\"walrus-0.3-0.8.noarch.rpm\\\"/>\\n  <format>\\n    <rpm:license>GPLv2</rpm:license>\\n    <rpm:vendor/>\\n    <rpm:group>Internet/Applications</rpm:group>\\n    <rpm:buildhost>dhcp-26-118.brq.redhat.com</rpm:buildhost>\\n    <rpm:sourcerpm>walrus-0.3-0.8.src.rpm</rpm:sourcerpm>\\n    <rpm:header-range start=\\\"280\\\" end=\\\"2016\\\"/>\\n    <rpm:provides>\\n      <rpm:entry name=\\\"walrus\\\" flags=\\\"EQ\\\" epoch=\\\"0\\\" ver=\\\"0.3\\\" rel=\\\"0.8\\\"/>\\n    </rpm:provides>\\n    <rpm:requires>\\n      <rpm:entry name=\\\"/bin/sh\\\" pre=\\\"1\\\"/>\\n    </rpm:requires>\\n  </format>\\n</package>\"}, \"checksumtype\": \"sha256\", \"license\": \"GPLv2\", \"_ns\": \"units_rpm\", \"checksum\": \"6e8d6dc057e3e2c9819f0dc7e6c7b7f86bf2e8571bba414adec7fb621a461dfd\", \"filename\": \"walrus-0.3-0.8.noarch.rpm\", \"buildhost\": \"dhcp-26-118.brq.redhat.com\", \"epoch\": \"0\", \"version\": \"0.3\", \"relativepath\": \"walrus-0.3-0.8.noarch.rpm\", \"provides\": [[\"walrus\", \"EQ\", [\"0\", \"0.3\", \"0.8\"]]], \"_content_type_id\": \"rpm\", \"release\": \"0.8\", \"vendor\": \"\", \"_id\": \"e2579a2c-4268-42d1-96af-1d0bc57f700b\", \"arch\": \"noarch\", \"name\": \"walrus\", \"description\": \"A dummy package of walrus\"}}]"
    http_version: 
  recorded_at: Mon, 21 Jan 2013 22:01:48 GMT
- request: 
    method: post
    uri: https://admin:admin@localhost/pulp/api/v2/repositories/integration_test_id/search/units/
    body: 
      string: "{\"criteria\":{\"type_ids\":[\"rpm\"],\"filters\":{\"unit\":{\"$and\":[{\"name\":\"cheetah\"}]}},\"sort\":{\"unit\":[[\"name\",\"ascending\"],[\"version\",\"descending\"]]}}}"
    headers: 
      Accept: 
      - application/json
      Accept-Encoding: 
      - gzip, deflate
      Content-Length: 
      - "146"
      Content-Type: 
      - application/json
  response: 
    status: 
      code: 200
      message: OK
    headers: 
      Date: 
      - Mon, 21 Jan 2013 22:01:48 GMT
      Server: 
      - Apache/2.2.22 (Fedora)
      Content-Length: 
      - "2705"
      Content-Type: 
      - application/json
    body: 
      string: "[{\"updated\": \"2013-01-22T03:01:44Z\", \"repo_id\": \"integration_test_id\", \"created\": \"2013-01-22T03:01:44Z\", \"_ns\": \"repo_content_units\", \"unit_id\": \"8ca10b54-a031-417f-9225-91a224bde136\", \"unit_type_id\": \"rpm\", \"owner_type\": \"importer\", \"_id\": {\"$oid\": \"50fdbac8196cbe3e59001f91\"}, \"id\": \"50fdbac8196cbe3e59001f91\", \"owner_id\": \"yum_importer\", \"metadata\": {\"requires\": [[\"/bin/sh\", null, [null, null, null]]], \"_storage_path\": \"/var/lib/pulp/content/rpm/.//cheetah/0.3/0.8/noarch/422d0baa0cd9d7713ae796e886a23e17f578f924f74880debdbb7d65fb368dae/cheetah-0.3-0.8.noarch.rpm\", \"repodata\": {\"filelists\": \"\\n<package pkgid=\\\"422d0baa0cd9d7713ae796e886a23e17f578f924f74880debdbb7d65fb368dae\\\" name=\\\"cheetah\\\" arch=\\\"noarch\\\">\\n    <version epoch=\\\"0\\\" ver=\\\"0.3\\\" rel=\\\"0.8\\\"/>\\n\\n    <file>//cheetah.txt</file>\\n</package>\\n\", \"other\": \"\\n<package pkgid=\\\"422d0baa0cd9d7713ae796e886a23e17f578f924f74880debdbb7d65fb368dae\\\" name=\\\"cheetah\\\" arch=\\\"noarch\\\">\\n    <version epoch=\\\"0\\\" ver=\\\"0.3\\\" rel=\\\"0.8\\\"/>\\n\\n</package>\\n\", \"primary\": \"\\n<package type=\\\"rpm\\\">\\n  <name>cheetah</name>\\n  <arch>noarch</arch>\\n  <version epoch=\\\"0\\\" ver=\\\"0.3\\\" rel=\\\"0.8\\\"/>\\n  <checksum type=\\\"sha256\\\" pkgid=\\\"YES\\\">422d0baa0cd9d7713ae796e886a23e17f578f924f74880debdbb7d65fb368dae</checksum>\\n  <summary>A dummy package of cheetah</summary>\\n  <description>A dummy package of cheetah</description>\\n  <packager></packager>\\n  <url>http://tstrachota.fedorapeople.org</url>\\n  <time file=\\\"1321891028\\\" build=\\\"1308257472\\\"/>\\n  <size package=\\\"2232\\\" installed=\\\"42\\\" archive=\\\"292\\\"/>\\n<location href=\\\"cheetah-0.3-0.8.noarch.rpm\\\"/>\\n  <format>\\n    <rpm:license>GPLv2</rpm:license>\\n    <rpm:vendor/>\\n    <rpm:group>Internet/Applications</rpm:group>\\n    <rpm:buildhost>dhcp-26-118.brq.redhat.com</rpm:buildhost>\\n    <rpm:sourcerpm>cheetah-0.3-0.8.src.rpm</rpm:sourcerpm>\\n    <rpm:header-range start=\\\"280\\\" end=\\\"2016\\\"/>\\n    <rpm:provides>\\n      <rpm:entry name=\\\"cheetah\\\" flags=\\\"EQ\\\" epoch=\\\"0\\\" ver=\\\"0.3\\\" rel=\\\"0.8\\\"/>\\n    </rpm:provides>\\n    <rpm:requires>\\n      <rpm:entry name=\\\"/bin/sh\\\" pre=\\\"1\\\"/>\\n    </rpm:requires>\\n  </format>\\n</package>\"}, \"checksumtype\": \"sha256\", \"license\": \"GPLv2\", \"_ns\": \"units_rpm\", \"checksum\": \"422d0baa0cd9d7713ae796e886a23e17f578f924f74880debdbb7d65fb368dae\", \"filename\": \"cheetah-0.3-0.8.noarch.rpm\", \"buildhost\": \"dhcp-26-118.brq.redhat.com\", \"epoch\": \"0\", \"version\": \"0.3\", \"relativepath\": \"cheetah-0.3-0.8.noarch.rpm\", \"provides\": [[\"cheetah\", \"EQ\", [\"0\", \"0.3\", \"0.8\"]]], \"_content_type_id\": \"rpm\", \"release\": \"0.8\", \"vendor\": \"\", \"_id\": \"8ca10b54-a031-417f-9225-91a224bde136\", \"arch\": \"noarch\", \"name\": \"cheetah\", \"description\": \"A dummy package of cheetah\"}}]"
    http_version: 
  recorded_at: Mon, 21 Jan 2013 22:01:48 GMT
- request: 
    method: post
    uri: https://admin:admin@localhost/pulp/api/v2/repositories/integration_test_id/search/units/
    body: 
      string: "{\"criteria\":{\"type_ids\":[\"package_group\"]}}"
    headers: 
      Accept: 
      - application/json
      Accept-Encoding: 
      - gzip, deflate
      Content-Length: 
      - "43"
      Content-Type: 
      - application/json
  response: 
    status: 
      code: 200
      message: OK
    headers: 
      Date: 
      - Mon, 21 Jan 2013 22:01:48 GMT
      Server: 
      - Apache/2.2.22 (Fedora)
      Content-Length: 
      - "1770"
      Content-Type: 
      - application/json
    body: 
      string: "[{\"updated\": \"2013-01-22T03:01:44Z\", \"repo_id\": \"integration_test_id\", \"created\": \"2013-01-22T03:01:44Z\", \"_ns\": \"repo_content_units\", \"unit_id\": \"ed25648e-22c3-452e-b9b2-b2f9e28636e0\", \"unit_type_id\": \"package_group\", \"owner_type\": \"importer\", \"_id\": {\"$oid\": \"50fdbac8196cbe3e59001f9e\"}, \"id\": \"50fdbac8196cbe3e59001f9e\", \"owner_id\": \"yum_importer\", \"metadata\": {\"_storage_path\": null, \"mandatory_package_names\": [\"penguin\"], \"repo_id\": \"integration_test_id\", \"description\": \"\", \"user_visible\": true, \"default\": true, \"_ns\": \"units_package_group\", \"display_order\": 1024, \"optional_package_names\": [], \"translated_name\": {}, \"translated_description\": {}, \"conditional_package_names\": [], \"default_package_names\": [], \"_content_type_id\": \"package_group\", \"langonly\": null, \"_id\": \"ed25648e-22c3-452e-b9b2-b2f9e28636e0\", \"id\": \"bird\", \"name\": \"bird\"}}, {\"updated\": \"2013-01-22T03:01:44Z\", \"repo_id\": \"integration_test_id\", \"created\": \"2013-01-22T03:01:44Z\", \"_ns\": \"repo_content_units\", \"unit_id\": \"680bfc59-3462-4965-9f69-9a8f99e4ae88\", \"unit_type_id\": \"package_group\", \"owner_type\": \"importer\", \"_id\": {\"$oid\": \"50fdbac8196cbe3e59001f9d\"}, \"id\": \"50fdbac8196cbe3e59001f9d\", \"owner_id\": \"yum_importer\", \"metadata\": {\"_storage_path\": null, \"mandatory_package_names\": [\"elephant,giraffe,cheetah,lion,monkey,penguin,squirrel,walrus\", \"penguin\"], \"repo_id\": \"integration_test_id\", \"description\": \"\", \"user_visible\": true, \"default\": true, \"_ns\": \"units_package_group\", \"display_order\": 1024, \"optional_package_names\": [], \"translated_name\": {}, \"translated_description\": {}, \"conditional_package_names\": [], \"default_package_names\": [], \"_content_type_id\": \"package_group\", \"langonly\": null, \"_id\": \"680bfc59-3462-4965-9f69-9a8f99e4ae88\", \"id\": \"mammal\", \"name\": \"mammal\"}}]"
    http_version: 
  recorded_at: Mon, 21 Jan 2013 22:01:48 GMT
- request: 
    method: post
    uri: https://admin:admin@localhost/pulp/api/v2/repositories/integration_test_id/search/units/
    body: 
      string: "{\"criteria\":{\"type_ids\":[\"rpm\"]}}"
    headers: 
      Accept: 
      - application/json
      Accept-Encoding: 
      - gzip, deflate
      Content-Length: 
      - "33"
      Content-Type: 
      - application/json
  response: 
    status: 
      code: 200
      message: OK
    headers: 
      Date: 
      - Mon, 21 Jan 2013 22:01:48 GMT
      Server: 
      - Apache/2.2.22 (Fedora)
      Content-Length: 
      - "21592"
      Content-Type: 
      - application/json
    body: 
      string: "[{\"updated\": \"2013-01-22T03:01:44Z\", \"repo_id\": \"integration_test_id\", \"created\": \"2013-01-22T03:01:44Z\", \"_ns\": \"repo_content_units\", \"unit_id\": \"8ca10b54-a031-417f-9225-91a224bde136\", \"unit_type_id\": \"rpm\", \"owner_type\": \"importer\", \"_id\": {\"$oid\": \"50fdbac8196cbe3e59001f91\"}, \"id\": \"50fdbac8196cbe3e59001f91\", \"owner_id\": \"yum_importer\", \"metadata\": {\"requires\": [[\"/bin/sh\", null, [null, null, null]]], \"_storage_path\": \"/var/lib/pulp/content/rpm/.//cheetah/0.3/0.8/noarch/422d0baa0cd9d7713ae796e886a23e17f578f924f74880debdbb7d65fb368dae/cheetah-0.3-0.8.noarch.rpm\", \"repodata\": {\"filelists\": \"\\n<package pkgid=\\\"422d0baa0cd9d7713ae796e886a23e17f578f924f74880debdbb7d65fb368dae\\\" name=\\\"cheetah\\\" arch=\\\"noarch\\\">\\n    <version epoch=\\\"0\\\" ver=\\\"0.3\\\" rel=\\\"0.8\\\"/>\\n\\n    <file>//cheetah.txt</file>\\n</package>\\n\", \"other\": \"\\n<package pkgid=\\\"422d0baa0cd9d7713ae796e886a23e17f578f924f74880debdbb7d65fb368dae\\\" name=\\\"cheetah\\\" arch=\\\"noarch\\\">\\n    <version epoch=\\\"0\\\" ver=\\\"0.3\\\" rel=\\\"0.8\\\"/>\\n\\n</package>\\n\", \"primary\": \"\\n<package type=\\\"rpm\\\">\\n  <name>cheetah</name>\\n  <arch>noarch</arch>\\n  <version epoch=\\\"0\\\" ver=\\\"0.3\\\" rel=\\\"0.8\\\"/>\\n  <checksum type=\\\"sha256\\\" pkgid=\\\"YES\\\">422d0baa0cd9d7713ae796e886a23e17f578f924f74880debdbb7d65fb368dae</checksum>\\n  <summary>A dummy package of cheetah</summary>\\n  <description>A dummy package of cheetah</description>\\n  <packager></packager>\\n  <url>http://tstrachota.fedorapeople.org</url>\\n  <time file=\\\"1321891028\\\" build=\\\"1308257472\\\"/>\\n  <size package=\\\"2232\\\" installed=\\\"42\\\" archive=\\\"292\\\"/>\\n<location href=\\\"cheetah-0.3-0.8.noarch.rpm\\\"/>\\n  <format>\\n    <rpm:license>GPLv2</rpm:license>\\n    <rpm:vendor/>\\n    <rpm:group>Internet/Applications</rpm:group>\\n    <rpm:buildhost>dhcp-26-118.brq.redhat.com</rpm:buildhost>\\n    <rpm:sourcerpm>cheetah-0.3-0.8.src.rpm</rpm:sourcerpm>\\n    <rpm:header-range start=\\\"280\\\" end=\\\"2016\\\"/>\\n    <rpm:provides>\\n      <rpm:entry name=\\\"cheetah\\\" flags=\\\"EQ\\\" epoch=\\\"0\\\" ver=\\\"0.3\\\" rel=\\\"0.8\\\"/>\\n    </rpm:provides>\\n    <rpm:requires>\\n      <rpm:entry name=\\\"/bin/sh\\\" pre=\\\"1\\\"/>\\n    </rpm:requires>\\n  </format>\\n</package>\"}, \"checksumtype\": \"sha256\", \"license\": \"GPLv2\", \"_ns\": \"units_rpm\", \"checksum\": \"422d0baa0cd9d7713ae796e886a23e17f578f924f74880debdbb7d65fb368dae\", \"filename\": \"cheetah-0.3-0.8.noarch.rpm\", \"buildhost\": \"dhcp-26-118.brq.redhat.com\", \"epoch\": \"0\", \"version\": \"0.3\", \"relativepath\": \"cheetah-0.3-0.8.noarch.rpm\", \"provides\": [[\"cheetah\", \"EQ\", [\"0\", \"0.3\", \"0.8\"]]], \"_content_type_id\": \"rpm\", \"release\": \"0.8\", \"vendor\": \"\", \"_id\": \"8ca10b54-a031-417f-9225-91a224bde136\", \"arch\": \"noarch\", \"name\": \"cheetah\", \"description\": \"A dummy package of cheetah\"}}, {\"updated\": \"2013-01-22T03:01:44Z\", \"repo_id\": \"integration_test_id\", \"created\": \"2013-01-22T03:01:44Z\", \"_ns\": \"repo_content_units\", \"unit_id\": \"ce717547-b67b-4310-bb4f-e62a1e4a7748\", \"unit_type_id\": \"rpm\", \"owner_type\": \"importer\", \"_id\": {\"$oid\": \"50fdbac8196cbe3e59001f8d\"}, \"id\": \"50fdbac8196cbe3e59001f8d\", \"owner_id\": \"yum_importer\", \"metadata\": {\"requires\": [[\"/bin/sh\", null, [null, null, null]]], \"_storage_path\": \"/var/lib/pulp/content/rpm/.//elephant/0.3/0.8/noarch/3e1c70cd1b421328acaf6397cb3d16145306bb95f65d1b095fc31372a0a701f3/elephant-0.3-0.8.noarch.rpm\", \"repodata\": {\"filelists\": \"\\n<package pkgid=\\\"3e1c70cd1b421328acaf6397cb3d16145306bb95f65d1b095fc31372a0a701f3\\\" name=\\\"elephant\\\" arch=\\\"noarch\\\">\\n    <version epoch=\\\"0\\\" ver=\\\"0.3\\\" rel=\\\"0.8\\\"/>\\n\\n    <file>//elephant.txt</file>\\n</package>\\n\", \"other\": \"\\n<package pkgid=\\\"3e1c70cd1b421328acaf6397cb3d16145306bb95f65d1b095fc31372a0a701f3\\\" name=\\\"elephant\\\" arch=\\\"noarch\\\">\\n    <version epoch=\\\"0\\\" ver=\\\"0.3\\\" rel=\\\"0.8\\\"/>\\n\\n</package>\\n\", \"primary\": \"\\n<package type=\\\"rpm\\\">\\n  <name>elephant</name>\\n  <arch>noarch</arch>\\n  <version epoch=\\\"0\\\" ver=\\\"0.3\\\" rel=\\\"0.8\\\"/>\\n  <checksum type=\\\"sha256\\\" pkgid=\\\"YES\\\">3e1c70cd1b421328acaf6397cb3d16145306bb95f65d1b095fc31372a0a701f3</checksum>\\n  <summary>A dummy package of elephant</summary>\\n  <description>A dummy package of elephant</description>\\n  <packager></packager>\\n  <url>http://tstrachota.fedorapeople.org</url>\\n  <time file=\\\"1321891027\\\" build=\\\"1308257466\\\"/>\\n  <size package=\\\"2244\\\" installed=\\\"42\\\" archive=\\\"296\\\"/>\\n<location href=\\\"elephant-0.3-0.8.noarch.rpm\\\"/>\\n  <format>\\n    <rpm:license>GPLv2</rpm:license>\\n    <rpm:vendor/>\\n    <rpm:group>Internet/Applications</rpm:group>\\n    <rpm:buildhost>dhcp-26-118.brq.redhat.com</rpm:buildhost>\\n    <rpm:sourcerpm>elephant-0.3-0.8.src.rpm</rpm:sourcerpm>\\n    <rpm:header-range start=\\\"280\\\" end=\\\"2028\\\"/>\\n    <rpm:provides>\\n      <rpm:entry name=\\\"elephant\\\" flags=\\\"EQ\\\" epoch=\\\"0\\\" ver=\\\"0.3\\\" rel=\\\"0.8\\\"/>\\n    </rpm:provides>\\n    <rpm:requires>\\n      <rpm:entry name=\\\"/bin/sh\\\" pre=\\\"1\\\"/>\\n    </rpm:requires>\\n  </format>\\n</package>\"}, \"checksumtype\": \"sha256\", \"license\": \"GPLv2\", \"_ns\": \"units_rpm\", \"checksum\": \"3e1c70cd1b421328acaf6397cb3d16145306bb95f65d1b095fc31372a0a701f3\", \"filename\": \"elephant-0.3-0.8.noarch.rpm\", \"buildhost\": \"dhcp-26-118.brq.redhat.com\", \"epoch\": \"0\", \"version\": \"0.3\", \"relativepath\": \"elephant-0.3-0.8.noarch.rpm\", \"provides\": [[\"elephant\", \"EQ\", [\"0\", \"0.3\", \"0.8\"]]], \"_content_type_id\": \"rpm\", \"release\": \"0.8\", \"vendor\": \"\", \"_id\": \"ce717547-b67b-4310-bb4f-e62a1e4a7748\", \"arch\": \"noarch\", \"name\": \"elephant\", \"description\": \"A dummy package of elephant\"}}, {\"updated\": \"2013-01-22T03:01:44Z\", \"repo_id\": \"integration_test_id\", \"created\": \"2013-01-22T03:01:44Z\", \"_ns\": \"repo_content_units\", \"unit_id\": \"2f1736b0-b283-491f-8941-d9227ebe5d00\", \"unit_type_id\": \"rpm\", \"owner_type\": \"importer\", \"_id\": {\"$oid\": \"50fdbac8196cbe3e59001f8c\"}, \"id\": \"50fdbac8196cbe3e59001f8c\", \"owner_id\": \"yum_importer\", \"metadata\": {\"requires\": [[\"/bin/sh\", null, [null, null, null]]], \"_storage_path\": \"/var/lib/pulp/content/rpm/.//giraffe/0.3/0.8/noarch/f25d67d1d9da04f12e57ca323247b43891ac46533e355b82de6d1922009f9f14/giraffe-0.3-0.8.noarch.rpm\", \"repodata\": {\"filelists\": \"\\n<package pkgid=\\\"f25d67d1d9da04f12e57ca323247b43891ac46533e355b82de6d1922009f9f14\\\" name=\\\"giraffe\\\" arch=\\\"noarch\\\">\\n    <version epoch=\\\"0\\\" ver=\\\"0.3\\\" rel=\\\"0.8\\\"/>\\n\\n    <file>//giraffe.txt</file>\\n</package>\\n\", \"other\": \"\\n<package pkgid=\\\"f25d67d1d9da04f12e57ca323247b43891ac46533e355b82de6d1922009f9f14\\\" name=\\\"giraffe\\\" arch=\\\"noarch\\\">\\n    <version epoch=\\\"0\\\" ver=\\\"0.3\\\" rel=\\\"0.8\\\"/>\\n\\n</package>\\n\", \"primary\": \"\\n<package type=\\\"rpm\\\">\\n  <name>giraffe</name>\\n  <arch>noarch</arch>\\n  <version epoch=\\\"0\\\" ver=\\\"0.3\\\" rel=\\\"0.8\\\"/>\\n  <checksum type=\\\"sha256\\\" pkgid=\\\"YES\\\">f25d67d1d9da04f12e57ca323247b43891ac46533e355b82de6d1922009f9f14</checksum>\\n  <summary>A dummy package of giraffe</summary>\\n  <description>A dummy package of giraffe</description>\\n  <packager></packager>\\n  <url>http://tstrachota.fedorapeople.org</url>\\n  <time file=\\\"1321891027\\\" build=\\\"1308257414\\\"/>\\n  <size package=\\\"2236\\\" installed=\\\"42\\\" archive=\\\"292\\\"/>\\n<location href=\\\"giraffe-0.3-0.8.noarch.rpm\\\"/>\\n  <format>\\n    <rpm:license>GPLv2</rpm:license>\\n    <rpm:vendor/>\\n    <rpm:group>Internet/Applications</rpm:group>\\n    <rpm:buildhost>dhcp-26-118.brq.redhat.com</rpm:buildhost>\\n    <rpm:sourcerpm>giraffe-0.3-0.8.src.rpm</rpm:sourcerpm>\\n    <rpm:header-range start=\\\"280\\\" end=\\\"2016\\\"/>\\n    <rpm:provides>\\n      <rpm:entry name=\\\"giraffe\\\" flags=\\\"EQ\\\" epoch=\\\"0\\\" ver=\\\"0.3\\\" rel=\\\"0.8\\\"/>\\n    </rpm:provides>\\n    <rpm:requires>\\n      <rpm:entry name=\\\"/bin/sh\\\" pre=\\\"1\\\"/>\\n    </rpm:requires>\\n  </format>\\n</package>\"}, \"checksumtype\": \"sha256\", \"license\": \"GPLv2\", \"_ns\": \"units_rpm\", \"checksum\": \"f25d67d1d9da04f12e57ca323247b43891ac46533e355b82de6d1922009f9f14\", \"filename\": \"giraffe-0.3-0.8.noarch.rpm\", \"buildhost\": \"dhcp-26-118.brq.redhat.com\", \"epoch\": \"0\", \"version\": \"0.3\", \"relativepath\": \"giraffe-0.3-0.8.noarch.rpm\", \"provides\": [[\"giraffe\", \"EQ\", [\"0\", \"0.3\", \"0.8\"]]], \"_content_type_id\": \"rpm\", \"release\": \"0.8\", \"vendor\": \"\", \"_id\": \"2f1736b0-b283-491f-8941-d9227ebe5d00\", \"arch\": \"noarch\", \"name\": \"giraffe\", \"description\": \"A dummy package of giraffe\"}}, {\"updated\": \"2013-01-22T03:01:44Z\", \"repo_id\": \"integration_test_id\", \"created\": \"2013-01-22T03:01:44Z\", \"_ns\": \"repo_content_units\", \"unit_id\": \"d8b29540-e885-4796-88f4-6f9dfbf12106\", \"unit_type_id\": \"rpm\", \"owner_type\": \"importer\", \"_id\": {\"$oid\": \"50fdbac8196cbe3e59001f8e\"}, \"id\": \"50fdbac8196cbe3e59001f8e\", \"owner_id\": \"yum_importer\", \"metadata\": {\"requires\": [[\"/bin/sh\", null, [null, null, null]]], \"_storage_path\": \"/var/lib/pulp/content/rpm/.//lion/0.3/0.8/noarch/12400dc95c23a4c160725a908716cd3fcdd7a8981585437ab64cd62efa3e4ae4/lion-0.3-0.8.noarch.rpm\", \"repodata\": {\"filelists\": \"\\n<package pkgid=\\\"12400dc95c23a4c160725a908716cd3fcdd7a8981585437ab64cd62efa3e4ae4\\\" name=\\\"lion\\\" arch=\\\"noarch\\\">\\n    <version epoch=\\\"0\\\" ver=\\\"0.3\\\" rel=\\\"0.8\\\"/>\\n\\n    <file>//lion.txt</file>\\n</package>\\n\", \"other\": \"\\n<package pkgid=\\\"12400dc95c23a4c160725a908716cd3fcdd7a8981585437ab64cd62efa3e4ae4\\\" name=\\\"lion\\\" arch=\\\"noarch\\\">\\n    <version epoch=\\\"0\\\" ver=\\\"0.3\\\" rel=\\\"0.8\\\"/>\\n\\n</package>\\n\", \"primary\": \"\\n<package type=\\\"rpm\\\">\\n  <name>lion</name>\\n  <arch>noarch</arch>\\n  <version epoch=\\\"0\\\" ver=\\\"0.3\\\" rel=\\\"0.8\\\"/>\\n  <checksum type=\\\"sha256\\\" pkgid=\\\"YES\\\">12400dc95c23a4c160725a908716cd3fcdd7a8981585437ab64cd62efa3e4ae4</checksum>\\n  <summary>A dummy package of lion</summary>\\n  <description>A dummy package of lion</description>\\n  <packager></packager>\\n  <url>http://tstrachota.fedorapeople.org</url>\\n  <time file=\\\"1321891028\\\" build=\\\"1308257455\\\"/>\\n  <size package=\\\"2212\\\" installed=\\\"42\\\" archive=\\\"292\\\"/>\\n<location href=\\\"lion-0.3-0.8.noarch.rpm\\\"/>\\n  <format>\\n    <rpm:license>GPLv2</rpm:license>\\n    <rpm:vendor/>\\n    <rpm:group>Internet/Applications</rpm:group>\\n    <rpm:buildhost>dhcp-26-118.brq.redhat.com</rpm:buildhost>\\n    <rpm:sourcerpm>lion-0.3-0.8.src.rpm</rpm:sourcerpm>\\n    <rpm:header-range start=\\\"280\\\" end=\\\"2000\\\"/>\\n    <rpm:provides>\\n      <rpm:entry name=\\\"lion\\\" flags=\\\"EQ\\\" epoch=\\\"0\\\" ver=\\\"0.3\\\" rel=\\\"0.8\\\"/>\\n    </rpm:provides>\\n    <rpm:requires>\\n      <rpm:entry name=\\\"/bin/sh\\\" pre=\\\"1\\\"/>\\n    </rpm:requires>\\n  </format>\\n</package>\"}, \"checksumtype\": \"sha256\", \"license\": \"GPLv2\", \"_ns\": \"units_rpm\", \"checksum\": \"12400dc95c23a4c160725a908716cd3fcdd7a8981585437ab64cd62efa3e4ae4\", \"filename\": \"lion-0.3-0.8.noarch.rpm\", \"buildhost\": \"dhcp-26-118.brq.redhat.com\", \"epoch\": \"0\", \"version\": \"0.3\", \"relativepath\": \"lion-0.3-0.8.noarch.rpm\", \"provides\": [[\"lion\", \"EQ\", [\"0\", \"0.3\", \"0.8\"]]], \"_content_type_id\": \"rpm\", \"release\": \"0.8\", \"vendor\": \"\", \"_id\": \"d8b29540-e885-4796-88f4-6f9dfbf12106\", \"arch\": \"noarch\", \"name\": \"lion\", \"description\": \"A dummy package of lion\"}}, {\"updated\": \"2013-01-22T03:01:44Z\", \"repo_id\": \"integration_test_id\", \"created\": \"2013-01-22T03:01:44Z\", \"_ns\": \"repo_content_units\", \"unit_id\": \"9a075ed4-9b36-4d74-a27b-dedce70fbb32\", \"unit_type_id\": \"rpm\", \"owner_type\": \"importer\", \"_id\": {\"$oid\": \"50fdbac8196cbe3e59001f8f\"}, \"id\": \"50fdbac8196cbe3e59001f8f\", \"owner_id\": \"yum_importer\", \"metadata\": {\"requires\": [[\"/bin/sh\", null, [null, null, null]]], \"_storage_path\": \"/var/lib/pulp/content/rpm/.//monkey/0.3/0.8/noarch/0e8fa50d0128fbabc7ccc5632e3fa25d39b0280169f6166cb8e2c84de8501db1/monkey-0.3-0.8.noarch.rpm\", \"repodata\": {\"filelists\": \"\\n<package pkgid=\\\"0e8fa50d0128fbabc7ccc5632e3fa25d39b0280169f6166cb8e2c84de8501db1\\\" name=\\\"monkey\\\" arch=\\\"noarch\\\">\\n    <version epoch=\\\"0\\\" ver=\\\"0.3\\\" rel=\\\"0.8\\\"/>\\n\\n    <file>//monkey.txt</file>\\n</package>\\n\", \"other\": \"\\n<package pkgid=\\\"0e8fa50d0128fbabc7ccc5632e3fa25d39b0280169f6166cb8e2c84de8501db1\\\" name=\\\"monkey\\\" arch=\\\"noarch\\\">\\n    <version epoch=\\\"0\\\" ver=\\\"0.3\\\" rel=\\\"0.8\\\"/>\\n\\n</package>\\n\", \"primary\": \"\\n<package type=\\\"rpm\\\">\\n  <name>monkey</name>\\n  <arch>noarch</arch>\\n  <version epoch=\\\"0\\\" ver=\\\"0.3\\\" rel=\\\"0.8\\\"/>\\n  <checksum type=\\\"sha256\\\" pkgid=\\\"YES\\\">0e8fa50d0128fbabc7ccc5632e3fa25d39b0280169f6166cb8e2c84de8501db1</checksum>\\n  <summary>A dummy package of monkey</summary>\\n  <description>A dummy package of monkey</description>\\n  <packager></packager>\\n  <url>http://tstrachota.fedorapeople.org</url>\\n  <time file=\\\"1321891029\\\" build=\\\"1308257260\\\"/>\\n  <size package=\\\"2232\\\" installed=\\\"42\\\" archive=\\\"292\\\"/>\\n<location href=\\\"monkey-0.3-0.8.noarch.rpm\\\"/>\\n  <format>\\n    <rpm:license>GPLv2</rpm:license>\\n    <rpm:vendor/>\\n    <rpm:group>Internet/Applications</rpm:group>\\n    <rpm:buildhost>dhcp-26-118.brq.redhat.com</rpm:buildhost>\\n    <rpm:sourcerpm>monkey-0.3-0.8.src.rpm</rpm:sourcerpm>\\n    <rpm:header-range start=\\\"280\\\" end=\\\"2016\\\"/>\\n    <rpm:provides>\\n      <rpm:entry name=\\\"monkey\\\" flags=\\\"EQ\\\" epoch=\\\"0\\\" ver=\\\"0.3\\\" rel=\\\"0.8\\\"/>\\n    </rpm:provides>\\n    <rpm:requires>\\n      <rpm:entry name=\\\"/bin/sh\\\" pre=\\\"1\\\"/>\\n    </rpm:requires>\\n  </format>\\n</package>\"}, \"checksumtype\": \"sha256\", \"license\": \"GPLv2\", \"_ns\": \"units_rpm\", \"checksum\": \"0e8fa50d0128fbabc7ccc5632e3fa25d39b0280169f6166cb8e2c84de8501db1\", \"filename\": \"monkey-0.3-0.8.noarch.rpm\", \"buildhost\": \"dhcp-26-118.brq.redhat.com\", \"epoch\": \"0\", \"version\": \"0.3\", \"relativepath\": \"monkey-0.3-0.8.noarch.rpm\", \"provides\": [[\"monkey\", \"EQ\", [\"0\", \"0.3\", \"0.8\"]]], \"_content_type_id\": \"rpm\", \"release\": \"0.8\", \"vendor\": \"\", \"_id\": \"9a075ed4-9b36-4d74-a27b-dedce70fbb32\", \"arch\": \"noarch\", \"name\": \"monkey\", \"description\": \"A dummy package of monkey\"}}, {\"updated\": \"2013-01-22T03:01:44Z\", \"repo_id\": \"integration_test_id\", \"created\": \"2013-01-22T03:01:44Z\", \"_ns\": \"repo_content_units\", \"unit_id\": \"85c0b330-5118-42af-9740-f55dc5a3f229\", \"unit_type_id\": \"rpm\", \"owner_type\": \"importer\", \"_id\": {\"$oid\": \"50fdbac8196cbe3e59001f90\"}, \"id\": \"50fdbac8196cbe3e59001f90\", \"owner_id\": \"yum_importer\", \"metadata\": {\"requires\": [[\"/bin/sh\", null, [null, null, null]]], \"_storage_path\": \"/var/lib/pulp/content/rpm/.//penguin/0.3/0.8/noarch/3fcb2c927de9e13bf68469032a28b139d3e5ad2e58564fc210fd6e48635be694/penguin-0.3-0.8.noarch.rpm\", \"repodata\": {\"filelists\": \"\\n<package pkgid=\\\"3fcb2c927de9e13bf68469032a28b139d3e5ad2e58564fc210fd6e48635be694\\\" name=\\\"penguin\\\" arch=\\\"noarch\\\">\\n    <version epoch=\\\"0\\\" ver=\\\"0.3\\\" rel=\\\"0.8\\\"/>\\n\\n    <file>//penguin.txt</file>\\n</package>\\n\", \"other\": \"\\n<package pkgid=\\\"3fcb2c927de9e13bf68469032a28b139d3e5ad2e58564fc210fd6e48635be694\\\" name=\\\"penguin\\\" arch=\\\"noarch\\\">\\n    <version epoch=\\\"0\\\" ver=\\\"0.3\\\" rel=\\\"0.8\\\"/>\\n\\n</package>\\n\", \"primary\": \"\\n<package type=\\\"rpm\\\">\\n  <name>penguin</name>\\n  <arch>noarch</arch>\\n  <version epoch=\\\"0\\\" ver=\\\"0.3\\\" rel=\\\"0.8\\\"/>\\n  <checksum type=\\\"sha256\\\" pkgid=\\\"YES\\\">3fcb2c927de9e13bf68469032a28b139d3e5ad2e58564fc210fd6e48635be694</checksum>\\n  <summary>A dummy package of penguin</summary>\\n  <description>A dummy package of penguin</description>\\n  <packager></packager>\\n  <url>http://tstrachota.fedorapeople.org</url>\\n  <time file=\\\"1321891029\\\" build=\\\"1308257460\\\"/>\\n  <size package=\\\"2232\\\" installed=\\\"42\\\" archive=\\\"292\\\"/>\\n<location href=\\\"penguin-0.3-0.8.noarch.rpm\\\"/>\\n  <format>\\n    <rpm:license>GPLv2</rpm:license>\\n    <rpm:vendor/>\\n    <rpm:group>Internet/Applications</rpm:group>\\n    <rpm:buildhost>dhcp-26-118.brq.redhat.com</rpm:buildhost>\\n    <rpm:sourcerpm>penguin-0.3-0.8.src.rpm</rpm:sourcerpm>\\n    <rpm:header-range start=\\\"280\\\" end=\\\"2016\\\"/>\\n    <rpm:provides>\\n      <rpm:entry name=\\\"penguin\\\" flags=\\\"EQ\\\" epoch=\\\"0\\\" ver=\\\"0.3\\\" rel=\\\"0.8\\\"/>\\n    </rpm:provides>\\n    <rpm:requires>\\n      <rpm:entry name=\\\"/bin/sh\\\" pre=\\\"1\\\"/>\\n    </rpm:requires>\\n  </format>\\n</package>\"}, \"checksumtype\": \"sha256\", \"license\": \"GPLv2\", \"_ns\": \"units_rpm\", \"checksum\": \"3fcb2c927de9e13bf68469032a28b139d3e5ad2e58564fc210fd6e48635be694\", \"filename\": \"penguin-0.3-0.8.noarch.rpm\", \"buildhost\": \"dhcp-26-118.brq.redhat.com\", \"epoch\": \"0\", \"version\": \"0.3\", \"relativepath\": \"penguin-0.3-0.8.noarch.rpm\", \"provides\": [[\"penguin\", \"EQ\", [\"0\", \"0.3\", \"0.8\"]]], \"_content_type_id\": \"rpm\", \"release\": \"0.8\", \"vendor\": \"\", \"_id\": \"85c0b330-5118-42af-9740-f55dc5a3f229\", \"arch\": \"noarch\", \"name\": \"penguin\", \"description\": \"A dummy package of penguin\"}}, {\"updated\": \"2013-01-22T03:01:44Z\", \"repo_id\": \"integration_test_id\", \"created\": \"2013-01-22T03:01:44Z\", \"_ns\": \"repo_content_units\", \"unit_id\": \"889a1984-ca60-4a4e-bea9-9263d8d57844\", \"unit_type_id\": \"rpm\", \"owner_type\": \"importer\", \"_id\": {\"$oid\": \"50fdbac8196cbe3e59001f93\"}, \"id\": \"50fdbac8196cbe3e59001f93\", \"owner_id\": \"yum_importer\", \"metadata\": {\"requires\": [[\"/bin/sh\", null, [null, null, null]]], \"_storage_path\": \"/var/lib/pulp/content/rpm/.//squirrel/0.3/0.8/noarch/251768bdd15f13d78487c27638aa6aecd01551e253756093cde1c0ae878a17d2/squirrel-0.3-0.8.noarch.rpm\", \"repodata\": {\"filelists\": \"\\n<package pkgid=\\\"251768bdd15f13d78487c27638aa6aecd01551e253756093cde1c0ae878a17d2\\\" name=\\\"squirrel\\\" arch=\\\"noarch\\\">\\n    <version epoch=\\\"0\\\" ver=\\\"0.3\\\" rel=\\\"0.8\\\"/>\\n\\n    <file>//squirrel.txt</file>\\n</package>\\n\", \"other\": \"\\n<package pkgid=\\\"251768bdd15f13d78487c27638aa6aecd01551e253756093cde1c0ae878a17d2\\\" name=\\\"squirrel\\\" arch=\\\"noarch\\\">\\n    <version epoch=\\\"0\\\" ver=\\\"0.3\\\" rel=\\\"0.8\\\"/>\\n\\n</package>\\n\", \"primary\": \"\\n<package type=\\\"rpm\\\">\\n  <name>squirrel</name>\\n  <arch>noarch</arch>\\n  <version epoch=\\\"0\\\" ver=\\\"0.3\\\" rel=\\\"0.8\\\"/>\\n  <checksum type=\\\"sha256\\\" pkgid=\\\"YES\\\">251768bdd15f13d78487c27638aa6aecd01551e253756093cde1c0ae878a17d2</checksum>\\n  <summary>A dummy package of squirrel</summary>\\n  <description>A dummy package of squirrel</description>\\n  <packager></packager>\\n  <url>http://tstrachota.fedorapeople.org</url>\\n  <time file=\\\"1321891029\\\" build=\\\"1308257502\\\"/>\\n  <size package=\\\"2248\\\" installed=\\\"42\\\" archive=\\\"296\\\"/>\\n<location href=\\\"squirrel-0.3-0.8.noarch.rpm\\\"/>\\n  <format>\\n    <rpm:license>GPLv2</rpm:license>\\n    <rpm:vendor/>\\n    <rpm:group>Internet/Applications</rpm:group>\\n    <rpm:buildhost>dhcp-26-118.brq.redhat.com</rpm:buildhost>\\n    <rpm:sourcerpm>squirrel-0.3-0.8.src.rpm</rpm:sourcerpm>\\n    <rpm:header-range start=\\\"280\\\" end=\\\"2028\\\"/>\\n    <rpm:provides>\\n      <rpm:entry name=\\\"squirrel\\\" flags=\\\"EQ\\\" epoch=\\\"0\\\" ver=\\\"0.3\\\" rel=\\\"0.8\\\"/>\\n    </rpm:provides>\\n    <rpm:requires>\\n      <rpm:entry name=\\\"/bin/sh\\\" pre=\\\"1\\\"/>\\n    </rpm:requires>\\n  </format>\\n</package>\"}, \"checksumtype\": \"sha256\", \"license\": \"GPLv2\", \"_ns\": \"units_rpm\", \"checksum\": \"251768bdd15f13d78487c27638aa6aecd01551e253756093cde1c0ae878a17d2\", \"filename\": \"squirrel-0.3-0.8.noarch.rpm\", \"buildhost\": \"dhcp-26-118.brq.redhat.com\", \"epoch\": \"0\", \"version\": \"0.3\", \"relativepath\": \"squirrel-0.3-0.8.noarch.rpm\", \"provides\": [[\"squirrel\", \"EQ\", [\"0\", \"0.3\", \"0.8\"]]], \"_content_type_id\": \"rpm\", \"release\": \"0.8\", \"vendor\": \"\", \"_id\": \"889a1984-ca60-4a4e-bea9-9263d8d57844\", \"arch\": \"noarch\", \"name\": \"squirrel\", \"description\": \"A dummy package of squirrel\"}}, {\"updated\": \"2013-01-22T03:01:44Z\", \"repo_id\": \"integration_test_id\", \"created\": \"2013-01-22T03:01:44Z\", \"_ns\": \"repo_content_units\", \"unit_id\": \"e2579a2c-4268-42d1-96af-1d0bc57f700b\", \"unit_type_id\": \"rpm\", \"owner_type\": \"importer\", \"_id\": {\"$oid\": \"50fdbac8196cbe3e59001f92\"}, \"id\": \"50fdbac8196cbe3e59001f92\", \"owner_id\": \"yum_importer\", \"metadata\": {\"requires\": [[\"/bin/sh\", null, [null, null, null]]], \"_storage_path\": \"/var/lib/pulp/content/rpm/.//walrus/0.3/0.8/noarch/6e8d6dc057e3e2c9819f0dc7e6c7b7f86bf2e8571bba414adec7fb621a461dfd/walrus-0.3-0.8.noarch.rpm\", \"repodata\": {\"filelists\": \"\\n<package pkgid=\\\"6e8d6dc057e3e2c9819f0dc7e6c7b7f86bf2e8571bba414adec7fb621a461dfd\\\" name=\\\"walrus\\\" arch=\\\"noarch\\\">\\n    <version epoch=\\\"0\\\" ver=\\\"0.3\\\" rel=\\\"0.8\\\"/>\\n\\n    <file>//walrus.txt</file>\\n</package>\\n\", \"other\": \"\\n<package pkgid=\\\"6e8d6dc057e3e2c9819f0dc7e6c7b7f86bf2e8571bba414adec7fb621a461dfd\\\" name=\\\"walrus\\\" arch=\\\"noarch\\\">\\n    <version epoch=\\\"0\\\" ver=\\\"0.3\\\" rel=\\\"0.8\\\"/>\\n\\n</package>\\n\", \"primary\": \"\\n<package type=\\\"rpm\\\">\\n  <name>walrus</name>\\n  <arch>noarch</arch>\\n  <version epoch=\\\"0\\\" ver=\\\"0.3\\\" rel=\\\"0.8\\\"/>\\n  <checksum type=\\\"sha256\\\" pkgid=\\\"YES\\\">6e8d6dc057e3e2c9819f0dc7e6c7b7f86bf2e8571bba414adec7fb621a461dfd</checksum>\\n  <summary>A dummy package of walrus</summary>\\n  <description>A dummy package of walrus</description>\\n  <packager></packager>\\n  <url>http://tstrachota.fedorapeople.org</url>\\n  <time file=\\\"1321891030\\\" build=\\\"1308257449\\\"/>\\n  <size package=\\\"2236\\\" installed=\\\"42\\\" archive=\\\"292\\\"/>\\n<location href=\\\"walrus-0.3-0.8.noarch.rpm\\\"/>\\n  <format>\\n    <rpm:license>GPLv2</rpm:license>\\n    <rpm:vendor/>\\n    <rpm:group>Internet/Applications</rpm:group>\\n    <rpm:buildhost>dhcp-26-118.brq.redhat.com</rpm:buildhost>\\n    <rpm:sourcerpm>walrus-0.3-0.8.src.rpm</rpm:sourcerpm>\\n    <rpm:header-range start=\\\"280\\\" end=\\\"2016\\\"/>\\n    <rpm:provides>\\n      <rpm:entry name=\\\"walrus\\\" flags=\\\"EQ\\\" epoch=\\\"0\\\" ver=\\\"0.3\\\" rel=\\\"0.8\\\"/>\\n    </rpm:provides>\\n    <rpm:requires>\\n      <rpm:entry name=\\\"/bin/sh\\\" pre=\\\"1\\\"/>\\n    </rpm:requires>\\n  </format>\\n</package>\"}, \"checksumtype\": \"sha256\", \"license\": \"GPLv2\", \"_ns\": \"units_rpm\", \"checksum\": \"6e8d6dc057e3e2c9819f0dc7e6c7b7f86bf2e8571bba414adec7fb621a461dfd\", \"filename\": \"walrus-0.3-0.8.noarch.rpm\", \"buildhost\": \"dhcp-26-118.brq.redhat.com\", \"epoch\": \"0\", \"version\": \"0.3\", \"relativepath\": \"walrus-0.3-0.8.noarch.rpm\", \"provides\": [[\"walrus\", \"EQ\", [\"0\", \"0.3\", \"0.8\"]]], \"_content_type_id\": \"rpm\", \"release\": \"0.8\", \"vendor\": \"\", \"_id\": \"e2579a2c-4268-42d1-96af-1d0bc57f700b\", \"arch\": \"noarch\", \"name\": \"walrus\", \"description\": \"A dummy package of walrus\"}}]"
    http_version: 
  recorded_at: Mon, 21 Jan 2013 22:01:48 GMT
- request: 
    method: post
    uri: https://admin:admin@localhost/pulp/api/v2/repositories/integration_test_id/search/units/
    body: 
      string: "{\"criteria\":{\"type_ids\":[\"rpm\"]}}"
    headers: 
      Accept: 
      - application/json
      Accept-Encoding: 
      - gzip, deflate
      Content-Length: 
      - "33"
      Content-Type: 
      - application/json
  response: 
    status: 
      code: 200
      message: OK
    headers: 
      Date: 
      - Mon, 21 Jan 2013 22:01:48 GMT
      Server: 
      - Apache/2.2.22 (Fedora)
      Content-Length: 
      - "21592"
      Content-Type: 
      - application/json
    body: 
      string: "[{\"updated\": \"2013-01-22T03:01:44Z\", \"repo_id\": \"integration_test_id\", \"created\": \"2013-01-22T03:01:44Z\", \"_ns\": \"repo_content_units\", \"unit_id\": \"8ca10b54-a031-417f-9225-91a224bde136\", \"unit_type_id\": \"rpm\", \"owner_type\": \"importer\", \"_id\": {\"$oid\": \"50fdbac8196cbe3e59001f91\"}, \"id\": \"50fdbac8196cbe3e59001f91\", \"owner_id\": \"yum_importer\", \"metadata\": {\"requires\": [[\"/bin/sh\", null, [null, null, null]]], \"_storage_path\": \"/var/lib/pulp/content/rpm/.//cheetah/0.3/0.8/noarch/422d0baa0cd9d7713ae796e886a23e17f578f924f74880debdbb7d65fb368dae/cheetah-0.3-0.8.noarch.rpm\", \"repodata\": {\"filelists\": \"\\n<package pkgid=\\\"422d0baa0cd9d7713ae796e886a23e17f578f924f74880debdbb7d65fb368dae\\\" name=\\\"cheetah\\\" arch=\\\"noarch\\\">\\n    <version epoch=\\\"0\\\" ver=\\\"0.3\\\" rel=\\\"0.8\\\"/>\\n\\n    <file>//cheetah.txt</file>\\n</package>\\n\", \"other\": \"\\n<package pkgid=\\\"422d0baa0cd9d7713ae796e886a23e17f578f924f74880debdbb7d65fb368dae\\\" name=\\\"cheetah\\\" arch=\\\"noarch\\\">\\n    <version epoch=\\\"0\\\" ver=\\\"0.3\\\" rel=\\\"0.8\\\"/>\\n\\n</package>\\n\", \"primary\": \"\\n<package type=\\\"rpm\\\">\\n  <name>cheetah</name>\\n  <arch>noarch</arch>\\n  <version epoch=\\\"0\\\" ver=\\\"0.3\\\" rel=\\\"0.8\\\"/>\\n  <checksum type=\\\"sha256\\\" pkgid=\\\"YES\\\">422d0baa0cd9d7713ae796e886a23e17f578f924f74880debdbb7d65fb368dae</checksum>\\n  <summary>A dummy package of cheetah</summary>\\n  <description>A dummy package of cheetah</description>\\n  <packager></packager>\\n  <url>http://tstrachota.fedorapeople.org</url>\\n  <time file=\\\"1321891028\\\" build=\\\"1308257472\\\"/>\\n  <size package=\\\"2232\\\" installed=\\\"42\\\" archive=\\\"292\\\"/>\\n<location href=\\\"cheetah-0.3-0.8.noarch.rpm\\\"/>\\n  <format>\\n    <rpm:license>GPLv2</rpm:license>\\n    <rpm:vendor/>\\n    <rpm:group>Internet/Applications</rpm:group>\\n    <rpm:buildhost>dhcp-26-118.brq.redhat.com</rpm:buildhost>\\n    <rpm:sourcerpm>cheetah-0.3-0.8.src.rpm</rpm:sourcerpm>\\n    <rpm:header-range start=\\\"280\\\" end=\\\"2016\\\"/>\\n    <rpm:provides>\\n      <rpm:entry name=\\\"cheetah\\\" flags=\\\"EQ\\\" epoch=\\\"0\\\" ver=\\\"0.3\\\" rel=\\\"0.8\\\"/>\\n    </rpm:provides>\\n    <rpm:requires>\\n      <rpm:entry name=\\\"/bin/sh\\\" pre=\\\"1\\\"/>\\n    </rpm:requires>\\n  </format>\\n</package>\"}, \"checksumtype\": \"sha256\", \"license\": \"GPLv2\", \"_ns\": \"units_rpm\", \"checksum\": \"422d0baa0cd9d7713ae796e886a23e17f578f924f74880debdbb7d65fb368dae\", \"filename\": \"cheetah-0.3-0.8.noarch.rpm\", \"buildhost\": \"dhcp-26-118.brq.redhat.com\", \"epoch\": \"0\", \"version\": \"0.3\", \"relativepath\": \"cheetah-0.3-0.8.noarch.rpm\", \"provides\": [[\"cheetah\", \"EQ\", [\"0\", \"0.3\", \"0.8\"]]], \"_content_type_id\": \"rpm\", \"release\": \"0.8\", \"vendor\": \"\", \"_id\": \"8ca10b54-a031-417f-9225-91a224bde136\", \"arch\": \"noarch\", \"name\": \"cheetah\", \"description\": \"A dummy package of cheetah\"}}, {\"updated\": \"2013-01-22T03:01:44Z\", \"repo_id\": \"integration_test_id\", \"created\": \"2013-01-22T03:01:44Z\", \"_ns\": \"repo_content_units\", \"unit_id\": \"ce717547-b67b-4310-bb4f-e62a1e4a7748\", \"unit_type_id\": \"rpm\", \"owner_type\": \"importer\", \"_id\": {\"$oid\": \"50fdbac8196cbe3e59001f8d\"}, \"id\": \"50fdbac8196cbe3e59001f8d\", \"owner_id\": \"yum_importer\", \"metadata\": {\"requires\": [[\"/bin/sh\", null, [null, null, null]]], \"_storage_path\": \"/var/lib/pulp/content/rpm/.//elephant/0.3/0.8/noarch/3e1c70cd1b421328acaf6397cb3d16145306bb95f65d1b095fc31372a0a701f3/elephant-0.3-0.8.noarch.rpm\", \"repodata\": {\"filelists\": \"\\n<package pkgid=\\\"3e1c70cd1b421328acaf6397cb3d16145306bb95f65d1b095fc31372a0a701f3\\\" name=\\\"elephant\\\" arch=\\\"noarch\\\">\\n    <version epoch=\\\"0\\\" ver=\\\"0.3\\\" rel=\\\"0.8\\\"/>\\n\\n    <file>//elephant.txt</file>\\n</package>\\n\", \"other\": \"\\n<package pkgid=\\\"3e1c70cd1b421328acaf6397cb3d16145306bb95f65d1b095fc31372a0a701f3\\\" name=\\\"elephant\\\" arch=\\\"noarch\\\">\\n    <version epoch=\\\"0\\\" ver=\\\"0.3\\\" rel=\\\"0.8\\\"/>\\n\\n</package>\\n\", \"primary\": \"\\n<package type=\\\"rpm\\\">\\n  <name>elephant</name>\\n  <arch>noarch</arch>\\n  <version epoch=\\\"0\\\" ver=\\\"0.3\\\" rel=\\\"0.8\\\"/>\\n  <checksum type=\\\"sha256\\\" pkgid=\\\"YES\\\">3e1c70cd1b421328acaf6397cb3d16145306bb95f65d1b095fc31372a0a701f3</checksum>\\n  <summary>A dummy package of elephant</summary>\\n  <description>A dummy package of elephant</description>\\n  <packager></packager>\\n  <url>http://tstrachota.fedorapeople.org</url>\\n  <time file=\\\"1321891027\\\" build=\\\"1308257466\\\"/>\\n  <size package=\\\"2244\\\" installed=\\\"42\\\" archive=\\\"296\\\"/>\\n<location href=\\\"elephant-0.3-0.8.noarch.rpm\\\"/>\\n  <format>\\n    <rpm:license>GPLv2</rpm:license>\\n    <rpm:vendor/>\\n    <rpm:group>Internet/Applications</rpm:group>\\n    <rpm:buildhost>dhcp-26-118.brq.redhat.com</rpm:buildhost>\\n    <rpm:sourcerpm>elephant-0.3-0.8.src.rpm</rpm:sourcerpm>\\n    <rpm:header-range start=\\\"280\\\" end=\\\"2028\\\"/>\\n    <rpm:provides>\\n      <rpm:entry name=\\\"elephant\\\" flags=\\\"EQ\\\" epoch=\\\"0\\\" ver=\\\"0.3\\\" rel=\\\"0.8\\\"/>\\n    </rpm:provides>\\n    <rpm:requires>\\n      <rpm:entry name=\\\"/bin/sh\\\" pre=\\\"1\\\"/>\\n    </rpm:requires>\\n  </format>\\n</package>\"}, \"checksumtype\": \"sha256\", \"license\": \"GPLv2\", \"_ns\": \"units_rpm\", \"checksum\": \"3e1c70cd1b421328acaf6397cb3d16145306bb95f65d1b095fc31372a0a701f3\", \"filename\": \"elephant-0.3-0.8.noarch.rpm\", \"buildhost\": \"dhcp-26-118.brq.redhat.com\", \"epoch\": \"0\", \"version\": \"0.3\", \"relativepath\": \"elephant-0.3-0.8.noarch.rpm\", \"provides\": [[\"elephant\", \"EQ\", [\"0\", \"0.3\", \"0.8\"]]], \"_content_type_id\": \"rpm\", \"release\": \"0.8\", \"vendor\": \"\", \"_id\": \"ce717547-b67b-4310-bb4f-e62a1e4a7748\", \"arch\": \"noarch\", \"name\": \"elephant\", \"description\": \"A dummy package of elephant\"}}, {\"updated\": \"2013-01-22T03:01:44Z\", \"repo_id\": \"integration_test_id\", \"created\": \"2013-01-22T03:01:44Z\", \"_ns\": \"repo_content_units\", \"unit_id\": \"2f1736b0-b283-491f-8941-d9227ebe5d00\", \"unit_type_id\": \"rpm\", \"owner_type\": \"importer\", \"_id\": {\"$oid\": \"50fdbac8196cbe3e59001f8c\"}, \"id\": \"50fdbac8196cbe3e59001f8c\", \"owner_id\": \"yum_importer\", \"metadata\": {\"requires\": [[\"/bin/sh\", null, [null, null, null]]], \"_storage_path\": \"/var/lib/pulp/content/rpm/.//giraffe/0.3/0.8/noarch/f25d67d1d9da04f12e57ca323247b43891ac46533e355b82de6d1922009f9f14/giraffe-0.3-0.8.noarch.rpm\", \"repodata\": {\"filelists\": \"\\n<package pkgid=\\\"f25d67d1d9da04f12e57ca323247b43891ac46533e355b82de6d1922009f9f14\\\" name=\\\"giraffe\\\" arch=\\\"noarch\\\">\\n    <version epoch=\\\"0\\\" ver=\\\"0.3\\\" rel=\\\"0.8\\\"/>\\n\\n    <file>//giraffe.txt</file>\\n</package>\\n\", \"other\": \"\\n<package pkgid=\\\"f25d67d1d9da04f12e57ca323247b43891ac46533e355b82de6d1922009f9f14\\\" name=\\\"giraffe\\\" arch=\\\"noarch\\\">\\n    <version epoch=\\\"0\\\" ver=\\\"0.3\\\" rel=\\\"0.8\\\"/>\\n\\n</package>\\n\", \"primary\": \"\\n<package type=\\\"rpm\\\">\\n  <name>giraffe</name>\\n  <arch>noarch</arch>\\n  <version epoch=\\\"0\\\" ver=\\\"0.3\\\" rel=\\\"0.8\\\"/>\\n  <checksum type=\\\"sha256\\\" pkgid=\\\"YES\\\">f25d67d1d9da04f12e57ca323247b43891ac46533e355b82de6d1922009f9f14</checksum>\\n  <summary>A dummy package of giraffe</summary>\\n  <description>A dummy package of giraffe</description>\\n  <packager></packager>\\n  <url>http://tstrachota.fedorapeople.org</url>\\n  <time file=\\\"1321891027\\\" build=\\\"1308257414\\\"/>\\n  <size package=\\\"2236\\\" installed=\\\"42\\\" archive=\\\"292\\\"/>\\n<location href=\\\"giraffe-0.3-0.8.noarch.rpm\\\"/>\\n  <format>\\n    <rpm:license>GPLv2</rpm:license>\\n    <rpm:vendor/>\\n    <rpm:group>Internet/Applications</rpm:group>\\n    <rpm:buildhost>dhcp-26-118.brq.redhat.com</rpm:buildhost>\\n    <rpm:sourcerpm>giraffe-0.3-0.8.src.rpm</rpm:sourcerpm>\\n    <rpm:header-range start=\\\"280\\\" end=\\\"2016\\\"/>\\n    <rpm:provides>\\n      <rpm:entry name=\\\"giraffe\\\" flags=\\\"EQ\\\" epoch=\\\"0\\\" ver=\\\"0.3\\\" rel=\\\"0.8\\\"/>\\n    </rpm:provides>\\n    <rpm:requires>\\n      <rpm:entry name=\\\"/bin/sh\\\" pre=\\\"1\\\"/>\\n    </rpm:requires>\\n  </format>\\n</package>\"}, \"checksumtype\": \"sha256\", \"license\": \"GPLv2\", \"_ns\": \"units_rpm\", \"checksum\": \"f25d67d1d9da04f12e57ca323247b43891ac46533e355b82de6d1922009f9f14\", \"filename\": \"giraffe-0.3-0.8.noarch.rpm\", \"buildhost\": \"dhcp-26-118.brq.redhat.com\", \"epoch\": \"0\", \"version\": \"0.3\", \"relativepath\": \"giraffe-0.3-0.8.noarch.rpm\", \"provides\": [[\"giraffe\", \"EQ\", [\"0\", \"0.3\", \"0.8\"]]], \"_content_type_id\": \"rpm\", \"release\": \"0.8\", \"vendor\": \"\", \"_id\": \"2f1736b0-b283-491f-8941-d9227ebe5d00\", \"arch\": \"noarch\", \"name\": \"giraffe\", \"description\": \"A dummy package of giraffe\"}}, {\"updated\": \"2013-01-22T03:01:44Z\", \"repo_id\": \"integration_test_id\", \"created\": \"2013-01-22T03:01:44Z\", \"_ns\": \"repo_content_units\", \"unit_id\": \"d8b29540-e885-4796-88f4-6f9dfbf12106\", \"unit_type_id\": \"rpm\", \"owner_type\": \"importer\", \"_id\": {\"$oid\": \"50fdbac8196cbe3e59001f8e\"}, \"id\": \"50fdbac8196cbe3e59001f8e\", \"owner_id\": \"yum_importer\", \"metadata\": {\"requires\": [[\"/bin/sh\", null, [null, null, null]]], \"_storage_path\": \"/var/lib/pulp/content/rpm/.//lion/0.3/0.8/noarch/12400dc95c23a4c160725a908716cd3fcdd7a8981585437ab64cd62efa3e4ae4/lion-0.3-0.8.noarch.rpm\", \"repodata\": {\"filelists\": \"\\n<package pkgid=\\\"12400dc95c23a4c160725a908716cd3fcdd7a8981585437ab64cd62efa3e4ae4\\\" name=\\\"lion\\\" arch=\\\"noarch\\\">\\n    <version epoch=\\\"0\\\" ver=\\\"0.3\\\" rel=\\\"0.8\\\"/>\\n\\n    <file>//lion.txt</file>\\n</package>\\n\", \"other\": \"\\n<package pkgid=\\\"12400dc95c23a4c160725a908716cd3fcdd7a8981585437ab64cd62efa3e4ae4\\\" name=\\\"lion\\\" arch=\\\"noarch\\\">\\n    <version epoch=\\\"0\\\" ver=\\\"0.3\\\" rel=\\\"0.8\\\"/>\\n\\n</package>\\n\", \"primary\": \"\\n<package type=\\\"rpm\\\">\\n  <name>lion</name>\\n  <arch>noarch</arch>\\n  <version epoch=\\\"0\\\" ver=\\\"0.3\\\" rel=\\\"0.8\\\"/>\\n  <checksum type=\\\"sha256\\\" pkgid=\\\"YES\\\">12400dc95c23a4c160725a908716cd3fcdd7a8981585437ab64cd62efa3e4ae4</checksum>\\n  <summary>A dummy package of lion</summary>\\n  <description>A dummy package of lion</description>\\n  <packager></packager>\\n  <url>http://tstrachota.fedorapeople.org</url>\\n  <time file=\\\"1321891028\\\" build=\\\"1308257455\\\"/>\\n  <size package=\\\"2212\\\" installed=\\\"42\\\" archive=\\\"292\\\"/>\\n<location href=\\\"lion-0.3-0.8.noarch.rpm\\\"/>\\n  <format>\\n    <rpm:license>GPLv2</rpm:license>\\n    <rpm:vendor/>\\n    <rpm:group>Internet/Applications</rpm:group>\\n    <rpm:buildhost>dhcp-26-118.brq.redhat.com</rpm:buildhost>\\n    <rpm:sourcerpm>lion-0.3-0.8.src.rpm</rpm:sourcerpm>\\n    <rpm:header-range start=\\\"280\\\" end=\\\"2000\\\"/>\\n    <rpm:provides>\\n      <rpm:entry name=\\\"lion\\\" flags=\\\"EQ\\\" epoch=\\\"0\\\" ver=\\\"0.3\\\" rel=\\\"0.8\\\"/>\\n    </rpm:provides>\\n    <rpm:requires>\\n      <rpm:entry name=\\\"/bin/sh\\\" pre=\\\"1\\\"/>\\n    </rpm:requires>\\n  </format>\\n</package>\"}, \"checksumtype\": \"sha256\", \"license\": \"GPLv2\", \"_ns\": \"units_rpm\", \"checksum\": \"12400dc95c23a4c160725a908716cd3fcdd7a8981585437ab64cd62efa3e4ae4\", \"filename\": \"lion-0.3-0.8.noarch.rpm\", \"buildhost\": \"dhcp-26-118.brq.redhat.com\", \"epoch\": \"0\", \"version\": \"0.3\", \"relativepath\": \"lion-0.3-0.8.noarch.rpm\", \"provides\": [[\"lion\", \"EQ\", [\"0\", \"0.3\", \"0.8\"]]], \"_content_type_id\": \"rpm\", \"release\": \"0.8\", \"vendor\": \"\", \"_id\": \"d8b29540-e885-4796-88f4-6f9dfbf12106\", \"arch\": \"noarch\", \"name\": \"lion\", \"description\": \"A dummy package of lion\"}}, {\"updated\": \"2013-01-22T03:01:44Z\", \"repo_id\": \"integration_test_id\", \"created\": \"2013-01-22T03:01:44Z\", \"_ns\": \"repo_content_units\", \"unit_id\": \"9a075ed4-9b36-4d74-a27b-dedce70fbb32\", \"unit_type_id\": \"rpm\", \"owner_type\": \"importer\", \"_id\": {\"$oid\": \"50fdbac8196cbe3e59001f8f\"}, \"id\": \"50fdbac8196cbe3e59001f8f\", \"owner_id\": \"yum_importer\", \"metadata\": {\"requires\": [[\"/bin/sh\", null, [null, null, null]]], \"_storage_path\": \"/var/lib/pulp/content/rpm/.//monkey/0.3/0.8/noarch/0e8fa50d0128fbabc7ccc5632e3fa25d39b0280169f6166cb8e2c84de8501db1/monkey-0.3-0.8.noarch.rpm\", \"repodata\": {\"filelists\": \"\\n<package pkgid=\\\"0e8fa50d0128fbabc7ccc5632e3fa25d39b0280169f6166cb8e2c84de8501db1\\\" name=\\\"monkey\\\" arch=\\\"noarch\\\">\\n    <version epoch=\\\"0\\\" ver=\\\"0.3\\\" rel=\\\"0.8\\\"/>\\n\\n    <file>//monkey.txt</file>\\n</package>\\n\", \"other\": \"\\n<package pkgid=\\\"0e8fa50d0128fbabc7ccc5632e3fa25d39b0280169f6166cb8e2c84de8501db1\\\" name=\\\"monkey\\\" arch=\\\"noarch\\\">\\n    <version epoch=\\\"0\\\" ver=\\\"0.3\\\" rel=\\\"0.8\\\"/>\\n\\n</package>\\n\", \"primary\": \"\\n<package type=\\\"rpm\\\">\\n  <name>monkey</name>\\n  <arch>noarch</arch>\\n  <version epoch=\\\"0\\\" ver=\\\"0.3\\\" rel=\\\"0.8\\\"/>\\n  <checksum type=\\\"sha256\\\" pkgid=\\\"YES\\\">0e8fa50d0128fbabc7ccc5632e3fa25d39b0280169f6166cb8e2c84de8501db1</checksum>\\n  <summary>A dummy package of monkey</summary>\\n  <description>A dummy package of monkey</description>\\n  <packager></packager>\\n  <url>http://tstrachota.fedorapeople.org</url>\\n  <time file=\\\"1321891029\\\" build=\\\"1308257260\\\"/>\\n  <size package=\\\"2232\\\" installed=\\\"42\\\" archive=\\\"292\\\"/>\\n<location href=\\\"monkey-0.3-0.8.noarch.rpm\\\"/>\\n  <format>\\n    <rpm:license>GPLv2</rpm:license>\\n    <rpm:vendor/>\\n    <rpm:group>Internet/Applications</rpm:group>\\n    <rpm:buildhost>dhcp-26-118.brq.redhat.com</rpm:buildhost>\\n    <rpm:sourcerpm>monkey-0.3-0.8.src.rpm</rpm:sourcerpm>\\n    <rpm:header-range start=\\\"280\\\" end=\\\"2016\\\"/>\\n    <rpm:provides>\\n      <rpm:entry name=\\\"monkey\\\" flags=\\\"EQ\\\" epoch=\\\"0\\\" ver=\\\"0.3\\\" rel=\\\"0.8\\\"/>\\n    </rpm:provides>\\n    <rpm:requires>\\n      <rpm:entry name=\\\"/bin/sh\\\" pre=\\\"1\\\"/>\\n    </rpm:requires>\\n  </format>\\n</package>\"}, \"checksumtype\": \"sha256\", \"license\": \"GPLv2\", \"_ns\": \"units_rpm\", \"checksum\": \"0e8fa50d0128fbabc7ccc5632e3fa25d39b0280169f6166cb8e2c84de8501db1\", \"filename\": \"monkey-0.3-0.8.noarch.rpm\", \"buildhost\": \"dhcp-26-118.brq.redhat.com\", \"epoch\": \"0\", \"version\": \"0.3\", \"relativepath\": \"monkey-0.3-0.8.noarch.rpm\", \"provides\": [[\"monkey\", \"EQ\", [\"0\", \"0.3\", \"0.8\"]]], \"_content_type_id\": \"rpm\", \"release\": \"0.8\", \"vendor\": \"\", \"_id\": \"9a075ed4-9b36-4d74-a27b-dedce70fbb32\", \"arch\": \"noarch\", \"name\": \"monkey\", \"description\": \"A dummy package of monkey\"}}, {\"updated\": \"2013-01-22T03:01:44Z\", \"repo_id\": \"integration_test_id\", \"created\": \"2013-01-22T03:01:44Z\", \"_ns\": \"repo_content_units\", \"unit_id\": \"85c0b330-5118-42af-9740-f55dc5a3f229\", \"unit_type_id\": \"rpm\", \"owner_type\": \"importer\", \"_id\": {\"$oid\": \"50fdbac8196cbe3e59001f90\"}, \"id\": \"50fdbac8196cbe3e59001f90\", \"owner_id\": \"yum_importer\", \"metadata\": {\"requires\": [[\"/bin/sh\", null, [null, null, null]]], \"_storage_path\": \"/var/lib/pulp/content/rpm/.//penguin/0.3/0.8/noarch/3fcb2c927de9e13bf68469032a28b139d3e5ad2e58564fc210fd6e48635be694/penguin-0.3-0.8.noarch.rpm\", \"repodata\": {\"filelists\": \"\\n<package pkgid=\\\"3fcb2c927de9e13bf68469032a28b139d3e5ad2e58564fc210fd6e48635be694\\\" name=\\\"penguin\\\" arch=\\\"noarch\\\">\\n    <version epoch=\\\"0\\\" ver=\\\"0.3\\\" rel=\\\"0.8\\\"/>\\n\\n    <file>//penguin.txt</file>\\n</package>\\n\", \"other\": \"\\n<package pkgid=\\\"3fcb2c927de9e13bf68469032a28b139d3e5ad2e58564fc210fd6e48635be694\\\" name=\\\"penguin\\\" arch=\\\"noarch\\\">\\n    <version epoch=\\\"0\\\" ver=\\\"0.3\\\" rel=\\\"0.8\\\"/>\\n\\n</package>\\n\", \"primary\": \"\\n<package type=\\\"rpm\\\">\\n  <name>penguin</name>\\n  <arch>noarch</arch>\\n  <version epoch=\\\"0\\\" ver=\\\"0.3\\\" rel=\\\"0.8\\\"/>\\n  <checksum type=\\\"sha256\\\" pkgid=\\\"YES\\\">3fcb2c927de9e13bf68469032a28b139d3e5ad2e58564fc210fd6e48635be694</checksum>\\n  <summary>A dummy package of penguin</summary>\\n  <description>A dummy package of penguin</description>\\n  <packager></packager>\\n  <url>http://tstrachota.fedorapeople.org</url>\\n  <time file=\\\"1321891029\\\" build=\\\"1308257460\\\"/>\\n  <size package=\\\"2232\\\" installed=\\\"42\\\" archive=\\\"292\\\"/>\\n<location href=\\\"penguin-0.3-0.8.noarch.rpm\\\"/>\\n  <format>\\n    <rpm:license>GPLv2</rpm:license>\\n    <rpm:vendor/>\\n    <rpm:group>Internet/Applications</rpm:group>\\n    <rpm:buildhost>dhcp-26-118.brq.redhat.com</rpm:buildhost>\\n    <rpm:sourcerpm>penguin-0.3-0.8.src.rpm</rpm:sourcerpm>\\n    <rpm:header-range start=\\\"280\\\" end=\\\"2016\\\"/>\\n    <rpm:provides>\\n      <rpm:entry name=\\\"penguin\\\" flags=\\\"EQ\\\" epoch=\\\"0\\\" ver=\\\"0.3\\\" rel=\\\"0.8\\\"/>\\n    </rpm:provides>\\n    <rpm:requires>\\n      <rpm:entry name=\\\"/bin/sh\\\" pre=\\\"1\\\"/>\\n    </rpm:requires>\\n  </format>\\n</package>\"}, \"checksumtype\": \"sha256\", \"license\": \"GPLv2\", \"_ns\": \"units_rpm\", \"checksum\": \"3fcb2c927de9e13bf68469032a28b139d3e5ad2e58564fc210fd6e48635be694\", \"filename\": \"penguin-0.3-0.8.noarch.rpm\", \"buildhost\": \"dhcp-26-118.brq.redhat.com\", \"epoch\": \"0\", \"version\": \"0.3\", \"relativepath\": \"penguin-0.3-0.8.noarch.rpm\", \"provides\": [[\"penguin\", \"EQ\", [\"0\", \"0.3\", \"0.8\"]]], \"_content_type_id\": \"rpm\", \"release\": \"0.8\", \"vendor\": \"\", \"_id\": \"85c0b330-5118-42af-9740-f55dc5a3f229\", \"arch\": \"noarch\", \"name\": \"penguin\", \"description\": \"A dummy package of penguin\"}}, {\"updated\": \"2013-01-22T03:01:44Z\", \"repo_id\": \"integration_test_id\", \"created\": \"2013-01-22T03:01:44Z\", \"_ns\": \"repo_content_units\", \"unit_id\": \"889a1984-ca60-4a4e-bea9-9263d8d57844\", \"unit_type_id\": \"rpm\", \"owner_type\": \"importer\", \"_id\": {\"$oid\": \"50fdbac8196cbe3e59001f93\"}, \"id\": \"50fdbac8196cbe3e59001f93\", \"owner_id\": \"yum_importer\", \"metadata\": {\"requires\": [[\"/bin/sh\", null, [null, null, null]]], \"_storage_path\": \"/var/lib/pulp/content/rpm/.//squirrel/0.3/0.8/noarch/251768bdd15f13d78487c27638aa6aecd01551e253756093cde1c0ae878a17d2/squirrel-0.3-0.8.noarch.rpm\", \"repodata\": {\"filelists\": \"\\n<package pkgid=\\\"251768bdd15f13d78487c27638aa6aecd01551e253756093cde1c0ae878a17d2\\\" name=\\\"squirrel\\\" arch=\\\"noarch\\\">\\n    <version epoch=\\\"0\\\" ver=\\\"0.3\\\" rel=\\\"0.8\\\"/>\\n\\n    <file>//squirrel.txt</file>\\n</package>\\n\", \"other\": \"\\n<package pkgid=\\\"251768bdd15f13d78487c27638aa6aecd01551e253756093cde1c0ae878a17d2\\\" name=\\\"squirrel\\\" arch=\\\"noarch\\\">\\n    <version epoch=\\\"0\\\" ver=\\\"0.3\\\" rel=\\\"0.8\\\"/>\\n\\n</package>\\n\", \"primary\": \"\\n<package type=\\\"rpm\\\">\\n  <name>squirrel</name>\\n  <arch>noarch</arch>\\n  <version epoch=\\\"0\\\" ver=\\\"0.3\\\" rel=\\\"0.8\\\"/>\\n  <checksum type=\\\"sha256\\\" pkgid=\\\"YES\\\">251768bdd15f13d78487c27638aa6aecd01551e253756093cde1c0ae878a17d2</checksum>\\n  <summary>A dummy package of squirrel</summary>\\n  <description>A dummy package of squirrel</description>\\n  <packager></packager>\\n  <url>http://tstrachota.fedorapeople.org</url>\\n  <time file=\\\"1321891029\\\" build=\\\"1308257502\\\"/>\\n  <size package=\\\"2248\\\" installed=\\\"42\\\" archive=\\\"296\\\"/>\\n<location href=\\\"squirrel-0.3-0.8.noarch.rpm\\\"/>\\n  <format>\\n    <rpm:license>GPLv2</rpm:license>\\n    <rpm:vendor/>\\n    <rpm:group>Internet/Applications</rpm:group>\\n    <rpm:buildhost>dhcp-26-118.brq.redhat.com</rpm:buildhost>\\n    <rpm:sourcerpm>squirrel-0.3-0.8.src.rpm</rpm:sourcerpm>\\n    <rpm:header-range start=\\\"280\\\" end=\\\"2028\\\"/>\\n    <rpm:provides>\\n      <rpm:entry name=\\\"squirrel\\\" flags=\\\"EQ\\\" epoch=\\\"0\\\" ver=\\\"0.3\\\" rel=\\\"0.8\\\"/>\\n    </rpm:provides>\\n    <rpm:requires>\\n      <rpm:entry name=\\\"/bin/sh\\\" pre=\\\"1\\\"/>\\n    </rpm:requires>\\n  </format>\\n</package>\"}, \"checksumtype\": \"sha256\", \"license\": \"GPLv2\", \"_ns\": \"units_rpm\", \"checksum\": \"251768bdd15f13d78487c27638aa6aecd01551e253756093cde1c0ae878a17d2\", \"filename\": \"squirrel-0.3-0.8.noarch.rpm\", \"buildhost\": \"dhcp-26-118.brq.redhat.com\", \"epoch\": \"0\", \"version\": \"0.3\", \"relativepath\": \"squirrel-0.3-0.8.noarch.rpm\", \"provides\": [[\"squirrel\", \"EQ\", [\"0\", \"0.3\", \"0.8\"]]], \"_content_type_id\": \"rpm\", \"release\": \"0.8\", \"vendor\": \"\", \"_id\": \"889a1984-ca60-4a4e-bea9-9263d8d57844\", \"arch\": \"noarch\", \"name\": \"squirrel\", \"description\": \"A dummy package of squirrel\"}}, {\"updated\": \"2013-01-22T03:01:44Z\", \"repo_id\": \"integration_test_id\", \"created\": \"2013-01-22T03:01:44Z\", \"_ns\": \"repo_content_units\", \"unit_id\": \"e2579a2c-4268-42d1-96af-1d0bc57f700b\", \"unit_type_id\": \"rpm\", \"owner_type\": \"importer\", \"_id\": {\"$oid\": \"50fdbac8196cbe3e59001f92\"}, \"id\": \"50fdbac8196cbe3e59001f92\", \"owner_id\": \"yum_importer\", \"metadata\": {\"requires\": [[\"/bin/sh\", null, [null, null, null]]], \"_storage_path\": \"/var/lib/pulp/content/rpm/.//walrus/0.3/0.8/noarch/6e8d6dc057e3e2c9819f0dc7e6c7b7f86bf2e8571bba414adec7fb621a461dfd/walrus-0.3-0.8.noarch.rpm\", \"repodata\": {\"filelists\": \"\\n<package pkgid=\\\"6e8d6dc057e3e2c9819f0dc7e6c7b7f86bf2e8571bba414adec7fb621a461dfd\\\" name=\\\"walrus\\\" arch=\\\"noarch\\\">\\n    <version epoch=\\\"0\\\" ver=\\\"0.3\\\" rel=\\\"0.8\\\"/>\\n\\n    <file>//walrus.txt</file>\\n</package>\\n\", \"other\": \"\\n<package pkgid=\\\"6e8d6dc057e3e2c9819f0dc7e6c7b7f86bf2e8571bba414adec7fb621a461dfd\\\" name=\\\"walrus\\\" arch=\\\"noarch\\\">\\n    <version epoch=\\\"0\\\" ver=\\\"0.3\\\" rel=\\\"0.8\\\"/>\\n\\n</package>\\n\", \"primary\": \"\\n<package type=\\\"rpm\\\">\\n  <name>walrus</name>\\n  <arch>noarch</arch>\\n  <version epoch=\\\"0\\\" ver=\\\"0.3\\\" rel=\\\"0.8\\\"/>\\n  <checksum type=\\\"sha256\\\" pkgid=\\\"YES\\\">6e8d6dc057e3e2c9819f0dc7e6c7b7f86bf2e8571bba414adec7fb621a461dfd</checksum>\\n  <summary>A dummy package of walrus</summary>\\n  <description>A dummy package of walrus</description>\\n  <packager></packager>\\n  <url>http://tstrachota.fedorapeople.org</url>\\n  <time file=\\\"1321891030\\\" build=\\\"1308257449\\\"/>\\n  <size package=\\\"2236\\\" installed=\\\"42\\\" archive=\\\"292\\\"/>\\n<location href=\\\"walrus-0.3-0.8.noarch.rpm\\\"/>\\n  <format>\\n    <rpm:license>GPLv2</rpm:license>\\n    <rpm:vendor/>\\n    <rpm:group>Internet/Applications</rpm:group>\\n    <rpm:buildhost>dhcp-26-118.brq.redhat.com</rpm:buildhost>\\n    <rpm:sourcerpm>walrus-0.3-0.8.src.rpm</rpm:sourcerpm>\\n    <rpm:header-range start=\\\"280\\\" end=\\\"2016\\\"/>\\n    <rpm:provides>\\n      <rpm:entry name=\\\"walrus\\\" flags=\\\"EQ\\\" epoch=\\\"0\\\" ver=\\\"0.3\\\" rel=\\\"0.8\\\"/>\\n    </rpm:provides>\\n    <rpm:requires>\\n      <rpm:entry name=\\\"/bin/sh\\\" pre=\\\"1\\\"/>\\n    </rpm:requires>\\n  </format>\\n</package>\"}, \"checksumtype\": \"sha256\", \"license\": \"GPLv2\", \"_ns\": \"units_rpm\", \"checksum\": \"6e8d6dc057e3e2c9819f0dc7e6c7b7f86bf2e8571bba414adec7fb621a461dfd\", \"filename\": \"walrus-0.3-0.8.noarch.rpm\", \"buildhost\": \"dhcp-26-118.brq.redhat.com\", \"epoch\": \"0\", \"version\": \"0.3\", \"relativepath\": \"walrus-0.3-0.8.noarch.rpm\", \"provides\": [[\"walrus\", \"EQ\", [\"0\", \"0.3\", \"0.8\"]]], \"_content_type_id\": \"rpm\", \"release\": \"0.8\", \"vendor\": \"\", \"_id\": \"e2579a2c-4268-42d1-96af-1d0bc57f700b\", \"arch\": \"noarch\", \"name\": \"walrus\", \"description\": \"A dummy package of walrus\"}}]"
    http_version: 
  recorded_at: Mon, 21 Jan 2013 22:01:49 GMT
- request: 
    method: post
    uri: https://admin:admin@localhost/pulp/api/v2/repositories/integration_test_id/search/units/
    body: 
      string: "{\"criteria\":{\"type_ids\":[\"rpm\"]}}"
    headers: 
      Accept: 
      - application/json
      Accept-Encoding: 
      - gzip, deflate
      Content-Length: 
      - "33"
      Content-Type: 
      - application/json
  response: 
    status: 
      code: 200
      message: OK
    headers: 
      Date: 
      - Mon, 21 Jan 2013 22:01:49 GMT
      Server: 
      - Apache/2.2.22 (Fedora)
      Content-Length: 
      - "21592"
      Content-Type: 
      - application/json
    body: 
      string: "[{\"updated\": \"2013-01-22T03:01:44Z\", \"repo_id\": \"integration_test_id\", \"created\": \"2013-01-22T03:01:44Z\", \"_ns\": \"repo_content_units\", \"unit_id\": \"8ca10b54-a031-417f-9225-91a224bde136\", \"unit_type_id\": \"rpm\", \"owner_type\": \"importer\", \"_id\": {\"$oid\": \"50fdbac8196cbe3e59001f91\"}, \"id\": \"50fdbac8196cbe3e59001f91\", \"owner_id\": \"yum_importer\", \"metadata\": {\"requires\": [[\"/bin/sh\", null, [null, null, null]]], \"_storage_path\": \"/var/lib/pulp/content/rpm/.//cheetah/0.3/0.8/noarch/422d0baa0cd9d7713ae796e886a23e17f578f924f74880debdbb7d65fb368dae/cheetah-0.3-0.8.noarch.rpm\", \"repodata\": {\"filelists\": \"\\n<package pkgid=\\\"422d0baa0cd9d7713ae796e886a23e17f578f924f74880debdbb7d65fb368dae\\\" name=\\\"cheetah\\\" arch=\\\"noarch\\\">\\n    <version epoch=\\\"0\\\" ver=\\\"0.3\\\" rel=\\\"0.8\\\"/>\\n\\n    <file>//cheetah.txt</file>\\n</package>\\n\", \"other\": \"\\n<package pkgid=\\\"422d0baa0cd9d7713ae796e886a23e17f578f924f74880debdbb7d65fb368dae\\\" name=\\\"cheetah\\\" arch=\\\"noarch\\\">\\n    <version epoch=\\\"0\\\" ver=\\\"0.3\\\" rel=\\\"0.8\\\"/>\\n\\n</package>\\n\", \"primary\": \"\\n<package type=\\\"rpm\\\">\\n  <name>cheetah</name>\\n  <arch>noarch</arch>\\n  <version epoch=\\\"0\\\" ver=\\\"0.3\\\" rel=\\\"0.8\\\"/>\\n  <checksum type=\\\"sha256\\\" pkgid=\\\"YES\\\">422d0baa0cd9d7713ae796e886a23e17f578f924f74880debdbb7d65fb368dae</checksum>\\n  <summary>A dummy package of cheetah</summary>\\n  <description>A dummy package of cheetah</description>\\n  <packager></packager>\\n  <url>http://tstrachota.fedorapeople.org</url>\\n  <time file=\\\"1321891028\\\" build=\\\"1308257472\\\"/>\\n  <size package=\\\"2232\\\" installed=\\\"42\\\" archive=\\\"292\\\"/>\\n<location href=\\\"cheetah-0.3-0.8.noarch.rpm\\\"/>\\n  <format>\\n    <rpm:license>GPLv2</rpm:license>\\n    <rpm:vendor/>\\n    <rpm:group>Internet/Applications</rpm:group>\\n    <rpm:buildhost>dhcp-26-118.brq.redhat.com</rpm:buildhost>\\n    <rpm:sourcerpm>cheetah-0.3-0.8.src.rpm</rpm:sourcerpm>\\n    <rpm:header-range start=\\\"280\\\" end=\\\"2016\\\"/>\\n    <rpm:provides>\\n      <rpm:entry name=\\\"cheetah\\\" flags=\\\"EQ\\\" epoch=\\\"0\\\" ver=\\\"0.3\\\" rel=\\\"0.8\\\"/>\\n    </rpm:provides>\\n    <rpm:requires>\\n      <rpm:entry name=\\\"/bin/sh\\\" pre=\\\"1\\\"/>\\n    </rpm:requires>\\n  </format>\\n</package>\"}, \"checksumtype\": \"sha256\", \"license\": \"GPLv2\", \"_ns\": \"units_rpm\", \"checksum\": \"422d0baa0cd9d7713ae796e886a23e17f578f924f74880debdbb7d65fb368dae\", \"filename\": \"cheetah-0.3-0.8.noarch.rpm\", \"buildhost\": \"dhcp-26-118.brq.redhat.com\", \"epoch\": \"0\", \"version\": \"0.3\", \"relativepath\": \"cheetah-0.3-0.8.noarch.rpm\", \"provides\": [[\"cheetah\", \"EQ\", [\"0\", \"0.3\", \"0.8\"]]], \"_content_type_id\": \"rpm\", \"release\": \"0.8\", \"vendor\": \"\", \"_id\": \"8ca10b54-a031-417f-9225-91a224bde136\", \"arch\": \"noarch\", \"name\": \"cheetah\", \"description\": \"A dummy package of cheetah\"}}, {\"updated\": \"2013-01-22T03:01:44Z\", \"repo_id\": \"integration_test_id\", \"created\": \"2013-01-22T03:01:44Z\", \"_ns\": \"repo_content_units\", \"unit_id\": \"ce717547-b67b-4310-bb4f-e62a1e4a7748\", \"unit_type_id\": \"rpm\", \"owner_type\": \"importer\", \"_id\": {\"$oid\": \"50fdbac8196cbe3e59001f8d\"}, \"id\": \"50fdbac8196cbe3e59001f8d\", \"owner_id\": \"yum_importer\", \"metadata\": {\"requires\": [[\"/bin/sh\", null, [null, null, null]]], \"_storage_path\": \"/var/lib/pulp/content/rpm/.//elephant/0.3/0.8/noarch/3e1c70cd1b421328acaf6397cb3d16145306bb95f65d1b095fc31372a0a701f3/elephant-0.3-0.8.noarch.rpm\", \"repodata\": {\"filelists\": \"\\n<package pkgid=\\\"3e1c70cd1b421328acaf6397cb3d16145306bb95f65d1b095fc31372a0a701f3\\\" name=\\\"elephant\\\" arch=\\\"noarch\\\">\\n    <version epoch=\\\"0\\\" ver=\\\"0.3\\\" rel=\\\"0.8\\\"/>\\n\\n    <file>//elephant.txt</file>\\n</package>\\n\", \"other\": \"\\n<package pkgid=\\\"3e1c70cd1b421328acaf6397cb3d16145306bb95f65d1b095fc31372a0a701f3\\\" name=\\\"elephant\\\" arch=\\\"noarch\\\">\\n    <version epoch=\\\"0\\\" ver=\\\"0.3\\\" rel=\\\"0.8\\\"/>\\n\\n</package>\\n\", \"primary\": \"\\n<package type=\\\"rpm\\\">\\n  <name>elephant</name>\\n  <arch>noarch</arch>\\n  <version epoch=\\\"0\\\" ver=\\\"0.3\\\" rel=\\\"0.8\\\"/>\\n  <checksum type=\\\"sha256\\\" pkgid=\\\"YES\\\">3e1c70cd1b421328acaf6397cb3d16145306bb95f65d1b095fc31372a0a701f3</checksum>\\n  <summary>A dummy package of elephant</summary>\\n  <description>A dummy package of elephant</description>\\n  <packager></packager>\\n  <url>http://tstrachota.fedorapeople.org</url>\\n  <time file=\\\"1321891027\\\" build=\\\"1308257466\\\"/>\\n  <size package=\\\"2244\\\" installed=\\\"42\\\" archive=\\\"296\\\"/>\\n<location href=\\\"elephant-0.3-0.8.noarch.rpm\\\"/>\\n  <format>\\n    <rpm:license>GPLv2</rpm:license>\\n    <rpm:vendor/>\\n    <rpm:group>Internet/Applications</rpm:group>\\n    <rpm:buildhost>dhcp-26-118.brq.redhat.com</rpm:buildhost>\\n    <rpm:sourcerpm>elephant-0.3-0.8.src.rpm</rpm:sourcerpm>\\n    <rpm:header-range start=\\\"280\\\" end=\\\"2028\\\"/>\\n    <rpm:provides>\\n      <rpm:entry name=\\\"elephant\\\" flags=\\\"EQ\\\" epoch=\\\"0\\\" ver=\\\"0.3\\\" rel=\\\"0.8\\\"/>\\n    </rpm:provides>\\n    <rpm:requires>\\n      <rpm:entry name=\\\"/bin/sh\\\" pre=\\\"1\\\"/>\\n    </rpm:requires>\\n  </format>\\n</package>\"}, \"checksumtype\": \"sha256\", \"license\": \"GPLv2\", \"_ns\": \"units_rpm\", \"checksum\": \"3e1c70cd1b421328acaf6397cb3d16145306bb95f65d1b095fc31372a0a701f3\", \"filename\": \"elephant-0.3-0.8.noarch.rpm\", \"buildhost\": \"dhcp-26-118.brq.redhat.com\", \"epoch\": \"0\", \"version\": \"0.3\", \"relativepath\": \"elephant-0.3-0.8.noarch.rpm\", \"provides\": [[\"elephant\", \"EQ\", [\"0\", \"0.3\", \"0.8\"]]], \"_content_type_id\": \"rpm\", \"release\": \"0.8\", \"vendor\": \"\", \"_id\": \"ce717547-b67b-4310-bb4f-e62a1e4a7748\", \"arch\": \"noarch\", \"name\": \"elephant\", \"description\": \"A dummy package of elephant\"}}, {\"updated\": \"2013-01-22T03:01:44Z\", \"repo_id\": \"integration_test_id\", \"created\": \"2013-01-22T03:01:44Z\", \"_ns\": \"repo_content_units\", \"unit_id\": \"2f1736b0-b283-491f-8941-d9227ebe5d00\", \"unit_type_id\": \"rpm\", \"owner_type\": \"importer\", \"_id\": {\"$oid\": \"50fdbac8196cbe3e59001f8c\"}, \"id\": \"50fdbac8196cbe3e59001f8c\", \"owner_id\": \"yum_importer\", \"metadata\": {\"requires\": [[\"/bin/sh\", null, [null, null, null]]], \"_storage_path\": \"/var/lib/pulp/content/rpm/.//giraffe/0.3/0.8/noarch/f25d67d1d9da04f12e57ca323247b43891ac46533e355b82de6d1922009f9f14/giraffe-0.3-0.8.noarch.rpm\", \"repodata\": {\"filelists\": \"\\n<package pkgid=\\\"f25d67d1d9da04f12e57ca323247b43891ac46533e355b82de6d1922009f9f14\\\" name=\\\"giraffe\\\" arch=\\\"noarch\\\">\\n    <version epoch=\\\"0\\\" ver=\\\"0.3\\\" rel=\\\"0.8\\\"/>\\n\\n    <file>//giraffe.txt</file>\\n</package>\\n\", \"other\": \"\\n<package pkgid=\\\"f25d67d1d9da04f12e57ca323247b43891ac46533e355b82de6d1922009f9f14\\\" name=\\\"giraffe\\\" arch=\\\"noarch\\\">\\n    <version epoch=\\\"0\\\" ver=\\\"0.3\\\" rel=\\\"0.8\\\"/>\\n\\n</package>\\n\", \"primary\": \"\\n<package type=\\\"rpm\\\">\\n  <name>giraffe</name>\\n  <arch>noarch</arch>\\n  <version epoch=\\\"0\\\" ver=\\\"0.3\\\" rel=\\\"0.8\\\"/>\\n  <checksum type=\\\"sha256\\\" pkgid=\\\"YES\\\">f25d67d1d9da04f12e57ca323247b43891ac46533e355b82de6d1922009f9f14</checksum>\\n  <summary>A dummy package of giraffe</summary>\\n  <description>A dummy package of giraffe</description>\\n  <packager></packager>\\n  <url>http://tstrachota.fedorapeople.org</url>\\n  <time file=\\\"1321891027\\\" build=\\\"1308257414\\\"/>\\n  <size package=\\\"2236\\\" installed=\\\"42\\\" archive=\\\"292\\\"/>\\n<location href=\\\"giraffe-0.3-0.8.noarch.rpm\\\"/>\\n  <format>\\n    <rpm:license>GPLv2</rpm:license>\\n    <rpm:vendor/>\\n    <rpm:group>Internet/Applications</rpm:group>\\n    <rpm:buildhost>dhcp-26-118.brq.redhat.com</rpm:buildhost>\\n    <rpm:sourcerpm>giraffe-0.3-0.8.src.rpm</rpm:sourcerpm>\\n    <rpm:header-range start=\\\"280\\\" end=\\\"2016\\\"/>\\n    <rpm:provides>\\n      <rpm:entry name=\\\"giraffe\\\" flags=\\\"EQ\\\" epoch=\\\"0\\\" ver=\\\"0.3\\\" rel=\\\"0.8\\\"/>\\n    </rpm:provides>\\n    <rpm:requires>\\n      <rpm:entry name=\\\"/bin/sh\\\" pre=\\\"1\\\"/>\\n    </rpm:requires>\\n  </format>\\n</package>\"}, \"checksumtype\": \"sha256\", \"license\": \"GPLv2\", \"_ns\": \"units_rpm\", \"checksum\": \"f25d67d1d9da04f12e57ca323247b43891ac46533e355b82de6d1922009f9f14\", \"filename\": \"giraffe-0.3-0.8.noarch.rpm\", \"buildhost\": \"dhcp-26-118.brq.redhat.com\", \"epoch\": \"0\", \"version\": \"0.3\", \"relativepath\": \"giraffe-0.3-0.8.noarch.rpm\", \"provides\": [[\"giraffe\", \"EQ\", [\"0\", \"0.3\", \"0.8\"]]], \"_content_type_id\": \"rpm\", \"release\": \"0.8\", \"vendor\": \"\", \"_id\": \"2f1736b0-b283-491f-8941-d9227ebe5d00\", \"arch\": \"noarch\", \"name\": \"giraffe\", \"description\": \"A dummy package of giraffe\"}}, {\"updated\": \"2013-01-22T03:01:44Z\", \"repo_id\": \"integration_test_id\", \"created\": \"2013-01-22T03:01:44Z\", \"_ns\": \"repo_content_units\", \"unit_id\": \"d8b29540-e885-4796-88f4-6f9dfbf12106\", \"unit_type_id\": \"rpm\", \"owner_type\": \"importer\", \"_id\": {\"$oid\": \"50fdbac8196cbe3e59001f8e\"}, \"id\": \"50fdbac8196cbe3e59001f8e\", \"owner_id\": \"yum_importer\", \"metadata\": {\"requires\": [[\"/bin/sh\", null, [null, null, null]]], \"_storage_path\": \"/var/lib/pulp/content/rpm/.//lion/0.3/0.8/noarch/12400dc95c23a4c160725a908716cd3fcdd7a8981585437ab64cd62efa3e4ae4/lion-0.3-0.8.noarch.rpm\", \"repodata\": {\"filelists\": \"\\n<package pkgid=\\\"12400dc95c23a4c160725a908716cd3fcdd7a8981585437ab64cd62efa3e4ae4\\\" name=\\\"lion\\\" arch=\\\"noarch\\\">\\n    <version epoch=\\\"0\\\" ver=\\\"0.3\\\" rel=\\\"0.8\\\"/>\\n\\n    <file>//lion.txt</file>\\n</package>\\n\", \"other\": \"\\n<package pkgid=\\\"12400dc95c23a4c160725a908716cd3fcdd7a8981585437ab64cd62efa3e4ae4\\\" name=\\\"lion\\\" arch=\\\"noarch\\\">\\n    <version epoch=\\\"0\\\" ver=\\\"0.3\\\" rel=\\\"0.8\\\"/>\\n\\n</package>\\n\", \"primary\": \"\\n<package type=\\\"rpm\\\">\\n  <name>lion</name>\\n  <arch>noarch</arch>\\n  <version epoch=\\\"0\\\" ver=\\\"0.3\\\" rel=\\\"0.8\\\"/>\\n  <checksum type=\\\"sha256\\\" pkgid=\\\"YES\\\">12400dc95c23a4c160725a908716cd3fcdd7a8981585437ab64cd62efa3e4ae4</checksum>\\n  <summary>A dummy package of lion</summary>\\n  <description>A dummy package of lion</description>\\n  <packager></packager>\\n  <url>http://tstrachota.fedorapeople.org</url>\\n  <time file=\\\"1321891028\\\" build=\\\"1308257455\\\"/>\\n  <size package=\\\"2212\\\" installed=\\\"42\\\" archive=\\\"292\\\"/>\\n<location href=\\\"lion-0.3-0.8.noarch.rpm\\\"/>\\n  <format>\\n    <rpm:license>GPLv2</rpm:license>\\n    <rpm:vendor/>\\n    <rpm:group>Internet/Applications</rpm:group>\\n    <rpm:buildhost>dhcp-26-118.brq.redhat.com</rpm:buildhost>\\n    <rpm:sourcerpm>lion-0.3-0.8.src.rpm</rpm:sourcerpm>\\n    <rpm:header-range start=\\\"280\\\" end=\\\"2000\\\"/>\\n    <rpm:provides>\\n      <rpm:entry name=\\\"lion\\\" flags=\\\"EQ\\\" epoch=\\\"0\\\" ver=\\\"0.3\\\" rel=\\\"0.8\\\"/>\\n    </rpm:provides>\\n    <rpm:requires>\\n      <rpm:entry name=\\\"/bin/sh\\\" pre=\\\"1\\\"/>\\n    </rpm:requires>\\n  </format>\\n</package>\"}, \"checksumtype\": \"sha256\", \"license\": \"GPLv2\", \"_ns\": \"units_rpm\", \"checksum\": \"12400dc95c23a4c160725a908716cd3fcdd7a8981585437ab64cd62efa3e4ae4\", \"filename\": \"lion-0.3-0.8.noarch.rpm\", \"buildhost\": \"dhcp-26-118.brq.redhat.com\", \"epoch\": \"0\", \"version\": \"0.3\", \"relativepath\": \"lion-0.3-0.8.noarch.rpm\", \"provides\": [[\"lion\", \"EQ\", [\"0\", \"0.3\", \"0.8\"]]], \"_content_type_id\": \"rpm\", \"release\": \"0.8\", \"vendor\": \"\", \"_id\": \"d8b29540-e885-4796-88f4-6f9dfbf12106\", \"arch\": \"noarch\", \"name\": \"lion\", \"description\": \"A dummy package of lion\"}}, {\"updated\": \"2013-01-22T03:01:44Z\", \"repo_id\": \"integration_test_id\", \"created\": \"2013-01-22T03:01:44Z\", \"_ns\": \"repo_content_units\", \"unit_id\": \"9a075ed4-9b36-4d74-a27b-dedce70fbb32\", \"unit_type_id\": \"rpm\", \"owner_type\": \"importer\", \"_id\": {\"$oid\": \"50fdbac8196cbe3e59001f8f\"}, \"id\": \"50fdbac8196cbe3e59001f8f\", \"owner_id\": \"yum_importer\", \"metadata\": {\"requires\": [[\"/bin/sh\", null, [null, null, null]]], \"_storage_path\": \"/var/lib/pulp/content/rpm/.//monkey/0.3/0.8/noarch/0e8fa50d0128fbabc7ccc5632e3fa25d39b0280169f6166cb8e2c84de8501db1/monkey-0.3-0.8.noarch.rpm\", \"repodata\": {\"filelists\": \"\\n<package pkgid=\\\"0e8fa50d0128fbabc7ccc5632e3fa25d39b0280169f6166cb8e2c84de8501db1\\\" name=\\\"monkey\\\" arch=\\\"noarch\\\">\\n    <version epoch=\\\"0\\\" ver=\\\"0.3\\\" rel=\\\"0.8\\\"/>\\n\\n    <file>//monkey.txt</file>\\n</package>\\n\", \"other\": \"\\n<package pkgid=\\\"0e8fa50d0128fbabc7ccc5632e3fa25d39b0280169f6166cb8e2c84de8501db1\\\" name=\\\"monkey\\\" arch=\\\"noarch\\\">\\n    <version epoch=\\\"0\\\" ver=\\\"0.3\\\" rel=\\\"0.8\\\"/>\\n\\n</package>\\n\", \"primary\": \"\\n<package type=\\\"rpm\\\">\\n  <name>monkey</name>\\n  <arch>noarch</arch>\\n  <version epoch=\\\"0\\\" ver=\\\"0.3\\\" rel=\\\"0.8\\\"/>\\n  <checksum type=\\\"sha256\\\" pkgid=\\\"YES\\\">0e8fa50d0128fbabc7ccc5632e3fa25d39b0280169f6166cb8e2c84de8501db1</checksum>\\n  <summary>A dummy package of monkey</summary>\\n  <description>A dummy package of monkey</description>\\n  <packager></packager>\\n  <url>http://tstrachota.fedorapeople.org</url>\\n  <time file=\\\"1321891029\\\" build=\\\"1308257260\\\"/>\\n  <size package=\\\"2232\\\" installed=\\\"42\\\" archive=\\\"292\\\"/>\\n<location href=\\\"monkey-0.3-0.8.noarch.rpm\\\"/>\\n  <format>\\n    <rpm:license>GPLv2</rpm:license>\\n    <rpm:vendor/>\\n    <rpm:group>Internet/Applications</rpm:group>\\n    <rpm:buildhost>dhcp-26-118.brq.redhat.com</rpm:buildhost>\\n    <rpm:sourcerpm>monkey-0.3-0.8.src.rpm</rpm:sourcerpm>\\n    <rpm:header-range start=\\\"280\\\" end=\\\"2016\\\"/>\\n    <rpm:provides>\\n      <rpm:entry name=\\\"monkey\\\" flags=\\\"EQ\\\" epoch=\\\"0\\\" ver=\\\"0.3\\\" rel=\\\"0.8\\\"/>\\n    </rpm:provides>\\n    <rpm:requires>\\n      <rpm:entry name=\\\"/bin/sh\\\" pre=\\\"1\\\"/>\\n    </rpm:requires>\\n  </format>\\n</package>\"}, \"checksumtype\": \"sha256\", \"license\": \"GPLv2\", \"_ns\": \"units_rpm\", \"checksum\": \"0e8fa50d0128fbabc7ccc5632e3fa25d39b0280169f6166cb8e2c84de8501db1\", \"filename\": \"monkey-0.3-0.8.noarch.rpm\", \"buildhost\": \"dhcp-26-118.brq.redhat.com\", \"epoch\": \"0\", \"version\": \"0.3\", \"relativepath\": \"monkey-0.3-0.8.noarch.rpm\", \"provides\": [[\"monkey\", \"EQ\", [\"0\", \"0.3\", \"0.8\"]]], \"_content_type_id\": \"rpm\", \"release\": \"0.8\", \"vendor\": \"\", \"_id\": \"9a075ed4-9b36-4d74-a27b-dedce70fbb32\", \"arch\": \"noarch\", \"name\": \"monkey\", \"description\": \"A dummy package of monkey\"}}, {\"updated\": \"2013-01-22T03:01:44Z\", \"repo_id\": \"integration_test_id\", \"created\": \"2013-01-22T03:01:44Z\", \"_ns\": \"repo_content_units\", \"unit_id\": \"85c0b330-5118-42af-9740-f55dc5a3f229\", \"unit_type_id\": \"rpm\", \"owner_type\": \"importer\", \"_id\": {\"$oid\": \"50fdbac8196cbe3e59001f90\"}, \"id\": \"50fdbac8196cbe3e59001f90\", \"owner_id\": \"yum_importer\", \"metadata\": {\"requires\": [[\"/bin/sh\", null, [null, null, null]]], \"_storage_path\": \"/var/lib/pulp/content/rpm/.//penguin/0.3/0.8/noarch/3fcb2c927de9e13bf68469032a28b139d3e5ad2e58564fc210fd6e48635be694/penguin-0.3-0.8.noarch.rpm\", \"repodata\": {\"filelists\": \"\\n<package pkgid=\\\"3fcb2c927de9e13bf68469032a28b139d3e5ad2e58564fc210fd6e48635be694\\\" name=\\\"penguin\\\" arch=\\\"noarch\\\">\\n    <version epoch=\\\"0\\\" ver=\\\"0.3\\\" rel=\\\"0.8\\\"/>\\n\\n    <file>//penguin.txt</file>\\n</package>\\n\", \"other\": \"\\n<package pkgid=\\\"3fcb2c927de9e13bf68469032a28b139d3e5ad2e58564fc210fd6e48635be694\\\" name=\\\"penguin\\\" arch=\\\"noarch\\\">\\n    <version epoch=\\\"0\\\" ver=\\\"0.3\\\" rel=\\\"0.8\\\"/>\\n\\n</package>\\n\", \"primary\": \"\\n<package type=\\\"rpm\\\">\\n  <name>penguin</name>\\n  <arch>noarch</arch>\\n  <version epoch=\\\"0\\\" ver=\\\"0.3\\\" rel=\\\"0.8\\\"/>\\n  <checksum type=\\\"sha256\\\" pkgid=\\\"YES\\\">3fcb2c927de9e13bf68469032a28b139d3e5ad2e58564fc210fd6e48635be694</checksum>\\n  <summary>A dummy package of penguin</summary>\\n  <description>A dummy package of penguin</description>\\n  <packager></packager>\\n  <url>http://tstrachota.fedorapeople.org</url>\\n  <time file=\\\"1321891029\\\" build=\\\"1308257460\\\"/>\\n  <size package=\\\"2232\\\" installed=\\\"42\\\" archive=\\\"292\\\"/>\\n<location href=\\\"penguin-0.3-0.8.noarch.rpm\\\"/>\\n  <format>\\n    <rpm:license>GPLv2</rpm:license>\\n    <rpm:vendor/>\\n    <rpm:group>Internet/Applications</rpm:group>\\n    <rpm:buildhost>dhcp-26-118.brq.redhat.com</rpm:buildhost>\\n    <rpm:sourcerpm>penguin-0.3-0.8.src.rpm</rpm:sourcerpm>\\n    <rpm:header-range start=\\\"280\\\" end=\\\"2016\\\"/>\\n    <rpm:provides>\\n      <rpm:entry name=\\\"penguin\\\" flags=\\\"EQ\\\" epoch=\\\"0\\\" ver=\\\"0.3\\\" rel=\\\"0.8\\\"/>\\n    </rpm:provides>\\n    <rpm:requires>\\n      <rpm:entry name=\\\"/bin/sh\\\" pre=\\\"1\\\"/>\\n    </rpm:requires>\\n  </format>\\n</package>\"}, \"checksumtype\": \"sha256\", \"license\": \"GPLv2\", \"_ns\": \"units_rpm\", \"checksum\": \"3fcb2c927de9e13bf68469032a28b139d3e5ad2e58564fc210fd6e48635be694\", \"filename\": \"penguin-0.3-0.8.noarch.rpm\", \"buildhost\": \"dhcp-26-118.brq.redhat.com\", \"epoch\": \"0\", \"version\": \"0.3\", \"relativepath\": \"penguin-0.3-0.8.noarch.rpm\", \"provides\": [[\"penguin\", \"EQ\", [\"0\", \"0.3\", \"0.8\"]]], \"_content_type_id\": \"rpm\", \"release\": \"0.8\", \"vendor\": \"\", \"_id\": \"85c0b330-5118-42af-9740-f55dc5a3f229\", \"arch\": \"noarch\", \"name\": \"penguin\", \"description\": \"A dummy package of penguin\"}}, {\"updated\": \"2013-01-22T03:01:44Z\", \"repo_id\": \"integration_test_id\", \"created\": \"2013-01-22T03:01:44Z\", \"_ns\": \"repo_content_units\", \"unit_id\": \"889a1984-ca60-4a4e-bea9-9263d8d57844\", \"unit_type_id\": \"rpm\", \"owner_type\": \"importer\", \"_id\": {\"$oid\": \"50fdbac8196cbe3e59001f93\"}, \"id\": \"50fdbac8196cbe3e59001f93\", \"owner_id\": \"yum_importer\", \"metadata\": {\"requires\": [[\"/bin/sh\", null, [null, null, null]]], \"_storage_path\": \"/var/lib/pulp/content/rpm/.//squirrel/0.3/0.8/noarch/251768bdd15f13d78487c27638aa6aecd01551e253756093cde1c0ae878a17d2/squirrel-0.3-0.8.noarch.rpm\", \"repodata\": {\"filelists\": \"\\n<package pkgid=\\\"251768bdd15f13d78487c27638aa6aecd01551e253756093cde1c0ae878a17d2\\\" name=\\\"squirrel\\\" arch=\\\"noarch\\\">\\n    <version epoch=\\\"0\\\" ver=\\\"0.3\\\" rel=\\\"0.8\\\"/>\\n\\n    <file>//squirrel.txt</file>\\n</package>\\n\", \"other\": \"\\n<package pkgid=\\\"251768bdd15f13d78487c27638aa6aecd01551e253756093cde1c0ae878a17d2\\\" name=\\\"squirrel\\\" arch=\\\"noarch\\\">\\n    <version epoch=\\\"0\\\" ver=\\\"0.3\\\" rel=\\\"0.8\\\"/>\\n\\n</package>\\n\", \"primary\": \"\\n<package type=\\\"rpm\\\">\\n  <name>squirrel</name>\\n  <arch>noarch</arch>\\n  <version epoch=\\\"0\\\" ver=\\\"0.3\\\" rel=\\\"0.8\\\"/>\\n  <checksum type=\\\"sha256\\\" pkgid=\\\"YES\\\">251768bdd15f13d78487c27638aa6aecd01551e253756093cde1c0ae878a17d2</checksum>\\n  <summary>A dummy package of squirrel</summary>\\n  <description>A dummy package of squirrel</description>\\n  <packager></packager>\\n  <url>http://tstrachota.fedorapeople.org</url>\\n  <time file=\\\"1321891029\\\" build=\\\"1308257502\\\"/>\\n  <size package=\\\"2248\\\" installed=\\\"42\\\" archive=\\\"296\\\"/>\\n<location href=\\\"squirrel-0.3-0.8.noarch.rpm\\\"/>\\n  <format>\\n    <rpm:license>GPLv2</rpm:license>\\n    <rpm:vendor/>\\n    <rpm:group>Internet/Applications</rpm:group>\\n    <rpm:buildhost>dhcp-26-118.brq.redhat.com</rpm:buildhost>\\n    <rpm:sourcerpm>squirrel-0.3-0.8.src.rpm</rpm:sourcerpm>\\n    <rpm:header-range start=\\\"280\\\" end=\\\"2028\\\"/>\\n    <rpm:provides>\\n      <rpm:entry name=\\\"squirrel\\\" flags=\\\"EQ\\\" epoch=\\\"0\\\" ver=\\\"0.3\\\" rel=\\\"0.8\\\"/>\\n    </rpm:provides>\\n    <rpm:requires>\\n      <rpm:entry name=\\\"/bin/sh\\\" pre=\\\"1\\\"/>\\n    </rpm:requires>\\n  </format>\\n</package>\"}, \"checksumtype\": \"sha256\", \"license\": \"GPLv2\", \"_ns\": \"units_rpm\", \"checksum\": \"251768bdd15f13d78487c27638aa6aecd01551e253756093cde1c0ae878a17d2\", \"filename\": \"squirrel-0.3-0.8.noarch.rpm\", \"buildhost\": \"dhcp-26-118.brq.redhat.com\", \"epoch\": \"0\", \"version\": \"0.3\", \"relativepath\": \"squirrel-0.3-0.8.noarch.rpm\", \"provides\": [[\"squirrel\", \"EQ\", [\"0\", \"0.3\", \"0.8\"]]], \"_content_type_id\": \"rpm\", \"release\": \"0.8\", \"vendor\": \"\", \"_id\": \"889a1984-ca60-4a4e-bea9-9263d8d57844\", \"arch\": \"noarch\", \"name\": \"squirrel\", \"description\": \"A dummy package of squirrel\"}}, {\"updated\": \"2013-01-22T03:01:44Z\", \"repo_id\": \"integration_test_id\", \"created\": \"2013-01-22T03:01:44Z\", \"_ns\": \"repo_content_units\", \"unit_id\": \"e2579a2c-4268-42d1-96af-1d0bc57f700b\", \"unit_type_id\": \"rpm\", \"owner_type\": \"importer\", \"_id\": {\"$oid\": \"50fdbac8196cbe3e59001f92\"}, \"id\": \"50fdbac8196cbe3e59001f92\", \"owner_id\": \"yum_importer\", \"metadata\": {\"requires\": [[\"/bin/sh\", null, [null, null, null]]], \"_storage_path\": \"/var/lib/pulp/content/rpm/.//walrus/0.3/0.8/noarch/6e8d6dc057e3e2c9819f0dc7e6c7b7f86bf2e8571bba414adec7fb621a461dfd/walrus-0.3-0.8.noarch.rpm\", \"repodata\": {\"filelists\": \"\\n<package pkgid=\\\"6e8d6dc057e3e2c9819f0dc7e6c7b7f86bf2e8571bba414adec7fb621a461dfd\\\" name=\\\"walrus\\\" arch=\\\"noarch\\\">\\n    <version epoch=\\\"0\\\" ver=\\\"0.3\\\" rel=\\\"0.8\\\"/>\\n\\n    <file>//walrus.txt</file>\\n</package>\\n\", \"other\": \"\\n<package pkgid=\\\"6e8d6dc057e3e2c9819f0dc7e6c7b7f86bf2e8571bba414adec7fb621a461dfd\\\" name=\\\"walrus\\\" arch=\\\"noarch\\\">\\n    <version epoch=\\\"0\\\" ver=\\\"0.3\\\" rel=\\\"0.8\\\"/>\\n\\n</package>\\n\", \"primary\": \"\\n<package type=\\\"rpm\\\">\\n  <name>walrus</name>\\n  <arch>noarch</arch>\\n  <version epoch=\\\"0\\\" ver=\\\"0.3\\\" rel=\\\"0.8\\\"/>\\n  <checksum type=\\\"sha256\\\" pkgid=\\\"YES\\\">6e8d6dc057e3e2c9819f0dc7e6c7b7f86bf2e8571bba414adec7fb621a461dfd</checksum>\\n  <summary>A dummy package of walrus</summary>\\n  <description>A dummy package of walrus</description>\\n  <packager></packager>\\n  <url>http://tstrachota.fedorapeople.org</url>\\n  <time file=\\\"1321891030\\\" build=\\\"1308257449\\\"/>\\n  <size package=\\\"2236\\\" installed=\\\"42\\\" archive=\\\"292\\\"/>\\n<location href=\\\"walrus-0.3-0.8.noarch.rpm\\\"/>\\n  <format>\\n    <rpm:license>GPLv2</rpm:license>\\n    <rpm:vendor/>\\n    <rpm:group>Internet/Applications</rpm:group>\\n    <rpm:buildhost>dhcp-26-118.brq.redhat.com</rpm:buildhost>\\n    <rpm:sourcerpm>walrus-0.3-0.8.src.rpm</rpm:sourcerpm>\\n    <rpm:header-range start=\\\"280\\\" end=\\\"2016\\\"/>\\n    <rpm:provides>\\n      <rpm:entry name=\\\"walrus\\\" flags=\\\"EQ\\\" epoch=\\\"0\\\" ver=\\\"0.3\\\" rel=\\\"0.8\\\"/>\\n    </rpm:provides>\\n    <rpm:requires>\\n      <rpm:entry name=\\\"/bin/sh\\\" pre=\\\"1\\\"/>\\n    </rpm:requires>\\n  </format>\\n</package>\"}, \"checksumtype\": \"sha256\", \"license\": \"GPLv2\", \"_ns\": \"units_rpm\", \"checksum\": \"6e8d6dc057e3e2c9819f0dc7e6c7b7f86bf2e8571bba414adec7fb621a461dfd\", \"filename\": \"walrus-0.3-0.8.noarch.rpm\", \"buildhost\": \"dhcp-26-118.brq.redhat.com\", \"epoch\": \"0\", \"version\": \"0.3\", \"relativepath\": \"walrus-0.3-0.8.noarch.rpm\", \"provides\": [[\"walrus\", \"EQ\", [\"0\", \"0.3\", \"0.8\"]]], \"_content_type_id\": \"rpm\", \"release\": \"0.8\", \"vendor\": \"\", \"_id\": \"e2579a2c-4268-42d1-96af-1d0bc57f700b\", \"arch\": \"noarch\", \"name\": \"walrus\", \"description\": \"A dummy package of walrus\"}}]"
    http_version: 
  recorded_at: Mon, 21 Jan 2013 22:01:49 GMT
- request: 
    method: post
    uri: https://admin:admin@localhost/pulp/api/v2/repositories/integration_test_id/search/units/
    body: 
      string: "{\"criteria\":{\"type_ids\":[\"rpm\"],\"filters\":{\"unit\":{\"$and\":[{\"name\":\"cheetah\"},{\"version\":\"0.3\"},{\"release\":\"0.8\"},{\"epoch\":\"0\"}]}},\"sort\":{\"unit\":[[\"name\",\"ascending\"],[\"version\",\"descending\"]]}}}"
    headers: 
      Accept: 
      - application/json
      Accept-Encoding: 
      - gzip, deflate
      Content-Length: 
      - "196"
      Content-Type: 
      - application/json
  response: 
    status: 
      code: 200
      message: OK
    headers: 
      Date: 
      - Mon, 21 Jan 2013 22:01:49 GMT
      Server: 
      - Apache/2.2.22 (Fedora)
      Content-Length: 
      - "2705"
      Content-Type: 
      - application/json
    body: 
      string: "[{\"updated\": \"2013-01-22T03:01:44Z\", \"repo_id\": \"integration_test_id\", \"created\": \"2013-01-22T03:01:44Z\", \"_ns\": \"repo_content_units\", \"unit_id\": \"8ca10b54-a031-417f-9225-91a224bde136\", \"unit_type_id\": \"rpm\", \"owner_type\": \"importer\", \"_id\": {\"$oid\": \"50fdbac8196cbe3e59001f91\"}, \"id\": \"50fdbac8196cbe3e59001f91\", \"owner_id\": \"yum_importer\", \"metadata\": {\"requires\": [[\"/bin/sh\", null, [null, null, null]]], \"_storage_path\": \"/var/lib/pulp/content/rpm/.//cheetah/0.3/0.8/noarch/422d0baa0cd9d7713ae796e886a23e17f578f924f74880debdbb7d65fb368dae/cheetah-0.3-0.8.noarch.rpm\", \"repodata\": {\"filelists\": \"\\n<package pkgid=\\\"422d0baa0cd9d7713ae796e886a23e17f578f924f74880debdbb7d65fb368dae\\\" name=\\\"cheetah\\\" arch=\\\"noarch\\\">\\n    <version epoch=\\\"0\\\" ver=\\\"0.3\\\" rel=\\\"0.8\\\"/>\\n\\n    <file>//cheetah.txt</file>\\n</package>\\n\", \"other\": \"\\n<package pkgid=\\\"422d0baa0cd9d7713ae796e886a23e17f578f924f74880debdbb7d65fb368dae\\\" name=\\\"cheetah\\\" arch=\\\"noarch\\\">\\n    <version epoch=\\\"0\\\" ver=\\\"0.3\\\" rel=\\\"0.8\\\"/>\\n\\n</package>\\n\", \"primary\": \"\\n<package type=\\\"rpm\\\">\\n  <name>cheetah</name>\\n  <arch>noarch</arch>\\n  <version epoch=\\\"0\\\" ver=\\\"0.3\\\" rel=\\\"0.8\\\"/>\\n  <checksum type=\\\"sha256\\\" pkgid=\\\"YES\\\">422d0baa0cd9d7713ae796e886a23e17f578f924f74880debdbb7d65fb368dae</checksum>\\n  <summary>A dummy package of cheetah</summary>\\n  <description>A dummy package of cheetah</description>\\n  <packager></packager>\\n  <url>http://tstrachota.fedorapeople.org</url>\\n  <time file=\\\"1321891028\\\" build=\\\"1308257472\\\"/>\\n  <size package=\\\"2232\\\" installed=\\\"42\\\" archive=\\\"292\\\"/>\\n<location href=\\\"cheetah-0.3-0.8.noarch.rpm\\\"/>\\n  <format>\\n    <rpm:license>GPLv2</rpm:license>\\n    <rpm:vendor/>\\n    <rpm:group>Internet/Applications</rpm:group>\\n    <rpm:buildhost>dhcp-26-118.brq.redhat.com</rpm:buildhost>\\n    <rpm:sourcerpm>cheetah-0.3-0.8.src.rpm</rpm:sourcerpm>\\n    <rpm:header-range start=\\\"280\\\" end=\\\"2016\\\"/>\\n    <rpm:provides>\\n      <rpm:entry name=\\\"cheetah\\\" flags=\\\"EQ\\\" epoch=\\\"0\\\" ver=\\\"0.3\\\" rel=\\\"0.8\\\"/>\\n    </rpm:provides>\\n    <rpm:requires>\\n      <rpm:entry name=\\\"/bin/sh\\\" pre=\\\"1\\\"/>\\n    </rpm:requires>\\n  </format>\\n</package>\"}, \"checksumtype\": \"sha256\", \"license\": \"GPLv2\", \"_ns\": \"units_rpm\", \"checksum\": \"422d0baa0cd9d7713ae796e886a23e17f578f924f74880debdbb7d65fb368dae\", \"filename\": \"cheetah-0.3-0.8.noarch.rpm\", \"buildhost\": \"dhcp-26-118.brq.redhat.com\", \"epoch\": \"0\", \"version\": \"0.3\", \"relativepath\": \"cheetah-0.3-0.8.noarch.rpm\", \"provides\": [[\"cheetah\", \"EQ\", [\"0\", \"0.3\", \"0.8\"]]], \"_content_type_id\": \"rpm\", \"release\": \"0.8\", \"vendor\": \"\", \"_id\": \"8ca10b54-a031-417f-9225-91a224bde136\", \"arch\": \"noarch\", \"name\": \"cheetah\", \"description\": \"A dummy package of cheetah\"}}]"
    http_version: 
  recorded_at: Mon, 21 Jan 2013 22:01:49 GMT
- request: 
    method: post
    uri: https://admin:admin@localhost/pulp/api/v2/repositories/integration_test_id/search/units/
    body: 
      string: "{\"criteria\":{\"type_ids\":[\"erratum\"]}}"
    headers: 
      Accept: 
      - application/json
      Accept-Encoding: 
      - gzip, deflate
      Content-Length: 
      - "37"
      Content-Type: 
      - application/json
  response: 
    status: 
      code: 200
      message: OK
    headers: 
      Date: 
      - Mon, 21 Jan 2013 22:01:49 GMT
      Server: 
      - Apache/2.2.22 (Fedora)
      Content-Length: 
      - "1939"
      Content-Type: 
      - application/json
    body: 
      string: "[{\"updated\": \"2013-01-22T03:01:44Z\", \"repo_id\": \"integration_test_id\", \"created\": \"2013-01-22T03:01:44Z\", \"_ns\": \"repo_content_units\", \"unit_id\": \"46eeb7a9-8af8-4e2a-b852-1b9c9c820e54\", \"unit_type_id\": \"erratum\", \"owner_type\": \"importer\", \"_id\": {\"$oid\": \"50fdbac8196cbe3e59001f97\"}, \"id\": \"50fdbac8196cbe3e59001f97\", \"owner_id\": \"yum_importer\", \"metadata\": {\"issued\": \"2010-01-01 01:01:01\", \"references\": [], \"_content_type_id\": \"erratum\", \"id\": \"RHEA-2010:0001\", \"severity\": \"\", \"title\": \"Empty errata\", \"_ns\": \"units_erratum\", \"version\": \"1\", \"reboot_suggested\": false, \"type\": \"security\", \"pkglist\": [], \"status\": \"stable\", \"updated\": \"\", \"description\": \"Empty errata\", \"pushcount\": 1, \"from_str\": \"lzap+pub@redhat.com\", \"_storage_path\": null, \"rights\": \"\", \"solution\": \"\", \"summary\": \"\", \"release\": \"1\", \"_id\": \"46eeb7a9-8af8-4e2a-b852-1b9c9c820e54\"}}, {\"updated\": \"2013-01-22T03:01:44Z\", \"repo_id\": \"integration_test_id\", \"created\": \"2013-01-22T03:01:44Z\", \"_ns\": \"repo_content_units\", \"unit_id\": \"289b9044-44d0-43db-9cda-c9ed45c47045\", \"unit_type_id\": \"erratum\", \"owner_type\": \"importer\", \"_id\": {\"$oid\": \"50fdbac8196cbe3e59001f99\"}, \"id\": \"50fdbac8196cbe3e59001f99\", \"owner_id\": \"yum_importer\", \"metadata\": {\"issued\": \"2010-01-01 01:01:01\", \"references\": [], \"_content_type_id\": \"erratum\", \"id\": \"RHEA-2010:0002\", \"severity\": \"\", \"title\": \"One package errata\", \"_ns\": \"units_erratum\", \"version\": \"1\", \"reboot_suggested\": false, \"type\": \"security\", \"pkglist\": [{\"packages\": [{\"src\": \"http://www.fedoraproject.org\", \"name\": \"elephant\", \"filename\": \"elephant-0.3-0.8.noarch.rpm\", \"epoch\": null, \"version\": \"0.3\", \"release\": \"0.8\", \"arch\": \"noarch\"}], \"name\": \"1\", \"short\": \"\"}], \"status\": \"stable\", \"updated\": \"\", \"description\": \"One package errata\", \"pushcount\": 1, \"from_str\": \"lzap+pub@redhat.com\", \"_storage_path\": null, \"rights\": \"\", \"solution\": \"\", \"summary\": \"\", \"release\": \"1\", \"_id\": \"289b9044-44d0-43db-9cda-c9ed45c47045\"}}]"
    http_version: 
  recorded_at: Mon, 21 Jan 2013 22:01:49 GMT
- request: 
    method: post
    uri: https://admin:admin@localhost/pulp/api/v2/repositories/integration_test_id/search/units/
    body: 
      string: "{\"criteria\":{\"type_ids\":[\"package_category\"]}}"
    headers: 
      Accept: 
      - application/json
      Accept-Encoding: 
      - gzip, deflate
      Content-Length: 
      - "46"
      Content-Type: 
      - application/json
  response: 
    status: 
      code: 200
      message: OK
    headers: 
      Date: 
      - Mon, 21 Jan 2013 22:01:49 GMT
      Server: 
      - Apache/2.2.22 (Fedora)
      Content-Length: 
      - "708"
      Content-Type: 
      - application/json
    body: 
      string: "[{\"updated\": \"2013-01-22T03:01:44Z\", \"repo_id\": \"integration_test_id\", \"created\": \"2013-01-22T03:01:44Z\", \"_ns\": \"repo_content_units\", \"unit_id\": \"dc44db35-4f9c-494a-862e-d11ced458bf4\", \"unit_type_id\": \"package_category\", \"owner_type\": \"importer\", \"_id\": {\"$oid\": \"50fdbac8196cbe3e59001f9f\"}, \"id\": \"50fdbac8196cbe3e59001f9f\", \"owner_id\": \"yum_importer\", \"metadata\": {\"_storage_path\": null, \"repo_id\": \"integration_test_id\", \"description\": null, \"_ns\": \"units_package_category\", \"display_order\": 99, \"translated_name\": {}, \"packagegroupids\": [\"mammal\", \"bird\"], \"translated_description\": {}, \"_content_type_id\": \"package_category\", \"_id\": \"dc44db35-4f9c-494a-862e-d11ced458bf4\", \"id\": \"all\", \"name\": \"all\"}}]"
    http_version: 
  recorded_at: Mon, 21 Jan 2013 22:01:49 GMT
- request: 
    method: post
    uri: https://admin:admin@localhost/pulp/api/v2/repositories/integration_test_id/search/units/
    body: 
      string: "{\"criteria\":{\"type_ids\":[\"distribution\"]}}"
    headers: 
      Accept: 
      - application/json
      Accept-Encoding: 
      - gzip, deflate
      Content-Length: 
      - "42"
      Content-Type: 
      - application/json
  response: 
    status: 
      code: 200
      message: OK
    headers: 
      Date: 
      - Mon, 21 Jan 2013 22:01:50 GMT
      Server: 
      - Apache/2.2.22 (Fedora)
      Content-Length: 
      - "2302"
      Content-Type: 
      - application/json
    body: 
      string: "[{\"updated\": \"2013-01-22T03:01:44Z\", \"repo_id\": \"integration_test_id\", \"created\": \"2013-01-22T03:01:44Z\", \"_ns\": \"repo_content_units\", \"unit_id\": \"a1078b68-f04b-481e-a8c5-3fdd2607ce36\", \"unit_type_id\": \"distribution\", \"owner_type\": \"importer\", \"_id\": {\"$oid\": \"50fdbac8196cbe3e59001f94\"}, \"id\": \"50fdbac8196cbe3e59001f94\", \"owner_id\": \"yum_importer\", \"metadata\": {\"files\": [{\"checksumtype\": \"sha256\", \"relativepath\": \"images/test2.img\", \"fileName\": \"test2.img\", \"downloadurl\": \"file:///home/paji/katello/runcible/test/fixtures/repositories/zoo5/images/test2.img\", \"item_type\": \"tree_file\", \"savepath\": \"/var/lib/pulp/working/repos/integration_test_id/importers/yum_importer/integration_test_id/images\", \"checksum\": \"e3b0c44298fc1c149afbf4c8996fb92427ae41e4649b934ca495991b7852b855\", \"filename\": \"test2.img\", \"pkgpath\": \"/var/lib/pulp/content/distribution/ks-Test Family-TestVariant-16-x86_64/images\", \"size\": 0}, {\"checksumtype\": \"sha256\", \"relativepath\": \"empty.iso\", \"fileName\": \"empty.iso\", \"downloadurl\": \"file:///home/paji/katello/runcible/test/fixtures/repositories/zoo5/empty.iso\", \"item_type\": \"tree_file\", \"savepath\": \"/var/lib/pulp/working/repos/integration_test_id/importers/yum_importer/integration_test_id/\", \"checksum\": \"e3b0c44298fc1c149afbf4c8996fb92427ae41e4649b934ca495991b7852b855\", \"filename\": \"empty.iso\", \"pkgpath\": \"/var/lib/pulp/content/distribution/ks-Test Family-TestVariant-16-x86_64\", \"size\": 0}, {\"checksumtype\": \"sha256\", \"relativepath\": \"images/test1.img\", \"fileName\": \"test1.img\", \"downloadurl\": \"file:///home/paji/katello/runcible/test/fixtures/repositories/zoo5/images/test1.img\", \"item_type\": \"tree_file\", \"savepath\": \"/var/lib/pulp/working/repos/integration_test_id/importers/yum_importer/integration_test_id/images\", \"checksum\": \"e3b0c44298fc1c149afbf4c8996fb92427ae41e4649b934ca495991b7852b855\", \"filename\": \"test1.img\", \"pkgpath\": \"/var/lib/pulp/content/distribution/ks-Test Family-TestVariant-16-x86_64/images\", \"size\": 0}], \"_storage_path\": \"/var/lib/pulp/content/distribution/ks-Test Family-TestVariant-16-x86_64\", \"family\": \"Test Family\", \"_ns\": \"units_distribution\", \"variant\": \"TestVariant\", \"version\": \"16\", \"_content_type_id\": \"distribution\", \"_id\": \"a1078b68-f04b-481e-a8c5-3fdd2607ce36\", \"arch\": \"x86_64\", \"id\": \"ks-Test Family-TestVariant-16-x86_64\"}}]"
    http_version: 
  recorded_at: Mon, 21 Jan 2013 22:01:50 GMT
- request: 
    method: post
    uri: https://admin:admin@localhost/pulp/api/v2/repositories/integration_test_id/search/units/
    body: 
      string: "{\"criteria\":{\"type_ids\":[\"erratum\"]}}"
    headers: 
      Accept: 
      - application/json
      Accept-Encoding: 
      - gzip, deflate
      Content-Length: 
      - "37"
      Content-Type: 
      - application/json
  response: 
    status: 
      code: 200
      message: OK
    headers: 
      Date: 
      - Mon, 21 Jan 2013 22:01:50 GMT
      Server: 
      - Apache/2.2.22 (Fedora)
      Content-Length: 
      - "1939"
      Content-Type: 
      - application/json
    body: 
      string: "[{\"updated\": \"2013-01-22T03:01:44Z\", \"repo_id\": \"integration_test_id\", \"created\": \"2013-01-22T03:01:44Z\", \"_ns\": \"repo_content_units\", \"unit_id\": \"46eeb7a9-8af8-4e2a-b852-1b9c9c820e54\", \"unit_type_id\": \"erratum\", \"owner_type\": \"importer\", \"_id\": {\"$oid\": \"50fdbac8196cbe3e59001f97\"}, \"id\": \"50fdbac8196cbe3e59001f97\", \"owner_id\": \"yum_importer\", \"metadata\": {\"issued\": \"2010-01-01 01:01:01\", \"references\": [], \"_content_type_id\": \"erratum\", \"id\": \"RHEA-2010:0001\", \"severity\": \"\", \"title\": \"Empty errata\", \"_ns\": \"units_erratum\", \"version\": \"1\", \"reboot_suggested\": false, \"type\": \"security\", \"pkglist\": [], \"status\": \"stable\", \"updated\": \"\", \"description\": \"Empty errata\", \"pushcount\": 1, \"from_str\": \"lzap+pub@redhat.com\", \"_storage_path\": null, \"rights\": \"\", \"solution\": \"\", \"summary\": \"\", \"release\": \"1\", \"_id\": \"46eeb7a9-8af8-4e2a-b852-1b9c9c820e54\"}}, {\"updated\": \"2013-01-22T03:01:44Z\", \"repo_id\": \"integration_test_id\", \"created\": \"2013-01-22T03:01:44Z\", \"_ns\": \"repo_content_units\", \"unit_id\": \"289b9044-44d0-43db-9cda-c9ed45c47045\", \"unit_type_id\": \"erratum\", \"owner_type\": \"importer\", \"_id\": {\"$oid\": \"50fdbac8196cbe3e59001f99\"}, \"id\": \"50fdbac8196cbe3e59001f99\", \"owner_id\": \"yum_importer\", \"metadata\": {\"issued\": \"2010-01-01 01:01:01\", \"references\": [], \"_content_type_id\": \"erratum\", \"id\": \"RHEA-2010:0002\", \"severity\": \"\", \"title\": \"One package errata\", \"_ns\": \"units_erratum\", \"version\": \"1\", \"reboot_suggested\": false, \"type\": \"security\", \"pkglist\": [{\"packages\": [{\"src\": \"http://www.fedoraproject.org\", \"name\": \"elephant\", \"filename\": \"elephant-0.3-0.8.noarch.rpm\", \"epoch\": null, \"version\": \"0.3\", \"release\": \"0.8\", \"arch\": \"noarch\"}], \"name\": \"1\", \"short\": \"\"}], \"status\": \"stable\", \"updated\": \"\", \"description\": \"One package errata\", \"pushcount\": 1, \"from_str\": \"lzap+pub@redhat.com\", \"_storage_path\": null, \"rights\": \"\", \"solution\": \"\", \"summary\": \"\", \"release\": \"1\", \"_id\": \"289b9044-44d0-43db-9cda-c9ed45c47045\"}}]"
    http_version: 
  recorded_at: Mon, 21 Jan 2013 22:01:50 GMT
recorded_with: VCR 2.4.0
