--- 
http_interactions: 
- request: 
    method: put
    uri: https://admin:admin@knifeparty.localdomain/pulp/api/v2/repositories/integration_test_id/importers/yum_importer/schedules/sync/50888c19dc7921558d0017ac/
    body: 
      string: "{\"schedule\":\"2011-09-25T20:44:00Z/P7D\"}"
    headers: 
      Content-Length: 
      - "39"
      Content-Type: 
      - application/json
      Accept-Encoding: 
      - gzip, deflate
      Accept: 
      - application/json
  response: 
    status: 
      code: 200
      message: OK
    headers: 
      Date: 
      - Thu, 25 Oct 2012 00:47:22 GMT
      Content-Length: 
      - "406"
      Server: 
      - Apache/2.2.22 (Fedora)
      Content-Type: 
      - application/json
    body: 
      string: "{\"next_run\": \"2012-10-30T20:44:00Z\", \"_href\": \"/pulp/api/v2/repositories/integration_test_id/importers/yum_importer/schedules/sync/50888c19dc7921558d0017ac/\", \"schedule\": \"2011-09-25T20:44:00Z/P7D\", \"override_config\": {}, \"remaining_runs\": null, \"first_run\": \"2012-10-30T20:44:00Z\", \"enabled\": true, \"last_run\": null, \"failure_threshold\": null, \"_id\": \"50888c19dc7921558d0017ac\", \"consecutive_failures\": 0}"
    http_version: 
  recorded_at: Thu, 25 Oct 2012 00:47:22 GMT
- request: 
    method: put
    uri: https://admin:admin@knifeparty.localdomain/pulp/api/v2/repositories/integration_test_id/importers/yum_importer/schedules/sync/50888f66dc7921558d00216c/
    body: 
      string: "{\"schedule\":\"2011-09-25T20:44:00Z/P7D\"}"
    headers: 
      Content-Length: 
      - "39"
      Content-Type: 
      - application/json
      Accept-Encoding: 
      - gzip, deflate
      Accept: 
      - application/json
  response: 
    status: 
      code: 200
      message: OK
    headers: 
      Date: 
      - Thu, 25 Oct 2012 01:01:27 GMT
      Content-Length: 
      - "406"
      Server: 
      - Apache/2.2.22 (Fedora)
      Content-Type: 
      - application/json
    body: 
      string: "{\"next_run\": \"2012-10-30T20:44:00Z\", \"_href\": \"/pulp/api/v2/repositories/integration_test_id/importers/yum_importer/schedules/sync/50888f66dc7921558d00216c/\", \"schedule\": \"2011-09-25T20:44:00Z/P7D\", \"override_config\": {}, \"remaining_runs\": null, \"first_run\": \"2012-10-30T20:44:00Z\", \"enabled\": true, \"last_run\": null, \"failure_threshold\": null, \"_id\": \"50888f66dc7921558d00216c\", \"consecutive_failures\": 0}"
    http_version: 
  recorded_at: Thu, 25 Oct 2012 01:01:27 GMT
- request: 
    method: put
    uri: https://admin:admin@knifeparty.localdomain/pulp/api/v2/repositories/integration_test_id/importers/yum_importer/schedules/sync/5088a93bdc7921558d002c95/
    body: 
      string: "{\"schedule\":\"2011-09-25T20:44:00Z/P7D\"}"
    headers: 
      Content-Length: 
      - "39"
      Content-Type: 
      - application/json
      Accept-Encoding: 
      - gzip, deflate
      Accept: 
      - application/json
  response: 
    status: 
      code: 200
      message: OK
    headers: 
      Date: 
      - Thu, 25 Oct 2012 02:51:39 GMT
      Content-Length: 
      - "406"
      Server: 
      - Apache/2.2.22 (Fedora)
      Content-Type: 
      - application/json
    body: 
      string: "{\"next_run\": \"2012-10-30T20:44:00Z\", \"_href\": \"/pulp/api/v2/repositories/integration_test_id/importers/yum_importer/schedules/sync/5088a93bdc7921558d002c95/\", \"schedule\": \"2011-09-25T20:44:00Z/P7D\", \"override_config\": {}, \"remaining_runs\": null, \"first_run\": \"2012-10-30T20:44:00Z\", \"enabled\": true, \"last_run\": null, \"failure_threshold\": null, \"_id\": \"5088a93bdc7921558d002c95\", \"consecutive_failures\": 0}"
    http_version: 
  recorded_at: Thu, 25 Oct 2012 02:51:39 GMT
- request: 
    method: put
    uri: https://admin:admin@knifeparty.localdomain/pulp/api/v2/repositories/integration_test_id/importers/yum_importer/schedules/sync/5088aadddc7921558d00365e/
    body: 
      string: "{\"schedule\":\"2011-09-25T20:44:00Z/P7D\"}"
    headers: 
      Content-Length: 
      - "39"
      Content-Type: 
      - application/json
      Accept-Encoding: 
      - gzip, deflate
      Accept: 
      - application/json
  response: 
    status: 
      code: 200
      message: OK
    headers: 
      Date: 
      - Thu, 25 Oct 2012 02:58:38 GMT
      Content-Length: 
      - "406"
      Server: 
      - Apache/2.2.22 (Fedora)
      Content-Type: 
      - application/json
    body: 
      string: "{\"next_run\": \"2012-10-30T20:44:00Z\", \"_href\": \"/pulp/api/v2/repositories/integration_test_id/importers/yum_importer/schedules/sync/5088aadddc7921558d00365e/\", \"schedule\": \"2011-09-25T20:44:00Z/P7D\", \"override_config\": {}, \"remaining_runs\": null, \"first_run\": \"2012-10-30T20:44:00Z\", \"enabled\": true, \"last_run\": null, \"failure_threshold\": null, \"_id\": \"5088aadddc7921558d00365e\", \"consecutive_failures\": 0}"
    http_version: 
  recorded_at: Thu, 25 Oct 2012 02:58:38 GMT
- request: 
    method: put
    uri: https://admin:admin@localhost/pulp/api/v2/repositories/integration_test_id/importers/yum_importer/schedules/sync/5091a4bc196cbe4a88001fea/
    body: 
      string: "{\"schedule\":\"2011-09-25T20:44:00Z/P7D\"}"
    headers: 
      Content-Length: 
      - "39"
      Content-Type: 
      - application/json
      Accept-Encoding: 
      - gzip, deflate
      Accept: 
      - application/json
  response: 
    status: 
      code: 200
      message: OK
    headers: 
      Date: 
      - Wed, 31 Oct 2012 22:22:52 GMT
      Content-Length: 
      - "406"
      Server: 
      - Apache/2.2.22 (Fedora)
      Content-Type: 
      - application/json
    body: 
      string: "{\"next_run\": \"2012-11-06T20:44:00Z\", \"_href\": \"/pulp/api/v2/repositories/integration_test_id/importers/yum_importer/schedules/sync/5091a4bc196cbe4a88001fea/\", \"schedule\": \"2011-09-25T20:44:00Z/P7D\", \"override_config\": {}, \"remaining_runs\": null, \"first_run\": \"2012-11-06T20:44:00Z\", \"enabled\": true, \"last_run\": null, \"failure_threshold\": null, \"_id\": \"5091a4bc196cbe4a88001fea\", \"consecutive_failures\": 0}"
    http_version: 
  recorded_at: Wed, 31 Oct 2012 22:22:52 GMT
- request: 
    method: post
    uri: https://admin:admin@localhost/pulp/api/v2/repositories/
    body: 
      string: "{\"id\":\"integration_test_id\",\"importer_type_id\":\"yum_importer\",\"importer_config\":{},\"distributors\":[{\"distributor_id\":\"123\",\"auto_publish\":true,\"distributor_config\":{\"http\":true,\"https\":true,\"relative_url\":\"/\"},\"distributor_type\":\"yum_distributor\"}]}"
    headers: 
      Content-Length: 
      - "249"
      Content-Type: 
      - application/json
      Accept-Encoding: 
      - gzip, deflate
      Accept: 
      - application/json
  response: 
    status: 
      code: 201
      message: Created
    headers: 
      Date: 
      - Thu, 01 Nov 2012 14:25:31 GMT
      Content-Length: 
      - "265"
      Server: 
      - Apache/2.2.22 (Fedora)
      Content-Type: 
      - application/json
      Location: 
      - integration_test_id
    body: 
      string: "{\"scratchpad\": {}, \"display_name\": \"integration_test_id\", \"description\": null, \"_ns\": \"repos\", \"notes\": {}, \"content_unit_count\": 0, \"_id\": {\"$oid\": \"5092865c196cbe4a88002eb7\"}, \"id\": \"integration_test_id\", \"_href\": \"/pulp/api/v2/repositories/integration_test_id/\"}"
    http_version: 
  recorded_at: Thu, 01 Nov 2012 14:25:32 GMT
- request: 
    method: post
    uri: https://admin:admin@localhost/pulp/api/v2/repositories/
    body: 
      string: "{\"id\":\"integration_test_id\",\"importer_type_id\":\"yum_importer\",\"importer_config\":{},\"distributors\":[{\"distributor_id\":\"123\",\"auto_publish\":false,\"distributor_config\":{\"http\":true,\"https\":true,\"relative_url\":\"/path\"},\"distributor_type\":\"yum_distributor\"}]}"
    headers: 
      Content-Length: 
      - "254"
      Content-Type: 
      - application/json
      Accept-Encoding: 
      - gzip, deflate
      Accept: 
      - application/json
  response: 
    status: 
      code: 201
      message: Created
    headers: 
      Date: 
      - Thu, 01 Nov 2012 14:25:48 GMT
      Content-Length: 
      - "265"
      Server: 
      - Apache/2.2.22 (Fedora)
      Content-Type: 
      - application/json
      Location: 
      - integration_test_id
    body: 
      string: "{\"scratchpad\": {}, \"display_name\": \"integration_test_id\", \"description\": null, \"_ns\": \"repos\", \"notes\": {}, \"content_unit_count\": 0, \"_id\": {\"$oid\": \"5092866c196cbe4a88002ef3\"}, \"id\": \"integration_test_id\", \"_href\": \"/pulp/api/v2/repositories/integration_test_id/\"}"
    http_version: 
  recorded_at: Thu, 01 Nov 2012 14:25:48 GMT
- request: 
    method: post
    uri: https://admin:admin@localhost/pulp/api/v2/repositories/
    body: 
      string: "{\"id\":\"integration_test_id\",\"importer_type_id\":\"yum_importer\",\"importer_config\":{}}"
    headers: 
      Content-Length: 
      - "83"
      Content-Type: 
      - application/json
      Accept-Encoding: 
      - gzip, deflate
      Accept: 
      - application/json
  response: 
    status: 
      code: 201
      message: Created
    headers: 
      Date: 
      - Thu, 01 Nov 2012 14:25:53 GMT
      Content-Length: 
      - "265"
      Server: 
      - Apache/2.2.22 (Fedora)
      Content-Type: 
      - application/json
      Location: 
      - integration_test_id
    body: 
      string: "{\"scratchpad\": {}, \"display_name\": \"integration_test_id\", \"description\": null, \"_ns\": \"repos\", \"notes\": {}, \"content_unit_count\": 0, \"_id\": {\"$oid\": \"50928671196cbe4a88002f08\"}, \"id\": \"integration_test_id\", \"_href\": \"/pulp/api/v2/repositories/integration_test_id/\"}"
    http_version: 
  recorded_at: Thu, 01 Nov 2012 14:25:53 GMT
- request: 
    method: get
    uri: https://admin:admin@localhost/pulp/api/v2/repositories/integration_test_id/?details=detailstrue
    body: 
      string: ""
    headers: 
      Content-Type: 
      - application/json
      Accept-Encoding: 
      - gzip, deflate
      Accept: 
      - application/json
  response: 
    status: 
      code: 200
      message: OK
    headers: 
      Date: 
      - Thu, 01 Nov 2012 14:25:53 GMT
      Content-Length: 
      - "540"
      Server: 
      - Apache/2.2.22 (Fedora)
      Content-Type: 
      - application/json
    body: 
      string: "{\"scratchpad\": {}, \"display_name\": \"integration_test_id\", \"description\": null, \"_ns\": \"repos\", \"notes\": {}, \"content_unit_count\": 0, \"_id\": {\"$oid\": \"50928671196cbe4a88002f08\"}, \"id\": \"integration_test_id\", \"_href\": \"/pulp/api/v2/repositories/integration_test_id/\", \"importers\": [{\"repo_id\": \"integration_test_id\", \"_ns\": \"repo_importers\", \"importer_type_id\": \"yum_importer\", \"last_sync\": null, \"scratchpad\": null, \"scheduled_syncs\": [], \"_id\": {\"$oid\": \"50928671196cbe4a88002f09\"}, \"config\": {}, \"id\": \"yum_importer\"}], \"distributors\": []}"
    http_version: 
  recorded_at: Thu, 01 Nov 2012 14:25:53 GMT
- request: 
    method: post
    uri: https://admin:admin@localhost/pulp/api/v2/repositories/
    body: 
      string: "{\"id\":\"integration_test_id_distro\",\"distributors\":[{\"distributor_id\":\"123\",\"auto_publish\":false,\"distributor_config\":{\"http\":true,\"https\":true,\"relative_url\":\"/path\"},\"distributor_type\":\"yum_distributor\"}]}"
    headers: 
      Content-Length: 
      - "206"
      Content-Type: 
      - application/json
      Accept-Encoding: 
      - gzip, deflate
      Accept: 
      - application/json
  response: 
    status: 
      code: 201
      message: Created
    headers: 
      Date: 
      - Thu, 01 Nov 2012 14:25:58 GMT
      Content-Length: 
      - "286"
      Server: 
      - Apache/2.2.22 (Fedora)
      Content-Type: 
      - application/json
      Location: 
      - integration_test_id_distro
    body: 
      string: "{\"scratchpad\": {}, \"display_name\": \"integration_test_id_distro\", \"description\": null, \"_ns\": \"repos\", \"notes\": {}, \"content_unit_count\": 0, \"_id\": {\"$oid\": \"50928676196cbe4a88002f1c\"}, \"id\": \"integration_test_id_distro\", \"_href\": \"/pulp/api/v2/repositories/integration_test_id_distro/\"}"
    http_version: 
  recorded_at: Thu, 01 Nov 2012 14:25:58 GMT
- request: 
    method: get
    uri: https://admin:admin@localhost/pulp/api/v2/repositories/integration_test_id_distro/?details=detailstrue
    body: 
      string: ""
    headers: 
      Content-Type: 
      - application/json
      Accept-Encoding: 
      - gzip, deflate
      Accept: 
      - application/json
  response: 
    status: 
      code: 200
      message: OK
    headers: 
      Date: 
      - Thu, 01 Nov 2012 14:25:58 GMT
      Content-Length: 
      - "650"
      Server: 
      - Apache/2.2.22 (Fedora)
      Content-Type: 
      - application/json
    body: 
      string: "{\"scratchpad\": {}, \"display_name\": \"integration_test_id_distro\", \"description\": null, \"_ns\": \"repos\", \"notes\": {}, \"content_unit_count\": 0, \"_id\": {\"$oid\": \"50928676196cbe4a88002f1c\"}, \"id\": \"integration_test_id_distro\", \"_href\": \"/pulp/api/v2/repositories/integration_test_id_distro/\", \"importers\": [], \"distributors\": [{\"repo_id\": \"integration_test_id_distro\", \"_ns\": \"repo_distributors\", \"last_publish\": null, \"auto_publish\": false, \"scheduled_publishes\": [], \"distributor_type_id\": \"yum_distributor\", \"scratchpad\": null, \"_id\": {\"$oid\": \"50928676196cbe4a88002f1d\"}, \"config\": {\"http\": true, \"relative_url\": \"/path\", \"https\": true}, \"id\": \"123\"}]}"
    http_version: 
  recorded_at: Thu, 01 Nov 2012 14:25:58 GMT
- request: 
    method: get
    uri: https://admin:admin@localhost/pulp/api/v2/repositories/integration_test_id/importers/yum_importer/schedules/sync/
    body: 
      string: ""
    headers: 
      Content-Type: 
      - application/json
      Accept-Encoding: 
      - gzip, deflate
      Accept: 
      - application/json
  response: 
    status: 
      code: 200
      message: OK
    headers: 
      Date: 
      - Thu, 01 Nov 2012 14:26:18 GMT
      Content-Length: 
      - "2"
      Server: 
      - Apache/2.2.22 (Fedora)
      Content-Type: 
      - application/json
    body: 
      string: "[]"
    http_version: 
  recorded_at: Thu, 01 Nov 2012 14:26:18 GMT
- request: 
    method: post
    uri: https://admin:admin@localhost/pulp/api/v2/repositories/integration_test_id/importers/yum_importer/schedules/sync/
    body: 
      string: "{\"schedule\":\"2012-09-25T20:44:00Z/P7D\"}"
    headers: 
      Content-Length: 
      - "39"
      Content-Type: 
      - application/json
      Accept-Encoding: 
      - gzip, deflate
      Accept: 
      - application/json
  response: 
    status: 
      code: 201
      message: Created
    headers: 
      Date: 
      - Thu, 01 Nov 2012 14:26:18 GMT
      Content-Length: 
      - "406"
      Server: 
      - Apache/2.2.22 (Fedora)
      Content-Type: 
      - application/json
      Location: 
      - /pulp/api/v2/repositories/integration_test_id/importers/yum_importer/schedules/sync/5092868b196cbe4a88002f45/
    body: 
      string: "{\"next_run\": \"2012-11-06T20:44:00Z\", \"_href\": \"/pulp/api/v2/repositories/integration_test_id/importers/yum_importer/schedules/sync/5092868b196cbe4a88002f45/\", \"schedule\": \"2012-09-25T20:44:00Z/P7D\", \"override_config\": {}, \"remaining_runs\": null, \"first_run\": \"2012-11-06T20:44:00Z\", \"enabled\": true, \"last_run\": null, \"failure_threshold\": null, \"_id\": \"5092868b196cbe4a88002f45\", \"consecutive_failures\": 0}"
    http_version: 
  recorded_at: Thu, 01 Nov 2012 14:26:19 GMT
- request: 
    method: get
    uri: https://admin:admin@localhost/pulp/api/v2/repositories/integration_test_id/importers/yum_importer/schedules/sync/
    body: 
      string: ""
    headers: 
      Content-Type: 
      - application/json
      Accept-Encoding: 
      - gzip, deflate
      Accept: 
      - application/json
  response: 
    status: 
      code: 200
      message: OK
    headers: 
      Date: 
      - Thu, 01 Nov 2012 14:26:19 GMT
      Content-Length: 
      - "408"
      Server: 
      - Apache/2.2.22 (Fedora)
      Content-Type: 
      - application/json
    body: 
      string: "[{\"next_run\": \"2012-11-06T20:44:00Z\", \"_href\": \"/pulp/api/v2/repositories/integration_test_id/importers/yum_importer/schedules/sync/5092868b196cbe4a88002f45/\", \"schedule\": \"2012-09-25T20:44:00Z/P7D\", \"override_config\": {}, \"remaining_runs\": null, \"first_run\": \"2012-11-06T20:44:00Z\", \"enabled\": true, \"last_run\": null, \"failure_threshold\": null, \"_id\": \"5092868b196cbe4a88002f45\", \"consecutive_failures\": 0}]"
    http_version: 
  recorded_at: Thu, 01 Nov 2012 14:26:19 GMT
- request: 
    method: put
    uri: https://admin:admin@localhost/pulp/api/v2/repositories/integration_test_id/importers/yum_importer/schedules/sync/5092868b196cbe4a88002f45/
    body: 
      string: "{\"schedule\":\"2011-09-25T20:44:00Z/P7D\"}"
    headers: 
      Content-Length: 
      - "39"
      Content-Type: 
      - application/json
      Accept-Encoding: 
      - gzip, deflate
      Accept: 
      - application/json
  response: 
    status: 
      code: 200
      message: OK
    headers: 
      Date: 
      - Thu, 01 Nov 2012 14:26:19 GMT
      Content-Length: 
      - "406"
      Server: 
      - Apache/2.2.22 (Fedora)
      Content-Type: 
      - application/json
    body: 
      string: "{\"next_run\": \"2012-11-06T20:44:00Z\", \"_href\": \"/pulp/api/v2/repositories/integration_test_id/importers/yum_importer/schedules/sync/5092868b196cbe4a88002f45/\", \"schedule\": \"2011-09-25T20:44:00Z/P7D\", \"override_config\": {}, \"remaining_runs\": null, \"first_run\": \"2012-11-06T20:44:00Z\", \"enabled\": true, \"last_run\": null, \"failure_threshold\": null, \"_id\": \"5092868b196cbe4a88002f45\", \"consecutive_failures\": 0}"
    http_version: 
  recorded_at: Thu, 01 Nov 2012 14:26:19 GMT
- request: 
    method: post
    uri: https://admin:admin@localhost/pulp/api/v2/repositories/search/
    body: 
      string: "{\"criteria\":{\"filters\":{\"id\":{\"$in\":[\"integration_test_id\"]}}}}"
    headers: 
      Content-Length: 
      - "63"
      Content-Type: 
      - application/json
      Accept-Encoding: 
      - gzip, deflate
      Accept: 
      - application/json
  response: 
    status: 
      code: 200
      message: OK
    headers: 
      Date: 
      - Thu, 01 Nov 2012 14:26:34 GMT
      Content-Length: 
      - "267"
      Server: 
      - Apache/2.2.22 (Fedora)
      Content-Type: 
      - application/json
    body: 
      string: "[{\"scratchpad\": {}, \"display_name\": \"integration_test_id\", \"description\": null, \"_ns\": \"repos\", \"notes\": {}, \"content_unit_count\": 0, \"_id\": {\"$oid\": \"50928695196cbe4a88002f64\"}, \"id\": \"integration_test_id\", \"_href\": \"/pulp/api/v2/repositories/integration_test_id/\"}]"
    http_version: 
  recorded_at: Thu, 01 Nov 2012 14:26:34 GMT
recorded_with: VCR 2.2.5
