--- 
recorded_with: VCR 2.3.0
http_interactions: 
- request: 
    method: post
    uri: https://admin:admin@knifeparty.localdomain/pulp/api/v2/repositories/
    body: 
      string: "{\"importer_type_id\":\"yum_importer\",\"id\":\"integration_test_id\",\"importer_config\":{}}"
    headers: 
      Content-Length: 
      - "83"
      Accept: 
      - application/json
      Content-Type: 
      - application/json
      Accept-Encoding: 
      - gzip, deflate
  response: 
    status: 
      code: 201
      message: Created
    headers: 
      Content-Length: 
      - "265"
      Location: 
      - integration_test_id
      Server: 
      - Apache/2.2.22 (Fedora)
      Date: 
      - Sun, 11 Nov 2012 21:06:16 GMT
      Content-Type: 
      - application/json
    body: 
      string: "{\"scratchpad\": {}, \"display_name\": \"integration_test_id\", \"description\": null, \"_ns\": \"repos\", \"notes\": {}, \"content_unit_count\": 0, \"_id\": {\"$oid\": \"50a01348dc79215671003c66\"}, \"id\": \"integration_test_id\", \"_href\": \"/pulp/api/v2/repositories/integration_test_id/\"}"
    http_version: 
  recorded_at: Sun, 11 Nov 2012 21:06:17 GMT
- request: 
    method: post
    uri: https://admin:admin@knifeparty.localdomain/pulp/api/v2/repositories/
    body: 
      string: "{\"importer_type_id\":\"yum_importer\",\"id\":\"integration_test_id\",\"distributors\":[{\"auto_publish\":true,\"distributor_id\":\"123\",\"distributor_config\":{\"https\":true,\"relative_url\":\"/\",\"http\":true},\"distributor_type\":\"yum_distributor\"}],\"importer_config\":{}}"
    headers: 
      Content-Length: 
      - "249"
      Accept: 
      - application/json
      Content-Type: 
      - application/json
      Accept-Encoding: 
      - gzip, deflate
  response: 
    status: 
      code: 201
      message: Created
    headers: 
      Content-Length: 
      - "265"
      Location: 
      - integration_test_id
      Server: 
      - Apache/2.2.22 (Fedora)
      Date: 
      - Sun, 11 Nov 2012 21:06:17 GMT
      Content-Type: 
      - application/json
    body: 
      string: "{\"scratchpad\": {}, \"display_name\": \"integration_test_id\", \"description\": null, \"_ns\": \"repos\", \"notes\": {}, \"content_unit_count\": 0, \"_id\": {\"$oid\": \"50a01349dc79215671003c7a\"}, \"id\": \"integration_test_id\", \"_href\": \"/pulp/api/v2/repositories/integration_test_id/\"}"
    http_version: 
  recorded_at: Sun, 11 Nov 2012 21:06:18 GMT
- request: 
    method: post
    uri: https://admin:admin@knifeparty.localdomain/pulp/api/v2/repositories/
    body: 
      string: "{\"importer_type_id\":\"yum_importer\",\"id\":\"integration_test_id\",\"distributors\":[{\"auto_publish\":false,\"distributor_id\":\"123\",\"distributor_config\":{\"https\":true,\"relative_url\":\"/path\",\"http\":true},\"distributor_type\":\"yum_distributor\"}],\"importer_config\":{}}"
    headers: 
      Content-Length: 
      - "254"
      Accept: 
      - application/json
      Content-Type: 
      - application/json
      Accept-Encoding: 
      - gzip, deflate
  response: 
    status: 
      code: 201
      message: Created
    headers: 
      Content-Length: 
      - "265"
      Location: 
      - integration_test_id
      Server: 
      - Apache/2.2.22 (Fedora)
      Date: 
      - Sun, 11 Nov 2012 21:06:18 GMT
      Content-Type: 
      - application/json
    body: 
      string: "{\"scratchpad\": {}, \"display_name\": \"integration_test_id\", \"description\": null, \"_ns\": \"repos\", \"notes\": {}, \"content_unit_count\": 0, \"_id\": {\"$oid\": \"50a0134adc79215671003c8f\"}, \"id\": \"integration_test_id\", \"_href\": \"/pulp/api/v2/repositories/integration_test_id/\"}"
    http_version: 
  recorded_at: Sun, 11 Nov 2012 21:06:18 GMT
- request: 
    method: post
    uri: https://admin:admin@knifeparty.localdomain/pulp/api/v2/repositories/
    body: 
      string: "{\"id\":\"integration_test_id_distro\",\"distributors\":[{\"auto_publish\":false,\"distributor_id\":\"123\",\"distributor_config\":{\"https\":true,\"relative_url\":\"/path\",\"http\":true},\"distributor_type\":\"yum_distributor\"}]}"
    headers: 
      Content-Length: 
      - "206"
      Accept: 
      - application/json
      Content-Type: 
      - application/json
      Accept-Encoding: 
      - gzip, deflate
  response: 
    status: 
      code: 201
      message: Created
    headers: 
      Content-Length: 
      - "286"
      Location: 
      - integration_test_id_distro
      Server: 
      - Apache/2.2.22 (Fedora)
      Date: 
      - Sun, 11 Nov 2012 21:06:19 GMT
      Content-Type: 
      - application/json
    body: 
      string: "{\"scratchpad\": {}, \"display_name\": \"integration_test_id_distro\", \"description\": null, \"_ns\": \"repos\", \"notes\": {}, \"content_unit_count\": 0, \"_id\": {\"$oid\": \"50a0134bdc79215671003ca4\"}, \"id\": \"integration_test_id_distro\", \"_href\": \"/pulp/api/v2/repositories/integration_test_id_distro/\"}"
    http_version: 
  recorded_at: Sun, 11 Nov 2012 21:06:19 GMT
- request: 
    method: get
    uri: https://admin:admin@knifeparty.localdomain/pulp/api/v2/repositories/integration_test_id_distro/?details=true
    body: 
      string: ""
    headers: 
      Accept: 
      - application/json
      Content-Type: 
      - application/json
      Accept-Encoding: 
      - gzip, deflate
  response: 
    status: 
      code: 200
      message: OK
    headers: 
      Content-Length: 
      - "650"
      Server: 
      - Apache/2.2.22 (Fedora)
      Date: 
      - Sun, 11 Nov 2012 21:06:19 GMT
      Content-Type: 
      - application/json
    body: 
      string: "{\"scratchpad\": {}, \"display_name\": \"integration_test_id_distro\", \"description\": null, \"_ns\": \"repos\", \"notes\": {}, \"content_unit_count\": 0, \"_id\": {\"$oid\": \"50a0134bdc79215671003ca4\"}, \"id\": \"integration_test_id_distro\", \"_href\": \"/pulp/api/v2/repositories/integration_test_id_distro/\", \"importers\": [], \"distributors\": [{\"repo_id\": \"integration_test_id_distro\", \"_ns\": \"repo_distributors\", \"last_publish\": null, \"auto_publish\": false, \"scheduled_publishes\": [], \"distributor_type_id\": \"yum_distributor\", \"scratchpad\": null, \"_id\": {\"$oid\": \"50a0134bdc79215671003ca5\"}, \"config\": {\"http\": true, \"relative_url\": \"/path\", \"https\": true}, \"id\": \"123\"}]}"
    http_version: 
  recorded_at: Sun, 11 Nov 2012 21:06:19 GMT
- request: 
    method: get
    uri: https://admin:admin@knifeparty.localdomain/pulp/api/v2/repositories/integration_test_id/?details=true
    body: 
      string: ""
    headers: 
      Accept: 
      - application/json
      Content-Type: 
      - application/json
      Accept-Encoding: 
      - gzip, deflate
  response: 
    status: 
      code: 200
      message: OK
    headers: 
      Content-Length: 
      - "1026"
      Server: 
      - Apache/2.2.22 (Fedora)
      Date: 
      - Sun, 11 Nov 2012 21:06:29 GMT
      Content-Type: 
      - application/json
    body: 
      string: "{\"scratchpad\": {\"checksum_type\": \"sha256\", \"repodata\": {}}, \"display_name\": \"integration_test_id\", \"description\": null, \"_ns\": \"repos\", \"notes\": {}, \"content_unit_count\": 12, \"_id\": {\"$oid\": \"50a01353dc79215671003d0a\"}, \"id\": \"integration_test_id\", \"_href\": \"/pulp/api/v2/repositories/integration_test_id/\", \"importers\": [{\"repo_id\": \"integration_test_id\", \"_ns\": \"repo_importers\", \"importer_type_id\": \"yum_importer\", \"last_sync\": \"2012-11-11T16:06:29-05:00\", \"scheduled_syncs\": [], \"scratchpad\": null, \"_id\": {\"$oid\": \"50a01353dc79215671003d0b\"}, \"config\": {\"feed_url\": \"file:///home/ehelms/workspace/runcible/test/fixtures/repositories/zoo5\"}, \"id\": \"yum_importer\"}], \"distributors\": [{\"repo_id\": \"integration_test_id\", \"_ns\": \"repo_distributors\", \"last_publish\": null, \"auto_publish\": false, \"scheduled_publishes\": [], \"distributor_type_id\": \"yum_distributor\", \"scratchpad\": null, \"_id\": {\"$oid\": \"50a01353dc79215671003d0c\"}, \"config\": {\"http\": true, \"relative_url\": \"/path\", \"https\": true}, \"id\": \"4e237d69ca83e145ba1b\"}]}"
    http_version: 
  recorded_at: Sun, 11 Nov 2012 21:06:30 GMT
- request: 
    method: post
    uri: https://admin:admin@knifeparty.localdomain/pulp/api/v2/repositories/integration_test_id/actions/publish/
    body: 
      string: "{\"id\":\"4e237d69ca83e145ba1b\"}"
    headers: 
      Content-Length: 
      - "29"
      Accept: 
      - application/json
      Content-Type: 
      - application/json
      Accept-Encoding: 
      - gzip, deflate
  response: 
    status: 
      code: 202
      message: Accepted
    headers: 
      Content-Length: 
      - "636"
      Server: 
      - Apache/2.2.22 (Fedora)
      Date: 
      - Sun, 11 Nov 2012 21:06:30 GMT
      Content-Type: 
      - application/json
      Content-Encoding: 
      - utf-8
    body: 
      string: "{\"task_group_id\": null, \"exception\": null, \"traceback\": null, \"_href\": \"/pulp/api/v2/tasks/9b43f29f-3f4e-45d9-8716-d7fc774ffad8/\", \"task_id\": \"9b43f29f-3f4e-45d9-8716-d7fc774ffad8\", \"call_request_tags\": [\"pulp:repository:integration_test_id\", \"pulp:action:publish\"], \"reasons\": [], \"start_time\": null, \"tags\": [\"pulp:repository:integration_test_id\", \"pulp:action:publish\"], \"state\": \"waiting\", \"finish_time\": null, \"dependency_failures\": {}, \"schedule_id\": null, \"progress\": {}, \"call_request_group_id\": null, \"call_request_id\": \"9b43f29f-3f4e-45d9-8716-d7fc774ffad8\", \"principal_login\": \"admin\", \"response\": \"accepted\", \"result\": null}"
    http_version: 
  recorded_at: Sun, 11 Nov 2012 21:06:30 GMT
- request: 
    method: get
    uri: https://admin:admin@knifeparty.localdomain/pulp/api/v2/tasks/9b43f29f-3f4e-45d9-8716-d7fc774ffad8/
    body: 
      string: ""
    headers: 
      Accept: 
      - application/json
      Content-Type: 
      - application/json
      Accept-Encoding: 
      - gzip, deflate
  response: 
    status: 
      code: 200
      message: OK
    headers: 
      Content-Length: 
      - "1098"
      Server: 
      - Apache/2.2.22 (Fedora)
      Date: 
      - Sun, 11 Nov 2012 21:06:30 GMT
      Content-Type: 
      - application/json
    body: 
      string: "{\"task_group_id\": null, \"exception\": null, \"traceback\": null, \"_href\": \"/pulp/api/v2/tasks/9b43f29f-3f4e-45d9-8716-d7fc774ffad8/\", \"task_id\": \"9b43f29f-3f4e-45d9-8716-d7fc774ffad8\", \"call_request_tags\": [\"pulp:repository:integration_test_id\", \"pulp:action:publish\"], \"reasons\": [], \"start_time\": \"2012-11-11T21:06:30Z\", \"tags\": [\"pulp:repository:integration_test_id\", \"pulp:action:publish\"], \"state\": \"running\", \"finish_time\": null, \"dependency_failures\": {}, \"schedule_id\": null, \"progress\": {\"4e237d69ca83e145ba1b\": {\"publish_http\": {\"state\": \"NOT_STARTED\"}, \"publish_https\": {\"state\": \"NOT_STARTED\"}, \"distribution\": {\"num_success\": 3, \"items_left\": 0, \"items_total\": 3, \"state\": \"FINISHED\", \"error_details\": [], \"num_error\": 0}, \"packages\": {\"num_success\": 0, \"items_left\": 0, \"items_total\": 0, \"state\": \"FINISHED\", \"error_details\": [], \"num_error\": 0}, \"packagegroups\": {\"state\": \"NOT_STARTED\"}, \"metadata\": {\"state\": \"IN_PROGRESS\"}}}, \"call_request_group_id\": null, \"call_request_id\": \"9b43f29f-3f4e-45d9-8716-d7fc774ffad8\", \"principal_login\": \"admin\", \"response\": \"accepted\", \"result\": null}"
    http_version: 
  recorded_at: Sun, 11 Nov 2012 21:06:30 GMT
- request: 
    method: get
    uri: https://admin:admin@knifeparty.localdomain/pulp/api/v2/tasks/9b43f29f-3f4e-45d9-8716-d7fc774ffad8/
    body: 
      string: ""
    headers: 
      Accept: 
      - application/json
      Content-Type: 
      - application/json
      Accept-Encoding: 
      - gzip, deflate
  response: 
    status: 
      code: 200
      message: OK
    headers: 
      Content-Length: 
      - "1098"
      Server: 
      - Apache/2.2.22 (Fedora)
      Date: 
      - Sun, 11 Nov 2012 21:06:30 GMT
      Content-Type: 
      - application/json
    body: 
      string: "{\"task_group_id\": null, \"exception\": null, \"traceback\": null, \"_href\": \"/pulp/api/v2/tasks/9b43f29f-3f4e-45d9-8716-d7fc774ffad8/\", \"task_id\": \"9b43f29f-3f4e-45d9-8716-d7fc774ffad8\", \"call_request_tags\": [\"pulp:repository:integration_test_id\", \"pulp:action:publish\"], \"reasons\": [], \"start_time\": \"2012-11-11T21:06:30Z\", \"tags\": [\"pulp:repository:integration_test_id\", \"pulp:action:publish\"], \"state\": \"running\", \"finish_time\": null, \"dependency_failures\": {}, \"schedule_id\": null, \"progress\": {\"4e237d69ca83e145ba1b\": {\"publish_http\": {\"state\": \"NOT_STARTED\"}, \"publish_https\": {\"state\": \"NOT_STARTED\"}, \"distribution\": {\"num_success\": 3, \"items_left\": 0, \"items_total\": 3, \"state\": \"FINISHED\", \"error_details\": [], \"num_error\": 0}, \"packages\": {\"num_success\": 0, \"items_left\": 0, \"items_total\": 0, \"state\": \"FINISHED\", \"error_details\": [], \"num_error\": 0}, \"packagegroups\": {\"state\": \"NOT_STARTED\"}, \"metadata\": {\"state\": \"IN_PROGRESS\"}}}, \"call_request_group_id\": null, \"call_request_id\": \"9b43f29f-3f4e-45d9-8716-d7fc774ffad8\", \"principal_login\": \"admin\", \"response\": \"accepted\", \"result\": null}"
    http_version: 
  recorded_at: Sun, 11 Nov 2012 21:06:30 GMT
- request: 
    method: get
    uri: https://admin:admin@knifeparty.localdomain/pulp/api/v2/tasks/9b43f29f-3f4e-45d9-8716-d7fc774ffad8/
    body: 
      string: ""
    headers: 
      Accept: 
      - application/json
      Content-Type: 
      - application/json
      Accept-Encoding: 
      - gzip, deflate
  response: 
    status: 
      code: 200
      message: OK
    headers: 
      Content-Length: 
      - "1098"
      Server: 
      - Apache/2.2.22 (Fedora)
      Date: 
      - Sun, 11 Nov 2012 21:06:30 GMT
      Content-Type: 
      - application/json
    body: 
      string: "{\"task_group_id\": null, \"exception\": null, \"traceback\": null, \"_href\": \"/pulp/api/v2/tasks/9b43f29f-3f4e-45d9-8716-d7fc774ffad8/\", \"task_id\": \"9b43f29f-3f4e-45d9-8716-d7fc774ffad8\", \"call_request_tags\": [\"pulp:repository:integration_test_id\", \"pulp:action:publish\"], \"reasons\": [], \"start_time\": \"2012-11-11T21:06:30Z\", \"tags\": [\"pulp:repository:integration_test_id\", \"pulp:action:publish\"], \"state\": \"running\", \"finish_time\": null, \"dependency_failures\": {}, \"schedule_id\": null, \"progress\": {\"4e237d69ca83e145ba1b\": {\"publish_http\": {\"state\": \"NOT_STARTED\"}, \"publish_https\": {\"state\": \"NOT_STARTED\"}, \"distribution\": {\"num_success\": 3, \"items_left\": 0, \"items_total\": 3, \"state\": \"FINISHED\", \"error_details\": [], \"num_error\": 0}, \"packages\": {\"num_success\": 0, \"items_left\": 0, \"items_total\": 0, \"state\": \"FINISHED\", \"error_details\": [], \"num_error\": 0}, \"packagegroups\": {\"state\": \"NOT_STARTED\"}, \"metadata\": {\"state\": \"IN_PROGRESS\"}}}, \"call_request_group_id\": null, \"call_request_id\": \"9b43f29f-3f4e-45d9-8716-d7fc774ffad8\", \"principal_login\": \"admin\", \"response\": \"accepted\", \"result\": null}"
    http_version: 
  recorded_at: Sun, 11 Nov 2012 21:06:31 GMT
- request: 
    method: get
    uri: https://admin:admin@knifeparty.localdomain/pulp/api/v2/tasks/9b43f29f-3f4e-45d9-8716-d7fc774ffad8/
    body: 
      string: ""
    headers: 
      Accept: 
      - application/json
      Content-Type: 
      - application/json
      Accept-Encoding: 
      - gzip, deflate
  response: 
    status: 
      code: 200
      message: OK
    headers: 
      Content-Length: 
      - "1089"
      Server: 
      - Apache/2.2.22 (Fedora)
      Date: 
      - Sun, 11 Nov 2012 21:06:31 GMT
      Content-Type: 
      - application/json
    body: 
      string: "{\"task_group_id\": null, \"exception\": null, \"traceback\": null, \"_href\": \"/pulp/api/v2/tasks/9b43f29f-3f4e-45d9-8716-d7fc774ffad8/\", \"task_id\": \"9b43f29f-3f4e-45d9-8716-d7fc774ffad8\", \"call_request_tags\": [\"pulp:repository:integration_test_id\", \"pulp:action:publish\"], \"reasons\": [], \"start_time\": \"2012-11-11T21:06:30Z\", \"tags\": [\"pulp:repository:integration_test_id\", \"pulp:action:publish\"], \"state\": \"running\", \"finish_time\": null, \"dependency_failures\": {}, \"schedule_id\": null, \"progress\": {\"4e237d69ca83e145ba1b\": {\"publish_http\": {\"state\": \"FINISHED\"}, \"publish_https\": {\"state\": \"FINISHED\"}, \"distribution\": {\"num_success\": 3, \"items_left\": 0, \"items_total\": 3, \"state\": \"FINISHED\", \"error_details\": [], \"num_error\": 0}, \"packages\": {\"num_success\": 0, \"items_left\": 0, \"items_total\": 0, \"state\": \"FINISHED\", \"error_details\": [], \"num_error\": 0}, \"packagegroups\": {\"state\": \"NOT_STARTED\"}, \"metadata\": {\"state\": \"FINISHED\"}}}, \"call_request_group_id\": null, \"call_request_id\": \"9b43f29f-3f4e-45d9-8716-d7fc774ffad8\", \"principal_login\": \"admin\", \"response\": \"accepted\", \"result\": null}"
    http_version: 
  recorded_at: Sun, 11 Nov 2012 21:06:31 GMT
- request: 
    method: get
    uri: https://admin:admin@knifeparty.localdomain/pulp/api/v2/tasks/9b43f29f-3f4e-45d9-8716-d7fc774ffad8/
    body: 
      string: ""
    headers: 
      Accept: 
      - application/json
      Content-Type: 
      - application/json
      Accept-Encoding: 
      - gzip, deflate
  response: 
    status: 
      code: 200
      message: OK
    headers: 
      Content-Length: 
      - "1108"
      Server: 
      - Apache/2.2.22 (Fedora)
      Date: 
      - Sun, 11 Nov 2012 21:06:32 GMT
      Content-Type: 
      - application/json
    body: 
      string: "{\"task_group_id\": null, \"exception\": null, \"traceback\": null, \"_href\": \"/pulp/api/v2/tasks/9b43f29f-3f4e-45d9-8716-d7fc774ffad8/\", \"task_id\": \"9b43f29f-3f4e-45d9-8716-d7fc774ffad8\", \"call_request_tags\": [\"pulp:repository:integration_test_id\", \"pulp:action:publish\"], \"reasons\": [], \"start_time\": \"2012-11-11T21:06:30Z\", \"tags\": [\"pulp:repository:integration_test_id\", \"pulp:action:publish\"], \"state\": \"finished\", \"finish_time\": \"2012-11-11T21:06:31Z\", \"dependency_failures\": {}, \"schedule_id\": null, \"progress\": {\"4e237d69ca83e145ba1b\": {\"publish_http\": {\"state\": \"FINISHED\"}, \"publish_https\": {\"state\": \"FINISHED\"}, \"distribution\": {\"num_success\": 3, \"items_left\": 0, \"items_total\": 3, \"state\": \"FINISHED\", \"error_details\": [], \"num_error\": 0}, \"packages\": {\"num_success\": 0, \"items_left\": 0, \"items_total\": 0, \"state\": \"FINISHED\", \"error_details\": [], \"num_error\": 0}, \"packagegroups\": {\"state\": \"NOT_STARTED\"}, \"metadata\": {\"state\": \"FINISHED\"}}}, \"call_request_group_id\": null, \"call_request_id\": \"9b43f29f-3f4e-45d9-8716-d7fc774ffad8\", \"principal_login\": \"admin\", \"response\": \"accepted\", \"result\": null}"
    http_version: 
  recorded_at: Sun, 11 Nov 2012 21:06:32 GMT
- request: 
    method: get
    uri: https://admin:admin@knifeparty.localdomain/pulp/api/v2/tasks/?tag=pulp:action:sync
    body: 
      string: ""
    headers: 
      Accept: 
      - application/json
      Content-Type: 
      - application/json
      Accept-Encoding: 
      - gzip, deflate
  response: 
    status: 
      code: 200
      message: OK
    headers: 
      Content-Length: 
      - "4314"
      Server: 
      - Apache/2.2.22 (Fedora)
      Date: 
      - Sun, 11 Nov 2012 21:06:37 GMT
      Content-Type: 
      - application/json
    body: 
      string: "[{\"task_group_id\": \"d4774825-957d-4330-8846-61091d51bd27\", \"exception\": null, \"traceback\": null, \"task_id\": \"30a0efde-64d7-4832-ae9e-e598a4e4c8d4\", \"call_request_tags\": [\"pulp:repository:integration_test_id\", \"pulp:action:sync\"], \"reasons\": [], \"start_time\": \"2012-11-11T21:06:22Z\", \"tags\": [\"pulp:repository:integration_test_id\", \"pulp:action:sync\"], \"state\": \"finished\", \"finish_time\": \"2012-11-11T21:06:24Z\", \"dependency_failures\": {}, \"schedule_id\": null, \"progress\": {\"yum_importer\": {\"content\": {\"num_success\": 11, \"size_total\": 17872, \"items_left\": 0, \"items_total\": 11, \"state\": \"FINISHED\", \"size_left\": 0, \"details\": {\"tree_file\": {\"num_success\": 3, \"size_total\": 0, \"items_left\": 0, \"items_total\": 3, \"size_left\": 0, \"num_error\": 0}, \"rpm\": {\"num_success\": 8, \"size_total\": 17872, \"items_left\": 0, \"items_total\": 8, \"size_left\": 0, \"num_error\": 0}, \"delta_rpm\": {\"num_success\": 0, \"size_total\": 0, \"items_left\": 0, \"items_total\": 0, \"size_left\": 0, \"num_error\": 0}, \"file\": {\"num_success\": 0, \"size_total\": 0, \"items_left\": 0, \"items_total\": 0, \"size_left\": 0, \"num_error\": 0}}, \"error_details\": [], \"num_error\": 0}, \"comps\": {\"state\": \"FINISHED\"}, \"errata\": {\"state\": \"FINISHED\", \"num_errata\": 2}, \"metadata\": {\"state\": \"FINISHED\"}}}, \"call_request_group_id\": \"d4774825-957d-4330-8846-61091d51bd27\", \"call_request_id\": \"30a0efde-64d7-4832-ae9e-e598a4e4c8d4\", \"principal_login\": \"admin\", \"response\": \"accepted\", \"result\": null}, {\"task_group_id\": \"2304e956-2f94-4280-9d1a-4651e050d3ba\", \"exception\": null, \"traceback\": null, \"task_id\": \"cc2e90bb-5e9e-46b8-8909-2060587226c8\", \"call_request_tags\": [\"pulp:repository:integration_test_id\", \"pulp:action:sync\"], \"reasons\": [], \"start_time\": \"2012-11-11T21:06:27Z\", \"tags\": [\"pulp:repository:integration_test_id\", \"pulp:action:sync\"], \"state\": \"finished\", \"finish_time\": \"2012-11-11T21:06:29Z\", \"dependency_failures\": {}, \"schedule_id\": null, \"progress\": {\"yum_importer\": {\"content\": {\"num_success\": 11, \"size_total\": 17872, \"items_left\": 0, \"items_total\": 11, \"state\": \"FINISHED\", \"size_left\": 0, \"details\": {\"tree_file\": {\"num_success\": 3, \"size_total\": 0, \"items_left\": 0, \"items_total\": 3, \"size_left\": 0, \"num_error\": 0}, \"rpm\": {\"num_success\": 8, \"size_total\": 17872, \"items_left\": 0, \"items_total\": 8, \"size_left\": 0, \"num_error\": 0}, \"delta_rpm\": {\"num_success\": 0, \"size_total\": 0, \"items_left\": 0, \"items_total\": 0, \"size_left\": 0, \"num_error\": 0}, \"file\": {\"num_success\": 0, \"size_total\": 0, \"items_left\": 0, \"items_total\": 0, \"size_left\": 0, \"num_error\": 0}}, \"error_details\": [], \"num_error\": 0}, \"comps\": {\"state\": \"FINISHED\"}, \"errata\": {\"state\": \"FINISHED\", \"num_errata\": 2}, \"metadata\": {\"state\": \"FINISHED\"}}}, \"call_request_group_id\": \"2304e956-2f94-4280-9d1a-4651e050d3ba\", \"call_request_id\": \"cc2e90bb-5e9e-46b8-8909-2060587226c8\", \"principal_login\": \"admin\", \"response\": \"accepted\", \"result\": null}, {\"task_group_id\": \"8c50b595-6f6a-4091-bd8a-4962b9cd6796\", \"exception\": null, \"traceback\": null, \"task_id\": \"2cae00ff-d917-41f3-8887-1cae3de3bf6c\", \"call_request_tags\": [\"pulp:repository:integration_test_id\", \"pulp:action:sync\"], \"reasons\": [], \"start_time\": \"2012-11-11T21:06:35Z\", \"tags\": [\"pulp:repository:integration_test_id\", \"pulp:action:sync\"], \"state\": \"finished\", \"finish_time\": \"2012-11-11T21:06:36Z\", \"dependency_failures\": {}, \"schedule_id\": null, \"progress\": {\"yum_importer\": {\"content\": {\"num_success\": 11, \"size_total\": 17872, \"items_left\": 0, \"items_total\": 11, \"state\": \"FINISHED\", \"size_left\": 0, \"details\": {\"tree_file\": {\"num_success\": 3, \"size_total\": 0, \"items_left\": 0, \"items_total\": 3, \"size_left\": 0, \"num_error\": 0}, \"rpm\": {\"num_success\": 8, \"size_total\": 17872, \"items_left\": 0, \"items_total\": 8, \"size_left\": 0, \"num_error\": 0}, \"delta_rpm\": {\"num_success\": 0, \"size_total\": 0, \"items_left\": 0, \"items_total\": 0, \"size_left\": 0, \"num_error\": 0}, \"file\": {\"num_success\": 0, \"size_total\": 0, \"items_left\": 0, \"items_total\": 0, \"size_left\": 0, \"num_error\": 0}}, \"error_details\": [], \"num_error\": 0}, \"comps\": {\"state\": \"FINISHED\"}, \"errata\": {\"state\": \"FINISHED\", \"num_errata\": 2}, \"metadata\": {\"state\": \"FINISHED\"}}}, \"call_request_group_id\": \"8c50b595-6f6a-4091-bd8a-4962b9cd6796\", \"call_request_id\": \"2cae00ff-d917-41f3-8887-1cae3de3bf6c\", \"principal_login\": \"admin\", \"response\": \"accepted\", \"result\": null}]"
    http_version: 
  recorded_at: Sun, 11 Nov 2012 21:06:37 GMT
- request: 
    method: post
    uri: https://admin:admin@knifeparty.localdomain/pulp/api/v2/repositories/integration_test_id/importers/yum_importer/schedules/sync/
    body: 
      string: "{\"schedule\":\"2012-10-25T20:44:00Z/P7D\"}"
    headers: 
      Content-Length: 
      - "39"
      Accept: 
      - application/json
      Content-Type: 
      - application/json
      Accept-Encoding: 
      - gzip, deflate
  response: 
    status: 
      code: 201
      message: Created
    headers: 
      Content-Length: 
      - "406"
      Location: 
      - /pulp/api/v2/repositories/integration_test_id/importers/yum_importer/schedules/sync/50a01362dc79215671003dd0/
      Server: 
      - Apache/2.2.22 (Fedora)
      Date: 
      - Sun, 11 Nov 2012 21:06:42 GMT
      Content-Type: 
      - application/json
    body: 
      string: "{\"next_run\": \"2012-11-15T20:44:00Z\", \"_href\": \"/pulp/api/v2/repositories/integration_test_id/importers/yum_importer/schedules/sync/50a01362dc79215671003dd0/\", \"schedule\": \"2012-10-25T20:44:00Z/P7D\", \"override_config\": {}, \"remaining_runs\": null, \"first_run\": \"2012-11-15T20:44:00Z\", \"enabled\": true, \"last_run\": null, \"failure_threshold\": null, \"_id\": \"50a01362dc79215671003dd0\", \"consecutive_failures\": 0}"
    http_version: 
  recorded_at: Sun, 11 Nov 2012 21:06:42 GMT
- request: 
    method: delete
    uri: https://admin:admin@knifeparty.localdomain/pulp/api/v2/repositories/integration_test_id/importers/yum_importer/schedules/sync/50a01362dc79215671003dd0/
    body: 
      string: ""
    headers: 
      Accept: 
      - application/json
      Content-Type: 
      - application/json
      Accept-Encoding: 
      - gzip, deflate
  response: 
    status: 
      code: 200
      message: OK
    headers: 
      Content-Length: 
      - "4"
      Server: 
      - Apache/2.2.22 (Fedora)
      Date: 
      - Sun, 11 Nov 2012 21:06:42 GMT
      Content-Type: 
      - application/json
    body: 
      string: "null"
    http_version: 
  recorded_at: Sun, 11 Nov 2012 21:06:42 GMT
- request: 
    method: post
    uri: https://admin:admin@knifeparty.localdomain/pulp/api/v2/repositories/search/
    body: 
      string: "{\"criteria\":{\"filters\":{\"id\":{\"$in\":[\"integration_test_id\"]}}}}"
    headers: 
      Content-Length: 
      - "63"
      Accept: 
      - application/json
      Content-Type: 
      - application/json
      Accept-Encoding: 
      - gzip, deflate
  response: 
    status: 
      code: 200
      message: OK
    headers: 
      Content-Length: 
      - "309"
      Server: 
      - Apache/2.2.22 (Fedora)
      Date: 
      - Sun, 11 Nov 2012 21:06:48 GMT
      Content-Type: 
      - application/json
    body: 
      string: "[{\"scratchpad\": {\"checksum_type\": \"sha256\", \"repodata\": {}}, \"display_name\": \"integration_test_id\", \"description\": null, \"_ns\": \"repos\", \"notes\": {}, \"content_unit_count\": 12, \"_id\": {\"$oid\": \"50a01365dc79215671003df8\"}, \"id\": \"integration_test_id\", \"_href\": \"/pulp/api/v2/repositories/integration_test_id/\"}]"
    http_version: 
  recorded_at: Sun, 11 Nov 2012 21:06:48 GMT
- request: 
    method: get
    uri: https://admin:admin@knifeparty.localdomain/pulp/api/v2/repositories/integration_test_id/importers/yum_importer/schedules/sync/
    body: 
      string: ""
    headers: 
      Accept: 
      - application/json
      Content-Type: 
      - application/json
      Accept-Encoding: 
      - gzip, deflate
  response: 
    status: 
      code: 200
      message: OK
    headers: 
      Content-Length: 
      - "2"
      Server: 
      - Apache/2.2.22 (Fedora)
      Date: 
      - Sun, 11 Nov 2012 21:06:53 GMT
      Content-Type: 
      - application/json
    body: 
      string: "[]"
    http_version: 
  recorded_at: Sun, 11 Nov 2012 21:06:53 GMT
- request: 
    method: post
    uri: https://admin:admin@knifeparty.localdomain/pulp/api/v2/repositories/integration_test_id/importers/yum_importer/schedules/sync/
    body: 
      string: "{\"schedule\":\"2012-09-25T20:44:00Z/P7D\"}"
    headers: 
      Content-Length: 
      - "39"
      Accept: 
      - application/json
      Content-Type: 
      - application/json
      Accept-Encoding: 
      - gzip, deflate
  response: 
    status: 
      code: 201
      message: Created
    headers: 
      Content-Length: 
      - "406"
      Location: 
      - /pulp/api/v2/repositories/integration_test_id/importers/yum_importer/schedules/sync/50a0136ddc79215671003e6d/
      Server: 
      - Apache/2.2.22 (Fedora)
      Date: 
      - Sun, 11 Nov 2012 21:06:53 GMT
      Content-Type: 
      - application/json
    body: 
      string: "{\"next_run\": \"2012-11-13T20:44:00Z\", \"_href\": \"/pulp/api/v2/repositories/integration_test_id/importers/yum_importer/schedules/sync/50a0136ddc79215671003e6d/\", \"schedule\": \"2012-09-25T20:44:00Z/P7D\", \"override_config\": {}, \"remaining_runs\": null, \"first_run\": \"2012-11-13T20:44:00Z\", \"enabled\": true, \"last_run\": null, \"failure_threshold\": null, \"_id\": \"50a0136ddc79215671003e6d\", \"consecutive_failures\": 0}"
    http_version: 
  recorded_at: Sun, 11 Nov 2012 21:06:53 GMT
- request: 
    method: get
    uri: https://admin:admin@knifeparty.localdomain/pulp/api/v2/repositories/integration_test_id/importers/yum_importer/schedules/sync/
    body: 
      string: ""
    headers: 
      Accept: 
      - application/json
      Content-Type: 
      - application/json
      Accept-Encoding: 
      - gzip, deflate
  response: 
    status: 
      code: 200
      message: OK
    headers: 
      Content-Length: 
      - "408"
      Server: 
      - Apache/2.2.22 (Fedora)
      Date: 
      - Sun, 11 Nov 2012 21:06:54 GMT
      Content-Type: 
      - application/json
    body: 
      string: "[{\"next_run\": \"2012-11-13T20:44:00Z\", \"_href\": \"/pulp/api/v2/repositories/integration_test_id/importers/yum_importer/schedules/sync/50a0136ddc79215671003e6d/\", \"schedule\": \"2012-09-25T20:44:00Z/P7D\", \"override_config\": {}, \"remaining_runs\": null, \"first_run\": \"2012-11-13T20:44:00Z\", \"enabled\": true, \"last_run\": null, \"failure_threshold\": null, \"_id\": \"50a0136ddc79215671003e6d\", \"consecutive_failures\": 0}]"
    http_version: 
  recorded_at: Sun, 11 Nov 2012 21:06:54 GMT
- request: 
    method: put
    uri: https://admin:admin@knifeparty.localdomain/pulp/api/v2/repositories/integration_test_id/importers/yum_importer/schedules/sync/50a0136ddc79215671003e6d/
    body: 
      string: "{\"schedule\":\"2011-09-25T20:44:00Z/P7D\"}"
    headers: 
      Content-Length: 
      - "39"
      Accept: 
      - application/json
      Content-Type: 
      - application/json
      Accept-Encoding: 
      - gzip, deflate
  response: 
    status: 
      code: 200
      message: OK
    headers: 
      Content-Length: 
      - "406"
      Server: 
      - Apache/2.2.22 (Fedora)
      Date: 
      - Sun, 11 Nov 2012 21:06:54 GMT
      Content-Type: 
      - application/json
    body: 
      string: "{\"next_run\": \"2012-11-13T20:44:00Z\", \"_href\": \"/pulp/api/v2/repositories/integration_test_id/importers/yum_importer/schedules/sync/50a0136ddc79215671003e6d/\", \"schedule\": \"2011-09-25T20:44:00Z/P7D\", \"override_config\": {}, \"remaining_runs\": null, \"first_run\": \"2012-11-13T20:44:00Z\", \"enabled\": true, \"last_run\": null, \"failure_threshold\": null, \"_id\": \"50a0136ddc79215671003e6d\", \"consecutive_failures\": 0}"
    http_version: 
  recorded_at: Sun, 11 Nov 2012 21:06:54 GMT
