--- 
http_interactions: 
- request: 
    method: delete
    uri: https://admin:admin@centos.installer/pulp/api/v2/repositories/integration_test_id/
    body: 
      encoding: US-ASCII
      string: ""
    headers: 
      Accept: 
      - application/json
      Accept-Encoding: 
      - gzip, deflate
      Content-Type: 
      - application/json
      User-Agent: 
      - Ruby
  response: 
    status: 
      code: 404
      message: Not Found
    headers: 
      Date: 
      - Wed, 30 Apr 2014 20:48:05 GMT
      Server: 
      - Apache/2.2.15 (CentOS)
      Content-Encoding: 
      - utf-8
      Content-Length: 
      - "442"
      Connection: 
      - close
      Content-Type: 
      - application/json
    body: 
      encoding: US-ASCII
      string: "{\"http_request_method\": \"DELETE\", \"exception\": null, \"error_message\": \"Missing resource(s): repo_id=integration_test_id\", \"_href\": \"/pulp/api/v2/repositories/integration_test_id/\", \"http_status\": 404, \"error\": {\"code\": \"PLP0009\", \"data\": {\"resources\": {\"repo_id\": \"integration_test_id\"}}, \"description\": \"Missing resource(s): repo_id=integration_test_id\", \"sub_errors\": []}, \"traceback\": null, \"resources\": {\"repo_id\": \"integration_test_id\"}}"
    http_version: 
  recorded_at: Wed, 30 Apr 2014 20:48:05 GMT
- request: 
    method: get
    uri: https://admin:admin@centos.installer/pulp/api/v2/repositories/integration_test_id/
    body: 
      encoding: US-ASCII
      string: ""
    headers: 
      Accept: 
      - application/json
      Accept-Encoding: 
      - gzip, deflate
      Content-Type: 
      - application/json
      User-Agent: 
      - Ruby
  response: 
    status: 
      code: 404
      message: Not Found
    headers: 
      Date: 
      - Wed, 30 Apr 2014 20:48:05 GMT
      Server: 
      - Apache/2.2.15 (CentOS)
      Content-Encoding: 
      - utf-8
      Content-Length: 
      - "427"
      Connection: 
      - close
      Content-Type: 
      - application/json
    body: 
      encoding: US-ASCII
      string: "{\"http_request_method\": \"GET\", \"exception\": null, \"error_message\": \"Missing resource(s): repo=integration_test_id\", \"_href\": \"/pulp/api/v2/repositories/integration_test_id/\", \"http_status\": 404, \"error\": {\"code\": \"PLP0009\", \"data\": {\"resources\": {\"repo\": \"integration_test_id\"}}, \"description\": \"Missing resource(s): repo=integration_test_id\", \"sub_errors\": []}, \"traceback\": null, \"resources\": {\"repo\": \"integration_test_id\"}}"
    http_version: 
  recorded_at: Wed, 30 Apr 2014 20:48:05 GMT
- request: 
    method: post
    uri: https://admin:admin@centos.installer/pulp/api/v2/repositories/
    body: 
      encoding: US-ASCII
      string: "{\"id\":\"integration_test_id\",\"importer_type_id\":\"yum_importer\",\"importer_config\":{\"feed\":\"file:///home/jlsherri/git/runcible/test/fixtures/repositories/zoo5\"}}"
    headers: 
      Accept: 
      - application/json
      Accept-Encoding: 
      - gzip, deflate
      Content-Type: 
      - application/json
      Content-Length: 
      - "158"
      User-Agent: 
      - Ruby
  response: 
    status: 
      code: 201
      message: Created
    headers: 
      Date: 
      - Wed, 30 Apr 2014 20:48:05 GMT
      Server: 
      - Apache/2.2.15 (CentOS)
      Location: 
      - integration_test_id
      Content-Length: 
      - "267"
      Connection: 
      - close
      Content-Type: 
      - application/json
    body: 
      encoding: US-ASCII
      string: "{\"scratchpad\": {}, \"display_name\": \"integration_test_id\", \"description\": null, \"_ns\": \"repos\", \"notes\": {}, \"content_unit_counts\": {}, \"_id\": {\"$oid\": \"5361618686d9a928eeb27a26\"}, \"id\": \"integration_test_id\", \"_href\": \"/pulp/api/v2/repositories/integration_test_id/\"}"
    http_version: 
  recorded_at: Wed, 30 Apr 2014 20:48:06 GMT
- request: 
    method: post
    uri: https://admin:admin@centos.installer/pulp/api/v2/repositories/integration_test_id/actions/sync/
    body: 
      encoding: US-ASCII
      string: "{}"
    headers: 
      Accept: 
      - application/json
      Accept-Encoding: 
      - gzip, deflate
      Content-Type: 
      - application/json
      Content-Length: 
      - "2"
      User-Agent: 
      - Ruby
  response: 
    status: 
      code: 202
      message: Accepted
    headers: 
      Date: 
      - Wed, 30 Apr 2014 20:48:06 GMT
      Server: 
      - Apache/2.2.15 (CentOS)
      Content-Encoding: 
      - utf-8
      Content-Length: 
      - "172"
      Connection: 
      - close
      Content-Type: 
      - application/json
    body: 
      encoding: US-ASCII
      string: "{\"spawned_tasks\": [{\"_href\": \"/pulp/api/v2/tasks/aece5b78-a397-4e84-81f7-151c3b785157/\", \"task_id\": \"aece5b78-a397-4e84-81f7-151c3b785157\"}], \"result\": null, \"error\": null}"
    http_version: 
  recorded_at: Wed, 30 Apr 2014 20:48:06 GMT
- request: 
    method: get
    uri: https://admin:admin@centos.installer/pulp/api/v2/tasks/aece5b78-a397-4e84-81f7-151c3b785157/
    body: 
      encoding: US-ASCII
      string: ""
    headers: 
      Accept: 
      - application/json
      Accept-Encoding: 
      - gzip, deflate
      Content-Type: 
      - application/json
      User-Agent: 
      - Ruby
  response: 
    status: 
      code: 200
      message: OK
    headers: 
      Date: 
      - Wed, 30 Apr 2014 20:48:07 GMT
      Server: 
      - Apache/2.2.15 (CentOS)
      Content-Length: 
      - "1941"
      Connection: 
      - close
      Content-Type: 
      - application/json
    body: 
      encoding: US-ASCII
      string: "{\"task_type\": \"pulp.server.tasks.repository.sync_with_auto_publish\", \"_href\": \"/pulp/api/v2/tasks/aece5b78-a397-4e84-81f7-151c3b785157/\", \"task_id\": \"aece5b78-a397-4e84-81f7-151c3b785157\", \"tags\": [\"pulp:repository:integration_test_id\", \"pulp:action:sync\"], \"finish_time\": \"2014-04-30T20:48:07Z\", \"_ns\": \"task_status\", \"start_time\": \"2014-04-30T20:48:06Z\", \"spawned_tasks\": [], \"progress_report\": {\"yum_importer\": {\"content\": {\"size_total\": 17872, \"items_left\": 8, \"items_total\": 8, \"state\": \"FINISHED\", \"size_left\": 17872, \"details\": {\"rpm_total\": 8, \"rpm_done\": 0, \"drpm_total\": 0, \"drpm_done\": 0}, \"error_details\": []}, \"comps\": {\"state\": \"FINISHED\"}, \"distribution\": {\"items_total\": 3, \"state\": \"FINISHED\", \"error_details\": [], \"items_left\": 0}, \"errata\": {\"state\": \"FINISHED\"}, \"metadata\": {\"state\": \"FINISHED\"}}}, \"queue\": \"reserved_resource_worker-0@centos.installer\", \"state\": \"finished\", \"result\": {\"importer_type_id\": \"yum_importer\", \"importer_id\": \"yum_importer\", \"exception\": null, \"repo_id\": \"integration_test_id\", \"removed_count\": 0, \"started\": \"2014-04-30T21:48:06+01:00\", \"_ns\": \"repo_sync_results\", \"completed\": \"2014-04-30T21:48:07+01:00\", \"traceback\": null, \"summary\": {\"content\": {\"state\": \"FINISHED\"}, \"comps\": {\"state\": \"FINISHED\"}, \"distribution\": {\"state\": \"FINISHED\"}, \"errata\": {\"state\": \"FINISHED\"}, \"metadata\": {\"state\": \"FINISHED\"}}, \"added_count\": 0, \"error_message\": null, \"updated_count\": 14, \"details\": {\"content\": {\"size_total\": 17872, \"items_left\": 8, \"items_total\": 8, \"state\": \"FINISHED\", \"size_left\": 17872, \"details\": {\"rpm_total\": 8, \"rpm_done\": 0, \"drpm_total\": 0, \"drpm_done\": 0}, \"error_details\": []}, \"comps\": {\"state\": \"FINISHED\"}, \"distribution\": {\"items_total\": 3, \"state\": \"FINISHED\", \"error_details\": [], \"items_left\": 0}, \"errata\": {\"state\": \"FINISHED\"}, \"metadata\": {\"state\": \"FINISHED\"}}, \"id\": \"5361618786d9a9291999418b\", \"result\": \"success\"}, \"_id\": {\"$oid\": \"536161866f17e7ee7c724a37\"}}"
    http_version: 
  recorded_at: Wed, 30 Apr 2014 20:48:07 GMT
- request: 
    method: post
    uri: https://admin:admin@centos.installer/pulp/api/v2/repositories/
    body: 
      encoding: US-ASCII
      string: "{\"id\":\"integration_test_id_clone\",\"importer_type_id\":\"yum_importer\",\"importer_config\":{}}"
    headers: 
      Accept: 
      - application/json
      Accept-Encoding: 
      - gzip, deflate
      Content-Type: 
      - application/json
      Content-Length: 
      - "89"
      User-Agent: 
      - Ruby
  response: 
    status: 
      code: 201
      message: Created
    headers: 
      Date: 
      - Wed, 30 Apr 2014 20:48:07 GMT
      Server: 
      - Apache/2.2.15 (CentOS)
      Location: 
      - integration_test_id_clone
      Content-Length: 
      - "285"
      Connection: 
      - close
      Content-Type: 
      - application/json
    body: 
      encoding: US-ASCII
      string: "{\"scratchpad\": {}, \"display_name\": \"integration_test_id_clone\", \"description\": null, \"_ns\": \"repos\", \"notes\": {}, \"content_unit_counts\": {}, \"_id\": {\"$oid\": \"5361618786d9a928f0927458\"}, \"id\": \"integration_test_id_clone\", \"_href\": \"/pulp/api/v2/repositories/integration_test_id_clone/\"}"
    http_version: 
  recorded_at: Wed, 30 Apr 2014 20:48:07 GMT
- request: 
    method: delete
    uri: https://admin:admin@centos.installer/pulp/api/v2/repositories/integration_test_id_clone/
    body: 
      encoding: US-ASCII
      string: ""
    headers: 
      Accept: 
      - application/json
      Accept-Encoding: 
      - gzip, deflate
      Content-Type: 
      - application/json
      User-Agent: 
      - Ruby
  response: 
    status: 
      code: 202
      message: Accepted
    headers: 
      Date: 
      - Wed, 30 Apr 2014 20:48:08 GMT
      Server: 
      - Apache/2.2.15 (CentOS)
      Content-Encoding: 
      - utf-8
      Content-Length: 
      - "172"
      Connection: 
      - close
      Content-Type: 
      - application/json
    body: 
      encoding: US-ASCII
      string: "{\"spawned_tasks\": [{\"_href\": \"/pulp/api/v2/tasks/e0f5fde9-aa40-4c75-a5ac-0e5dce5964e6/\", \"task_id\": \"e0f5fde9-aa40-4c75-a5ac-0e5dce5964e6\"}], \"result\": null, \"error\": null}"
    http_version: 
  recorded_at: Wed, 30 Apr 2014 20:48:09 GMT
- request: 
    method: get
    uri: https://admin:admin@centos.installer/pulp/api/v2/tasks/e0f5fde9-aa40-4c75-a5ac-0e5dce5964e6/
    body: 
      encoding: US-ASCII
      string: ""
    headers: 
      Accept: 
      - application/json
      Accept-Encoding: 
      - gzip, deflate
      Content-Type: 
      - application/json
      User-Agent: 
      - Ruby
  response: 
    status: 
      code: 200
      message: OK
    headers: 
      Date: 
      - Wed, 30 Apr 2014 20:48:09 GMT
      Server: 
      - Apache/2.2.15 (CentOS)
      Content-Length: 
      - "507"
      Connection: 
      - close
      Content-Type: 
      - application/json
    body: 
      encoding: US-ASCII
      string: "{\"task_type\": \"pulp.server.tasks.repository.delete\", \"_href\": \"/pulp/api/v2/tasks/e0f5fde9-aa40-4c75-a5ac-0e5dce5964e6/\", \"task_id\": \"e0f5fde9-aa40-4c75-a5ac-0e5dce5964e6\", \"tags\": [\"pulp:repository:integration_test_id_clone\", \"pulp:action:delete\"], \"finish_time\": \"2014-04-30T20:48:09Z\", \"_ns\": \"task_status\", \"start_time\": \"2014-04-30T20:48:09Z\", \"spawned_tasks\": [], \"queue\": \"reserved_resource_worker-0@centos.installer\", \"state\": \"finished\", \"result\": null, \"_id\": {\"$oid\": \"536161896f17e7ee7c724a39\"}}"
    http_version: 
  recorded_at: Wed, 30 Apr 2014 20:48:09 GMT
- request: 
    method: delete
    uri: https://admin:admin@centos.installer/pulp/api/v2/repositories/integration_test_id/
    body: 
      encoding: US-ASCII
      string: ""
    headers: 
      Accept: 
      - application/json
      Accept-Encoding: 
      - gzip, deflate
      Content-Type: 
      - application/json
      User-Agent: 
      - Ruby
  response: 
    status: 
      code: 202
      message: Accepted
    headers: 
      Date: 
      - Wed, 30 Apr 2014 20:48:09 GMT
      Server: 
      - Apache/2.2.15 (CentOS)
      Content-Encoding: 
      - utf-8
      Content-Length: 
      - "172"
      Connection: 
      - close
      Content-Type: 
      - application/json
    body: 
      encoding: US-ASCII
      string: "{\"spawned_tasks\": [{\"_href\": \"/pulp/api/v2/tasks/d60e6861-b41a-456e-bc49-a244ffac83f5/\", \"task_id\": \"d60e6861-b41a-456e-bc49-a244ffac83f5\"}], \"result\": null, \"error\": null}"
    http_version: 
  recorded_at: Wed, 30 Apr 2014 20:48:10 GMT
- request: 
    method: get
    uri: https://admin:admin@centos.installer/pulp/api/v2/tasks/d60e6861-b41a-456e-bc49-a244ffac83f5/
    body: 
      encoding: US-ASCII
      string: ""
    headers: 
      Accept: 
      - application/json
      Accept-Encoding: 
      - gzip, deflate
      Content-Type: 
      - application/json
      User-Agent: 
      - Ruby
  response: 
    status: 
      code: 200
      message: OK
    headers: 
      Date: 
      - Wed, 30 Apr 2014 20:48:10 GMT
      Server: 
      - Apache/2.2.15 (CentOS)
      Content-Length: 
      - "501"
      Connection: 
      - close
      Content-Type: 
      - application/json
    body: 
      encoding: US-ASCII
      string: "{\"task_type\": \"pulp.server.tasks.repository.delete\", \"_href\": \"/pulp/api/v2/tasks/d60e6861-b41a-456e-bc49-a244ffac83f5/\", \"task_id\": \"d60e6861-b41a-456e-bc49-a244ffac83f5\", \"tags\": [\"pulp:repository:integration_test_id\", \"pulp:action:delete\"], \"finish_time\": \"2014-04-30T20:48:10Z\", \"_ns\": \"task_status\", \"start_time\": \"2014-04-30T20:48:10Z\", \"spawned_tasks\": [], \"queue\": \"reserved_resource_worker-0@centos.installer\", \"state\": \"finished\", \"result\": null, \"_id\": {\"$oid\": \"5361618a6f17e7ee7c724a3a\"}}"
    http_version: 
  recorded_at: Wed, 30 Apr 2014 20:48:10 GMT
recorded_with: VCR 2.9.0
