---
http_interactions:
- request:
    method: get
    uri: https://admin:HeQSzZgm6ZEKG8aHrJEGW7aGD85Wrj57@runcible.example.com/pulp/api/v2/tasks/2beeb081-c434-49ec-af81-68edbae7d3d2/
    body:
      encoding: US-ASCII
      string: ''
    headers:
      Accept:
      - application/json
      Accept-Encoding:
      - gzip, deflate
      Content-Type:
      - application/json
      User-Agent:
      - Ruby
  response:
    status:
      code: 200
      message: OK
    headers:
      Date:
      - Fri, 29 Apr 2016 16:26:51 GMT
      Server:
      - Apache/2.4.6 (CentOS)
      Vary:
      - Accept-Encoding
      Content-Length:
      - '1123'
      Content-Type:
      - application/json; charset=utf-8
    body:
      encoding: ASCII-8BIT
      string: '{"exception": null, "task_type": "pulp.server.managers.repo.sync.sync",
        "_href": "/pulp/api/v2/tasks/2beeb081-c434-49ec-af81-68edbae7d3d2/", "task_id":
        "2beeb081-c434-49ec-af81-68edbae7d3d2", "tags": ["pulp:repository:integration_test_id",
        "pulp:action:sync"], "finish_time": null, "_ns": "task_status", "start_time":
        "2016-04-29T16:26:50Z", "traceback": null, "spawned_tasks": [], "progress_report":
        {"yum_importer": {"content": {"items_total": 0, "state": "FINISHED", "error_details":
        [], "details": {"rpm_total": 0, "rpm_done": 0, "drpm_total": 0, "drpm_done":
        0}, "size_total": 0, "size_left": 0, "items_left": 0}, "comps": {"state":
        "IN_PROGRESS"}, "purge_duplicates": {"state": "NOT_STARTED"}, "distribution":
        {"items_total": 3, "state": "FINISHED", "error_details": [], "items_left":
        0}, "errata": {"state": "FINISHED"}, "metadata": {"state": "FINISHED"}}},
        "queue": "reserved_resource_worker-0@runcible.example.com.dq", "state": "running",
        "worker_name": "reserved_resource_worker-0@runcible.example.com", "result":
        null, "error": null, "_id": {"$oid": "57238b4a898f5c862fa3ebe8"}, "id": "57238b4a898f5c862fa3ebe8"}'
    http_version: 
  recorded_at: Fri, 29 Apr 2016 16:26:51 GMT
- request:
    method: get
    uri: https://admin:HeQSzZgm6ZEKG8aHrJEGW7aGD85Wrj57@runcible.example.com/pulp/api/v2/tasks/2beeb081-c434-49ec-af81-68edbae7d3d2/
    body:
      encoding: US-ASCII
      string: ''
    headers:
      Accept:
      - application/json
      Accept-Encoding:
      - gzip, deflate
      Content-Type:
      - application/json
      User-Agent:
      - Ruby
  response:
    status:
      code: 200
      message: OK
    headers:
      Date:
      - Fri, 29 Apr 2016 16:26:51 GMT
      Server:
      - Apache/2.4.6 (CentOS)
      Vary:
      - Accept-Encoding
      Content-Length:
      - '2188'
      Content-Type:
      - application/json; charset=utf-8
    body:
      encoding: ASCII-8BIT
      string: '{"exception": null, "task_type": "pulp.server.managers.repo.sync.sync",
        "_href": "/pulp/api/v2/tasks/2beeb081-c434-49ec-af81-68edbae7d3d2/", "task_id":
        "2beeb081-c434-49ec-af81-68edbae7d3d2", "tags": ["pulp:repository:integration_test_id",
        "pulp:action:sync"], "finish_time": "2016-04-29T16:26:51Z", "_ns": "task_status",
        "start_time": "2016-04-29T16:26:50Z", "traceback": null, "spawned_tasks":
        [], "progress_report": {"yum_importer": {"content": {"items_total": 0, "state":
        "FINISHED", "error_details": [], "details": {"rpm_total": 0, "rpm_done": 0,
        "drpm_total": 0, "drpm_done": 0}, "size_total": 0, "size_left": 0, "items_left":
        0}, "comps": {"state": "FINISHED"}, "purge_duplicates": {"state": "FINISHED"},
        "distribution": {"items_total": 3, "state": "FINISHED", "error_details": [],
        "items_left": 0}, "errata": {"state": "FINISHED"}, "metadata": {"state": "FINISHED"}}},
        "queue": "reserved_resource_worker-0@runcible.example.com.dq", "state": "finished",
        "worker_name": "reserved_resource_worker-0@runcible.example.com", "result":
        {"result": "success", "importer_id": "yum_importer", "exception": null, "repo_id":
        "integration_test_id", "traceback": null, "started": "2016-04-29T16:26:50Z",
        "_ns": "repo_sync_results", "completed": "2016-04-29T16:26:51Z", "importer_type_id":
        "yum_importer", "error_message": null, "summary": {"content": {"state": "FINISHED"},
        "comps": {"state": "FINISHED"}, "purge_duplicates": {"state": "FINISHED"},
        "distribution": {"state": "FINISHED"}, "errata": {"state": "FINISHED"}, "metadata":
        {"state": "FINISHED"}}, "added_count": 14, "removed_count": 0, "updated_count":
        0, "id": "57238b4baca4886e0c05c3f6", "details": {"content": {"size_total":
        0, "items_left": 0, "items_total": 0, "state": "FINISHED", "size_left": 0,
        "details": {"rpm_total": 0, "rpm_done": 0, "drpm_total": 0, "drpm_done": 0},
        "error_details": []}, "comps": {"state": "FINISHED"}, "purge_duplicates":
        {"state": "FINISHED"}, "distribution": {"items_total": 3, "state": "FINISHED",
        "error_details": [], "items_left": 0}, "errata": {"state": "FINISHED"}, "metadata":
        {"state": "FINISHED"}}}, "error": null, "_id": {"$oid": "57238b4a898f5c862fa3ebe8"},
        "id": "57238b4a898f5c862fa3ebe8"}'
    http_version: 
  recorded_at: Fri, 29 Apr 2016 16:26:51 GMT
- request:
    method: get
    uri: https://admin:HeQSzZgm6ZEKG8aHrJEGW7aGD85Wrj57@runcible.example.com/pulp/api/v2/tasks/93ce43b2-bf82-48db-8d85-e107d6764133/
    body:
      encoding: US-ASCII
      string: ''
    headers:
      Accept:
      - application/json
      Accept-Encoding:
      - gzip, deflate
      Content-Type:
      - application/json
      User-Agent:
      - Ruby
  response:
    status:
      code: 200
      message: OK
    headers:
      Date:
      - Fri, 29 Apr 2016 16:26:54 GMT
      Server:
      - Apache/2.4.6 (CentOS)
      Vary:
      - Accept-Encoding
      Content-Length:
      - '684'
      Content-Type:
      - application/json; charset=utf-8
    body:
      encoding: ASCII-8BIT
      string: '{"exception": null, "task_type": "pulp.server.tasks.repository.delete",
        "_href": "/pulp/api/v2/tasks/93ce43b2-bf82-48db-8d85-e107d6764133/", "task_id":
        "93ce43b2-bf82-48db-8d85-e107d6764133", "tags": ["pulp:repository:integration_test_id",
        "pulp:action:delete"], "finish_time": "2016-04-29T16:26:53Z", "_ns": "task_status",
        "start_time": "2016-04-29T16:26:53Z", "traceback": null, "spawned_tasks":
        [], "progress_report": {}, "queue": "reserved_resource_worker-0@runcible.example.com.dq",
        "state": "finished", "worker_name": "reserved_resource_worker-0@runcible.example.com",
        "result": null, "error": null, "_id": {"$oid": "57238b4d898f5c862fa3ebf8"},
        "id": "57238b4d898f5c862fa3ebf8"}'
    http_version: 
  recorded_at: Fri, 29 Apr 2016 16:26:54 GMT
- request:
    method: get
    uri: https://admin:admin@obelix.example.com/pulp/api/v2/tasks/2836e67f-5a9e-409c-92ba-a422fa894449/
    body:
      encoding: US-ASCII
      string: ''
    headers:
      Accept:
      - application/json
      Accept-Encoding:
      - gzip, deflate
      User-Agent:
      - rest-client/2.0.2 (linux-gnu x86_64) ruby/2.2.4p230
      Content-Type:
      - application/json
      Host:
      - obelix.example.com
  response:
    status:
      code: 200
      message: OK
    headers:
      Date:
      - Tue, 14 Nov 2017 20:18:43 GMT
      Server:
      - Apache/2.4.6 (CentOS)
      Vary:
      - Accept-Encoding
      Content-Length:
      - '1116'
      Connection:
      - close
      Content-Type:
      - application/json; charset=utf-8
    body:
      encoding: ASCII-8BIT
      string: '{"exception": null, "task_type": "pulp.server.managers.repo.sync.sync",
        "_href": "/pulp/api/v2/tasks/2836e67f-5a9e-409c-92ba-a422fa894449/", "task_id":
        "2836e67f-5a9e-409c-92ba-a422fa894449", "tags": ["pulp:repository:integration_test_id",
        "pulp:action:sync"], "finish_time": null, "_ns": "task_status", "start_time":
        "2017-11-14T20:18:42Z", "traceback": null, "spawned_tasks": [], "progress_report":
        {"yum_importer": {"content": {"items_total": 0, "state": "FINISHED", "error_details":
        [], "details": {"rpm_total": 0, "rpm_done": 0, "drpm_total": 0, "drpm_done":
        0}, "size_total": 0, "size_left": 0, "items_left": 0}, "comps": {"state":
        "FINISHED"}, "purge_duplicates": {"state": "IN_PROGRESS"}, "distribution":
        {"items_total": 3, "state": "FINISHED", "error_details": [], "items_left":
        0}, "errata": {"state": "FINISHED"}, "metadata": {"state": "FINISHED"}}},
        "queue": "reserved_resource_worker-1@obelix.example.com.dq", "state": "running",
        "worker_name": "reserved_resource_worker-1@obelix.example.com", "result":
        null, "error": null, "_id": {"$oid": "5a0b4fa21fbc3e9fdb584e00"}, "id": "5a0b4fa21fbc3e9fdb584e00"}'
    http_version: 
  recorded_at: Tue, 14 Nov 2017 20:18:43 GMT
- request:
    method: get
    uri: https://admin:admin@obelix.example.com/pulp/api/v2/tasks/2836e67f-5a9e-409c-92ba-a422fa894449/
    body:
      encoding: US-ASCII
      string: ''
    headers:
      Accept:
      - application/json
      Accept-Encoding:
      - gzip, deflate
      User-Agent:
      - rest-client/2.0.2 (linux-gnu x86_64) ruby/2.2.4p230
      Content-Type:
      - application/json
      Host:
      - obelix.example.com
  response:
    status:
      code: 200
      message: OK
    headers:
      Date:
      - Tue, 14 Nov 2017 20:18:43 GMT
      Server:
      - Apache/2.4.6 (CentOS)
      Vary:
      - Accept-Encoding
      Content-Length:
      - '1116'
      Connection:
      - close
      Content-Type:
      - application/json; charset=utf-8
    body:
      encoding: ASCII-8BIT
      string: '{"exception": null, "task_type": "pulp.server.managers.repo.sync.sync",
        "_href": "/pulp/api/v2/tasks/2836e67f-5a9e-409c-92ba-a422fa894449/", "task_id":
        "2836e67f-5a9e-409c-92ba-a422fa894449", "tags": ["pulp:repository:integration_test_id",
        "pulp:action:sync"], "finish_time": null, "_ns": "task_status", "start_time":
        "2017-11-14T20:18:42Z", "traceback": null, "spawned_tasks": [], "progress_report":
        {"yum_importer": {"content": {"items_total": 0, "state": "FINISHED", "error_details":
        [], "details": {"rpm_total": 0, "rpm_done": 0, "drpm_total": 0, "drpm_done":
        0}, "size_total": 0, "size_left": 0, "items_left": 0}, "comps": {"state":
        "FINISHED"}, "purge_duplicates": {"state": "IN_PROGRESS"}, "distribution":
        {"items_total": 3, "state": "FINISHED", "error_details": [], "items_left":
        0}, "errata": {"state": "FINISHED"}, "metadata": {"state": "FINISHED"}}},
        "queue": "reserved_resource_worker-1@obelix.example.com.dq", "state": "running",
        "worker_name": "reserved_resource_worker-1@obelix.example.com", "result":
        null, "error": null, "_id": {"$oid": "5a0b4fa21fbc3e9fdb584e00"}, "id": "5a0b4fa21fbc3e9fdb584e00"}'
    http_version: 
  recorded_at: Tue, 14 Nov 2017 20:18:43 GMT
- request:
    method: get
    uri: https://admin:admin@obelix.example.com/pulp/api/v2/tasks/2836e67f-5a9e-409c-92ba-a422fa894449/
    body:
      encoding: US-ASCII
      string: ''
    headers:
      Accept:
      - application/json
      Accept-Encoding:
      - gzip, deflate
      User-Agent:
      - rest-client/2.0.2 (linux-gnu x86_64) ruby/2.2.4p230
      Content-Type:
      - application/json
      Host:
      - obelix.example.com
  response:
    status:
      code: 200
      message: OK
    headers:
      Date:
      - Tue, 14 Nov 2017 20:18:44 GMT
      Server:
      - Apache/2.4.6 (CentOS)
      Vary:
      - Accept-Encoding
      Content-Length:
      - '1116'
      Connection:
      - close
      Content-Type:
      - application/json; charset=utf-8
    body:
      encoding: ASCII-8BIT
      string: '{"exception": null, "task_type": "pulp.server.managers.repo.sync.sync",
        "_href": "/pulp/api/v2/tasks/2836e67f-5a9e-409c-92ba-a422fa894449/", "task_id":
        "2836e67f-5a9e-409c-92ba-a422fa894449", "tags": ["pulp:repository:integration_test_id",
        "pulp:action:sync"], "finish_time": null, "_ns": "task_status", "start_time":
        "2017-11-14T20:18:42Z", "traceback": null, "spawned_tasks": [], "progress_report":
        {"yum_importer": {"content": {"items_total": 0, "state": "FINISHED", "error_details":
        [], "details": {"rpm_total": 0, "rpm_done": 0, "drpm_total": 0, "drpm_done":
        0}, "size_total": 0, "size_left": 0, "items_left": 0}, "comps": {"state":
        "FINISHED"}, "purge_duplicates": {"state": "IN_PROGRESS"}, "distribution":
        {"items_total": 3, "state": "FINISHED", "error_details": [], "items_left":
        0}, "errata": {"state": "FINISHED"}, "metadata": {"state": "FINISHED"}}},
        "queue": "reserved_resource_worker-1@obelix.example.com.dq", "state": "running",
        "worker_name": "reserved_resource_worker-1@obelix.example.com", "result":
        null, "error": null, "_id": {"$oid": "5a0b4fa21fbc3e9fdb584e00"}, "id": "5a0b4fa21fbc3e9fdb584e00"}'
    http_version: 
  recorded_at: Tue, 14 Nov 2017 20:18:44 GMT
- request:
    method: get
    uri: https://admin:admin@obelix.example.com/pulp/api/v2/tasks/2836e67f-5a9e-409c-92ba-a422fa894449/
    body:
      encoding: US-ASCII
      string: ''
    headers:
      Accept:
      - application/json
      Accept-Encoding:
      - gzip, deflate
      User-Agent:
      - rest-client/2.0.2 (linux-gnu x86_64) ruby/2.2.4p230
      Content-Type:
      - application/json
      Host:
      - obelix.example.com
  response:
    status:
      code: 200
      message: OK
    headers:
      Date:
      - Tue, 14 Nov 2017 20:18:45 GMT
      Server:
      - Apache/2.4.6 (CentOS)
      Vary:
      - Accept-Encoding
      Content-Length:
      - '1116'
      Connection:
      - close
      Content-Type:
      - application/json; charset=utf-8
    body:
      encoding: ASCII-8BIT
      string: '{"exception": null, "task_type": "pulp.server.managers.repo.sync.sync",
        "_href": "/pulp/api/v2/tasks/2836e67f-5a9e-409c-92ba-a422fa894449/", "task_id":
        "2836e67f-5a9e-409c-92ba-a422fa894449", "tags": ["pulp:repository:integration_test_id",
        "pulp:action:sync"], "finish_time": null, "_ns": "task_status", "start_time":
        "2017-11-14T20:18:42Z", "traceback": null, "spawned_tasks": [], "progress_report":
        {"yum_importer": {"content": {"items_total": 0, "state": "FINISHED", "error_details":
        [], "details": {"rpm_total": 0, "rpm_done": 0, "drpm_total": 0, "drpm_done":
        0}, "size_total": 0, "size_left": 0, "items_left": 0}, "comps": {"state":
        "FINISHED"}, "purge_duplicates": {"state": "IN_PROGRESS"}, "distribution":
        {"items_total": 3, "state": "FINISHED", "error_details": [], "items_left":
        0}, "errata": {"state": "FINISHED"}, "metadata": {"state": "FINISHED"}}},
        "queue": "reserved_resource_worker-1@obelix.example.com.dq", "state": "running",
        "worker_name": "reserved_resource_worker-1@obelix.example.com", "result":
        null, "error": null, "_id": {"$oid": "5a0b4fa21fbc3e9fdb584e00"}, "id": "5a0b4fa21fbc3e9fdb584e00"}'
    http_version: 
  recorded_at: Tue, 14 Nov 2017 20:18:45 GMT
- request:
    method: get
    uri: https://admin:admin@obelix.example.com/pulp/api/v2/tasks/2836e67f-5a9e-409c-92ba-a422fa894449/
    body:
      encoding: US-ASCII
      string: ''
    headers:
      Accept:
      - application/json
      Accept-Encoding:
      - gzip, deflate
      User-Agent:
      - rest-client/2.0.2 (linux-gnu x86_64) ruby/2.2.4p230
      Content-Type:
      - application/json
      Host:
      - obelix.example.com
  response:
    status:
      code: 200
      message: OK
    headers:
      Date:
      - Tue, 14 Nov 2017 20:18:45 GMT
      Server:
      - Apache/2.4.6 (CentOS)
      Vary:
      - Accept-Encoding
      Content-Length:
      - '1116'
      Connection:
      - close
      Content-Type:
      - application/json; charset=utf-8
    body:
      encoding: ASCII-8BIT
      string: '{"exception": null, "task_type": "pulp.server.managers.repo.sync.sync",
        "_href": "/pulp/api/v2/tasks/2836e67f-5a9e-409c-92ba-a422fa894449/", "task_id":
        "2836e67f-5a9e-409c-92ba-a422fa894449", "tags": ["pulp:repository:integration_test_id",
        "pulp:action:sync"], "finish_time": null, "_ns": "task_status", "start_time":
        "2017-11-14T20:18:42Z", "traceback": null, "spawned_tasks": [], "progress_report":
        {"yum_importer": {"content": {"items_total": 0, "state": "FINISHED", "error_details":
        [], "details": {"rpm_total": 0, "rpm_done": 0, "drpm_total": 0, "drpm_done":
        0}, "size_total": 0, "size_left": 0, "items_left": 0}, "comps": {"state":
        "FINISHED"}, "purge_duplicates": {"state": "IN_PROGRESS"}, "distribution":
        {"items_total": 3, "state": "FINISHED", "error_details": [], "items_left":
        0}, "errata": {"state": "FINISHED"}, "metadata": {"state": "FINISHED"}}},
        "queue": "reserved_resource_worker-1@obelix.example.com.dq", "state": "running",
        "worker_name": "reserved_resource_worker-1@obelix.example.com", "result":
        null, "error": null, "_id": {"$oid": "5a0b4fa21fbc3e9fdb584e00"}, "id": "5a0b4fa21fbc3e9fdb584e00"}'
    http_version: 
  recorded_at: Tue, 14 Nov 2017 20:18:45 GMT
- request:
    method: get
    uri: https://admin:admin@obelix.example.com/pulp/api/v2/tasks/2836e67f-5a9e-409c-92ba-a422fa894449/
    body:
      encoding: US-ASCII
      string: ''
    headers:
      Accept:
      - application/json
      Accept-Encoding:
      - gzip, deflate
      User-Agent:
      - rest-client/2.0.2 (linux-gnu x86_64) ruby/2.2.4p230
      Content-Type:
      - application/json
      Host:
      - obelix.example.com
  response:
    status:
      code: 200
      message: OK
    headers:
      Date:
      - Tue, 14 Nov 2017 20:18:46 GMT
      Server:
      - Apache/2.4.6 (CentOS)
      Vary:
      - Accept-Encoding
      Content-Length:
      - '1116'
      Connection:
      - close
      Content-Type:
      - application/json; charset=utf-8
    body:
      encoding: ASCII-8BIT
      string: '{"exception": null, "task_type": "pulp.server.managers.repo.sync.sync",
        "_href": "/pulp/api/v2/tasks/2836e67f-5a9e-409c-92ba-a422fa894449/", "task_id":
        "2836e67f-5a9e-409c-92ba-a422fa894449", "tags": ["pulp:repository:integration_test_id",
        "pulp:action:sync"], "finish_time": null, "_ns": "task_status", "start_time":
        "2017-11-14T20:18:42Z", "traceback": null, "spawned_tasks": [], "progress_report":
        {"yum_importer": {"content": {"items_total": 0, "state": "FINISHED", "error_details":
        [], "details": {"rpm_total": 0, "rpm_done": 0, "drpm_total": 0, "drpm_done":
        0}, "size_total": 0, "size_left": 0, "items_left": 0}, "comps": {"state":
        "FINISHED"}, "purge_duplicates": {"state": "IN_PROGRESS"}, "distribution":
        {"items_total": 3, "state": "FINISHED", "error_details": [], "items_left":
        0}, "errata": {"state": "FINISHED"}, "metadata": {"state": "FINISHED"}}},
        "queue": "reserved_resource_worker-1@obelix.example.com.dq", "state": "running",
        "worker_name": "reserved_resource_worker-1@obelix.example.com", "result":
        null, "error": null, "_id": {"$oid": "5a0b4fa21fbc3e9fdb584e00"}, "id": "5a0b4fa21fbc3e9fdb584e00"}'
    http_version: 
  recorded_at: Tue, 14 Nov 2017 20:18:46 GMT
- request:
    method: get
    uri: https://admin:admin@obelix.example.com/pulp/api/v2/tasks/2836e67f-5a9e-409c-92ba-a422fa894449/
    body:
      encoding: US-ASCII
      string: ''
    headers:
      Accept:
      - application/json
      Accept-Encoding:
      - gzip, deflate
      User-Agent:
      - rest-client/2.0.2 (linux-gnu x86_64) ruby/2.2.4p230
      Content-Type:
      - application/json
      Host:
      - obelix.example.com
  response:
    status:
      code: 200
      message: OK
    headers:
      Date:
      - Tue, 14 Nov 2017 20:18:46 GMT
      Server:
      - Apache/2.4.6 (CentOS)
      Vary:
      - Accept-Encoding
      Content-Length:
      - '1116'
      Connection:
      - close
      Content-Type:
      - application/json; charset=utf-8
    body:
      encoding: ASCII-8BIT
      string: '{"exception": null, "task_type": "pulp.server.managers.repo.sync.sync",
        "_href": "/pulp/api/v2/tasks/2836e67f-5a9e-409c-92ba-a422fa894449/", "task_id":
        "2836e67f-5a9e-409c-92ba-a422fa894449", "tags": ["pulp:repository:integration_test_id",
        "pulp:action:sync"], "finish_time": null, "_ns": "task_status", "start_time":
        "2017-11-14T20:18:42Z", "traceback": null, "spawned_tasks": [], "progress_report":
        {"yum_importer": {"content": {"items_total": 0, "state": "FINISHED", "error_details":
        [], "details": {"rpm_total": 0, "rpm_done": 0, "drpm_total": 0, "drpm_done":
        0}, "size_total": 0, "size_left": 0, "items_left": 0}, "comps": {"state":
        "FINISHED"}, "purge_duplicates": {"state": "IN_PROGRESS"}, "distribution":
        {"items_total": 3, "state": "FINISHED", "error_details": [], "items_left":
        0}, "errata": {"state": "FINISHED"}, "metadata": {"state": "FINISHED"}}},
        "queue": "reserved_resource_worker-1@obelix.example.com.dq", "state": "running",
        "worker_name": "reserved_resource_worker-1@obelix.example.com", "result":
        null, "error": null, "_id": {"$oid": "5a0b4fa21fbc3e9fdb584e00"}, "id": "5a0b4fa21fbc3e9fdb584e00"}'
    http_version: 
  recorded_at: Tue, 14 Nov 2017 20:18:46 GMT
- request:
    method: get
    uri: https://admin:admin@obelix.example.com/pulp/api/v2/tasks/2836e67f-5a9e-409c-92ba-a422fa894449/
    body:
      encoding: US-ASCII
      string: ''
    headers:
      Accept:
      - application/json
      Accept-Encoding:
      - gzip, deflate
      User-Agent:
      - rest-client/2.0.2 (linux-gnu x86_64) ruby/2.2.4p230
      Content-Type:
      - application/json
      Host:
      - obelix.example.com
  response:
    status:
      code: 200
      message: OK
    headers:
      Date:
      - Tue, 14 Nov 2017 20:18:47 GMT
      Server:
      - Apache/2.4.6 (CentOS)
      Vary:
      - Accept-Encoding
      Content-Length:
      - '1116'
      Connection:
      - close
      Content-Type:
      - application/json; charset=utf-8
    body:
      encoding: ASCII-8BIT
      string: '{"exception": null, "task_type": "pulp.server.managers.repo.sync.sync",
        "_href": "/pulp/api/v2/tasks/2836e67f-5a9e-409c-92ba-a422fa894449/", "task_id":
        "2836e67f-5a9e-409c-92ba-a422fa894449", "tags": ["pulp:repository:integration_test_id",
        "pulp:action:sync"], "finish_time": null, "_ns": "task_status", "start_time":
        "2017-11-14T20:18:42Z", "traceback": null, "spawned_tasks": [], "progress_report":
        {"yum_importer": {"content": {"items_total": 0, "state": "FINISHED", "error_details":
        [], "details": {"rpm_total": 0, "rpm_done": 0, "drpm_total": 0, "drpm_done":
        0}, "size_total": 0, "size_left": 0, "items_left": 0}, "comps": {"state":
        "FINISHED"}, "purge_duplicates": {"state": "IN_PROGRESS"}, "distribution":
        {"items_total": 3, "state": "FINISHED", "error_details": [], "items_left":
        0}, "errata": {"state": "FINISHED"}, "metadata": {"state": "FINISHED"}}},
        "queue": "reserved_resource_worker-1@obelix.example.com.dq", "state": "running",
        "worker_name": "reserved_resource_worker-1@obelix.example.com", "result":
        null, "error": null, "_id": {"$oid": "5a0b4fa21fbc3e9fdb584e00"}, "id": "5a0b4fa21fbc3e9fdb584e00"}'
    http_version: 
  recorded_at: Tue, 14 Nov 2017 20:18:47 GMT
- request:
    method: get
    uri: https://admin:admin@obelix.example.com/pulp/api/v2/tasks/2836e67f-5a9e-409c-92ba-a422fa894449/
    body:
      encoding: US-ASCII
      string: ''
    headers:
      Accept:
      - application/json
      Accept-Encoding:
      - gzip, deflate
      User-Agent:
      - rest-client/2.0.2 (linux-gnu x86_64) ruby/2.2.4p230
      Content-Type:
      - application/json
      Host:
      - obelix.example.com
  response:
    status:
      code: 200
      message: OK
    headers:
      Date:
      - Tue, 14 Nov 2017 20:18:47 GMT
      Server:
      - Apache/2.4.6 (CentOS)
      Vary:
      - Accept-Encoding
      Content-Length:
      - '2184'
      Connection:
      - close
      Content-Type:
      - application/json; charset=utf-8
    body:
      encoding: ASCII-8BIT
      string: '{"exception": null, "task_type": "pulp.server.managers.repo.sync.sync",
        "_href": "/pulp/api/v2/tasks/2836e67f-5a9e-409c-92ba-a422fa894449/", "task_id":
        "2836e67f-5a9e-409c-92ba-a422fa894449", "tags": ["pulp:repository:integration_test_id",
        "pulp:action:sync"], "finish_time": "2017-11-14T20:18:47Z", "_ns": "task_status",
        "start_time": "2017-11-14T20:18:42Z", "traceback": null, "spawned_tasks":
        [], "progress_report": {"yum_importer": {"content": {"items_total": 0, "state":
        "FINISHED", "error_details": [], "details": {"rpm_total": 0, "rpm_done": 0,
        "drpm_total": 0, "drpm_done": 0}, "size_total": 0, "size_left": 0, "items_left":
        0}, "comps": {"state": "FINISHED"}, "purge_duplicates": {"state": "FINISHED"},
        "distribution": {"items_total": 3, "state": "FINISHED", "error_details": [],
        "items_left": 0}, "errata": {"state": "FINISHED"}, "metadata": {"state": "FINISHED"}}},
        "queue": "reserved_resource_worker-1@obelix.example.com.dq", "state": "finished",
        "worker_name": "reserved_resource_worker-1@obelix.example.com", "result":
        {"result": "success", "importer_id": "yum_importer", "exception": null, "repo_id":
        "integration_test_id", "traceback": null, "started": "2017-11-14T20:18:42Z",
        "_ns": "repo_sync_results", "completed": "2017-11-14T20:18:47Z", "importer_type_id":
        "yum_importer", "error_message": null, "summary": {"content": {"state": "FINISHED"},
        "comps": {"state": "FINISHED"}, "purge_duplicates": {"state": "FINISHED"},
        "distribution": {"state": "FINISHED"}, "errata": {"state": "FINISHED"}, "metadata":
        {"state": "FINISHED"}}, "added_count": 14, "removed_count": 0, "updated_count":
        0, "id": "5a0b4fa770be6f067d8a57c3", "details": {"content": {"size_total":
        0, "items_left": 0, "items_total": 0, "state": "FINISHED", "size_left": 0,
        "details": {"rpm_total": 0, "rpm_done": 0, "drpm_total": 0, "drpm_done": 0},
        "error_details": []}, "comps": {"state": "FINISHED"}, "purge_duplicates":
        {"state": "FINISHED"}, "distribution": {"items_total": 3, "state": "FINISHED",
        "error_details": [], "items_left": 0}, "errata": {"state": "FINISHED"}, "metadata":
        {"state": "FINISHED"}}}, "error": null, "_id": {"$oid": "5a0b4fa21fbc3e9fdb584e00"},
        "id": "5a0b4fa21fbc3e9fdb584e00"}'
    http_version: 
  recorded_at: Tue, 14 Nov 2017 20:18:47 GMT
- request:
    method: get
    uri: https://admin:admin@obelix.example.com/pulp/api/v2/tasks/94522e38-bdd6-4a61-bb36-269876c5db1c/
    body:
      encoding: US-ASCII
      string: ''
    headers:
      Accept:
      - application/json
      Accept-Encoding:
      - gzip, deflate
      User-Agent:
      - rest-client/2.0.2 (linux-gnu x86_64) ruby/2.2.4p230
      Content-Type:
      - application/json
      Host:
      - obelix.example.com
  response:
    status:
      code: 200
      message: OK
    headers:
      Date:
      - Tue, 14 Nov 2017 20:18:48 GMT
      Server:
      - Apache/2.4.6 (CentOS)
      Vary:
      - Accept-Encoding
      Content-Length:
      - '680'
      Connection:
      - close
      Content-Type:
      - application/json; charset=utf-8
    body:
      encoding: ASCII-8BIT
      string: '{"exception": null, "task_type": "pulp.server.tasks.repository.delete",
        "_href": "/pulp/api/v2/tasks/94522e38-bdd6-4a61-bb36-269876c5db1c/", "task_id":
        "94522e38-bdd6-4a61-bb36-269876c5db1c", "tags": ["pulp:repository:integration_test_id",
        "pulp:action:delete"], "finish_time": "2017-11-14T20:18:48Z", "_ns": "task_status",
        "start_time": "2017-11-14T20:18:48Z", "traceback": null, "spawned_tasks":
        [], "progress_report": {}, "queue": "reserved_resource_worker-1@obelix.example.com.dq",
        "state": "finished", "worker_name": "reserved_resource_worker-1@obelix.example.com",
        "result": null, "error": null, "_id": {"$oid": "5a0b4fa81fbc3e9fdb584e10"},
        "id": "5a0b4fa81fbc3e9fdb584e10"}'
    http_version: 
  recorded_at: Tue, 14 Nov 2017 20:18:48 GMT
- request:
    method: get
    uri: https://alpha.partello.example.com/pulp/api/v2/tasks/729963fd-c841-476f-a748-dadb9b0053d8/
    body:
      encoding: US-ASCII
      string: ''
    headers:
      Accept:
      - application/json
      Accept-Encoding:
      - gzip, deflate
      User-Agent:
      - rest-client/2.0.2 (linux-gnu x86_64) ruby/2.4.1p111
      Content-Type:
      - application/json
      Host:
      - alpha.partello.example.com
      Authorization:
      - Basic YWRtaW46YWRtaW4=
  response:
    status:
      code: 200
      message: OK
    headers:
      Date:
      - Thu, 30 Aug 2018 02:38:47 GMT
      Server:
      - Apache/2.4.6 (CentOS)
      Etag:
      - '"a56050058ea2ce14b04f38d312473fd4-gzip"'
      Vary:
      - Accept-Encoding
      Content-Length:
      - '2303'
      Content-Type:
      - application/json; charset=utf-8
    body:
      encoding: ASCII-8BIT
      string: '{"exception": null, "task_type": "pulp.server.managers.repo.sync.sync",
        "_href": "/pulp/api/v2/tasks/729963fd-c841-476f-a748-dadb9b0053d8/", "task_id":
        "729963fd-c841-476f-a748-dadb9b0053d8", "tags": ["pulp:repository:integration_test_id",
        "pulp:action:sync"], "finish_time": "2018-08-30T02:38:47Z", "_ns": "task_status",
        "start_time": "2018-08-30T02:38:47Z", "traceback": null, "spawned_tasks":
        [], "progress_report": {"yum_importer": {"content": {"items_total": 0, "state":
        "FINISHED", "error_details": [], "details": {"rpm_total": 0, "rpm_done": 0,
        "drpm_total": 0, "drpm_done": 0}, "size_total": 0, "size_left": 0, "items_left":
        0}, "comps": {"state": "FINISHED"}, "purge_duplicates": {"state": "FINISHED"},
        "distribution": {"items_total": 3, "state": "FINISHED", "error_details": [],
        "items_left": 0}, "modules": {"state": "FINISHED"}, "errata": {"state": "FINISHED"},
        "metadata": {"state": "FINISHED"}}}, "queue": "reserved_resource_worker-0@alpha.partello.example.com.dq2",
        "state": "finished", "worker_name": "reserved_resource_worker-0@alpha.partello.example.com",
        "result": {"result": "success", "importer_id": "yum_importer", "exception":
        null, "repo_id": "integration_test_id", "traceback": null, "started": "2018-08-30T02:38:47Z",
        "_ns": "repo_sync_results", "completed": "2018-08-30T02:38:47Z", "importer_type_id":
        "yum_importer", "error_message": null, "summary": {"modules": {"state": "FINISHED"},
        "content": {"state": "FINISHED"}, "comps": {"state": "FINISHED"}, "purge_duplicates":
        {"state": "FINISHED"}, "distribution": {"state": "FINISHED"}, "errata": {"state":
        "FINISHED"}, "metadata": {"state": "FINISHED"}}, "added_count": 28, "removed_count":
        0, "updated_count": 0, "id": "5b8758b7d6cc060873b591d1", "details": {"modules":
        {"state": "FINISHED"}, "content": {"size_total": 0, "items_left": 0, "items_total":
        0, "state": "FINISHED", "size_left": 0, "details": {"rpm_total": 0, "rpm_done":
        0, "drpm_total": 0, "drpm_done": 0}, "error_details": []}, "comps": {"state":
        "FINISHED"}, "purge_duplicates": {"state": "FINISHED"}, "distribution": {"items_total":
        3, "state": "FINISHED", "error_details": [], "items_left": 0}, "errata": {"state":
        "FINISHED"}, "metadata": {"state": "FINISHED"}}}, "error": null, "_id": {"$oid":
        "5b8758b704b1e079c02f518a"}, "id": "5b8758b704b1e079c02f518a"}'
    http_version: 
  recorded_at: Thu, 30 Aug 2018 02:38:47 GMT
- request:
    method: get
    uri: https://alpha.partello.example.com/pulp/api/v2/tasks/1db43965-ffa4-4cad-95c3-acfe3d7b38dd/
    body:
      encoding: US-ASCII
      string: ''
    headers:
      Accept:
      - application/json
      Accept-Encoding:
      - gzip, deflate
      User-Agent:
      - rest-client/2.0.2 (linux-gnu x86_64) ruby/2.4.1p111
      Content-Type:
      - application/json
      Host:
      - alpha.partello.example.com
      Authorization:
      - Basic YWRtaW46YWRtaW4=
  response:
    status:
      code: 200
      message: OK
    headers:
      Date:
      - Thu, 30 Aug 2018 02:38:48 GMT
      Server:
      - Apache/2.4.6 (CentOS)
      Etag:
      - '"71b5bee2e7677efb32ab40b11d1badb7-gzip"'
      Vary:
      - Accept-Encoding
      Content-Length:
      - '697'
      Content-Type:
      - application/json; charset=utf-8
    body:
      encoding: ASCII-8BIT
      string: '{"exception": null, "task_type": "pulp.server.tasks.repository.delete",
        "_href": "/pulp/api/v2/tasks/1db43965-ffa4-4cad-95c3-acfe3d7b38dd/", "task_id":
        "1db43965-ffa4-4cad-95c3-acfe3d7b38dd", "tags": ["pulp:repository:integration_test_id",
        "pulp:action:delete"], "finish_time": "2018-08-30T02:38:48Z", "_ns": "task_status",
        "start_time": "2018-08-30T02:38:48Z", "traceback": null, "spawned_tasks":
        [], "progress_report": {}, "queue": "reserved_resource_worker-0@alpha.partello.example.com.dq2",
        "state": "finished", "worker_name": "reserved_resource_worker-0@alpha.partello.example.com",
        "result": null, "error": null, "_id": {"$oid": "5b8758b804b1e079c02f51a8"},
        "id": "5b8758b804b1e079c02f51a8"}'
    http_version: 
  recorded_at: Thu, 30 Aug 2018 02:38:48 GMT
- request:
    method: post
    uri: https://alpha.partello.example.com/pulp/api/v2/consumers/
    body:
      encoding: UTF-8
      string: '{"id":"integration_test_consumer_support"}'
    headers:
      Accept:
      - application/json
      Accept-Encoding:
      - gzip, deflate
      User-Agent:
      - rest-client/2.0.2 (linux-gnu x86_64) ruby/2.4.1p111
      Content-Type:
      - application/json
      Content-Length:
      - '42'
      Host:
      - alpha.partello.example.com
      Authorization:
      - Basic YWRtaW46YWRtaW4=
  response:
    status:
      code: 201
      message: CREATED
    headers:
      Date:
      - Thu, 30 Aug 2018 03:26:48 GMT
      Server:
      - Apache/2.4.6 (CentOS)
      Content-Length:
      - '2541'
      Location:
      - "/pulp/api/v2/consumers/integration_test_consumer_support/"
      Content-Type:
      - application/json; charset=utf-8
    body:
      encoding: UTF-8
      string: '{"consumer": {"display_name": "integration_test_consumer_support",
        "description": null, "_ns": "consumers", "notes": {}, "rsa_pub": null, "capabilities":
        {}, "_id": {"$oid": "5b8763f8d6cc06041d38e605"}, "id": "integration_test_consumer_support",
        "_href": "/pulp/api/v2/consumers/integration_test_consumer_support/"}, "certificate":
        "-----BEGIN RSA PRIVATE KEY-----\nMIICXQIBAAKBgQD4JljhlkwzfjGYMiklvPtgJydxEIf1mcF2aGpIAacloHaPC4N+\nX8C+5Nrrv0N/G86CfGab2BZqxtTseZ6U9ikZNIJu8kX4C5qoL5ZWSqKV8t8WH+r2\nU4ytMKJSN85k2pizdW2hURtdHJuAe4sqOyhAFmmydsMSr6KTM8/IpPjPMwIDAQAB\nAoGBAKhtTrJ+0uW4Z20HzsnghTX0HV8uezmFzLvTjx+kj5CIYzAf/nYOA8MNjlGo\nleV2OCp0yShJ+J0sq2R9/9bXZXhx+BnizLjUcWz+6nz2uslSQdNfySeOZYyzv+gU\nQ7nCnxBSfpPigtLbrKSw9E4h4u9dnOeejwJqTysDcOC92behAkEA/E072RTD67OH\nRM+N2KzF7c3FEHEOYjHeQ+qOsT+ac1zAQAbaWXlYqfHKUM9f0uV+zmgte42xLGYQ\nAwDln5832wJBAPvJiIizQqTVYgpOXPptbVMfrA0o2r47MdwJMy+Qcq50e6paKObn\nhSFA7nRY9/yiMOSrtAnSrLmFbxcYRncpMYkCQGndUm5s+yRsaSbjXCZ9oHN+8uBK\nP/nN6PBgfE09XeZoFbcH6RjABQcSEI1F5nRMnZ+oMOV199CkZrWL683Fdh8CQE7r\npo4ikhsUfzx3v5EHR6MsZENjsNy7tS8g+xhHkIq6HCETTYrCuunnblatpF1dgTHL\n2AzUKiukdWOpyjyDfvECQQC5Aesb9+LWUHzwtQ79dTMfQ7Bkw4h+53j7FXfDZS2n\ntrO2PQ+TY4e1I/5kgbtE5bk+7iSRNJm5RbEeOWY1AC+4\n-----END
        RSA PRIVATE KEY-----\n-----BEGIN CERTIFICATE-----\nMIIDiTCCAXECEE6FTDBXIEqxpaf5265iZj0wDQYJKoZIhvcNAQEFBQAwNDEjMCEG\nA1UEAwwaYWxwaGEucGFydGVsbG8uZXhhbXBsZS5jb20xDTALBgNVBAoMBFBVTFAw\nHhcNMTgwODMwMDMyNjQ4WhcNMjgwODI3MDMyNjQ4WjBWMSowKAYDVQQDDCFpbnRl\nZ3JhdGlvbl90ZXN0X2NvbnN1bWVyX3N1cHBvcnQxKDAmBgoJkiaJk/IsZAEBDBg1\nYjg3NjNmOGQ2Y2MwNjA0MWQzOGU2MDUwgZ8wDQYJKoZIhvcNAQEBBQADgY0AMIGJ\nAoGBAPgmWOGWTDN+MZgyKSW8+2AnJ3EQh/WZwXZoakgBpyWgdo8Lg35fwL7k2uu/\nQ38bzoJ8ZpvYFmrG1Ox5npT2KRk0gm7yRfgLmqgvllZKopXy3xYf6vZTjK0wolI3\nzmTamLN1baFRG10cm4B7iyo7KEAWabJ2wxKvopMzz8ik+M8zAgMBAAEwDQYJKoZI\nhvcNAQEFBQADggIBAIi/Qyq+hoKUGfq91haisa/7QrEALXhzsJExZUjKnYVuGjRt\n28PIohbSz8Jz2+4GTK7trasLC988b7VD8NQGlmRRjg0TexOxG/Cq2O7tZQeN4tUw\nAnaxS4x5/kdbwFeWE0vclmXPCoxBlZICbml8/VguiNBC8OlsyHMl4TOKuCob3ANZ\nOvF6Fd/xZ6mKdXchZuKN/Wzpe6cbMcLE2SKIRn+JGkp9ohhOeFOZ6l81aU/nNrLw\nYo+DoJOOsjliJa19/aRktVP/vkyTEJMA9mRKWHcYwJXLsrnd2Kn/wpCr5c8kjMiP\n/o0yZ+7EdqQxHSO9WOnv30ZYQ1eSFCHwEKt3cr+FIo1lRWHcw8l1A8b6XXoAgXv2\nCyv8m7L0uIpPSrZ/r2KC+wIF3Py+riFiUN9kOXfwZDJn9hrrngiAxVhYuSgounLB\nUTfWuuNQyJ6dnZSEcOJZj+V7vi/AijQFj511vp0xZ2uoOzLQuMovhqErA8Lj6pGu\n23ZRi2x6/iGflt7vHltFWJEUabjoTSTXENhznwBdMVYCNYPpYaW8S5mzXi6VeFwB\n/XQFBG6QWjmshkyLF+ZxsfRkJmFMDZyy+qyo8UrUNgLkaYQSrbHJcjontoM8aeo6\nJT7YWWr4ObpYFejrY06t9eioDJWRP3NfEawH20eaZnTy9++rXgBlaaeioyyB\n-----END
        CERTIFICATE-----"}'
    http_version: 
  recorded_at: Thu, 30 Aug 2018 03:26:48 GMT
- request:
    method: post
    uri: https://alpha.partello.example.com/pulp/api/v2/consumers/integration_test_consumer_support/profiles//
    body:
      encoding: UTF-8
      string: '{"content_type":"rpm","profile":[{"name":"elephant","version":"0.2","release":"0.7","epoch":0,"arch":"noarch","vendor":"Fedora"}]}'
    headers:
      Accept:
      - application/json
      Accept-Encoding:
      - gzip, deflate
      User-Agent:
      - rest-client/2.0.2 (linux-gnu x86_64) ruby/2.4.1p111
      Content-Type:
      - application/json
      Content-Length:
      - '130'
      Host:
      - alpha.partello.example.com
      Authorization:
      - Basic YWRtaW46YWRtaW4=
  response:
    status:
      code: 201
      message: CREATED
    headers:
      Date:
      - Thu, 30 Aug 2018 03:26:48 GMT
      Server:
      - Apache/2.4.6 (CentOS)
      Content-Length:
      - '475'
      Location:
      - "/pulp/api/v2/consumers/integration_test_consumer_support/profiles/rpm/"
      Content-Type:
      - application/json; charset=utf-8
    body:
      encoding: UTF-8
      string: '{"profile": [{"vendor": "Fedora", "name": "elephant", "epoch": 0, "version":
        "0.2", "release": "0.7", "arch": "noarch"}], "_href": "/pulp/api/v2/consumers/integration_test_consumer_support/profiles/rpm/",
        "_ns": "consumer_unit_profiles", "profile_hash": "db16b75e977ae3fbbf27beb919693137b26ba59eb7be73f2888197b89521e50d",
        "consumer_id": "integration_test_consumer_support", "content_type": "rpm",
        "_id": {"$oid": "5b8763f8d6cc06041d38e607"}, "id": "5b8763f8d6cc06041d38e607"}'
    http_version: 
  recorded_at: Thu, 30 Aug 2018 03:26:48 GMT
- request:
    method: get
    uri: https://alpha.partello.example.com/pulp/api/v2/repositories/integration_test_id/
    body:
      encoding: US-ASCII
      string: ''
    headers:
      Accept:
      - application/json
      Accept-Encoding:
      - gzip, deflate
      User-Agent:
      - rest-client/2.0.2 (linux-gnu x86_64) ruby/2.4.1p111
      Content-Type:
      - application/json
      Host:
      - alpha.partello.example.com
      Authorization:
      - Basic YWRtaW46YWRtaW4=
  response:
    status:
      code: 404
      message: Not Found
    headers:
      Date:
      - Thu, 30 Aug 2018 03:26:48 GMT
      Server:
      - Apache/2.4.6 (CentOS)
      Content-Length:
      - '452'
      Etag:
      - '"7069a6b1115393c7d259d12015ef56e1"'
      Content-Type:
      - application/json; charset=utf-8
    body:
      encoding: UTF-8
      string: '{"http_request_method": "GET", "exception": null, "error_message":
        "Missing resource(s): repository=integration_test_id", "_href": "/pulp/api/v2/repositories/integration_test_id/?",
        "http_status": 404, "error": {"code": "PLP0009", "data": {"resources": {"repository":
        "integration_test_id"}}, "description": "Missing resource(s): repository=integration_test_id",
        "sub_errors": []}, "traceback": null, "resources": {"repository": "integration_test_id"}}'
    http_version: 
  recorded_at: Thu, 30 Aug 2018 03:26:48 GMT
- request:
    method: post
    uri: https://alpha.partello.example.com/pulp/api/v2/repositories/
    body:
      encoding: UTF-8
      string: '{"id":"integration_test_id","importer_type_id":"yum_importer","importer_config":{"feed":"file:///var/www/repositories/zoo5"},"distributors":[{"distributor_type_id":"yum_distributor","distributor_config":{"relative_url":"path","http":true,"https":true},"auto_publish":false,"distributor_id":"yum_dist"}]}'
    headers:
      Accept:
      - application/json
      Accept-Encoding:
      - gzip, deflate
      User-Agent:
      - rest-client/2.0.2 (linux-gnu x86_64) ruby/2.4.1p111
      Content-Type:
      - application/json
      Content-Length:
      - '303'
      Host:
      - alpha.partello.example.com
      Authorization:
      - Basic YWRtaW46YWRtaW4=
  response:
    status:
      code: 201
      message: CREATED
    headers:
      Date:
      - Thu, 30 Aug 2018 03:26:48 GMT
      Server:
      - Apache/2.4.6 (CentOS)
      Content-Length:
      - '319'
      Location:
      - "/pulp/api/v2/repositories/integration_test_id/"
      Content-Type:
      - application/json; charset=utf-8
    body:
      encoding: UTF-8
      string: '{"scratchpad": {}, "display_name": "integration_test_id", "description":
        null, "last_unit_added": null, "notes": {}, "last_unit_removed": null, "content_unit_counts":
        {}, "_ns": "repos", "_id": {"$oid": "5b8763f8d6cc06041d38e609"}, "id": "integration_test_id",
        "_href": "/pulp/api/v2/repositories/integration_test_id/"}'
    http_version: 
  recorded_at: Thu, 30 Aug 2018 03:26:48 GMT
- request:
    method: post
    uri: https://alpha.partello.example.com/pulp/api/v2/repositories/integration_test_id/actions/sync/
    body:
      encoding: UTF-8
      string: "{}"
    headers:
      Accept:
      - application/json
      Accept-Encoding:
      - gzip, deflate
      User-Agent:
      - rest-client/2.0.2 (linux-gnu x86_64) ruby/2.4.1p111
      Content-Type:
      - application/json
      Content-Length:
      - '2'
      Host:
      - alpha.partello.example.com
      Authorization:
      - Basic YWRtaW46YWRtaW4=
  response:
    status:
      code: 202
      message: Accepted
    headers:
      Date:
      - Thu, 30 Aug 2018 03:26:48 GMT
      Server:
      - Apache/2.4.6 (CentOS)
      Content-Length:
      - '172'
      Content-Type:
      - application/json; charset=utf-8
    body:
      encoding: UTF-8
      string: '{"spawned_tasks": [{"_href": "/pulp/api/v2/tasks/e8b65653-1471-4278-983c-b86b67f92f42/",
        "task_id": "e8b65653-1471-4278-983c-b86b67f92f42"}], "result": null, "error":
        null}'
    http_version: 
  recorded_at: Thu, 30 Aug 2018 03:26:48 GMT
- request:
    method: get
    uri: https://alpha.partello.example.com/pulp/api/v2/tasks/e8b65653-1471-4278-983c-b86b67f92f42/
    body:
      encoding: US-ASCII
      string: ''
    headers:
      Accept:
      - application/json
      Accept-Encoding:
      - gzip, deflate
      User-Agent:
      - rest-client/2.0.2 (linux-gnu x86_64) ruby/2.4.1p111
      Content-Type:
      - application/json
      Host:
      - alpha.partello.example.com
      Authorization:
      - Basic YWRtaW46YWRtaW4=
  response:
    status:
      code: 200
      message: OK
    headers:
      Date:
      - Thu, 30 Aug 2018 03:26:48 GMT
      Server:
      - Apache/2.4.6 (CentOS)
      Etag:
      - '"23ef922d61520bc3091d14f4290bdc98-gzip"'
      Vary:
      - Accept-Encoding
      Content-Length:
      - '2303'
      Content-Type:
      - application/json; charset=utf-8
    body:
      encoding: ASCII-8BIT
      string: '{"exception": null, "task_type": "pulp.server.managers.repo.sync.sync",
        "_href": "/pulp/api/v2/tasks/e8b65653-1471-4278-983c-b86b67f92f42/", "task_id":
        "e8b65653-1471-4278-983c-b86b67f92f42", "tags": ["pulp:repository:integration_test_id",
        "pulp:action:sync"], "finish_time": "2018-08-30T03:26:48Z", "_ns": "task_status",
        "start_time": "2018-08-30T03:26:48Z", "traceback": null, "spawned_tasks":
        [], "progress_report": {"yum_importer": {"content": {"items_total": 0, "state":
        "FINISHED", "error_details": [], "details": {"rpm_total": 0, "rpm_done": 0,
        "drpm_total": 0, "drpm_done": 0}, "size_total": 0, "size_left": 0, "items_left":
        0}, "comps": {"state": "FINISHED"}, "purge_duplicates": {"state": "FINISHED"},
        "distribution": {"items_total": 3, "state": "FINISHED", "error_details": [],
        "items_left": 0}, "modules": {"state": "FINISHED"}, "errata": {"state": "FINISHED"},
        "metadata": {"state": "FINISHED"}}}, "queue": "reserved_resource_worker-0@alpha.partello.example.com.dq2",
        "state": "finished", "worker_name": "reserved_resource_worker-0@alpha.partello.example.com",
        "result": {"result": "success", "importer_id": "yum_importer", "exception":
        null, "repo_id": "integration_test_id", "traceback": null, "started": "2018-08-30T03:26:48Z",
        "_ns": "repo_sync_results", "completed": "2018-08-30T03:26:48Z", "importer_type_id":
        "yum_importer", "error_message": null, "summary": {"modules": {"state": "FINISHED"},
        "content": {"state": "FINISHED"}, "comps": {"state": "FINISHED"}, "purge_duplicates":
        {"state": "FINISHED"}, "distribution": {"state": "FINISHED"}, "errata": {"state":
        "FINISHED"}, "metadata": {"state": "FINISHED"}}, "added_count": 30, "removed_count":
        0, "updated_count": 0, "id": "5b8763f8d6cc060873b59608", "details": {"modules":
        {"state": "FINISHED"}, "content": {"size_total": 0, "items_left": 0, "items_total":
        0, "state": "FINISHED", "size_left": 0, "details": {"rpm_total": 0, "rpm_done":
        0, "drpm_total": 0, "drpm_done": 0}, "error_details": []}, "comps": {"state":
        "FINISHED"}, "purge_duplicates": {"state": "FINISHED"}, "distribution": {"items_total":
        3, "state": "FINISHED", "error_details": [], "items_left": 0}, "errata": {"state":
        "FINISHED"}, "metadata": {"state": "FINISHED"}}}, "error": null, "_id": {"$oid":
        "5b8763f804b1e079c02f5a66"}, "id": "5b8763f804b1e079c02f5a66"}'
    http_version: 
  recorded_at: Thu, 30 Aug 2018 03:26:48 GMT
- request:
    method: delete
    uri: https://alpha.partello.example.com/pulp/api/v2/consumers/integration_test_consumer_support/
    body:
      encoding: US-ASCII
      string: ''
    headers:
      Accept:
      - application/json
      Accept-Encoding:
      - gzip, deflate
      User-Agent:
      - rest-client/2.0.2 (linux-gnu x86_64) ruby/2.4.1p111
      Content-Type:
      - application/json
      Host:
      - alpha.partello.example.com
      Authorization:
      - Basic YWRtaW46YWRtaW4=
  response:
    status:
      code: 200
      message: OK
    headers:
      Date:
      - Thu, 30 Aug 2018 03:26:49 GMT
      Server:
      - Apache/2.4.6 (CentOS)
      Content-Length:
      - '4'
      Content-Type:
      - application/json; charset=utf-8
    body:
      encoding: UTF-8
      string: 'null'
    http_version: 
  recorded_at: Thu, 30 Aug 2018 03:26:49 GMT
- request:
    method: delete
    uri: https://alpha.partello.example.com/pulp/api/v2/repositories/integration_test_id/
    body:
      encoding: US-ASCII
      string: ''
    headers:
      Accept:
      - application/json
      Accept-Encoding:
      - gzip, deflate
      User-Agent:
      - rest-client/2.0.2 (linux-gnu x86_64) ruby/2.4.1p111
      Content-Type:
      - application/json
      Host:
      - alpha.partello.example.com
      Authorization:
      - Basic YWRtaW46YWRtaW4=
  response:
    status:
      code: 202
      message: Accepted
    headers:
      Date:
      - Thu, 30 Aug 2018 03:26:49 GMT
      Server:
      - Apache/2.4.6 (CentOS)
      Content-Length:
      - '172'
      Content-Type:
      - application/json; charset=utf-8
    body:
      encoding: UTF-8
      string: '{"spawned_tasks": [{"_href": "/pulp/api/v2/tasks/f708414c-b5f5-4857-a363-702b154dedd1/",
        "task_id": "f708414c-b5f5-4857-a363-702b154dedd1"}], "result": null, "error":
        null}'
    http_version: 
  recorded_at: Thu, 30 Aug 2018 03:26:49 GMT
- request:
    method: get
    uri: https://alpha.partello.example.com/pulp/api/v2/tasks/f708414c-b5f5-4857-a363-702b154dedd1/
    body:
      encoding: US-ASCII
      string: ''
    headers:
      Accept:
      - application/json
      Accept-Encoding:
      - gzip, deflate
      User-Agent:
      - rest-client/2.0.2 (linux-gnu x86_64) ruby/2.4.1p111
      Content-Type:
      - application/json
      Host:
      - alpha.partello.example.com
      Authorization:
      - Basic YWRtaW46YWRtaW4=
  response:
    status:
      code: 200
      message: OK
    headers:
      Date:
      - Thu, 30 Aug 2018 03:26:50 GMT
      Server:
      - Apache/2.4.6 (CentOS)
      Etag:
      - '"70f7959e23d243708a1579de84e3d5b9-gzip"'
      Vary:
      - Accept-Encoding
      Content-Length:
      - '697'
      Content-Type:
      - application/json; charset=utf-8
    body:
      encoding: ASCII-8BIT
      string: '{"exception": null, "task_type": "pulp.server.tasks.repository.delete",
        "_href": "/pulp/api/v2/tasks/f708414c-b5f5-4857-a363-702b154dedd1/", "task_id":
        "f708414c-b5f5-4857-a363-702b154dedd1", "tags": ["pulp:repository:integration_test_id",
        "pulp:action:delete"], "finish_time": "2018-08-30T03:26:49Z", "_ns": "task_status",
        "start_time": "2018-08-30T03:26:49Z", "traceback": null, "spawned_tasks":
        [], "progress_report": {}, "queue": "reserved_resource_worker-0@alpha.partello.example.com.dq2",
        "state": "finished", "worker_name": "reserved_resource_worker-0@alpha.partello.example.com",
        "result": null, "error": null, "_id": {"$oid": "5b8763f904b1e079c02f5a86"},
        "id": "5b8763f904b1e079c02f5a86"}'
    http_version: 
  recorded_at: Thu, 30 Aug 2018 03:26:50 GMT
recorded_with: VCR 4.0.0
