--- 
http_interactions: 
- request: 
    method: delete
    uri: https://admin:admin@localhost/pulp/api/v2/events/50fdcb60196cbe51780006c7/
    body: 
      string: ""
    headers: 
      Accept-Encoding: 
      - gzip, deflate
      Content-Type: 
      - application/json
      Accept: 
      - application/json
  response: 
    status: 
      code: 200
      message: OK
    headers: 
      Content-Length: 
      - "4"
      Content-Type: 
      - application/json
      Date: 
      - Mon, 21 Jan 2013 23:12:32 GMT
      Server: 
      - Apache/2.2.22 (Fedora)
    body: 
      string: "null"
    http_version: 
  recorded_at: Mon, 21 Jan 2013 23:12:32 GMT
- request: 
    method: post
    uri: https://admin:admin@localhost/pulp/api/v2/events/
    body: 
      string: "{\"event_types\":[\"repo.publish.finish\"],\"notifier_type_id\":\"http\",\"notifier_config\":{\"url\":\"http://foo.com/foo/\"}}"
    headers: 
      Accept-Encoding: 
      - gzip, deflate
      Content-Length: 
      - "113"
      Content-Type: 
      - application/json
      Accept: 
      - application/json
  response: 
    status: 
      code: 201
      message: Created
    headers: 
      Content-Length: 
      - "282"
      Location: 
      - /pulp/api/v2/events/50fdd0fe196cbe5a4800035f/
      Content-Type: 
      - application/json
      Server: 
      - Apache/2.2.22 (Fedora)
      Date: 
      - Mon, 21 Jan 2013 23:36:30 GMT
    body: 
      string: "{\"notifier_config\": {\"url\": \"http://foo.com/foo/\"}, \"_ns\": \"event_listeners\", \"event_types\": [\"repo.publish.finish\"], \"_id\": {\"$oid\": \"50fdd0fe196cbe5a4800035f\"}, \"id\": \"50fdd0fe196cbe5a4800035f\", \"notifier_type_id\": \"http\", \"_href\": \"/pulp/api/v2/events/50fdd0fe196cbe5a4800035f/\"}"
    http_version: 
  recorded_at: Mon, 21 Jan 2013 23:36:30 GMT
- request: 
    method: delete
    uri: https://admin:admin@localhost/pulp/api/v2/events/50fdd0fe196cbe5a4800035f/
    body: 
      string: ""
    headers: 
      Accept-Encoding: 
      - gzip, deflate
      Content-Type: 
      - application/json
      Accept: 
      - application/json
  response: 
    status: 
      code: 200
      message: OK
    headers: 
      Content-Length: 
      - "4"
      Content-Type: 
      - application/json
      Server: 
      - Apache/2.2.22 (Fedora)
      Date: 
      - Mon, 21 Jan 2013 23:36:30 GMT
    body: 
      string: "null"
    http_version: 
  recorded_at: Mon, 21 Jan 2013 23:36:30 GMT
recorded_with: VCR 2.4.0
