--- 
http_interactions: 
- request: 
    method: post
    uri: https://admin:admin@localhost/pulp/api/v2/events/
    body: 
      encoding: US-ASCII
      string: "{\"notifier_type_id\":\"http\",\"notifier_config\":{\"url\":\"http://foo.com/foo/\"},\"event_types\":[\"repo.publish.finish\"]}"
    headers: 
      Accept: 
      - application/json
      Accept-Encoding: 
      - gzip, deflate
      Content-Type: 
      - application/json
      Content-Length: 
      - "113"
      User-Agent: 
      - Ruby
  response: 
    status: 
      code: 201
      message: Created
    headers: 
      Date: 
      - Mon, 18 Mar 2013 18:03:03 GMT
      Server: 
      - Apache/2.4.3 (Fedora) OpenSSL/1.0.1c-fips mod_wsgi/3.4 Python/2.7.3
      Location: 
      - /pulp/api/v2/events/514756d74964c84cd4fd6669/
      Content-Length: 
      - "282"
      Content-Type: 
      - application/json
    body: 
      encoding: US-ASCII
      string: "{\"notifier_config\": {\"url\": \"http://foo.com/foo/\"}, \"_ns\": \"event_listeners\", \"event_types\": [\"repo.publish.finish\"], \"_id\": {\"$oid\": \"514756d74964c84cd4fd6669\"}, \"id\": \"514756d74964c84cd4fd6669\", \"notifier_type_id\": \"http\", \"_href\": \"/pulp/api/v2/events/514756d74964c84cd4fd6669/\"}"
    http_version: 
  recorded_at: Mon, 18 Mar 2013 18:03:03 GMT
- request: 
    method: delete
    uri: https://admin:admin@localhost/pulp/api/v2/events/514756d74964c84cd4fd6669/
    body: 
      encoding: US-ASCII
      string: ""
    headers: 
      Accept: 
      - application/json
      Accept-Encoding: 
      - gzip, deflate
      Content-Type: 
      - application/json
      User-Agent: 
      - Ruby
  response: 
    status: 
      code: 200
      message: OK
    headers: 
      Date: 
      - Mon, 18 Mar 2013 18:03:03 GMT
      Server: 
      - Apache/2.4.3 (Fedora) OpenSSL/1.0.1c-fips mod_wsgi/3.4 Python/2.7.3
      Content-Length: 
      - "4"
      Content-Type: 
      - application/json
    body: 
      encoding: US-ASCII
      string: "null"
    http_version: 
  recorded_at: Mon, 18 Mar 2013 18:03:03 GMT
- request: 
    method: post
    uri: https://admin:admin@localhost/pulp/api/v2/events/
    body: 
      encoding: US-ASCII
      string: "{\"notifier_type_id\":\"http\",\"notifier_config\":{\"url\":\"http://foo.com/foo/\"},\"event_types\":[\"repo.publish.finish\"]}"
    headers: 
      Accept: 
      - application/json
      Accept-Encoding: 
      - gzip, deflate
      Content-Type: 
      - application/json
      Content-Length: 
      - "113"
      User-Agent: 
      - Ruby
  response: 
    status: 
      code: 201
      message: Created
    headers: 
      Date: 
      - Mon, 18 Mar 2013 18:03:03 GMT
      Server: 
      - Apache/2.4.3 (Fedora) OpenSSL/1.0.1c-fips mod_wsgi/3.4 Python/2.7.3
      Location: 
      - /pulp/api/v2/events/514756d74964c84cd4fd666c/
      Content-Length: 
      - "282"
      Content-Type: 
      - application/json
    body: 
      encoding: US-ASCII
      string: "{\"notifier_config\": {\"url\": \"http://foo.com/foo/\"}, \"_ns\": \"event_listeners\", \"event_types\": [\"repo.publish.finish\"], \"_id\": {\"$oid\": \"514756d74964c84cd4fd666c\"}, \"id\": \"514756d74964c84cd4fd666c\", \"notifier_type_id\": \"http\", \"_href\": \"/pulp/api/v2/events/514756d74964c84cd4fd666c/\"}"
    http_version: 
  recorded_at: Mon, 18 Mar 2013 18:03:03 GMT
- request: 
    method: get
    uri: https://admin:admin@localhost/pulp/api/v2/events/
    body: 
      encoding: US-ASCII
      string: ""
    headers: 
      Accept: 
      - application/json
      Accept-Encoding: 
      - gzip, deflate
      Content-Type: 
      - application/json
      User-Agent: 
      - Ruby
  response: 
    status: 
      code: 200
      message: OK
    headers: 
      Date: 
      - Mon, 18 Mar 2013 18:03:03 GMT
      Server: 
      - Apache/2.4.3 (Fedora) OpenSSL/1.0.1c-fips mod_wsgi/3.4 Python/2.7.3
      Content-Length: 
      - "4662"
      Content-Type: 
      - application/json
    body: 
      encoding: US-ASCII
      string: "[{\"notifier_config\": {\"url\": \"http://foo.com/foo/\"}, \"_ns\": \"event_listeners\", \"event_types\": [\"repo.publish.finish\"], \"_id\": {\"$oid\": \"513f47084964c878e6a6bb0d\"}, \"id\": \"513f47084964c878e6a6bb0d\", \"notifier_type_id\": \"http\", \"_href\": \"/pulp/api/v2/events/\"}, {\"notifier_config\": {\"url\": \"http://foo.com/foo/\"}, \"_ns\": \"event_listeners\", \"event_types\": [\"repo.publish.finish\"], \"_id\": {\"$oid\": \"513f471f4964c878e6a6bb13\"}, \"id\": \"513f471f4964c878e6a6bb13\", \"notifier_type_id\": \"http\", \"_href\": \"/pulp/api/v2/events/\"}, {\"notifier_config\": {\"url\": \"http://foo.com/foo/\"}, \"_ns\": \"event_listeners\", \"event_types\": [\"repo.publish.finish\"], \"_id\": {\"$oid\": \"513f472b4964c878e6a6bb1f\"}, \"id\": \"513f472b4964c878e6a6bb1f\", \"notifier_type_id\": \"http\", \"_href\": \"/pulp/api/v2/events/\"}, {\"notifier_config\": {\"url\": \"http://foo.com/foo/\"}, \"_ns\": \"event_listeners\", \"event_types\": [\"repo.publish.finish\"], \"_id\": {\"$oid\": \"513f47374964c878e6a6bb28\"}, \"id\": \"513f47374964c878e6a6bb28\", \"notifier_type_id\": \"http\", \"_href\": \"/pulp/api/v2/events/\"}, {\"notifier_config\": {\"url\": \"http://foo.com/foo/\"}, \"_ns\": \"event_listeners\", \"event_types\": [\"repo.publish.finish\"], \"_id\": {\"$oid\": \"513f47eb4964c878e6a6c1a0\"}, \"id\": \"513f47eb4964c878e6a6c1a0\", \"notifier_type_id\": \"http\", \"_href\": \"/pulp/api/v2/events/\"}, {\"notifier_config\": {\"url\": \"http://foo.com/foo/\"}, \"_ns\": \"event_listeners\", \"event_types\": [\"repo.publish.finish\"], \"_id\": {\"$oid\": \"513f4cb94964c878e6a6d69a\"}, \"id\": \"513f4cb94964c878e6a6d69a\", \"notifier_type_id\": \"http\", \"_href\": \"/pulp/api/v2/events/\"}, {\"notifier_config\": {\"url\": \"http://foo.com/foo/\"}, \"_ns\": \"event_listeners\", \"event_types\": [\"repo.publish.finish\"], \"_id\": {\"$oid\": \"513f5e434964c878e6a6e9ab\"}, \"id\": \"513f5e434964c878e6a6e9ab\", \"notifier_type_id\": \"http\", \"_href\": \"/pulp/api/v2/events/\"}, {\"notifier_config\": {\"url\": \"http://foo.com/foo/\"}, \"_ns\": \"event_listeners\", \"event_types\": [\"repo.publish.finish\"], \"_id\": {\"$oid\": \"513f860a4964c878e6a7031a\"}, \"id\": \"513f860a4964c878e6a7031a\", \"notifier_type_id\": \"http\", \"_href\": \"/pulp/api/v2/events/\"}, {\"notifier_config\": {\"url\": \"http://foo.com/foo/\"}, \"_ns\": \"event_listeners\", \"event_types\": [\"repo.publish.finish\"], \"_id\": {\"$oid\": \"513f89c64964c878e6a715df\"}, \"id\": \"513f89c64964c878e6a715df\", \"notifier_type_id\": \"http\", \"_href\": \"/pulp/api/v2/events/\"}, {\"notifier_config\": {\"url\": \"http://foo.com/foo/\"}, \"_ns\": \"event_listeners\", \"event_types\": [\"repo.publish.finish\"], \"_id\": {\"$oid\": \"5140dc664964c878e6a72ae3\"}, \"id\": \"5140dc664964c878e6a72ae3\", \"notifier_type_id\": \"http\", \"_href\": \"/pulp/api/v2/events/\"}, {\"notifier_config\": {\"url\": \"http://foo.com/foo/\"}, \"_ns\": \"event_listeners\", \"event_types\": [\"repo.publish.finish\"], \"_id\": {\"$oid\": \"514743f54964c84cd4fd283b\"}, \"id\": \"514743f54964c84cd4fd283b\", \"notifier_type_id\": \"http\", \"_href\": \"/pulp/api/v2/events/\"}, {\"notifier_config\": {\"url\": \"http://foo.com/foo/\"}, \"_ns\": \"event_listeners\", \"event_types\": [\"repo.publish.finish\"], \"_id\": {\"$oid\": \"51474f334964c84cd4fd5925\"}, \"id\": \"51474f334964c84cd4fd5925\", \"notifier_type_id\": \"http\", \"_href\": \"/pulp/api/v2/events/\"}, {\"notifier_config\": {\"url\": \"http://foo.com/foo/\"}, \"_ns\": \"event_listeners\", \"event_types\": [\"repo.publish.finish\"], \"_id\": {\"$oid\": \"514756a44964c84cd4fd665b\"}, \"id\": \"514756a44964c84cd4fd665b\", \"notifier_type_id\": \"http\", \"_href\": \"/pulp/api/v2/events/\"}, {\"notifier_config\": {\"url\": \"http://foo.com/foo/\"}, \"_ns\": \"event_listeners\", \"event_types\": [\"repo.publish.finish\"], \"_id\": {\"$oid\": \"514756a54964c84cd4fd665d\"}, \"id\": \"514756a54964c84cd4fd665d\", \"notifier_type_id\": \"http\", \"_href\": \"/pulp/api/v2/events/\"}, {\"notifier_config\": {\"url\": \"http://foo.com/foo/\"}, \"_ns\": \"event_listeners\", \"event_types\": [\"repo.publish.finish\"], \"_id\": {\"$oid\": \"514756a54964c84cd4fd665f\"}, \"id\": \"514756a54964c84cd4fd665f\", \"notifier_type_id\": \"http\", \"_href\": \"/pulp/api/v2/events/\"}, {\"notifier_config\": {\"url\": \"http://foo.com/foo/\"}, \"_ns\": \"event_listeners\", \"event_types\": [\"repo.publish.finish\"], \"_id\": {\"$oid\": \"514756d74964c84cd4fd6665\"}, \"id\": \"514756d74964c84cd4fd6665\", \"notifier_type_id\": \"http\", \"_href\": \"/pulp/api/v2/events/\"}, {\"notifier_config\": {\"url\": \"http://foo.com/foo/\"}, \"_ns\": \"event_listeners\", \"event_types\": [\"repo.publish.finish\"], \"_id\": {\"$oid\": \"514756d74964c84cd4fd6667\"}, \"id\": \"514756d74964c84cd4fd6667\", \"notifier_type_id\": \"http\", \"_href\": \"/pulp/api/v2/events/\"}, {\"notifier_config\": {\"url\": \"http://foo.com/foo/\"}, \"_ns\": \"event_listeners\", \"event_types\": [\"repo.publish.finish\"], \"_id\": {\"$oid\": \"514756d74964c84cd4fd666c\"}, \"id\": \"514756d74964c84cd4fd666c\", \"notifier_type_id\": \"http\", \"_href\": \"/pulp/api/v2/events/\"}]"
    http_version: 
  recorded_at: Mon, 18 Mar 2013 18:03:04 GMT
recorded_with: VCR 2.4.0
