--- 
http_interactions: 
- request: 
    method: put
    uri: https://admin:admin@localhost/pulp/api/v2/repositories/integration_test_id/importers/yum_importer/schedules/sync/50fdccc1196cbe517800126e/
    body: 
      string: "{\"schedule\":\"P1DT\"}"
    headers: 
      Accept-Encoding: 
      - gzip, deflate
      Content-Length: 
      - "19"
      Content-Type: 
      - application/json
      Accept: 
      - application/json
  response: 
    status: 
      code: 200
      message: OK
    headers: 
      Content-Length: 
      - "386"
      Content-Type: 
      - application/json
      Date: 
      - Mon, 21 Jan 2013 23:18:25 GMT
      Server: 
      - Apache/2.2.22 (Fedora)
    body: 
      string: "{\"next_run\": \"2013-01-22T20:44:00Z\", \"_href\": \"/pulp/api/v2/repositories/integration_test_id/importers/yum_importer/schedules/sync/50fdccc1196cbe517800126e/\", \"schedule\": \"P1DT\", \"override_config\": {}, \"remaining_runs\": null, \"first_run\": \"2013-01-22T20:44:00Z\", \"enabled\": true, \"last_run\": null, \"failure_threshold\": null, \"_id\": \"50fdccc1196cbe517800126e\", \"consecutive_failures\": 0}"
    http_version: 
  recorded_at: Mon, 21 Jan 2013 23:18:26 GMT
- request: 
    method: get
    uri: https://admin:admin@localhost/pulp/api/v2/repositories/integration_test_id/importers/yum_importer/schedules/sync/
    body: 
      string: ""
    headers: 
      Accept-Encoding: 
      - gzip, deflate
      Content-Type: 
      - application/json
      Accept: 
      - application/json
  response: 
    status: 
      code: 200
      message: OK
    headers: 
      Content-Length: 
      - "408"
      Content-Type: 
      - application/json
      Server: 
      - Apache/2.2.22 (Fedora)
      Date: 
      - Mon, 21 Jan 2013 23:38:43 GMT
    body: 
      string: "[{\"next_run\": \"2013-01-22T20:44:00Z\", \"_href\": \"/pulp/api/v2/repositories/integration_test_id/importers/yum_importer/schedules/sync/50fdd183196cbe5a48000745/\", \"schedule\": \"2012-09-25T20:44:00Z/P7D\", \"override_config\": {}, \"remaining_runs\": null, \"first_run\": \"2013-01-22T20:44:00Z\", \"enabled\": true, \"last_run\": null, \"failure_threshold\": null, \"_id\": \"50fdd183196cbe5a48000745\", \"consecutive_failures\": 0}]"
    http_version: 
  recorded_at: Mon, 21 Jan 2013 23:38:43 GMT
- request: 
    method: put
    uri: https://admin:admin@localhost/pulp/api/v2/repositories/integration_test_id/importers/yum_importer/schedules/sync/50fdd183196cbe5a48000745/
    body: 
      string: "{\"schedule\":\"P1DT\"}"
    headers: 
      Accept-Encoding: 
      - gzip, deflate
      Content-Length: 
      - "19"
      Content-Type: 
      - application/json
      Accept: 
      - application/json
  response: 
    status: 
      code: 200
      message: OK
    headers: 
      Content-Length: 
      - "386"
      Content-Type: 
      - application/json
      Server: 
      - Apache/2.2.22 (Fedora)
      Date: 
      - Mon, 21 Jan 2013 23:38:43 GMT
    body: 
      string: "{\"next_run\": \"2013-01-22T20:44:00Z\", \"_href\": \"/pulp/api/v2/repositories/integration_test_id/importers/yum_importer/schedules/sync/50fdd183196cbe5a48000745/\", \"schedule\": \"P1DT\", \"override_config\": {}, \"remaining_runs\": null, \"first_run\": \"2013-01-22T20:44:00Z\", \"enabled\": true, \"last_run\": null, \"failure_threshold\": null, \"_id\": \"50fdd183196cbe5a48000745\", \"consecutive_failures\": 0}"
    http_version: 
  recorded_at: Mon, 21 Jan 2013 23:38:43 GMT
recorded_with: VCR 2.4.0
