--- 
http_interactions: 
- request: 
    method: get
    uri: https://admin:admin@knifeparty.localdomain/pulp/api/v2/tasks/879c493f-82de-4162-81da-f96995f31843/
    body: 
      string: ""
    headers: 
      Accept: 
      - application/json
      Content-Type: 
      - application/json
      Accept-Encoding: 
      - gzip, deflate
  response: 
    status: 
      code: 200
      message: OK
    headers: 
      Content-Length: 
      - "1505"
      Date: 
      - Mon, 12 Nov 2012 02:41:01 GMT
      Content-Type: 
      - application/json
      Server: 
      - Apache/2.2.22 (Fedora)
    body: 
      string: "{\"task_group_id\": \"27c7c086-7e7e-4eda-b4b3-97447b9e8b51\", \"exception\": null, \"traceback\": null, \"_href\": \"/pulp/api/v2/tasks/879c493f-82de-4162-81da-f96995f31843/\", \"task_id\": \"879c493f-82de-4162-81da-f96995f31843\", \"call_request_tags\": [\"pulp:repository:integration_test_id\", \"pulp:action:sync\"], \"reasons\": [], \"start_time\": \"2012-11-12T02:40:58Z\", \"tags\": [\"pulp:repository:integration_test_id\", \"pulp:action:sync\"], \"state\": \"finished\", \"finish_time\": \"2012-11-12T02:41:00Z\", \"dependency_failures\": {}, \"schedule_id\": null, \"progress\": {\"yum_importer\": {\"content\": {\"num_success\": 11, \"size_total\": 17872, \"items_left\": 0, \"items_total\": 11, \"state\": \"FINISHED\", \"size_left\": 0, \"details\": {\"tree_file\": {\"num_success\": 3, \"size_total\": 0, \"items_left\": 0, \"items_total\": 3, \"size_left\": 0, \"num_error\": 0}, \"rpm\": {\"num_success\": 8, \"size_total\": 17872, \"items_left\": 0, \"items_total\": 8, \"size_left\": 0, \"num_error\": 0}, \"delta_rpm\": {\"num_success\": 0, \"size_total\": 0, \"items_left\": 0, \"items_total\": 0, \"size_left\": 0, \"num_error\": 0}, \"file\": {\"num_success\": 0, \"size_total\": 0, \"items_left\": 0, \"items_total\": 0, \"size_left\": 0, \"num_error\": 0}}, \"error_details\": [], \"num_error\": 0}, \"comps\": {\"state\": \"FINISHED\"}, \"errata\": {\"state\": \"FINISHED\", \"num_errata\": 2}, \"metadata\": {\"state\": \"FINISHED\"}}}, \"call_request_group_id\": \"27c7c086-7e7e-4eda-b4b3-97447b9e8b51\", \"call_request_id\": \"879c493f-82de-4162-81da-f96995f31843\", \"principal_login\": \"admin\", \"response\": \"accepted\", \"result\": null}"
    http_version: 
  recorded_at: Mon, 12 Nov 2012 02:41:01 GMT
- request: 
    method: get
    uri: https://admin:admin@knifeparty.localdomain/pulp/api/v2/tasks/?
    body: 
      string: ""
    headers: 
      Accept: 
      - application/json
      Content-Type: 
      - application/json
      Accept-Encoding: 
      - gzip, deflate
  response: 
    status: 
      code: 200
      message: OK
    headers: 
      Content-Length: 
      - "19517"
      Date: 
      - Mon, 12 Nov 2012 02:53:28 GMT
      Content-Type: 
      - application/json
      Server: 
      - Apache/2.2.22 (Fedora)
    body: 
      string: "[{\"task_group_id\": null, \"exception\": null, \"traceback\": null, \"task_id\": \"f3c8f4b6-7363-440b-9f79-a37a967bd62a\", \"call_request_tags\": [\"pulp:repository:integration_test_id\", \"pulp:action:create\"], \"reasons\": [], \"start_time\": \"2012-11-12T02:53:09Z\", \"tags\": [\"pulp:repository:integration_test_id\", \"pulp:action:create\"], \"state\": \"finished\", \"finish_time\": \"2012-11-12T02:53:09Z\", \"dependency_failures\": {}, \"schedule_id\": null, \"progress\": {}, \"call_request_group_id\": null, \"call_request_id\": \"f3c8f4b6-7363-440b-9f79-a37a967bd62a\", \"principal_login\": \"admin\", \"response\": \"accepted\", \"result\": {\"scratchpad\": {}, \"display_name\": \"integration_test_id\", \"description\": null, \"_ns\": \"repos\", \"notes\": {}, \"content_unit_count\": 0, \"_id\": {\"$oid\": \"50a06495dc79215671008463\"}, \"id\": \"integration_test_id\", \"_href\": \"/pulp/api/v2/repositories/integration_test_id/\"}}, {\"task_group_id\": null, \"exception\": null, \"traceback\": null, \"task_id\": \"830c8a6f-f826-4f47-b143-9e918431543e\", \"call_request_tags\": [\"pulp:repository:integration_test_id\", \"pulp:repository_importer:yum_importer\", \"pulp:action:create_sync_schedule\"], \"reasons\": [], \"start_time\": \"2012-11-12T02:53:10Z\", \"tags\": [\"pulp:repository:integration_test_id\", \"pulp:repository_importer:yum_importer\", \"pulp:action:create_sync_schedule\"], \"state\": \"finished\", \"finish_time\": \"2012-11-12T02:53:10Z\", \"dependency_failures\": {}, \"schedule_id\": null, \"progress\": {}, \"call_request_group_id\": null, \"call_request_id\": \"830c8a6f-f826-4f47-b143-9e918431543e\", \"principal_login\": \"admin\", \"response\": \"accepted\", \"result\": \"50a06496dc7921567100846f\"}, {\"task_group_id\": null, \"exception\": null, \"traceback\": null, \"task_id\": \"00c31086-24df-4e1b-be7e-63f1ddc924ed\", \"call_request_tags\": [\"pulp:repository:integration_test_id\", \"pulp:repository_importer:yum_importer\", \"pulp:schedule:50a06496dc7921567100846f\", \"pulp:action:delete_sync_schedule\"], \"reasons\": [], \"start_time\": \"2012-11-12T02:53:12Z\", \"tags\": [\"pulp:repository:integration_test_id\", \"pulp:repository_importer:yum_importer\", \"pulp:schedule:50a06496dc7921567100846f\", \"pulp:action:delete_sync_schedule\"], \"state\": \"finished\", \"finish_time\": \"2012-11-12T02:53:12Z\", \"dependency_failures\": {}, \"schedule_id\": null, \"progress\": {}, \"call_request_group_id\": null, \"call_request_id\": \"00c31086-24df-4e1b-be7e-63f1ddc924ed\", \"principal_login\": \"admin\", \"response\": \"accepted\", \"result\": null}, {\"task_group_id\": null, \"exception\": null, \"traceback\": null, \"task_id\": \"4e52bb3c-f677-4774-a7d8-780a4270f48c\", \"call_request_tags\": [\"pulp:repository:integration_test_id\", \"pulp:action:delete\"], \"reasons\": [], \"start_time\": \"2012-11-12T02:53:12Z\", \"tags\": [\"pulp:repository:integration_test_id\", \"pulp:action:delete\"], \"state\": \"finished\", \"finish_time\": \"2012-11-12T02:53:12Z\", \"dependency_failures\": {}, \"schedule_id\": null, \"progress\": {}, \"call_request_group_id\": null, \"call_request_id\": \"4e52bb3c-f677-4774-a7d8-780a4270f48c\", \"principal_login\": \"admin\", \"response\": \"accepted\", \"result\": null}, {\"task_group_id\": null, \"exception\": null, \"traceback\": null, \"task_id\": \"93d64c17-0374-4c18-81fe-fb741890d083\", \"call_request_tags\": [\"pulp:repository:integration_test_id\", \"pulp:action:create\"], \"reasons\": [], \"start_time\": \"2012-11-12T02:53:16Z\", \"tags\": [\"pulp:repository:integration_test_id\", \"pulp:action:create\"], \"state\": \"finished\", \"finish_time\": \"2012-11-12T02:53:16Z\", \"dependency_failures\": {}, \"schedule_id\": null, \"progress\": {}, \"call_request_group_id\": null, \"call_request_id\": \"93d64c17-0374-4c18-81fe-fb741890d083\", \"principal_login\": \"admin\", \"response\": \"accepted\", \"result\": {\"scratchpad\": {}, \"display_name\": \"integration_test_id\", \"description\": null, \"_ns\": \"repos\", \"notes\": {}, \"content_unit_count\": 0, \"_id\": {\"$oid\": \"50a0649cdc7921567100848e\"}, \"id\": \"integration_test_id\", \"_href\": \"/pulp/api/v2/repositories/integration_test_id/\"}}, {\"task_group_id\": null, \"exception\": null, \"traceback\": null, \"task_id\": \"1dec9371-571f-4e22-9f5e-18ecae4aabb3\", \"call_request_tags\": [\"pulp:repository:integration_test_id\", \"pulp:repository_importer:yum_importer\", \"pulp:action:create_sync_schedule\"], \"reasons\": [], \"start_time\": \"2012-11-12T02:53:17Z\", \"tags\": [\"pulp:repository:integration_test_id\", \"pulp:repository_importer:yum_importer\", \"pulp:action:create_sync_schedule\"], \"state\": \"finished\", \"finish_time\": \"2012-11-12T02:53:17Z\", \"dependency_failures\": {}, \"schedule_id\": null, \"progress\": {}, \"call_request_group_id\": null, \"call_request_id\": \"1dec9371-571f-4e22-9f5e-18ecae4aabb3\", \"principal_login\": \"admin\", \"response\": \"accepted\", \"result\": \"50a0649ddc7921567100849a\"}, {\"task_group_id\": null, \"exception\": null, \"traceback\": null, \"task_id\": \"c6b01eb9-1551-429a-bb9f-7098ec898092\", \"call_request_tags\": [\"pulp:repository:integration_test_id\", \"pulp:repository_importer:yum_importer\", \"pulp:schedule:50a0649ddc7921567100849a\", \"pulp:action:update_sync_schedule\"], \"reasons\": [], \"start_time\": \"2012-11-12T02:53:19Z\", \"tags\": [\"pulp:repository:integration_test_id\", \"pulp:repository_importer:yum_importer\", \"pulp:schedule:50a0649ddc7921567100849a\", \"pulp:action:update_sync_schedule\"], \"state\": \"finished\", \"finish_time\": \"2012-11-12T02:53:19Z\", \"dependency_failures\": {}, \"schedule_id\": null, \"progress\": {}, \"call_request_group_id\": null, \"call_request_id\": \"c6b01eb9-1551-429a-bb9f-7098ec898092\", \"principal_login\": \"admin\", \"response\": \"accepted\", \"result\": null}, {\"task_group_id\": null, \"exception\": null, \"traceback\": null, \"task_id\": \"0fda809a-5069-4187-bb46-309ab017cd79\", \"call_request_tags\": [\"pulp:repository:integration_test_id\", \"pulp:action:delete\"], \"reasons\": [], \"start_time\": \"2012-11-12T02:53:19Z\", \"tags\": [\"pulp:repository:integration_test_id\", \"pulp:action:delete\"], \"state\": \"finished\", \"finish_time\": \"2012-11-12T02:53:19Z\", \"dependency_failures\": {}, \"schedule_id\": null, \"progress\": {}, \"call_request_group_id\": null, \"call_request_id\": \"0fda809a-5069-4187-bb46-309ab017cd79\", \"principal_login\": \"admin\", \"response\": \"accepted\", \"result\": null}, {\"task_group_id\": null, \"exception\": null, \"traceback\": null, \"task_id\": \"8736deb2-7936-42f3-b1aa-82a50b7fd35d\", \"call_request_tags\": [\"pulp:repository:integration_test_id\", \"pulp:action:create\"], \"reasons\": [], \"start_time\": \"2012-11-12T02:53:23Z\", \"tags\": [\"pulp:repository:integration_test_id\", \"pulp:action:create\"], \"state\": \"finished\", \"finish_time\": \"2012-11-12T02:53:23Z\", \"dependency_failures\": {}, \"schedule_id\": null, \"progress\": {}, \"call_request_group_id\": null, \"call_request_id\": \"8736deb2-7936-42f3-b1aa-82a50b7fd35d\", \"principal_login\": \"admin\", \"response\": \"accepted\", \"result\": {\"scratchpad\": {}, \"display_name\": \"integration_test_id\", \"description\": null, \"_ns\": \"repos\", \"notes\": {}, \"content_unit_count\": 0, \"_id\": {\"$oid\": \"50a064a3dc792156710084b9\"}, \"id\": \"integration_test_id\", \"_href\": \"/pulp/api/v2/repositories/integration_test_id/\"}}, {\"task_group_id\": \"6d8b724d-3bf1-490e-a65d-1b7c306fa3f7\", \"exception\": null, \"traceback\": null, \"task_id\": \"67e5142f-0387-4f16-906f-927af5136d2c\", \"call_request_tags\": [\"pulp:repository:integration_test_id\", \"pulp:action:sync\"], \"reasons\": [], \"start_time\": \"2012-11-12T02:53:25Z\", \"tags\": [\"pulp:repository:integration_test_id\", \"pulp:action:sync\"], \"state\": \"finished\", \"finish_time\": \"2012-11-12T02:53:26Z\", \"dependency_failures\": {}, \"schedule_id\": null, \"progress\": {\"yum_importer\": {\"content\": {\"num_success\": 11, \"size_total\": 17872, \"items_left\": 0, \"items_total\": 11, \"state\": \"FINISHED\", \"size_left\": 0, \"details\": {\"tree_file\": {\"num_success\": 3, \"size_total\": 0, \"items_left\": 0, \"items_total\": 3, \"size_left\": 0, \"num_error\": 0}, \"rpm\": {\"num_success\": 8, \"size_total\": 17872, \"items_left\": 0, \"items_total\": 8, \"size_left\": 0, \"num_error\": 0}, \"delta_rpm\": {\"num_success\": 0, \"size_total\": 0, \"items_left\": 0, \"items_total\": 0, \"size_left\": 0, \"num_error\": 0}, \"file\": {\"num_success\": 0, \"size_total\": 0, \"items_left\": 0, \"items_total\": 0, \"size_left\": 0, \"num_error\": 0}}, \"error_details\": [], \"num_error\": 0}, \"comps\": {\"state\": \"FINISHED\"}, \"errata\": {\"state\": \"FINISHED\", \"num_errata\": 2}, \"metadata\": {\"state\": \"FINISHED\"}}}, \"call_request_group_id\": \"6d8b724d-3bf1-490e-a65d-1b7c306fa3f7\", \"call_request_id\": \"67e5142f-0387-4f16-906f-927af5136d2c\", \"principal_login\": \"admin\", \"response\": \"accepted\", \"result\": null}, {\"task_group_id\": null, \"exception\": null, \"traceback\": null, \"task_id\": \"d285384a-602f-4ba0-896c-6612ed8b9814\", \"call_request_tags\": [], \"reasons\": [], \"start_time\": \"2012-11-11T19:49:11Z\", \"tags\": [], \"state\": \"running\", \"finish_time\": null, \"dependency_failures\": {}, \"schedule_id\": null, \"progress\": {}, \"call_request_group_id\": null, \"call_request_id\": \"d285384a-602f-4ba0-896c-6612ed8b9814\", \"principal_login\": \"admin\", \"response\": \"accepted\", \"result\": null}, {\"task_group_id\": null, \"exception\": null, \"traceback\": null, \"task_id\": \"00ae69f5-b9f0-43c7-8a61-b863f8e10f1a\", \"call_request_tags\": [], \"reasons\": [], \"start_time\": \"2012-11-11T19:49:12Z\", \"tags\": [], \"state\": \"running\", \"finish_time\": null, \"dependency_failures\": {}, \"schedule_id\": null, \"progress\": {}, \"call_request_group_id\": null, \"call_request_id\": \"00ae69f5-b9f0-43c7-8a61-b863f8e10f1a\", \"principal_login\": \"admin\", \"response\": \"accepted\", \"result\": null}, {\"task_group_id\": null, \"exception\": null, \"traceback\": null, \"task_id\": \"9151ac39-7df4-4cae-8f1f-ac90bc85b879\", \"call_request_tags\": [], \"reasons\": [], \"start_time\": \"2012-11-11T19:49:13Z\", \"tags\": [], \"state\": \"running\", \"finish_time\": null, \"dependency_failures\": {}, \"schedule_id\": null, \"progress\": {}, \"call_request_group_id\": null, \"call_request_id\": \"9151ac39-7df4-4cae-8f1f-ac90bc85b879\", \"principal_login\": \"admin\", \"response\": \"accepted\", \"result\": null}, {\"task_group_id\": null, \"exception\": null, \"traceback\": null, \"task_id\": \"eaf00d84-b3b2-4d46-9696-25b44a850157\", \"call_request_tags\": [], \"reasons\": [], \"start_time\": \"2012-11-11T20:07:50Z\", \"tags\": [], \"state\": \"running\", \"finish_time\": null, \"dependency_failures\": {}, \"schedule_id\": null, \"progress\": {}, \"call_request_group_id\": null, \"call_request_id\": \"eaf00d84-b3b2-4d46-9696-25b44a850157\", \"principal_login\": \"admin\", \"response\": \"accepted\", \"result\": null}, {\"task_group_id\": null, \"exception\": null, \"traceback\": null, \"task_id\": \"78c23e58-af67-499c-8a15-7da2ac0bdef8\", \"call_request_tags\": [], \"reasons\": [], \"start_time\": \"2012-11-11T20:07:50Z\", \"tags\": [], \"state\": \"running\", \"finish_time\": null, \"dependency_failures\": {}, \"schedule_id\": null, \"progress\": {}, \"call_request_group_id\": null, \"call_request_id\": \"78c23e58-af67-499c-8a15-7da2ac0bdef8\", \"principal_login\": \"admin\", \"response\": \"accepted\", \"result\": null}, {\"task_group_id\": null, \"exception\": null, \"traceback\": null, \"task_id\": \"657757e3-2a53-406a-90cb-3936dfd0ea11\", \"call_request_tags\": [], \"reasons\": [], \"start_time\": \"2012-11-11T20:07:51Z\", \"tags\": [], \"state\": \"running\", \"finish_time\": null, \"dependency_failures\": {}, \"schedule_id\": null, \"progress\": {}, \"call_request_group_id\": null, \"call_request_id\": \"657757e3-2a53-406a-90cb-3936dfd0ea11\", \"principal_login\": \"admin\", \"response\": \"accepted\", \"result\": null}, {\"task_group_id\": null, \"exception\": null, \"traceback\": null, \"task_id\": \"740b470f-971c-4314-a178-697884b0fe7f\", \"call_request_tags\": [], \"reasons\": [], \"start_time\": \"2012-11-11T20:43:19Z\", \"tags\": [], \"state\": \"running\", \"finish_time\": null, \"dependency_failures\": {}, \"schedule_id\": null, \"progress\": {}, \"call_request_group_id\": null, \"call_request_id\": \"740b470f-971c-4314-a178-697884b0fe7f\", \"principal_login\": \"admin\", \"response\": \"accepted\", \"result\": null}, {\"task_group_id\": null, \"exception\": null, \"traceback\": null, \"task_id\": \"96ea354e-c109-4c2b-9815-1f259076336b\", \"call_request_tags\": [], \"reasons\": [], \"start_time\": \"2012-11-11T20:43:20Z\", \"tags\": [], \"state\": \"running\", \"finish_time\": null, \"dependency_failures\": {}, \"schedule_id\": null, \"progress\": {}, \"call_request_group_id\": null, \"call_request_id\": \"96ea354e-c109-4c2b-9815-1f259076336b\", \"principal_login\": \"admin\", \"response\": \"accepted\", \"result\": null}, {\"task_group_id\": null, \"exception\": null, \"traceback\": null, \"task_id\": \"71399c65-5321-4966-9dbc-f0a91cbe6969\", \"call_request_tags\": [], \"reasons\": [], \"start_time\": \"2012-11-11T20:43:20Z\", \"tags\": [], \"state\": \"running\", \"finish_time\": null, \"dependency_failures\": {}, \"schedule_id\": null, \"progress\": {}, \"call_request_group_id\": null, \"call_request_id\": \"71399c65-5321-4966-9dbc-f0a91cbe6969\", \"principal_login\": \"admin\", \"response\": \"accepted\", \"result\": null}, {\"task_group_id\": null, \"exception\": null, \"traceback\": null, \"task_id\": \"bbe4f2b1-2b72-4100-af32-4d69b4e3dcfc\", \"call_request_tags\": [], \"reasons\": [], \"start_time\": \"2012-11-11T21:05:38Z\", \"tags\": [], \"state\": \"running\", \"finish_time\": null, \"dependency_failures\": {}, \"schedule_id\": null, \"progress\": {}, \"call_request_group_id\": null, \"call_request_id\": \"bbe4f2b1-2b72-4100-af32-4d69b4e3dcfc\", \"principal_login\": \"admin\", \"response\": \"accepted\", \"result\": null}, {\"task_group_id\": null, \"exception\": null, \"traceback\": null, \"task_id\": \"38c7e267-07ad-4581-be09-8e8a0f4ce088\", \"call_request_tags\": [], \"reasons\": [], \"start_time\": \"2012-11-11T21:05:39Z\", \"tags\": [], \"state\": \"running\", \"finish_time\": null, \"dependency_failures\": {}, \"schedule_id\": null, \"progress\": {}, \"call_request_group_id\": null, \"call_request_id\": \"38c7e267-07ad-4581-be09-8e8a0f4ce088\", \"principal_login\": \"admin\", \"response\": \"accepted\", \"result\": null}, {\"task_group_id\": null, \"exception\": null, \"traceback\": null, \"task_id\": \"0b78ccbf-d664-47c0-88fb-6324fb07de8f\", \"call_request_tags\": [], \"reasons\": [], \"start_time\": \"2012-11-11T21:05:39Z\", \"tags\": [], \"state\": \"running\", \"finish_time\": null, \"dependency_failures\": {}, \"schedule_id\": null, \"progress\": {}, \"call_request_group_id\": null, \"call_request_id\": \"0b78ccbf-d664-47c0-88fb-6324fb07de8f\", \"principal_login\": \"admin\", \"response\": \"accepted\", \"result\": null}, {\"task_group_id\": null, \"exception\": null, \"traceback\": null, \"task_id\": \"cf36a52c-775d-41f2-8b75-1efae5e65a85\", \"call_request_tags\": [], \"reasons\": [], \"start_time\": \"2012-11-12T02:16:55Z\", \"tags\": [], \"state\": \"running\", \"finish_time\": null, \"dependency_failures\": {}, \"schedule_id\": null, \"progress\": {}, \"call_request_group_id\": null, \"call_request_id\": \"cf36a52c-775d-41f2-8b75-1efae5e65a85\", \"principal_login\": \"admin\", \"response\": \"accepted\", \"result\": null}, {\"task_group_id\": null, \"exception\": null, \"traceback\": null, \"task_id\": \"2c616a7f-25b3-45cd-ab89-bf24fad01f17\", \"call_request_tags\": [], \"reasons\": [], \"start_time\": \"2012-11-12T02:16:56Z\", \"tags\": [], \"state\": \"running\", \"finish_time\": null, \"dependency_failures\": {}, \"schedule_id\": null, \"progress\": {}, \"call_request_group_id\": null, \"call_request_id\": \"2c616a7f-25b3-45cd-ab89-bf24fad01f17\", \"principal_login\": \"admin\", \"response\": \"accepted\", \"result\": null}, {\"task_group_id\": null, \"exception\": null, \"traceback\": null, \"task_id\": \"d1a8acb1-c31f-464c-b0bf-38b2ca3a1c40\", \"call_request_tags\": [], \"reasons\": [], \"start_time\": \"2012-11-12T02:16:56Z\", \"tags\": [], \"state\": \"running\", \"finish_time\": null, \"dependency_failures\": {}, \"schedule_id\": null, \"progress\": {}, \"call_request_group_id\": null, \"call_request_id\": \"d1a8acb1-c31f-464c-b0bf-38b2ca3a1c40\", \"principal_login\": \"admin\", \"response\": \"accepted\", \"result\": null}, {\"task_group_id\": null, \"exception\": null, \"traceback\": null, \"task_id\": \"a66ff011-841e-4aea-bf93-943c00dc96e0\", \"call_request_tags\": [], \"reasons\": [], \"start_time\": \"2012-11-12T02:27:41Z\", \"tags\": [], \"state\": \"running\", \"finish_time\": null, \"dependency_failures\": {}, \"schedule_id\": null, \"progress\": {}, \"call_request_group_id\": null, \"call_request_id\": \"a66ff011-841e-4aea-bf93-943c00dc96e0\", \"principal_login\": \"admin\", \"response\": \"accepted\", \"result\": null}, {\"task_group_id\": null, \"exception\": null, \"traceback\": null, \"task_id\": \"7d49ae31-3bf6-4476-b79c-db7757e24298\", \"call_request_tags\": [], \"reasons\": [], \"start_time\": \"2012-11-12T02:27:42Z\", \"tags\": [], \"state\": \"running\", \"finish_time\": null, \"dependency_failures\": {}, \"schedule_id\": null, \"progress\": {}, \"call_request_group_id\": null, \"call_request_id\": \"7d49ae31-3bf6-4476-b79c-db7757e24298\", \"principal_login\": \"admin\", \"response\": \"accepted\", \"result\": null}, {\"task_group_id\": null, \"exception\": null, \"traceback\": null, \"task_id\": \"06a883bc-f939-4a52-af32-b3381a5c33f7\", \"call_request_tags\": [], \"reasons\": [], \"start_time\": \"2012-11-12T02:27:42Z\", \"tags\": [], \"state\": \"running\", \"finish_time\": null, \"dependency_failures\": {}, \"schedule_id\": null, \"progress\": {}, \"call_request_group_id\": null, \"call_request_id\": \"06a883bc-f939-4a52-af32-b3381a5c33f7\", \"principal_login\": \"admin\", \"response\": \"accepted\", \"result\": null}, {\"task_group_id\": null, \"exception\": null, \"traceback\": null, \"task_id\": \"ff87e443-3378-4699-b046-2c5311dec80e\", \"call_request_tags\": [], \"reasons\": [], \"start_time\": \"2012-11-12T02:38:00Z\", \"tags\": [], \"state\": \"running\", \"finish_time\": null, \"dependency_failures\": {}, \"schedule_id\": null, \"progress\": {}, \"call_request_group_id\": null, \"call_request_id\": \"ff87e443-3378-4699-b046-2c5311dec80e\", \"principal_login\": \"admin\", \"response\": \"accepted\", \"result\": null}, {\"task_group_id\": null, \"exception\": null, \"traceback\": null, \"task_id\": \"e80bebff-68b4-4085-9ed7-b7b1e9892ace\", \"call_request_tags\": [], \"reasons\": [], \"start_time\": \"2012-11-12T02:38:00Z\", \"tags\": [], \"state\": \"running\", \"finish_time\": null, \"dependency_failures\": {}, \"schedule_id\": null, \"progress\": {}, \"call_request_group_id\": null, \"call_request_id\": \"e80bebff-68b4-4085-9ed7-b7b1e9892ace\", \"principal_login\": \"admin\", \"response\": \"accepted\", \"result\": null}, {\"task_group_id\": null, \"exception\": null, \"traceback\": null, \"task_id\": \"c34cba02-a09c-4c1a-80ef-92d6c246adda\", \"call_request_tags\": [], \"reasons\": [], \"start_time\": \"2012-11-12T02:38:01Z\", \"tags\": [], \"state\": \"running\", \"finish_time\": null, \"dependency_failures\": {}, \"schedule_id\": null, \"progress\": {}, \"call_request_group_id\": null, \"call_request_id\": \"c34cba02-a09c-4c1a-80ef-92d6c246adda\", \"principal_login\": \"admin\", \"response\": \"accepted\", \"result\": null}, {\"task_group_id\": null, \"exception\": null, \"traceback\": null, \"task_id\": \"2d9bb079-ae4c-4345-a5ab-da1bc5099162\", \"call_request_tags\": [], \"reasons\": [], \"start_time\": \"2012-11-12T02:48:25Z\", \"tags\": [], \"state\": \"running\", \"finish_time\": null, \"dependency_failures\": {}, \"schedule_id\": null, \"progress\": {}, \"call_request_group_id\": null, \"call_request_id\": \"2d9bb079-ae4c-4345-a5ab-da1bc5099162\", \"principal_login\": \"admin\", \"response\": \"accepted\", \"result\": null}, {\"task_group_id\": null, \"exception\": null, \"traceback\": null, \"task_id\": \"b88424a4-ce6f-444e-b3a4-751d92a67948\", \"call_request_tags\": [], \"reasons\": [], \"start_time\": \"2012-11-12T02:48:26Z\", \"tags\": [], \"state\": \"running\", \"finish_time\": null, \"dependency_failures\": {}, \"schedule_id\": null, \"progress\": {}, \"call_request_group_id\": null, \"call_request_id\": \"b88424a4-ce6f-444e-b3a4-751d92a67948\", \"principal_login\": \"admin\", \"response\": \"accepted\", \"result\": null}, {\"task_group_id\": null, \"exception\": null, \"traceback\": null, \"task_id\": \"f1e60080-54a2-4944-af2e-038e2fbc2bf5\", \"call_request_tags\": [], \"reasons\": [], \"start_time\": \"2012-11-12T02:48:27Z\", \"tags\": [], \"state\": \"running\", \"finish_time\": null, \"dependency_failures\": {}, \"schedule_id\": null, \"progress\": {}, \"call_request_group_id\": null, \"call_request_id\": \"f1e60080-54a2-4944-af2e-038e2fbc2bf5\", \"principal_login\": \"admin\", \"response\": \"accepted\", \"result\": null}]"
    http_version: 
  recorded_at: Mon, 12 Nov 2012 02:53:28 GMT
- request: 
    method: get
    uri: https://admin:admin@knifeparty.localdomain/pulp/api/v2/tasks/67e5142f-0387-4f16-906f-927af5136d2c/
    body: 
      string: ""
    headers: 
      Accept: 
      - application/json
      Content-Type: 
      - application/json
      Accept-Encoding: 
      - gzip, deflate
  response: 
    status: 
      code: 200
      message: OK
    headers: 
      Content-Length: 
      - "1505"
      Date: 
      - Mon, 12 Nov 2012 02:53:29 GMT
      Content-Type: 
      - application/json
      Server: 
      - Apache/2.2.22 (Fedora)
    body: 
      string: "{\"task_group_id\": \"6d8b724d-3bf1-490e-a65d-1b7c306fa3f7\", \"exception\": null, \"traceback\": null, \"_href\": \"/pulp/api/v2/tasks/67e5142f-0387-4f16-906f-927af5136d2c/\", \"task_id\": \"67e5142f-0387-4f16-906f-927af5136d2c\", \"call_request_tags\": [\"pulp:repository:integration_test_id\", \"pulp:action:sync\"], \"reasons\": [], \"start_time\": \"2012-11-12T02:53:25Z\", \"tags\": [\"pulp:repository:integration_test_id\", \"pulp:action:sync\"], \"state\": \"finished\", \"finish_time\": \"2012-11-12T02:53:26Z\", \"dependency_failures\": {}, \"schedule_id\": null, \"progress\": {\"yum_importer\": {\"content\": {\"num_success\": 11, \"size_total\": 17872, \"items_left\": 0, \"items_total\": 11, \"state\": \"FINISHED\", \"size_left\": 0, \"details\": {\"tree_file\": {\"num_success\": 3, \"size_total\": 0, \"items_left\": 0, \"items_total\": 3, \"size_left\": 0, \"num_error\": 0}, \"rpm\": {\"num_success\": 8, \"size_total\": 17872, \"items_left\": 0, \"items_total\": 8, \"size_left\": 0, \"num_error\": 0}, \"delta_rpm\": {\"num_success\": 0, \"size_total\": 0, \"items_left\": 0, \"items_total\": 0, \"size_left\": 0, \"num_error\": 0}, \"file\": {\"num_success\": 0, \"size_total\": 0, \"items_left\": 0, \"items_total\": 0, \"size_left\": 0, \"num_error\": 0}}, \"error_details\": [], \"num_error\": 0}, \"comps\": {\"state\": \"FINISHED\"}, \"errata\": {\"state\": \"FINISHED\", \"num_errata\": 2}, \"metadata\": {\"state\": \"FINISHED\"}}}, \"call_request_group_id\": \"6d8b724d-3bf1-490e-a65d-1b7c306fa3f7\", \"call_request_id\": \"67e5142f-0387-4f16-906f-927af5136d2c\", \"principal_login\": \"admin\", \"response\": \"accepted\", \"result\": null}"
    http_version: 
  recorded_at: Mon, 12 Nov 2012 02:53:29 GMT
recorded_with: VCR 2.3.0
