--- 
recorded_with: VCR 2.2.5
http_interactions: 
- request: 
    method: delete
    uri: https://admin:admin@knifeparty.localdomain/pulp/api/v2/users/integration_test_user/
    body: 
      string: ""
    headers: 
      Content-Type: 
      - application/json
      Accept-Encoding: 
      - gzip, deflate
      Accept: 
      - application/json
  response: 
    status: 
      code: 200
      message: OK
    headers: 
      Content-Type: 
      - application/json
      Date: 
      - Thu, 25 Oct 2012 01:03:08 GMT
      Server: 
      - Apache/2.2.22 (Fedora)
      Content-Length: 
      - "4"
    body: 
      string: "null"
    http_version: 
  recorded_at: Thu, 25 Oct 2012 01:03:08 GMT
- request: 
    method: get
    uri: https://admin:admin@knifeparty.localdomain/pulp/api/v2/users/integration_test_user/
    body: 
      string: ""
    headers: 
      Content-Type: 
      - application/json
      Accept-Encoding: 
      - gzip, deflate
      Accept: 
      - application/json
  response: 
    status: 
      code: 200
      message: OK
    headers: 
      Content-Type: 
      - application/json
      Date: 
      - Thu, 25 Oct 2012 01:03:09 GMT
      Server: 
      - Apache/2.2.22 (Fedora)
      Content-Length: 
      - "247"
    body: 
      string: "{\"_id\": {\"$oid\": \"50888fcddc7921558d0025d2\"}, \"name\": \"integration_test_user\", \"roles\": [], \"_ns\": \"users\", \"login\": \"integration_test_user\", \"password\": null, \"id\": \"50888fcddc7921558d0025d2\", \"_href\": \"/pulp/api/v2/users/integration_test_user/\"}"
    http_version: 
  recorded_at: Thu, 25 Oct 2012 01:03:09 GMT
- request: 
    method: get
    uri: https://admin:admin@knifeparty.localdomain/pulp/api/v2/users/
    body: 
      string: ""
    headers: 
      Content-Type: 
      - application/json
      Accept-Encoding: 
      - gzip, deflate
      Accept: 
      - application/json
  response: 
    status: 
      code: 200
      message: OK
    headers: 
      Content-Type: 
      - application/json
      Date: 
      - Thu, 25 Oct 2012 01:03:11 GMT
      Server: 
      - Apache/2.2.22 (Fedora)
      Content-Length: 
      - "647"
    body: 
      string: "[{\"_id\": {\"$oid\": \"50715400dc79215650000008\"}, \"name\": \"admin\", \"roles\": [\"super-users\"], \"_ns\": \"users\", \"login\": \"admin\", \"id\": \"50715400dc79215650000008\", \"_href\": \"/pulp/api/v2/users/admin/\"}, {\"_id\": {\"$oid\": \"50715429dc79215650000026\"}, \"name\": \"hidden-94Sqo7\", \"roles\": [\"super-users\"], \"_ns\": \"users\", \"login\": \"hidden-94Sqo7\", \"id\": \"50715429dc79215650000026\", \"_href\": \"/pulp/api/v2/users/hidden-94Sqo7/\"}, {\"_id\": {\"$oid\": \"50888fcfdc7921558d002601\"}, \"name\": \"integration_test_user\", \"roles\": [], \"_ns\": \"users\", \"login\": \"integration_test_user\", \"id\": \"50888fcfdc7921558d002601\", \"_href\": \"/pulp/api/v2/users/integration_test_user/\"}]"
    http_version: 
  recorded_at: Thu, 25 Oct 2012 01:03:11 GMT
- request: 
    method: post
    uri: https://admin:admin@knifeparty.localdomain/pulp/api/v2/users/
    body: 
      string: "{\"password\":\"integration_test_password\",\"login\":\"integration_test_user\",\"name\":\"integration_test_user\"}"
    headers: 
      Content-Type: 
      - application/json
      Accept-Encoding: 
      - gzip, deflate
      Accept: 
      - application/json
      Content-Length: 
      - "103"
  response: 
    status: 
      code: 201
      message: Created
    headers: 
      Content-Type: 
      - application/json
      Date: 
      - Thu, 25 Oct 2012 01:03:13 GMT
      Server: 
      - Apache/2.2.22 (Fedora)
      Content-Length: 
      - "229"
      Location: 
      - integration_test_user
    body: 
      string: "{\"_id\": {\"$oid\": \"50888fd1dc7921558d002647\"}, \"name\": \"integration_test_user\", \"roles\": [], \"_ns\": \"users\", \"login\": \"integration_test_user\", \"id\": \"50888fd1dc7921558d002647\", \"_href\": \"/pulp/api/v2/users/integration_test_user/\"}"
    http_version: 
  recorded_at: Thu, 25 Oct 2012 01:03:13 GMT
