--- 
http_interactions: 
- request: 
    method: get
    uri: https://admin:admin@localhost/pulp/api/v2/users/
    body: 
      encoding: US-ASCII
      string: ""
    headers: 
      Accept: 
      - application/json
      Accept-Encoding: 
      - gzip, deflate
      Content-Type: 
      - application/json
      User-Agent: 
      - Ruby
  response: 
    status: 
      code: 200
      message: OK
    headers: 
      Date: 
      - Mon, 18 Mar 2013 17:35:59 GMT
      Server: 
      - Apache/2.4.3 (Fedora) OpenSSL/1.0.1c-fips mod_wsgi/3.4 Python/2.7.3
      Content-Length: 
      - "427"
      Content-Type: 
      - application/json
    body: 
      encoding: US-ASCII
      string: "[{\"_id\": {\"$oid\": \"513dd6794964c8075127c249\"}, \"name\": \"admin\", \"roles\": [\"super-users\"], \"_ns\": \"users\", \"login\": \"admin\", \"id\": \"513dd6794964c8075127c249\", \"_href\": \"/pulp/api/v2/users/admin/\"}, {\"_id\": {\"$oid\": \"5147507f4964c84cd4fd65bf\"}, \"name\": \"integration_test_user\", \"roles\": [], \"_ns\": \"users\", \"login\": \"integration_test_user\", \"id\": \"5147507f4964c84cd4fd65bf\", \"_href\": \"/pulp/api/v2/users/integration_test_user/\"}]"
    http_version: 
  recorded_at: Mon, 18 Mar 2013 17:35:59 GMT
- request: 
    method: delete
    uri: https://admin:admin@localhost/pulp/api/v2/users/integration_test_user/
    body: 
      encoding: US-ASCII
      string: ""
    headers: 
      Accept: 
      - application/json
      Accept-Encoding: 
      - gzip, deflate
      Content-Type: 
      - application/json
      User-Agent: 
      - Ruby
  response: 
    status: 
      code: 200
      message: OK
    headers: 
      Date: 
      - Mon, 18 Mar 2013 17:36:00 GMT
      Server: 
      - Apache/2.4.3 (Fedora) OpenSSL/1.0.1c-fips mod_wsgi/3.4 Python/2.7.3
      Content-Length: 
      - "4"
      Content-Type: 
      - application/json
    body: 
      encoding: US-ASCII
      string: "null"
    http_version: 
  recorded_at: Mon, 18 Mar 2013 17:36:01 GMT
- request: 
    method: get
    uri: https://admin:admin@localhost/pulp/api/v2/users/integration_test_user/
    body: 
      encoding: US-ASCII
      string: ""
    headers: 
      Accept: 
      - application/json
      Accept-Encoding: 
      - gzip, deflate
      Content-Type: 
      - application/json
      User-Agent: 
      - Ruby
  response: 
    status: 
      code: 200
      message: OK
    headers: 
      Date: 
      - Mon, 18 Mar 2013 17:36:02 GMT
      Server: 
      - Apache/2.4.3 (Fedora) OpenSSL/1.0.1c-fips mod_wsgi/3.4 Python/2.7.3
      Content-Length: 
      - "247"
      Content-Type: 
      - application/json
    body: 
      encoding: US-ASCII
      string: "{\"_id\": {\"$oid\": \"514750824964c84cd4fd6604\"}, \"name\": \"integration_test_user\", \"roles\": [], \"_ns\": \"users\", \"login\": \"integration_test_user\", \"password\": null, \"id\": \"514750824964c84cd4fd6604\", \"_href\": \"/pulp/api/v2/users/integration_test_user/\"}"
    http_version: 
  recorded_at: Mon, 18 Mar 2013 17:36:02 GMT
- request: 
    method: post
    uri: https://admin:admin@localhost/pulp/api/v2/users/
    body: 
      encoding: US-ASCII
      string: "{\"login\":\"integration_test_user\",\"name\":\"integration_test_user\",\"password\":\"integration_test_password\"}"
    headers: 
      Accept: 
      - application/json
      Accept-Encoding: 
      - gzip, deflate
      Content-Type: 
      - application/json
      Content-Length: 
      - "103"
      User-Agent: 
      - Ruby
  response: 
    status: 
      code: 201
      message: Created
    headers: 
      Date: 
      - Mon, 18 Mar 2013 17:36:05 GMT
      Server: 
      - Apache/2.4.3 (Fedora) OpenSSL/1.0.1c-fips mod_wsgi/3.4 Python/2.7.3
      Location: 
      - integration_test_user
      Content-Length: 
      - "229"
      Content-Type: 
      - application/json
    body: 
      encoding: US-ASCII
      string: "{\"_id\": {\"$oid\": \"514750854964c84cd4fd664a\"}, \"name\": \"integration_test_user\", \"roles\": [], \"_ns\": \"users\", \"login\": \"integration_test_user\", \"id\": \"514750854964c84cd4fd664a\", \"_href\": \"/pulp/api/v2/users/integration_test_user/\"}"
    http_version: 
  recorded_at: Mon, 18 Mar 2013 17:36:05 GMT
recorded_with: VCR 2.4.0
