---
http_interactions:
- request:
    method: get
    uri: https://alpha.partello.example.com/pulp/api/v2/tasks/f9456df7-798e-4dff-a5ad-0648be250ac6/
    body:
      encoding: US-ASCII
      string: ''
    headers:
      Accept:
      - application/json
      Accept-Encoding:
      - gzip, deflate
      User-Agent:
      - rest-client/2.0.2 (linux-gnu x86_64) ruby/2.4.1p111
      Content-Type:
      - application/json
      Host:
      - alpha.partello.example.com
      Authorization:
      - Basic YWRtaW46YWRtaW4=
  response:
    status:
      code: 200
      message: OK
    headers:
      Date:
      - Thu, 30 Aug 2018 03:40:41 GMT
      Server:
      - Apache/2.4.6 (CentOS)
      Etag:
      - '"d79000d9b21508be04e0c26f5c782fd5-gzip"'
      Vary:
      - Accept-Encoding
      Content-Length:
      - '2303'
      Content-Type:
      - application/json; charset=utf-8
    body:
      encoding: ASCII-8BIT
      string: '{"exception": null, "task_type": "pulp.server.managers.repo.sync.sync",
        "_href": "/pulp/api/v2/tasks/f9456df7-798e-4dff-a5ad-0648be250ac6/", "task_id":
        "f9456df7-798e-4dff-a5ad-0648be250ac6", "tags": ["pulp:repository:integration_test_id",
        "pulp:action:sync"], "finish_time": "2018-08-30T03:40:41Z", "_ns": "task_status",
        "start_time": "2018-08-30T03:40:41Z", "traceback": null, "spawned_tasks":
        [], "progress_report": {"yum_importer": {"content": {"items_total": 0, "state":
        "FINISHED", "error_details": [], "details": {"rpm_total": 0, "rpm_done": 0,
        "drpm_total": 0, "drpm_done": 0}, "size_total": 0, "size_left": 0, "items_left":
        0}, "comps": {"state": "FINISHED"}, "purge_duplicates": {"state": "FINISHED"},
        "distribution": {"items_total": 3, "state": "FINISHED", "error_details": [],
        "items_left": 0}, "modules": {"state": "FINISHED"}, "errata": {"state": "FINISHED"},
        "metadata": {"state": "FINISHED"}}}, "queue": "reserved_resource_worker-0@alpha.partello.example.com.dq2",
        "state": "finished", "worker_name": "reserved_resource_worker-0@alpha.partello.example.com",
        "result": {"result": "success", "importer_id": "yum_importer", "exception":
        null, "repo_id": "integration_test_id", "traceback": null, "started": "2018-08-30T03:40:41Z",
        "_ns": "repo_sync_results", "completed": "2018-08-30T03:40:41Z", "importer_type_id":
        "yum_importer", "error_message": null, "summary": {"modules": {"state": "FINISHED"},
        "content": {"state": "FINISHED"}, "comps": {"state": "FINISHED"}, "purge_duplicates":
        {"state": "FINISHED"}, "distribution": {"state": "FINISHED"}, "errata": {"state":
        "FINISHED"}, "metadata": {"state": "FINISHED"}}, "added_count": 30, "removed_count":
        0, "updated_count": 0, "id": "5b876739d6cc060873b5986f", "details": {"modules":
        {"state": "FINISHED"}, "content": {"size_total": 0, "items_left": 0, "items_total":
        0, "state": "FINISHED", "size_left": 0, "details": {"rpm_total": 0, "rpm_done":
        0, "drpm_total": 0, "drpm_done": 0}, "error_details": []}, "comps": {"state":
        "FINISHED"}, "purge_duplicates": {"state": "FINISHED"}, "distribution": {"items_total":
        3, "state": "FINISHED", "error_details": [], "items_left": 0}, "errata": {"state":
        "FINISHED"}, "metadata": {"state": "FINISHED"}}}, "error": null, "_id": {"$oid":
        "5b87673904b1e079c02f5ec5"}, "id": "5b87673904b1e079c02f5ec5"}'
    http_version: 
  recorded_at: Thu, 30 Aug 2018 03:40:41 GMT
- request:
    method: get
    uri: https://alpha.partello.example.com/pulp/api/v2/tasks/5e2b533c-74fb-4a7e-9765-bc20129f95f3/
    body:
      encoding: US-ASCII
      string: ''
    headers:
      Accept:
      - application/json
      Accept-Encoding:
      - gzip, deflate
      User-Agent:
      - rest-client/2.0.2 (linux-gnu x86_64) ruby/2.4.1p111
      Content-Type:
      - application/json
      Host:
      - alpha.partello.example.com
      Authorization:
      - Basic YWRtaW46YWRtaW4=
  response:
    status:
      code: 200
      message: OK
    headers:
      Date:
      - Thu, 30 Aug 2018 03:40:43 GMT
      Server:
      - Apache/2.4.6 (CentOS)
      Etag:
      - '"439a43aaf556a57b875bdf3b2e501dda-gzip"'
      Vary:
      - Accept-Encoding
      Content-Length:
      - '703'
      Content-Type:
      - application/json; charset=utf-8
    body:
      encoding: ASCII-8BIT
      string: '{"exception": null, "task_type": "pulp.server.tasks.repository.delete",
        "_href": "/pulp/api/v2/tasks/5e2b533c-74fb-4a7e-9765-bc20129f95f3/", "task_id":
        "5e2b533c-74fb-4a7e-9765-bc20129f95f3", "tags": ["pulp:repository:integration_test_id_clone",
        "pulp:action:delete"], "finish_time": "2018-08-30T03:40:43Z", "_ns": "task_status",
        "start_time": "2018-08-30T03:40:43Z", "traceback": null, "spawned_tasks":
        [], "progress_report": {}, "queue": "reserved_resource_worker-0@alpha.partello.example.com.dq2",
        "state": "finished", "worker_name": "reserved_resource_worker-0@alpha.partello.example.com",
        "result": null, "error": null, "_id": {"$oid": "5b87673b04b1e079c02f5f04"},
        "id": "5b87673b04b1e079c02f5f04"}'
    http_version: 
  recorded_at: Thu, 30 Aug 2018 03:40:43 GMT
- request:
    method: get
    uri: https://alpha.partello.example.com/pulp/api/v2/tasks/4847220e-0952-4eb2-80f5-61943b5d82c1/
    body:
      encoding: US-ASCII
      string: ''
    headers:
      Accept:
      - application/json
      Accept-Encoding:
      - gzip, deflate
      User-Agent:
      - rest-client/2.0.2 (linux-gnu x86_64) ruby/2.4.1p111
      Content-Type:
      - application/json
      Host:
      - alpha.partello.example.com
      Authorization:
      - Basic YWRtaW46YWRtaW4=
  response:
    status:
      code: 200
      message: OK
    headers:
      Date:
      - Thu, 30 Aug 2018 03:40:44 GMT
      Server:
      - Apache/2.4.6 (CentOS)
      Etag:
      - '"834afee58414836bab34057057770412-gzip"'
      Vary:
      - Accept-Encoding
      Content-Length:
      - '697'
      Content-Type:
      - application/json; charset=utf-8
    body:
      encoding: ASCII-8BIT
      string: '{"exception": null, "task_type": "pulp.server.tasks.repository.delete",
        "_href": "/pulp/api/v2/tasks/4847220e-0952-4eb2-80f5-61943b5d82c1/", "task_id":
        "4847220e-0952-4eb2-80f5-61943b5d82c1", "tags": ["pulp:repository:integration_test_id",
        "pulp:action:delete"], "finish_time": "2018-08-30T03:40:43Z", "_ns": "task_status",
        "start_time": "2018-08-30T03:40:43Z", "traceback": null, "spawned_tasks":
        [], "progress_report": {}, "queue": "reserved_resource_worker-0@alpha.partello.example.com.dq2",
        "state": "finished", "worker_name": "reserved_resource_worker-0@alpha.partello.example.com",
        "result": null, "error": null, "_id": {"$oid": "5b87673b04b1e079c02f5f05"},
        "id": "5b87673b04b1e079c02f5f05"}'
    http_version: 
  recorded_at: Thu, 30 Aug 2018 03:40:44 GMT
- request:
    method: get
    uri: https://alpha.partello.example.com/pulp/api/v2/tasks/f669572b-7139-4a2a-82ea-068fdaae5d30/
    body:
      encoding: US-ASCII
      string: ''
    headers:
      Accept:
      - application/json
      Accept-Encoding:
      - gzip, deflate
      User-Agent:
      - rest-client/2.0.2 (linux-gnu x86_64) ruby/2.4.1p111
      Content-Type:
      - application/json
      Host:
      - alpha.partello.example.com
      Authorization:
      - Basic YWRtaW46YWRtaW4=
  response:
    status:
      code: 200
      message: OK
    headers:
      Date:
      - Thu, 30 Aug 2018 03:42:52 GMT
      Server:
      - Apache/2.4.6 (CentOS)
      Etag:
      - '"7ae82bb07816ef68f19b5f54a23da539-gzip"'
      Vary:
      - Accept-Encoding
      Content-Length:
      - '2303'
      Content-Type:
      - application/json; charset=utf-8
    body:
      encoding: ASCII-8BIT
      string: '{"exception": null, "task_type": "pulp.server.managers.repo.sync.sync",
        "_href": "/pulp/api/v2/tasks/f669572b-7139-4a2a-82ea-068fdaae5d30/", "task_id":
        "f669572b-7139-4a2a-82ea-068fdaae5d30", "tags": ["pulp:repository:integration_test_id",
        "pulp:action:sync"], "finish_time": "2018-08-30T03:42:52Z", "_ns": "task_status",
        "start_time": "2018-08-30T03:42:52Z", "traceback": null, "spawned_tasks":
        [], "progress_report": {"yum_importer": {"content": {"items_total": 0, "state":
        "FINISHED", "error_details": [], "details": {"rpm_total": 0, "rpm_done": 0,
        "drpm_total": 0, "drpm_done": 0}, "size_total": 0, "size_left": 0, "items_left":
        0}, "comps": {"state": "FINISHED"}, "purge_duplicates": {"state": "FINISHED"},
        "distribution": {"items_total": 3, "state": "FINISHED", "error_details": [],
        "items_left": 0}, "modules": {"state": "FINISHED"}, "errata": {"state": "FINISHED"},
        "metadata": {"state": "FINISHED"}}}, "queue": "reserved_resource_worker-0@alpha.partello.example.com.dq2",
        "state": "finished", "worker_name": "reserved_resource_worker-0@alpha.partello.example.com",
        "result": {"result": "success", "importer_id": "yum_importer", "exception":
        null, "repo_id": "integration_test_id", "traceback": null, "started": "2018-08-30T03:42:52Z",
        "_ns": "repo_sync_results", "completed": "2018-08-30T03:42:52Z", "importer_type_id":
        "yum_importer", "error_message": null, "summary": {"modules": {"state": "FINISHED"},
        "content": {"state": "FINISHED"}, "comps": {"state": "FINISHED"}, "purge_duplicates":
        {"state": "FINISHED"}, "distribution": {"state": "FINISHED"}, "errata": {"state":
        "FINISHED"}, "metadata": {"state": "FINISHED"}}, "added_count": 30, "removed_count":
        0, "updated_count": 0, "id": "5b8767bcd6cc060873b598b1", "details": {"modules":
        {"state": "FINISHED"}, "content": {"size_total": 0, "items_left": 0, "items_total":
        0, "state": "FINISHED", "size_left": 0, "details": {"rpm_total": 0, "rpm_done":
        0, "drpm_total": 0, "drpm_done": 0}, "error_details": []}, "comps": {"state":
        "FINISHED"}, "purge_duplicates": {"state": "FINISHED"}, "distribution": {"items_total":
        3, "state": "FINISHED", "error_details": [], "items_left": 0}, "errata": {"state":
        "FINISHED"}, "metadata": {"state": "FINISHED"}}}, "error": null, "_id": {"$oid":
        "5b8767bc04b1e079c02f5f4b"}, "id": "5b8767bc04b1e079c02f5f4b"}'
    http_version: 
  recorded_at: Thu, 30 Aug 2018 03:42:52 GMT
- request:
    method: get
    uri: https://alpha.partello.example.com/pulp/api/v2/tasks/d84646c2-2fd8-43df-8c4a-fbf28bd48385/
    body:
      encoding: US-ASCII
      string: ''
    headers:
      Accept:
      - application/json
      Accept-Encoding:
      - gzip, deflate
      User-Agent:
      - rest-client/2.0.2 (linux-gnu x86_64) ruby/2.4.1p111
      Content-Type:
      - application/json
      Host:
      - alpha.partello.example.com
      Authorization:
      - Basic YWRtaW46YWRtaW4=
  response:
    status:
      code: 200
      message: OK
    headers:
      Date:
      - Thu, 30 Aug 2018 03:42:55 GMT
      Server:
      - Apache/2.4.6 (CentOS)
      Etag:
      - '"b9dc1f2a86d97e60305b11da194e5f48-gzip"'
      Vary:
      - Accept-Encoding
      Content-Length:
      - '703'
      Content-Type:
      - application/json; charset=utf-8
    body:
      encoding: ASCII-8BIT
      string: '{"exception": null, "task_type": "pulp.server.tasks.repository.delete",
        "_href": "/pulp/api/v2/tasks/d84646c2-2fd8-43df-8c4a-fbf28bd48385/", "task_id":
        "d84646c2-2fd8-43df-8c4a-fbf28bd48385", "tags": ["pulp:repository:integration_test_id_clone",
        "pulp:action:delete"], "finish_time": "2018-08-30T03:42:54Z", "_ns": "task_status",
        "start_time": "2018-08-30T03:42:54Z", "traceback": null, "spawned_tasks":
        [], "progress_report": {}, "queue": "reserved_resource_worker-0@alpha.partello.example.com.dq2",
        "state": "finished", "worker_name": "reserved_resource_worker-0@alpha.partello.example.com",
        "result": null, "error": null, "_id": {"$oid": "5b8767be04b1e079c02f5f6d"},
        "id": "5b8767be04b1e079c02f5f6d"}'
    http_version: 
  recorded_at: Thu, 30 Aug 2018 03:42:55 GMT
- request:
    method: get
    uri: https://alpha.partello.example.com/pulp/api/v2/tasks/2a6c47f2-5a5f-4bc4-ad61-4e6b445f7ea7/
    body:
      encoding: US-ASCII
      string: ''
    headers:
      Accept:
      - application/json
      Accept-Encoding:
      - gzip, deflate
      User-Agent:
      - rest-client/2.0.2 (linux-gnu x86_64) ruby/2.4.1p111
      Content-Type:
      - application/json
      Host:
      - alpha.partello.example.com
      Authorization:
      - Basic YWRtaW46YWRtaW4=
  response:
    status:
      code: 200
      message: OK
    headers:
      Date:
      - Thu, 30 Aug 2018 03:42:56 GMT
      Server:
      - Apache/2.4.6 (CentOS)
      Etag:
      - '"d6d183d85a12d50dcdfc0a051d489fe4-gzip"'
      Vary:
      - Accept-Encoding
      Content-Length:
      - '697'
      Content-Type:
      - application/json; charset=utf-8
    body:
      encoding: ASCII-8BIT
      string: '{"exception": null, "task_type": "pulp.server.tasks.repository.delete",
        "_href": "/pulp/api/v2/tasks/2a6c47f2-5a5f-4bc4-ad61-4e6b445f7ea7/", "task_id":
        "2a6c47f2-5a5f-4bc4-ad61-4e6b445f7ea7", "tags": ["pulp:repository:integration_test_id",
        "pulp:action:delete"], "finish_time": "2018-08-30T03:42:55Z", "_ns": "task_status",
        "start_time": "2018-08-30T03:42:55Z", "traceback": null, "spawned_tasks":
        [], "progress_report": {}, "queue": "reserved_resource_worker-0@alpha.partello.example.com.dq2",
        "state": "finished", "worker_name": "reserved_resource_worker-0@alpha.partello.example.com",
        "result": null, "error": null, "_id": {"$oid": "5b8767bf04b1e079c02f5f6e"},
        "id": "5b8767bf04b1e079c02f5f6e"}'
    http_version: 
  recorded_at: Thu, 30 Aug 2018 03:42:56 GMT
- request:
    method: get
    uri: https://alpha.partello.example.com/pulp/api/v2/tasks/e306bb50-ea5d-48a2-b434-21373e041c7f/
    body:
      encoding: US-ASCII
      string: ''
    headers:
      Accept:
      - application/json
      Accept-Encoding:
      - gzip, deflate
      User-Agent:
      - rest-client/2.0.2 (linux-gnu x86_64) ruby/2.4.1p111
      Content-Type:
      - application/json
      Host:
      - alpha.partello.example.com
      Authorization:
      - Basic YWRtaW46YWRtaW4=
  response:
    status:
      code: 200
      message: OK
    headers:
      Date:
      - Thu, 30 Aug 2018 03:43:50 GMT
      Server:
      - Apache/2.4.6 (CentOS)
      Etag:
      - '"2b09942fb75c9be69b541b1c00d3d0dd-gzip"'
      Vary:
      - Accept-Encoding
      Content-Length:
      - '2303'
      Content-Type:
      - application/json; charset=utf-8
    body:
      encoding: ASCII-8BIT
      string: '{"exception": null, "task_type": "pulp.server.managers.repo.sync.sync",
        "_href": "/pulp/api/v2/tasks/e306bb50-ea5d-48a2-b434-21373e041c7f/", "task_id":
        "e306bb50-ea5d-48a2-b434-21373e041c7f", "tags": ["pulp:repository:integration_test_id",
        "pulp:action:sync"], "finish_time": "2018-08-30T03:43:50Z", "_ns": "task_status",
        "start_time": "2018-08-30T03:43:50Z", "traceback": null, "spawned_tasks":
        [], "progress_report": {"yum_importer": {"content": {"items_total": 0, "state":
        "FINISHED", "error_details": [], "details": {"rpm_total": 0, "rpm_done": 0,
        "drpm_total": 0, "drpm_done": 0}, "size_total": 0, "size_left": 0, "items_left":
        0}, "comps": {"state": "FINISHED"}, "purge_duplicates": {"state": "FINISHED"},
        "distribution": {"items_total": 3, "state": "FINISHED", "error_details": [],
        "items_left": 0}, "modules": {"state": "FINISHED"}, "errata": {"state": "FINISHED"},
        "metadata": {"state": "FINISHED"}}}, "queue": "reserved_resource_worker-0@alpha.partello.example.com.dq2",
        "state": "finished", "worker_name": "reserved_resource_worker-0@alpha.partello.example.com",
        "result": {"result": "success", "importer_id": "yum_importer", "exception":
        null, "repo_id": "integration_test_id", "traceback": null, "started": "2018-08-30T03:43:50Z",
        "_ns": "repo_sync_results", "completed": "2018-08-30T03:43:50Z", "importer_type_id":
        "yum_importer", "error_message": null, "summary": {"modules": {"state": "FINISHED"},
        "content": {"state": "FINISHED"}, "comps": {"state": "FINISHED"}, "purge_duplicates":
        {"state": "FINISHED"}, "distribution": {"state": "FINISHED"}, "errata": {"state":
        "FINISHED"}, "metadata": {"state": "FINISHED"}}, "added_count": 30, "removed_count":
        0, "updated_count": 0, "id": "5b8767f6d6cc060873b598de", "details": {"modules":
        {"state": "FINISHED"}, "content": {"size_total": 0, "items_left": 0, "items_total":
        0, "state": "FINISHED", "size_left": 0, "details": {"rpm_total": 0, "rpm_done":
        0, "drpm_total": 0, "drpm_done": 0}, "error_details": []}, "comps": {"state":
        "FINISHED"}, "purge_duplicates": {"state": "FINISHED"}, "distribution": {"items_total":
        3, "state": "FINISHED", "error_details": [], "items_left": 0}, "errata": {"state":
        "FINISHED"}, "metadata": {"state": "FINISHED"}}}, "error": null, "_id": {"$oid":
        "5b8767f604b1e079c02f5f8f"}, "id": "5b8767f604b1e079c02f5f8f"}'
    http_version: 
  recorded_at: Thu, 30 Aug 2018 03:43:50 GMT
- request:
    method: get
    uri: https://alpha.partello.example.com/pulp/api/v2/tasks/71902c93-7249-4c52-a008-ec498aa514fc/
    body:
      encoding: US-ASCII
      string: ''
    headers:
      Accept:
      - application/json
      Accept-Encoding:
      - gzip, deflate
      User-Agent:
      - rest-client/2.0.2 (linux-gnu x86_64) ruby/2.4.1p111
      Content-Type:
      - application/json
      Host:
      - alpha.partello.example.com
      Authorization:
      - Basic YWRtaW46YWRtaW4=
  response:
    status:
      code: 200
      message: OK
    headers:
      Date:
      - Thu, 30 Aug 2018 03:43:53 GMT
      Server:
      - Apache/2.4.6 (CentOS)
      Etag:
      - '"df2635332d6b2cdae1d4a7f79eb88c89-gzip"'
      Vary:
      - Accept-Encoding
      Content-Length:
      - '703'
      Content-Type:
      - application/json; charset=utf-8
    body:
      encoding: ASCII-8BIT
      string: '{"exception": null, "task_type": "pulp.server.tasks.repository.delete",
        "_href": "/pulp/api/v2/tasks/71902c93-7249-4c52-a008-ec498aa514fc/", "task_id":
        "71902c93-7249-4c52-a008-ec498aa514fc", "tags": ["pulp:repository:integration_test_id_clone",
        "pulp:action:delete"], "finish_time": "2018-08-30T03:43:53Z", "_ns": "task_status",
        "start_time": "2018-08-30T03:43:53Z", "traceback": null, "spawned_tasks":
        [], "progress_report": {}, "queue": "reserved_resource_worker-0@alpha.partello.example.com.dq2",
        "state": "finished", "worker_name": "reserved_resource_worker-0@alpha.partello.example.com",
        "result": null, "error": null, "_id": {"$oid": "5b8767f904b1e079c02f5fb1"},
        "id": "5b8767f904b1e079c02f5fb1"}'
    http_version: 
  recorded_at: Thu, 30 Aug 2018 03:43:53 GMT
- request:
    method: get
    uri: https://alpha.partello.example.com/pulp/api/v2/tasks/be84096b-8951-4b3c-aa3b-a3d28c31a609/
    body:
      encoding: US-ASCII
      string: ''
    headers:
      Accept:
      - application/json
      Accept-Encoding:
      - gzip, deflate
      User-Agent:
      - rest-client/2.0.2 (linux-gnu x86_64) ruby/2.4.1p111
      Content-Type:
      - application/json
      Host:
      - alpha.partello.example.com
      Authorization:
      - Basic YWRtaW46YWRtaW4=
  response:
    status:
      code: 200
      message: OK
    headers:
      Date:
      - Thu, 30 Aug 2018 03:43:54 GMT
      Server:
      - Apache/2.4.6 (CentOS)
      Etag:
      - '"6e90b30e154d018e195a495dd6a3fe32-gzip"'
      Vary:
      - Accept-Encoding
      Content-Length:
      - '697'
      Content-Type:
      - application/json; charset=utf-8
    body:
      encoding: ASCII-8BIT
      string: '{"exception": null, "task_type": "pulp.server.tasks.repository.delete",
        "_href": "/pulp/api/v2/tasks/be84096b-8951-4b3c-aa3b-a3d28c31a609/", "task_id":
        "be84096b-8951-4b3c-aa3b-a3d28c31a609", "tags": ["pulp:repository:integration_test_id",
        "pulp:action:delete"], "finish_time": "2018-08-30T03:43:53Z", "_ns": "task_status",
        "start_time": "2018-08-30T03:43:53Z", "traceback": null, "spawned_tasks":
        [], "progress_report": {}, "queue": "reserved_resource_worker-0@alpha.partello.example.com.dq2",
        "state": "finished", "worker_name": "reserved_resource_worker-0@alpha.partello.example.com",
        "result": null, "error": null, "_id": {"$oid": "5b8767f904b1e079c02f5fb2"},
        "id": "5b8767f904b1e079c02f5fb2"}'
    http_version: 
  recorded_at: Thu, 30 Aug 2018 03:43:54 GMT
- request:
    method: get
    uri: https://alpha.partello.example.com/pulp/api/v2/tasks/b1830474-cd37-4315-8135-77a09fdb0910/
    body:
      encoding: US-ASCII
      string: ''
    headers:
      Accept:
      - application/json
      Accept-Encoding:
      - gzip, deflate
      User-Agent:
      - rest-client/2.0.2 (linux-gnu x86_64) ruby/2.4.1p111
      Content-Type:
      - application/json
      Host:
      - alpha.partello.example.com
      Authorization:
      - Basic YWRtaW46YWRtaW4=
  response:
    status:
      code: 200
      message: OK
    headers:
      Date:
      - Thu, 30 Aug 2018 03:46:12 GMT
      Server:
      - Apache/2.4.6 (CentOS)
      Etag:
      - '"65028345270a0234b0c98f027efa59a5-gzip"'
      Vary:
      - Accept-Encoding
      Content-Length:
      - '2303'
      Content-Type:
      - application/json; charset=utf-8
    body:
      encoding: ASCII-8BIT
      string: '{"exception": null, "task_type": "pulp.server.managers.repo.sync.sync",
        "_href": "/pulp/api/v2/tasks/b1830474-cd37-4315-8135-77a09fdb0910/", "task_id":
        "b1830474-cd37-4315-8135-77a09fdb0910", "tags": ["pulp:repository:integration_test_id",
        "pulp:action:sync"], "finish_time": "2018-08-30T03:46:12Z", "_ns": "task_status",
        "start_time": "2018-08-30T03:46:11Z", "traceback": null, "spawned_tasks":
        [], "progress_report": {"yum_importer": {"content": {"items_total": 0, "state":
        "FINISHED", "error_details": [], "details": {"rpm_total": 0, "rpm_done": 0,
        "drpm_total": 0, "drpm_done": 0}, "size_total": 0, "size_left": 0, "items_left":
        0}, "comps": {"state": "FINISHED"}, "purge_duplicates": {"state": "FINISHED"},
        "distribution": {"items_total": 3, "state": "FINISHED", "error_details": [],
        "items_left": 0}, "modules": {"state": "FINISHED"}, "errata": {"state": "FINISHED"},
        "metadata": {"state": "FINISHED"}}}, "queue": "reserved_resource_worker-0@alpha.partello.example.com.dq2",
        "state": "finished", "worker_name": "reserved_resource_worker-0@alpha.partello.example.com",
        "result": {"result": "success", "importer_id": "yum_importer", "exception":
        null, "repo_id": "integration_test_id", "traceback": null, "started": "2018-08-30T03:46:11Z",
        "_ns": "repo_sync_results", "completed": "2018-08-30T03:46:12Z", "importer_type_id":
        "yum_importer", "error_message": null, "summary": {"modules": {"state": "FINISHED"},
        "content": {"state": "FINISHED"}, "comps": {"state": "FINISHED"}, "purge_duplicates":
        {"state": "FINISHED"}, "distribution": {"state": "FINISHED"}, "errata": {"state":
        "FINISHED"}, "metadata": {"state": "FINISHED"}}, "added_count": 30, "removed_count":
        0, "updated_count": 0, "id": "5b876884d6cc060873b598f6", "details": {"modules":
        {"state": "FINISHED"}, "content": {"size_total": 0, "items_left": 0, "items_total":
        0, "state": "FINISHED", "size_left": 0, "details": {"rpm_total": 0, "rpm_done":
        0, "drpm_total": 0, "drpm_done": 0}, "error_details": []}, "comps": {"state":
        "FINISHED"}, "purge_duplicates": {"state": "FINISHED"}, "distribution": {"items_total":
        3, "state": "FINISHED", "error_details": [], "items_left": 0}, "errata": {"state":
        "FINISHED"}, "metadata": {"state": "FINISHED"}}}, "error": null, "_id": {"$oid":
        "5b87688304b1e079c02f5fb3"}, "id": "5b87688304b1e079c02f5fb3"}'
    http_version: 
  recorded_at: Thu, 30 Aug 2018 03:46:12 GMT
- request:
    method: get
    uri: https://alpha.partello.example.com/pulp/api/v2/tasks/597a9c55-52f5-4f5f-adee-7a9f5d1ee805/
    body:
      encoding: US-ASCII
      string: ''
    headers:
      Accept:
      - application/json
      Accept-Encoding:
      - gzip, deflate
      User-Agent:
      - rest-client/2.0.2 (linux-gnu x86_64) ruby/2.4.1p111
      Content-Type:
      - application/json
      Host:
      - alpha.partello.example.com
      Authorization:
      - Basic YWRtaW46YWRtaW4=
  response:
    status:
      code: 200
      message: OK
    headers:
      Date:
      - Thu, 30 Aug 2018 03:53:08 GMT
      Server:
      - Apache/2.4.6 (CentOS)
      Etag:
      - '"c629242bf9ddfcb6c86f6c1245b2fe14-gzip"'
      Vary:
      - Accept-Encoding
      Content-Length:
      - '703'
      Content-Type:
      - application/json; charset=utf-8
    body:
      encoding: ASCII-8BIT
      string: '{"exception": null, "task_type": "pulp.server.tasks.repository.delete",
        "_href": "/pulp/api/v2/tasks/597a9c55-52f5-4f5f-adee-7a9f5d1ee805/", "task_id":
        "597a9c55-52f5-4f5f-adee-7a9f5d1ee805", "tags": ["pulp:repository:integration_test_id_clone",
        "pulp:action:delete"], "finish_time": "2018-08-30T03:53:08Z", "_ns": "task_status",
        "start_time": "2018-08-30T03:53:08Z", "traceback": null, "spawned_tasks":
        [], "progress_report": {}, "queue": "reserved_resource_worker-0@alpha.partello.example.com.dq2",
        "state": "finished", "worker_name": "reserved_resource_worker-0@alpha.partello.example.com",
        "result": null, "error": null, "_id": {"$oid": "5b876a2404b1e079c02f5fd4"},
        "id": "5b876a2404b1e079c02f5fd4"}'
    http_version: 
  recorded_at: Thu, 30 Aug 2018 03:53:08 GMT
- request:
    method: get
    uri: https://alpha.partello.example.com/pulp/api/v2/tasks/2e86a2f4-1d28-4a63-83d3-9e726d4dea14/
    body:
      encoding: US-ASCII
      string: ''
    headers:
      Accept:
      - application/json
      Accept-Encoding:
      - gzip, deflate
      User-Agent:
      - rest-client/2.0.2 (linux-gnu x86_64) ruby/2.4.1p111
      Content-Type:
      - application/json
      Host:
      - alpha.partello.example.com
      Authorization:
      - Basic YWRtaW46YWRtaW4=
  response:
    status:
      code: 200
      message: OK
    headers:
      Date:
      - Thu, 30 Aug 2018 03:53:09 GMT
      Server:
      - Apache/2.4.6 (CentOS)
      Etag:
      - '"a49782c341d453aff9f01c27c54abb8f-gzip"'
      Vary:
      - Accept-Encoding
      Content-Length:
      - '697'
      Content-Type:
      - application/json; charset=utf-8
    body:
      encoding: ASCII-8BIT
      string: '{"exception": null, "task_type": "pulp.server.tasks.repository.delete",
        "_href": "/pulp/api/v2/tasks/2e86a2f4-1d28-4a63-83d3-9e726d4dea14/", "task_id":
        "2e86a2f4-1d28-4a63-83d3-9e726d4dea14", "tags": ["pulp:repository:integration_test_id",
        "pulp:action:delete"], "finish_time": "2018-08-30T03:53:09Z", "_ns": "task_status",
        "start_time": "2018-08-30T03:53:09Z", "traceback": null, "spawned_tasks":
        [], "progress_report": {}, "queue": "reserved_resource_worker-0@alpha.partello.example.com.dq2",
        "state": "finished", "worker_name": "reserved_resource_worker-0@alpha.partello.example.com",
        "result": null, "error": null, "_id": {"$oid": "5b876a2404b1e079c02f5fd5"},
        "id": "5b876a2404b1e079c02f5fd5"}'
    http_version: 
  recorded_at: Thu, 30 Aug 2018 03:53:09 GMT
- request:
    method: get
    uri: https://alpha.partello.example.com/pulp/api/v2/repositories/integration_test_id/
    body:
      encoding: US-ASCII
      string: ''
    headers:
      Accept:
      - application/json
      Accept-Encoding:
      - gzip, deflate
      User-Agent:
      - rest-client/2.0.2 (linux-gnu x86_64) ruby/2.4.1p111
      Content-Type:
      - application/json
      Host:
      - alpha.partello.example.com
      Authorization:
      - Basic YWRtaW46YWRtaW4=
  response:
    status:
      code: 404
      message: Not Found
    headers:
      Date:
      - Thu, 30 Aug 2018 03:53:13 GMT
      Server:
      - Apache/2.4.6 (CentOS)
      Content-Length:
      - '452'
      Etag:
      - '"7069a6b1115393c7d259d12015ef56e1"'
      Content-Type:
      - application/json; charset=utf-8
    body:
      encoding: UTF-8
      string: '{"http_request_method": "GET", "exception": null, "error_message":
        "Missing resource(s): repository=integration_test_id", "_href": "/pulp/api/v2/repositories/integration_test_id/?",
        "http_status": 404, "error": {"code": "PLP0009", "data": {"resources": {"repository":
        "integration_test_id"}}, "description": "Missing resource(s): repository=integration_test_id",
        "sub_errors": []}, "traceback": null, "resources": {"repository": "integration_test_id"}}'
    http_version: 
  recorded_at: Thu, 30 Aug 2018 03:53:13 GMT
- request:
    method: post
    uri: https://alpha.partello.example.com/pulp/api/v2/repositories/
    body:
      encoding: UTF-8
      string: '{"id":"integration_test_id","importer_type_id":"yum_importer","importer_config":{"feed":"file:///var/www/repositories/zoo5"}}'
    headers:
      Accept:
      - application/json
      Accept-Encoding:
      - gzip, deflate
      User-Agent:
      - rest-client/2.0.2 (linux-gnu x86_64) ruby/2.4.1p111
      Content-Type:
      - application/json
      Content-Length:
      - '125'
      Host:
      - alpha.partello.example.com
      Authorization:
      - Basic YWRtaW46YWRtaW4=
  response:
    status:
      code: 201
      message: CREATED
    headers:
      Date:
      - Thu, 30 Aug 2018 03:53:13 GMT
      Server:
      - Apache/2.4.6 (CentOS)
      Content-Length:
      - '319'
      Location:
      - "/pulp/api/v2/repositories/integration_test_id/"
      Content-Type:
      - application/json; charset=utf-8
    body:
      encoding: UTF-8
      string: '{"scratchpad": {}, "display_name": "integration_test_id", "description":
        null, "last_unit_added": null, "notes": {}, "last_unit_removed": null, "content_unit_counts":
        {}, "_ns": "repos", "_id": {"$oid": "5b876a29d6cc06041d38e698"}, "id": "integration_test_id",
        "_href": "/pulp/api/v2/repositories/integration_test_id/"}'
    http_version: 
  recorded_at: Thu, 30 Aug 2018 03:53:13 GMT
- request:
    method: post
    uri: https://alpha.partello.example.com/pulp/api/v2/repositories/integration_test_id/actions/sync/
    body:
      encoding: UTF-8
      string: "{}"
    headers:
      Accept:
      - application/json
      Accept-Encoding:
      - gzip, deflate
      User-Agent:
      - rest-client/2.0.2 (linux-gnu x86_64) ruby/2.4.1p111
      Content-Type:
      - application/json
      Content-Length:
      - '2'
      Host:
      - alpha.partello.example.com
      Authorization:
      - Basic YWRtaW46YWRtaW4=
  response:
    status:
      code: 202
      message: Accepted
    headers:
      Date:
      - Thu, 30 Aug 2018 03:53:13 GMT
      Server:
      - Apache/2.4.6 (CentOS)
      Content-Length:
      - '172'
      Content-Type:
      - application/json; charset=utf-8
    body:
      encoding: UTF-8
      string: '{"spawned_tasks": [{"_href": "/pulp/api/v2/tasks/06d6d7c6-bf89-4fd7-a72d-078d2d45fc79/",
        "task_id": "06d6d7c6-bf89-4fd7-a72d-078d2d45fc79"}], "result": null, "error":
        null}'
    http_version: 
  recorded_at: Thu, 30 Aug 2018 03:53:13 GMT
- request:
    method: get
    uri: https://alpha.partello.example.com/pulp/api/v2/tasks/06d6d7c6-bf89-4fd7-a72d-078d2d45fc79/
    body:
      encoding: US-ASCII
      string: ''
    headers:
      Accept:
      - application/json
      Accept-Encoding:
      - gzip, deflate
      User-Agent:
      - rest-client/2.0.2 (linux-gnu x86_64) ruby/2.4.1p111
      Content-Type:
      - application/json
      Host:
      - alpha.partello.example.com
      Authorization:
      - Basic YWRtaW46YWRtaW4=
  response:
    status:
      code: 200
      message: OK
    headers:
      Date:
      - Thu, 30 Aug 2018 03:53:14 GMT
      Server:
      - Apache/2.4.6 (CentOS)
      Etag:
      - '"93b7cb1fba036ac403aaf8e9eb7a57ff-gzip"'
      Vary:
      - Accept-Encoding
      Content-Length:
      - '2303'
      Content-Type:
      - application/json; charset=utf-8
    body:
      encoding: ASCII-8BIT
      string: '{"exception": null, "task_type": "pulp.server.managers.repo.sync.sync",
        "_href": "/pulp/api/v2/tasks/06d6d7c6-bf89-4fd7-a72d-078d2d45fc79/", "task_id":
        "06d6d7c6-bf89-4fd7-a72d-078d2d45fc79", "tags": ["pulp:repository:integration_test_id",
        "pulp:action:sync"], "finish_time": "2018-08-30T03:53:14Z", "_ns": "task_status",
        "start_time": "2018-08-30T03:53:13Z", "traceback": null, "spawned_tasks":
        [], "progress_report": {"yum_importer": {"content": {"items_total": 0, "state":
        "FINISHED", "error_details": [], "details": {"rpm_total": 0, "rpm_done": 0,
        "drpm_total": 0, "drpm_done": 0}, "size_total": 0, "size_left": 0, "items_left":
        0}, "comps": {"state": "FINISHED"}, "purge_duplicates": {"state": "FINISHED"},
        "distribution": {"items_total": 3, "state": "FINISHED", "error_details": [],
        "items_left": 0}, "modules": {"state": "FINISHED"}, "errata": {"state": "FINISHED"},
        "metadata": {"state": "FINISHED"}}}, "queue": "reserved_resource_worker-0@alpha.partello.example.com.dq2",
        "state": "finished", "worker_name": "reserved_resource_worker-0@alpha.partello.example.com",
        "result": {"result": "success", "importer_id": "yum_importer", "exception":
        null, "repo_id": "integration_test_id", "traceback": null, "started": "2018-08-30T03:53:13Z",
        "_ns": "repo_sync_results", "completed": "2018-08-30T03:53:14Z", "importer_type_id":
        "yum_importer", "error_message": null, "summary": {"modules": {"state": "FINISHED"},
        "content": {"state": "FINISHED"}, "comps": {"state": "FINISHED"}, "purge_duplicates":
        {"state": "FINISHED"}, "distribution": {"state": "FINISHED"}, "errata": {"state":
        "FINISHED"}, "metadata": {"state": "FINISHED"}}, "added_count": 30, "removed_count":
        0, "updated_count": 0, "id": "5b876a2ad6cc060873b5990c", "details": {"modules":
        {"state": "FINISHED"}, "content": {"size_total": 0, "items_left": 0, "items_total":
        0, "state": "FINISHED", "size_left": 0, "details": {"rpm_total": 0, "rpm_done":
        0, "drpm_total": 0, "drpm_done": 0}, "error_details": []}, "comps": {"state":
        "FINISHED"}, "purge_duplicates": {"state": "FINISHED"}, "distribution": {"items_total":
        3, "state": "FINISHED", "error_details": [], "items_left": 0}, "errata": {"state":
        "FINISHED"}, "metadata": {"state": "FINISHED"}}}, "error": null, "_id": {"$oid":
        "5b876a2904b1e079c02f5fd6"}, "id": "5b876a2904b1e079c02f5fd6"}'
    http_version: 
  recorded_at: Thu, 30 Aug 2018 03:53:14 GMT
- request:
    method: post
    uri: https://alpha.partello.example.com/pulp/api/v2/repositories/
    body:
      encoding: UTF-8
      string: '{"id":"integration_test_id_clone","importer_type_id":"yum_importer","importer_config":{}}'
    headers:
      Accept:
      - application/json
      Accept-Encoding:
      - gzip, deflate
      User-Agent:
      - rest-client/2.0.2 (linux-gnu x86_64) ruby/2.4.1p111
      Content-Type:
      - application/json
      Content-Length:
      - '89'
      Host:
      - alpha.partello.example.com
      Authorization:
      - Basic YWRtaW46YWRtaW4=
  response:
    status:
      code: 201
      message: CREATED
    headers:
      Date:
      - Thu, 30 Aug 2018 03:53:14 GMT
      Server:
      - Apache/2.4.6 (CentOS)
      Content-Length:
      - '337'
      Location:
      - "/pulp/api/v2/repositories/integration_test_id_clone/"
      Content-Type:
      - application/json; charset=utf-8
    body:
      encoding: UTF-8
      string: '{"scratchpad": {}, "display_name": "integration_test_id_clone", "description":
        null, "last_unit_added": null, "notes": {}, "last_unit_removed": null, "content_unit_counts":
        {}, "_ns": "repos", "_id": {"$oid": "5b876a2ad6cc060423aae463"}, "id": "integration_test_id_clone",
        "_href": "/pulp/api/v2/repositories/integration_test_id_clone/"}'
    http_version: 
  recorded_at: Thu, 30 Aug 2018 03:53:14 GMT
- request:
    method: delete
    uri: https://alpha.partello.example.com/pulp/api/v2/repositories/integration_test_id_clone/
    body:
      encoding: US-ASCII
      string: ''
    headers:
      Accept:
      - application/json
      Accept-Encoding:
      - gzip, deflate
      User-Agent:
      - rest-client/2.0.2 (linux-gnu x86_64) ruby/2.4.1p111
      Content-Type:
      - application/json
      Host:
      - alpha.partello.example.com
      Authorization:
      - Basic YWRtaW46YWRtaW4=
  response:
    status:
      code: 202
      message: Accepted
    headers:
      Date:
      - Thu, 30 Aug 2018 03:54:35 GMT
      Server:
      - Apache/2.4.6 (CentOS)
      Content-Length:
      - '172'
      Content-Type:
      - application/json; charset=utf-8
    body:
      encoding: UTF-8
      string: '{"spawned_tasks": [{"_href": "/pulp/api/v2/tasks/8f4d85d3-c7c0-4f6f-8aec-896bfe10d60a/",
        "task_id": "8f4d85d3-c7c0-4f6f-8aec-896bfe10d60a"}], "result": null, "error":
        null}'
    http_version: 
  recorded_at: Thu, 30 Aug 2018 03:54:35 GMT
- request:
    method: get
    uri: https://alpha.partello.example.com/pulp/api/v2/tasks/8f4d85d3-c7c0-4f6f-8aec-896bfe10d60a/
    body:
      encoding: US-ASCII
      string: ''
    headers:
      Accept:
      - application/json
      Accept-Encoding:
      - gzip, deflate
      User-Agent:
      - rest-client/2.0.2 (linux-gnu x86_64) ruby/2.4.1p111
      Content-Type:
      - application/json
      Host:
      - alpha.partello.example.com
      Authorization:
      - Basic YWRtaW46YWRtaW4=
  response:
    status:
      code: 200
      message: OK
    headers:
      Date:
      - Thu, 30 Aug 2018 03:54:36 GMT
      Server:
      - Apache/2.4.6 (CentOS)
      Etag:
      - '"47a49e989177eb946dc0ac65a4ea0b6a-gzip"'
      Vary:
      - Accept-Encoding
      Content-Length:
      - '703'
      Content-Type:
      - application/json; charset=utf-8
    body:
      encoding: ASCII-8BIT
      string: '{"exception": null, "task_type": "pulp.server.tasks.repository.delete",
        "_href": "/pulp/api/v2/tasks/8f4d85d3-c7c0-4f6f-8aec-896bfe10d60a/", "task_id":
        "8f4d85d3-c7c0-4f6f-8aec-896bfe10d60a", "tags": ["pulp:repository:integration_test_id_clone",
        "pulp:action:delete"], "finish_time": "2018-08-30T03:54:35Z", "_ns": "task_status",
        "start_time": "2018-08-30T03:54:35Z", "traceback": null, "spawned_tasks":
        [], "progress_report": {}, "queue": "reserved_resource_worker-0@alpha.partello.example.com.dq2",
        "state": "finished", "worker_name": "reserved_resource_worker-0@alpha.partello.example.com",
        "result": null, "error": null, "_id": {"$oid": "5b876a7b04b1e079c02f5ff6"},
        "id": "5b876a7b04b1e079c02f5ff6"}'
    http_version: 
  recorded_at: Thu, 30 Aug 2018 03:54:36 GMT
- request:
    method: delete
    uri: https://alpha.partello.example.com/pulp/api/v2/repositories/integration_test_id/
    body:
      encoding: US-ASCII
      string: ''
    headers:
      Accept:
      - application/json
      Accept-Encoding:
      - gzip, deflate
      User-Agent:
      - rest-client/2.0.2 (linux-gnu x86_64) ruby/2.4.1p111
      Content-Type:
      - application/json
      Host:
      - alpha.partello.example.com
      Authorization:
      - Basic YWRtaW46YWRtaW4=
  response:
    status:
      code: 202
      message: Accepted
    headers:
      Date:
      - Thu, 30 Aug 2018 03:54:36 GMT
      Server:
      - Apache/2.4.6 (CentOS)
      Content-Length:
      - '172'
      Content-Type:
      - application/json; charset=utf-8
    body:
      encoding: UTF-8
      string: '{"spawned_tasks": [{"_href": "/pulp/api/v2/tasks/0a8354a0-5ace-46ee-b85f-1256e64a549a/",
        "task_id": "0a8354a0-5ace-46ee-b85f-1256e64a549a"}], "result": null, "error":
        null}'
    http_version: 
  recorded_at: Thu, 30 Aug 2018 03:54:36 GMT
- request:
    method: get
    uri: https://alpha.partello.example.com/pulp/api/v2/tasks/0a8354a0-5ace-46ee-b85f-1256e64a549a/
    body:
      encoding: US-ASCII
      string: ''
    headers:
      Accept:
      - application/json
      Accept-Encoding:
      - gzip, deflate
      User-Agent:
      - rest-client/2.0.2 (linux-gnu x86_64) ruby/2.4.1p111
      Content-Type:
      - application/json
      Host:
      - alpha.partello.example.com
      Authorization:
      - Basic YWRtaW46YWRtaW4=
  response:
    status:
      code: 200
      message: OK
    headers:
      Date:
      - Thu, 30 Aug 2018 03:54:36 GMT
      Server:
      - Apache/2.4.6 (CentOS)
      Etag:
      - '"827e264e3566b711055ecf04ed5ffd86-gzip"'
      Vary:
      - Accept-Encoding
      Content-Length:
      - '697'
      Content-Type:
      - application/json; charset=utf-8
    body:
      encoding: ASCII-8BIT
      string: '{"exception": null, "task_type": "pulp.server.tasks.repository.delete",
        "_href": "/pulp/api/v2/tasks/0a8354a0-5ace-46ee-b85f-1256e64a549a/", "task_id":
        "0a8354a0-5ace-46ee-b85f-1256e64a549a", "tags": ["pulp:repository:integration_test_id",
        "pulp:action:delete"], "finish_time": "2018-08-30T03:54:36Z", "_ns": "task_status",
        "start_time": "2018-08-30T03:54:36Z", "traceback": null, "spawned_tasks":
        [], "progress_report": {}, "queue": "reserved_resource_worker-0@alpha.partello.example.com.dq2",
        "state": "finished", "worker_name": "reserved_resource_worker-0@alpha.partello.example.com",
        "result": null, "error": null, "_id": {"$oid": "5b876a7c04b1e079c02f5ff7"},
        "id": "5b876a7c04b1e079c02f5ff7"}'
    http_version: 
  recorded_at: Thu, 30 Aug 2018 03:54:36 GMT
recorded_with: VCR 4.0.0
