---
http_interactions:
- request:
    method: post
    uri: https://admin:icizRXdtWXs66PqkAXytGFMconvzbE8w@katello-yoda.example.com/pulp/api/v2/repositories/actions/content/regenerate_applicability//
    body:
      encoding: UTF-8
      string: '{"repo_criteria":{"filters":{"id":{"$in":["integration_test_id"]}}}}'
    headers:
      Accept:
      - application/json
      Accept-Encoding:
      - gzip, deflate
      Content-Type:
      - application/json
      Content-Length:
      - '68'
      User-Agent:
      - Ruby
  response:
    status:
      code: 202
      message: ACCEPTED
    headers:
      Date:
      - Tue, 02 Feb 2016 23:12:39 GMT
      Server:
      - Apache/2.4.6 (CentOS)
      Content-Length:
      - '172'
      Connection:
      - close
      Content-Type:
      - application/json; charset=utf-8
    body:
      encoding: UTF-8
      string: '{"spawned_tasks": [{"_href": "/pulp/api/v2/tasks/823a7a39-e4d8-4cef-9d4d-92115faa3a6f/",
        "task_id": "823a7a39-e4d8-4cef-9d4d-92115faa3a6f"}], "result": null, "error":
        null}'
    http_version: 
  recorded_at: Tue, 02 Feb 2016 23:12:39 GMT
- request:
    method: get
    uri: https://admin:icizRXdtWXs66PqkAXytGFMconvzbE8w@katello-yoda.example.com/pulp/api/v2/task_groups//state_summary/
    body:
      encoding: US-ASCII
      string: ''
    headers:
      Accept:
      - application/json
      Accept-Encoding:
      - gzip, deflate
      Content-Type:
      - application/json
      User-Agent:
      - Ruby
  response:
    status:
      code: 404
      message: NOT FOUND
    headers:
      Date:
      - Tue, 02 Feb 2016 23:12:39 GMT
      Server:
      - Apache/2.4.6 (CentOS)
      Content-Encoding:
      - utf-8
      Content-Length:
      - '425'
      Connection:
      - close
      Content-Type:
      - application/json; charset=utf-8
    body:
      encoding: UTF-8
      string: '{"http_request_method": "GET", "exception": null, "error_message":
        "Missing resource(s): resource_id=state_summary", "_href": "/pulp/api/v2/task_groups//state_summary/",
        "http_status": 404, "error": {"code": "PLP0009", "data": {"resources": {"resource_id":
        "state_summary"}}, "description": "Missing resource(s): resource_id=state_summary",
        "sub_errors": []}, "traceback": null, "resources": {"resource_id": "state_summary"}}'
    http_version: 
  recorded_at: Tue, 02 Feb 2016 23:12:39 GMT
- request:
    method: post
    uri: https://admin:icizRXdtWXs66PqkAXytGFMconvzbE8w@katello-yoda.example.com/pulp/api/v2/repositories/actions/content/regenerate_applicability//
    body:
      encoding: UTF-8
      string: '{"parallel":true,"repo_criteria":{"filters":{"id":{"$in":["integration_test_id"]}}}}'
    headers:
      Accept:
      - application/json
      Accept-Encoding:
      - gzip, deflate
      Content-Type:
      - application/json
      Content-Length:
      - '84'
      User-Agent:
      - Ruby
  response:
    status:
      code: 202
      message: ACCEPTED
    headers:
      Date:
      - Tue, 02 Feb 2016 23:13:28 GMT
      Server:
      - Apache/2.4.6 (CentOS)
      Content-Length:
      - '127'
      Connection:
      - close
      Content-Type:
      - application/json; charset=utf-8
    body:
      encoding: UTF-8
      string: '{"group_id": "6e452e56-98ce-41f1-b19a-7d7a6d4ddf2b", "_href": "/pulp/api/v2/task_groups/6e452e56-98ce-41f1-b19a-7d7a6d4ddf2b/"}'
    http_version: 
  recorded_at: Tue, 02 Feb 2016 23:13:28 GMT
- request:
    method: get
    uri: https://admin:icizRXdtWXs66PqkAXytGFMconvzbE8w@katello-yoda.example.com/pulp/api/v2/task_groups/6e452e56-98ce-41f1-b19a-7d7a6d4ddf2b/state_summary/
    body:
      encoding: US-ASCII
      string: ''
    headers:
      Accept:
      - application/json
      Accept-Encoding:
      - gzip, deflate
      Content-Type:
      - application/json
      User-Agent:
      - Ruby
  response:
    status:
      code: 200
      message: OK
    headers:
      Date:
      - Tue, 02 Feb 2016 23:13:28 GMT
      Server:
      - Apache/2.4.6 (CentOS)
      Vary:
      - Accept-Encoding
      Content-Length:
      - '127'
      Connection:
      - close
      Content-Type:
      - application/json; charset=utf-8
    body:
      encoding: ASCII-8BIT
      string: '{"accepted": 0, "finished": 0, "running": 0, "canceled": 0, "waiting":
        0, "skipped": 0, "suspended": 0, "error": 0, "total": 0}'
    http_version: 
  recorded_at: Tue, 02 Feb 2016 23:13:28 GMT
recorded_with: VCR 3.0.1
