---
http_interactions:
- request:
    method: post
    uri: https://admin:7HLGDTSxNnAEEtqKgjecYCvftjzNmoRE@katello-kant.example.com/pulp/api/v2/repo_groups/
    body:
      encoding: UTF-8
      string: '{"id":"integration_test_repository_group","display_name":"foo","description":"Test
        description."}'
    headers:
      Accept:
      - application/json
      Accept-Encoding:
      - gzip, deflate
      Content-Type:
      - application/json
      Content-Length:
      - '97'
      User-Agent:
      - Ruby
  response:
    status:
      code: 201
      message: CREATED
    headers:
      Date:
      - Tue, 23 Jun 2015 22:46:11 GMT
      Server:
      - Apache/2.4.6 (CentOS)
      Content-Length:
      - '310'
      Location:
      - https://katello-kant.example.com/pulp/api/v2/repo_groups/integration_test_repository_group/
      Connection:
      - close
      Content-Type:
      - application/json
    body:
      encoding: UTF-8
      string: '{"scratchpad": null, "display_name": "foo", "description": "Test description.",
        "distributors": [], "_ns": "repo_groups", "notes": {}, "repo_ids": [], "_id":
        {"$oid": "5589e1b4f115fc042e751f53"}, "id": "integration_test_repository_group",
        "_href": "/pulp/api/v2/repo_groups/integration_test_repository_group/"}'
    http_version: 
  recorded_at: Tue, 23 Jun 2015 22:46:12 GMT
- request:
    method: get
    uri: https://admin:7HLGDTSxNnAEEtqKgjecYCvftjzNmoRE@katello-kant.example.com/pulp/api/v2/repo_groups/
    body:
      encoding: US-ASCII
      string: ''
    headers:
      Accept:
      - application/json
      Accept-Encoding:
      - gzip, deflate
      Content-Type:
      - application/json
      User-Agent:
      - Ruby
  response:
    status:
      code: 200
      message: OK
    headers:
      Date:
      - Tue, 23 Jun 2015 22:46:12 GMT
      Server:
      - Apache/2.4.6 (CentOS)
      Content-Length:
      - '292'
      Connection:
      - close
      Content-Type:
      - application/json
    body:
      encoding: UTF-8
      string: '[{"scratchpad": null, "display_name": "foo", "description": "Test description.",
        "_ns": "repo_groups", "notes": {}, "repo_ids": [], "_id": {"$oid": "5589e1b4f115fc042e751f53"},
        "id": "integration_test_repository_group", "_href": "/pulp/api/v2/repo_groups/integration_test_repository_group/"}]'
    http_version: 
  recorded_at: Tue, 23 Jun 2015 22:46:12 GMT
- request:
    method: delete
    uri: https://admin:7HLGDTSxNnAEEtqKgjecYCvftjzNmoRE@katello-kant.example.com/pulp/api/v2/repo_groups/integration_test_repository_group/
    body:
      encoding: US-ASCII
      string: ''
    headers:
      Accept:
      - application/json
      Accept-Encoding:
      - gzip, deflate
      Content-Type:
      - application/json
      User-Agent:
      - Ruby
  response:
    status:
      code: 200
      message: OK
    headers:
      Date:
      - Tue, 23 Jun 2015 22:46:12 GMT
      Server:
      - Apache/2.4.6 (CentOS)
      Content-Length:
      - '4'
      Connection:
      - close
      Content-Type:
      - application/json
    body:
      encoding: UTF-8
      string: 'null'
    http_version: 
  recorded_at: Tue, 23 Jun 2015 22:46:12 GMT
recorded_with: VCR 2.9.3
