--- 
http_interactions: 
- request: 
    method: get
    uri: http://admin:admin@localhost/pulp/api/v2/users/admin/
    body: 
      string: ""
    headers: 
      Content-Type: 
      - application/json
      Accept: 
      - application/json
      Accept-Encoding: 
      - gzip, deflate
  response: 
    status: 
      code: 403
      message: Forbidden
    headers: 
      Content-Type: 
      - text/html; charset=iso-8859-1
      Content-Length: 
      - "301"
      Server: 
      - Apache/2.2.22 (Fedora)
      Date: 
      - Thu, 06 Sep 2012 19:25:18 GMT
      Connection: 
      - close
    body: 
      string: |
        <!DOCTYPE HTML PUBLIC "-//IETF//DTD HTML 2.0//EN">
        <html><head>
        <title>403 Forbidden</title>
        </head><body>
        <h1>Forbidden</h1>
        <p>You don't have permission to access /pulp/api/v2/users/admin/
        on this server.</p>
        <hr>
        <address>Apache/2.2.22 (Fedora) Server at localhost Port 80</address>
        </body></html>

    http_version: 
  recorded_at: Thu, 06 Sep 2012 19:25:18 GMT
- request: 
    method: get
    uri: http://katello.localdomain/pulp/api/v2/users/admin/
    body: 
      string: ""
    headers: 
      Content-Type: 
      - application/json
      Authorization: 
      - OAuth oauth_consumer_key="runcible", oauth_nonce="N8zpbZm2oNUVeacKlBSnJjfSUS2qjKoIxvkDB8Vrss", oauth_signature="WFNmq%2F%2FsgAEqJ13QspbjmD%2FhNX4%3D", oauth_signature_method="HMAC-SHA1", oauth_timestamp="1346959742", oauth_version="1.0"
      Accept: 
      - application/json
      Accept-Encoding: 
      - gzip, deflate
  response: 
    status: 
      code: 403
      message: Forbidden
    headers: 
      Content-Type: 
      - text/html; charset=iso-8859-1
      Content-Length: 
      - "311"
      Server: 
      - Apache/2.2.22 (Fedora)
      Date: 
      - Thu, 06 Sep 2012 19:29:02 GMT
      Connection: 
      - close
    body: 
      string: |
        <!DOCTYPE HTML PUBLIC "-//IETF//DTD HTML 2.0//EN">
        <html><head>
        <title>403 Forbidden</title>
        </head><body>
        <h1>Forbidden</h1>
        <p>You don't have permission to access /pulp/api/v2/users/admin/
        on this server.</p>
        <hr>
        <address>Apache/2.2.22 (Fedora) Server at katello.localdomain Port 80</address>
        </body></html>

    http_version: 
  recorded_at: Thu, 06 Sep 2012 19:29:02 GMT
- request: 
    method: get
    uri: https://katello.localdomain/pulp/api/v2/users/admin/
    body: 
      string: ""
    headers: 
      Content-Type: 
      - application/json
      Authorization: 
      - OAuth oauth_consumer_key="runcible", oauth_nonce="tX3eC275NgAeGO4OCNhwUTIkeAPDs0ynYqnmFVDfyU", oauth_signature="1AaPM6oJJ%2BCQ5e9SeCeUFQtgO9g%3D", oauth_signature_method="HMAC-SHA1", oauth_timestamp="1346959847", oauth_version="1.0"
      Accept: 
      - application/json
      Accept-Encoding: 
      - gzip, deflate
  response: 
    status: 
      code: 401
      message: Unauthorized
    headers: 
      Content-Type: 
      - application/json
      Content-Length: 
      - "25"
      Server: 
      - Apache/2.2.22 (Fedora)
      Date: 
      - Thu, 06 Sep 2012 19:30:47 GMT
      Connection: 
      - close
    body: 
      string: "\"Invalid SSL Certificate\""
    http_version: 
  recorded_at: Thu, 06 Sep 2012 19:30:47 GMT
- request: 
    method: get
    uri: https://admin:admin@katello.localdomain/pulp/api/v2/users/admin/
    body: 
      string: ""
    headers: 
      Content-Type: 
      - application/json
      Accept: 
      - application/json
      Accept-Encoding: 
      - gzip, deflate
  response: 
    status: 
      code: 200
      message: OK
    headers: 
      Content-Type: 
      - application/json
      Content-Length: 
      - "267"
      Server: 
      - Apache/2.2.22 (Fedora)
      Date: 
      - Thu, 06 Sep 2012 19:30:51 GMT
      Connection: 
      - close
    body: 
      string: "{\"_id\": {\"$oid\": \"5048f6c5ec6a6d6734000008\"}, \"name\": \"admin\", \"roles\": [\"super-users\"], \"_ns\": \"users\", \"login\": \"admin\", \"password\": \"VVz8lz2wFGM=,TKtfpt6HEXaxzEGRaDeJm5Zo7UsCdf9d26QVyiKKnb4=\", \"id\": \"5048f6c5ec6a6d6734000008\", \"_href\": \"/pulp/api/v2/users/admin/\"}"
    http_version: 
  recorded_at: Thu, 06 Sep 2012 19:30:51 GMT
- request: 
    method: get
    uri: https://localhost/pulp/api/v2/users/admin/
    body: 
      string: ""
    headers: 
      Content-Type: 
      - application/json
      Authorization: 
      - OAuth oauth_consumer_key="runcible", oauth_nonce="9I6QLOoC2kCpbA1uxgR4F3rc1KpP7SfY1hb6sftmQ", oauth_signature="PXwviXl%2F1%2FhMw6aGN0UVycoJfuE%3D", oauth_signature_method="HMAC-SHA1", oauth_timestamp="1346959948", oauth_version="1.0"
      Accept: 
      - application/json
      Accept-Encoding: 
      - gzip, deflate
  response: 
    status: 
      code: 401
      message: Unauthorized
    headers: 
      Content-Type: 
      - application/json
      Content-Length: 
      - "25"
      Server: 
      - Apache/2.2.22 (Fedora)
      Date: 
      - Thu, 06 Sep 2012 19:32:28 GMT
      Connection: 
      - close
    body: 
      string: "\"Invalid SSL Certificate\""
    http_version: 
  recorded_at: Thu, 06 Sep 2012 19:32:28 GMT
- request: 
    method: get
    uri: https://admin:admin@localhost/pulp/api/v2/users/admin/
    body: 
      string: ""
    headers: 
      Content-Type: 
      - application/json
      Accept: 
      - application/json
      Accept-Encoding: 
      - gzip, deflate
  response: 
    status: 
      code: 200
      message: OK
    headers: 
      Content-Type: 
      - application/json
      Content-Length: 
      - "267"
      Server: 
      - Apache/2.2.22 (Fedora)
      Date: 
      - Thu, 06 Sep 2012 19:39:23 GMT
      Connection: 
      - close
    body: 
      string: "{\"_id\": {\"$oid\": \"5048f6c5ec6a6d6734000008\"}, \"name\": \"admin\", \"roles\": [\"super-users\"], \"_ns\": \"users\", \"login\": \"admin\", \"password\": \"VVz8lz2wFGM=,TKtfpt6HEXaxzEGRaDeJm5Zo7UsCdf9d26QVyiKKnb4=\", \"id\": \"5048f6c5ec6a6d6734000008\", \"_href\": \"/pulp/api/v2/users/admin/\"}"
    http_version: 
  recorded_at: Thu, 06 Sep 2012 19:39:23 GMT
recorded_with: VCR 2.2.4
