--- 
http_interactions: 
- request: 
    method: delete
    uri: https://admin:admin@box.devel.com/pulp/api/v2/repositories/integration_test_id/importers/yum_importer/schedules/sync/543e83e247078708d9ecb580/
    body: 
      encoding: US-ASCII
      string: ""
    headers: 
      Accept: 
      - application/json
      Accept-Encoding: 
      - gzip, deflate
      Content-Type: 
      - application/json
      User-Agent: 
      - Ruby
  response: 
    status: 
      code: 200
      message: OK
    headers: 
      Date: 
      - Wed, 15 Oct 2014 14:25:38 GMT
      Server: 
      - Apache/2.2.15 (Red Hat)
      Vary: 
      - Accept-Encoding
      Content-Length: 
      - "4"
      Connection: 
      - close
      Content-Type: 
      - application/json
    body: 
      encoding: ASCII-8BIT
      string: "null"
    http_version: 
  recorded_at: Wed, 15 Oct 2014 14:25:38 GMT
- request: 
    method: delete
    uri: https://admin:eYo5Dh2rR6jQayB4vFLEpqUwMcXosuXg@kt1.local/pulp/api/v2/repositories/integration_test_id/importers/yum_importer/schedules/sync/54ce7057b2ff9879e94e0fdf/
    body: 
      encoding: US-ASCII
      string: ""
    headers: 
      Accept: 
      - application/json
      Accept-Encoding: 
      - gzip, deflate
      Content-Type: 
      - application/json
      User-Agent: 
      - Ruby
  response: 
    status: 
      code: 200
      message: OK
    headers: 
      Date: 
      - Sun, 01 Feb 2015 18:28:42 GMT
      Server: 
      - Apache/2.2.15 (Red Hat)
      Vary: 
      - Accept-Encoding
      Content-Length: 
      - "4"
      Content-Type: 
      - application/json
    body: 
      encoding: ASCII-8BIT
      string: "null"
    http_version: 
  recorded_at: Sun, 01 Feb 2015 18:28:42 GMT
- request: 
    method: delete
    uri: https://admin:eYo5Dh2rR6jQayB4vFLEpqUwMcXosuXg@kt1.local/pulp/api/v2/repositories/integration_test_id/importers/yum_importer/schedules/sync/54ce7059b2ff9879e94e0ff4/
    body: 
      encoding: US-ASCII
      string: ""
    headers: 
      Accept: 
      - application/json
      Accept-Encoding: 
      - gzip, deflate
      Content-Type: 
      - application/json
      User-Agent: 
      - Ruby
  response: 
    status: 
      code: 200
      message: OK
    headers: 
      Date: 
      - Sun, 01 Feb 2015 18:28:42 GMT
      Server: 
      - Apache/2.2.15 (Red Hat)
      Vary: 
      - Accept-Encoding
      Content-Length: 
      - "4"
      Content-Type: 
      - application/json
    body: 
      encoding: ASCII-8BIT
      string: "null"
    http_version: 
  recorded_at: Sun, 01 Feb 2015 18:28:42 GMT
- request: 
    method: delete
    uri: https://admin:eYo5Dh2rR6jQayB4vFLEpqUwMcXosuXg@kt1.local/pulp/api/v2/repositories/integration_test_id/importers/yum_importer/schedules/sync/54cf1bb8b2ff9879e94e20c1/
    body: 
      encoding: US-ASCII
      string: ""
    headers: 
      Accept: 
      - application/json
      Accept-Encoding: 
      - gzip, deflate
      Content-Type: 
      - application/json
      User-Agent: 
      - Ruby
  response: 
    status: 
      code: 200
      message: OK
    headers: 
      Date: 
      - Mon, 02 Feb 2015 06:39:52 GMT
      Server: 
      - Apache/2.2.15 (Red Hat)
      Vary: 
      - Accept-Encoding
      Content-Length: 
      - "4"
      Content-Type: 
      - application/json
    body: 
      encoding: ASCII-8BIT
      string: "null"
    http_version: 
  recorded_at: Mon, 02 Feb 2015 06:39:53 GMT
- request: 
    method: delete
    uri: https://admin:eYo5Dh2rR6jQayB4vFLEpqUwMcXosuXg@kt1.local/pulp/api/v2/repositories/integration_test_id/importers/yum_importer/schedules/sync/54cf1bb8b2ff9879e94e20bb/
    body: 
      encoding: US-ASCII
      string: ""
    headers: 
      Accept: 
      - application/json
      Accept-Encoding: 
      - gzip, deflate
      Content-Type: 
      - application/json
      User-Agent: 
      - Ruby
  response: 
    status: 
      code: 200
      message: OK
    headers: 
      Date: 
      - Mon, 02 Feb 2015 06:39:53 GMT
      Server: 
      - Apache/2.2.15 (Red Hat)
      Vary: 
      - Accept-Encoding
      Content-Length: 
      - "4"
      Content-Type: 
      - application/json
    body: 
      encoding: ASCII-8BIT
      string: "null"
    http_version: 
  recorded_at: Mon, 02 Feb 2015 06:39:53 GMT
- request: 
    method: post
    uri: https://admin:eYo5Dh2rR6jQayB4vFLEpqUwMcXosuXg@kt1.local/pulp/api/v2/repositories/integration_test_id/importers/yum_importer/schedules/sync/
    body: 
      encoding: US-ASCII
      string: "{\"schedule\":\"2012-10-25T20:44:00Z/P7D\"}"
    headers: 
      Accept: 
      - application/json
      Accept-Encoding: 
      - gzip, deflate
      Content-Type: 
      - application/json
      Content-Length: 
      - "39"
      User-Agent: 
      - Ruby
  response: 
    status: 
      code: 201
      message: Created
    headers: 
      Date: 
      - Tue, 03 Feb 2015 20:24:10 GMT
      Server: 
      - Apache/2.2.15 (Red Hat)
      Location: 
      - /pulp/api/v2/repositories/integration_test_id/importers/yum_importer/schedules/sync/54d12e6ab2ff9814a6ccd8ef/
      Vary: 
      - Accept-Encoding
      Content-Length: 
      - "630"
      Connection: 
      - close
      Content-Type: 
      - application/json
    body: 
      encoding: ASCII-8BIT
      string: "{\"next_run\": \"2015-02-03T20:24:10Z\", \"remaining_runs\": null, \"last_updated\": 1422995050.724967, \"first_run\": \"2012-10-25T20:44:00Z\", \"total_run_count\": 0, \"schedule\": \"2012-10-25T20:44:00Z/P7D\", \"kwargs\": {\"overrides\": {}}, \"args\": [\"integration_test_id\"], \"enabled\": true, \"last_run_at\": null, \"task\": \"pulp.server.tasks.repository.sync_with_auto_publish\", \"failure_threshold\": null, \"resource\": \"pulp:importer:integration_test_id:yum_importer\", \"_id\": \"54d12e6ab2ff9814a6ccd8ef\", \"consecutive_failures\": 0, \"_href\": \"/pulp/api/v2/repositories/integration_test_id/importers/yum_importer/schedules/sync/54d12e6ab2ff9814a6ccd8ef/\"}"
    http_version: 
  recorded_at: Tue, 03 Feb 2015 20:24:10 GMT
- request: 
    method: get
    uri: https://admin:eYo5Dh2rR6jQayB4vFLEpqUwMcXosuXg@kt1.local/pulp/api/v2/repositories/integration_test_id/importers/yum_importer/schedules/sync/
    body: 
      encoding: US-ASCII
      string: ""
    headers: 
      Accept: 
      - application/json
      Accept-Encoding: 
      - gzip, deflate
      Content-Type: 
      - application/json
      User-Agent: 
      - Ruby
  response: 
    status: 
      code: 200
      message: OK
    headers: 
      Date: 
      - Tue, 03 Feb 2015 20:24:10 GMT
      Server: 
      - Apache/2.2.15 (Red Hat)
      Vary: 
      - Accept-Encoding
      Content-Length: 
      - "1264"
      Connection: 
      - close
      Content-Type: 
      - application/json
    body: 
      encoding: ASCII-8BIT
      string: "[{\"next_run\": \"2015-02-03T20:24:10Z\", \"remaining_runs\": null, \"last_updated\": 1422995049.849303, \"first_run\": \"2012-09-25T20:44:00Z\", \"total_run_count\": 0, \"schedule\": \"2011-09-25T20:44:00Z/P7D\", \"kwargs\": {\"overrides\": {}}, \"args\": [\"integration_test_id\"], \"enabled\": true, \"last_run_at\": null, \"task\": \"pulp.server.tasks.repository.sync_with_auto_publish\", \"failure_threshold\": null, \"resource\": \"pulp:importer:integration_test_id:yum_importer\", \"_id\": \"54d12e69b2ff9814a6ccd8e5\", \"consecutive_failures\": 0, \"_href\": \"/pulp/api/v2/repositories/integration_test_id/importers/yum_importer/schedules/sync/54d12e69b2ff9814a6ccd8e5/\"}, {\"next_run\": \"2015-02-03T20:24:10Z\", \"remaining_runs\": null, \"last_updated\": 1422995050.724967, \"first_run\": \"2012-10-25T20:44:00Z\", \"total_run_count\": 0, \"schedule\": \"2012-10-25T20:44:00Z/P7D\", \"kwargs\": {\"overrides\": {}}, \"args\": [\"integration_test_id\"], \"enabled\": true, \"last_run_at\": null, \"task\": \"pulp.server.tasks.repository.sync_with_auto_publish\", \"failure_threshold\": null, \"resource\": \"pulp:importer:integration_test_id:yum_importer\", \"_id\": \"54d12e6ab2ff9814a6ccd8ef\", \"consecutive_failures\": 0, \"_href\": \"/pulp/api/v2/repositories/integration_test_id/importers/yum_importer/schedules/sync/54d12e6ab2ff9814a6ccd8ef/\"}]"
    http_version: 
  recorded_at: Tue, 03 Feb 2015 20:24:10 GMT
- request: 
    method: delete
    uri: https://admin:eYo5Dh2rR6jQayB4vFLEpqUwMcXosuXg@kt1.local/pulp/api/v2/repositories/integration_test_id/importers/yum_importer/schedules/sync/54d12e69b2ff9814a6ccd8e5/
    body: 
      encoding: US-ASCII
      string: ""
    headers: 
      Accept: 
      - application/json
      Accept-Encoding: 
      - gzip, deflate
      Content-Type: 
      - application/json
      User-Agent: 
      - Ruby
  response: 
    status: 
      code: 200
      message: OK
    headers: 
      Date: 
      - Tue, 03 Feb 2015 20:24:11 GMT
      Server: 
      - Apache/2.2.15 (Red Hat)
      Vary: 
      - Accept-Encoding
      Content-Length: 
      - "4"
      Connection: 
      - close
      Content-Type: 
      - application/json
    body: 
      encoding: ASCII-8BIT
      string: "null"
    http_version: 
  recorded_at: Tue, 03 Feb 2015 20:24:11 GMT
- request: 
    method: delete
    uri: https://admin:eYo5Dh2rR6jQayB4vFLEpqUwMcXosuXg@kt1.local/pulp/api/v2/repositories/integration_test_id/importers/yum_importer/schedules/sync/54d12e6ab2ff9814a6ccd8ef/
    body: 
      encoding: US-ASCII
      string: ""
    headers: 
      Accept: 
      - application/json
      Accept-Encoding: 
      - gzip, deflate
      Content-Type: 
      - application/json
      User-Agent: 
      - Ruby
  response: 
    status: 
      code: 200
      message: OK
    headers: 
      Date: 
      - Tue, 03 Feb 2015 20:24:11 GMT
      Server: 
      - Apache/2.2.15 (Red Hat)
      Vary: 
      - Accept-Encoding
      Content-Length: 
      - "4"
      Connection: 
      - close
      Content-Type: 
      - application/json
    body: 
      encoding: ASCII-8BIT
      string: "null"
    http_version: 
  recorded_at: Tue, 03 Feb 2015 20:24:11 GMT
recorded_with: VCR 2.9.3
