--- 
http_interactions: 
- request: 
    method: get
    uri: https://admin:admin@box.devel.com/pulp/api/v2/tasks/56815d28-32fe-40f1-9780-9596b4ef5f43/
    body: 
      encoding: US-ASCII
      string: ""
    headers: 
      Accept: 
      - application/json
      Accept-Encoding: 
      - gzip, deflate
      Content-Type: 
      - application/json
      User-Agent: 
      - Ruby
  response: 
    status: 
      code: 200
      message: OK
    headers: 
      Date: 
      - Wed, 15 Oct 2014 14:27:09 GMT
      Server: 
      - Apache/2.2.15 (Red Hat)
      Vary: 
      - Accept-Encoding
      Content-Length: 
      - "643"
      Connection: 
      - close
      Content-Type: 
      - application/json
    body: 
      encoding: ASCII-8BIT
      string: "{\"exception\": null, \"task_type\": \"pulp.server.managers.consumer.applicability.regenerate_applicability_for_repos\", \"_href\": \"/pulp/api/v2/tasks/56815d28-32fe-40f1-9780-9596b4ef5f43/\", \"task_id\": \"56815d28-32fe-40f1-9780-9596b4ef5f43\", \"tags\": [\"pulp:action:content_applicability_regeneration\"], \"finish_time\": \"2014-10-15T14:27:09Z\", \"_ns\": \"task_status\", \"start_time\": \"2014-10-15T14:27:09Z\", \"traceback\": null, \"spawned_tasks\": [], \"progress_report\": {}, \"queue\": \"reserved_resource_worker-0@box.devel.com.dq\", \"state\": \"finished\", \"result\": null, \"error\": null, \"_id\": {\"$oid\": \"543e843d505c6f3b4b509bbf\"}, \"id\": \"543e843d47078708d9ecb7ea\"}"
    http_version: 
  recorded_at: Wed, 15 Oct 2014 14:27:09 GMT
- request: 
    method: get
    uri: https://admin:admin@box.devel.com/pulp/api/v2/tasks/92e012aa-d16c-4349-be9e-71ce1d807d87/
    body: 
      encoding: US-ASCII
      string: ""
    headers: 
      Accept: 
      - application/json
      Accept-Encoding: 
      - gzip, deflate
      Content-Type: 
      - application/json
      User-Agent: 
      - Ruby
  response: 
    status: 
      code: 200
      message: OK
    headers: 
      Date: 
      - Wed, 15 Oct 2014 14:27:10 GMT
      Server: 
      - Apache/2.2.15 (Red Hat)
      Vary: 
      - Accept-Encoding
      Content-Length: 
      - "611"
      Connection: 
      - close
      Content-Type: 
      - application/json
    body: 
      encoding: ASCII-8BIT
      string: "{\"exception\": null, \"task_type\": \"pulp.server.tasks.repository.delete\", \"_href\": \"/pulp/api/v2/tasks/92e012aa-d16c-4349-be9e-71ce1d807d87/\", \"task_id\": \"92e012aa-d16c-4349-be9e-71ce1d807d87\", \"tags\": [\"pulp:repository:integration_test_id\", \"pulp:action:delete\"], \"finish_time\": \"2014-10-15T14:27:10Z\", \"_ns\": \"task_status\", \"start_time\": \"2014-10-15T14:27:10Z\", \"traceback\": null, \"spawned_tasks\": [], \"progress_report\": {}, \"queue\": \"reserved_resource_worker-1@box.devel.com.dq\", \"state\": \"finished\", \"result\": null, \"error\": null, \"_id\": {\"$oid\": \"543e843e505c6f3b4b509bc0\"}, \"id\": \"543e843e47078708d9ecb7ec\"}"
    http_version: 
  recorded_at: Wed, 15 Oct 2014 14:27:10 GMT
- request: 
    method: get
    uri: https://admin:eYo5Dh2rR6jQayB4vFLEpqUwMcXosuXg@kt1.local/pulp/api/v2/tasks/4374f321-5e12-4326-adf2-b428c37fde10/
    body: 
      encoding: US-ASCII
      string: ""
    headers: 
      Accept: 
      - application/json
      Accept-Encoding: 
      - gzip, deflate
      Content-Type: 
      - application/json
      User-Agent: 
      - Ruby
  response: 
    status: 
      code: 200
      message: OK
    headers: 
      Date: 
      - Sun, 01 Feb 2015 18:30:13 GMT
      Server: 
      - Apache/2.2.15 (Red Hat)
      Vary: 
      - Accept-Encoding
      Content-Length: 
      - "694"
      Content-Type: 
      - application/json
    body: 
      encoding: ASCII-8BIT
      string: "{\"exception\": null, \"task_type\": \"pulp.server.managers.consumer.applicability.regenerate_applicability_for_repos\", \"_href\": \"/pulp/api/v2/tasks/4374f321-5e12-4326-adf2-b428c37fde10/\", \"task_id\": \"4374f321-5e12-4326-adf2-b428c37fde10\", \"tags\": [\"pulp:action:content_applicability_regeneration\"], \"finish_time\": \"2015-02-01T18:30:13Z\", \"_ns\": \"task_status\", \"start_time\": \"2015-02-01T18:30:13Z\", \"traceback\": null, \"spawned_tasks\": [], \"progress_report\": {}, \"queue\": \"reserved_resource_worker-0@kt1.local.dq\", \"state\": \"finished\", \"worker_name\": \"reserved_resource_worker-0@kt1.local\", \"result\": null, \"error\": null, \"_id\": {\"$oid\": \"54ce70b5962f40ae3501a2ed\"}, \"id\": \"54ce70b5b2ff981dcc43ffc9\"}"
    http_version: 
  recorded_at: Sun, 01 Feb 2015 18:30:14 GMT
- request: 
    method: get
    uri: https://admin:eYo5Dh2rR6jQayB4vFLEpqUwMcXosuXg@kt1.local/pulp/api/v2/tasks/df515872-c100-4d9e-b422-ae343d5ee90d/
    body: 
      encoding: US-ASCII
      string: ""
    headers: 
      Accept: 
      - application/json
      Accept-Encoding: 
      - gzip, deflate
      Content-Type: 
      - application/json
      User-Agent: 
      - Ruby
  response: 
    status: 
      code: 200
      message: OK
    headers: 
      Date: 
      - Sun, 01 Feb 2015 18:30:14 GMT
      Server: 
      - Apache/2.2.15 (Red Hat)
      Vary: 
      - Accept-Encoding
      Content-Length: 
      - "662"
      Content-Type: 
      - application/json
    body: 
      encoding: ASCII-8BIT
      string: "{\"exception\": null, \"task_type\": \"pulp.server.tasks.repository.delete\", \"_href\": \"/pulp/api/v2/tasks/df515872-c100-4d9e-b422-ae343d5ee90d/\", \"task_id\": \"df515872-c100-4d9e-b422-ae343d5ee90d\", \"tags\": [\"pulp:repository:integration_test_id\", \"pulp:action:delete\"], \"finish_time\": \"2015-02-01T18:30:14Z\", \"_ns\": \"task_status\", \"start_time\": \"2015-02-01T18:30:14Z\", \"traceback\": null, \"spawned_tasks\": [], \"progress_report\": {}, \"queue\": \"reserved_resource_worker-0@kt1.local.dq\", \"state\": \"finished\", \"worker_name\": \"reserved_resource_worker-0@kt1.local\", \"result\": null, \"error\": null, \"_id\": {\"$oid\": \"54ce70b6962f40ae3501a2ee\"}, \"id\": \"54ce70b6b2ff981dcc43ffcf\"}"
    http_version: 
  recorded_at: Sun, 01 Feb 2015 18:30:15 GMT
- request: 
    method: get
    uri: https://admin:eYo5Dh2rR6jQayB4vFLEpqUwMcXosuXg@kt1.local/pulp/api/v2/tasks/928ba06b-1fd2-44a3-81c2-062ad116411d/
    body: 
      encoding: US-ASCII
      string: ""
    headers: 
      Accept: 
      - application/json
      Accept-Encoding: 
      - gzip, deflate
      Content-Type: 
      - application/json
      User-Agent: 
      - Ruby
  response: 
    status: 
      code: 200
      message: OK
    headers: 
      Date: 
      - Mon, 02 Feb 2015 06:41:22 GMT
      Server: 
      - Apache/2.2.15 (Red Hat)
      Vary: 
      - Accept-Encoding
      Content-Length: 
      - "694"
      Content-Type: 
      - application/json
    body: 
      encoding: ASCII-8BIT
      string: "{\"exception\": null, \"task_type\": \"pulp.server.managers.consumer.applicability.regenerate_applicability_for_repos\", \"_href\": \"/pulp/api/v2/tasks/928ba06b-1fd2-44a3-81c2-062ad116411d/\", \"task_id\": \"928ba06b-1fd2-44a3-81c2-062ad116411d\", \"tags\": [\"pulp:action:content_applicability_regeneration\"], \"finish_time\": \"2015-02-02T06:41:21Z\", \"_ns\": \"task_status\", \"start_time\": \"2015-02-02T06:41:21Z\", \"traceback\": null, \"spawned_tasks\": [], \"progress_report\": {}, \"queue\": \"reserved_resource_worker-0@kt1.local.dq\", \"state\": \"finished\", \"worker_name\": \"reserved_resource_worker-0@kt1.local\", \"result\": null, \"error\": null, \"_id\": {\"$oid\": \"54cf1c11962f40ae3501a3f2\"}, \"id\": \"54cf1c11b2ff981dcc4405d5\"}"
    http_version: 
  recorded_at: Mon, 02 Feb 2015 06:41:22 GMT
- request: 
    method: get
    uri: https://admin:eYo5Dh2rR6jQayB4vFLEpqUwMcXosuXg@kt1.local/pulp/api/v2/tasks/3cb46646-5100-4634-a1e2-85461518a252/
    body: 
      encoding: US-ASCII
      string: ""
    headers: 
      Accept: 
      - application/json
      Accept-Encoding: 
      - gzip, deflate
      Content-Type: 
      - application/json
      User-Agent: 
      - Ruby
  response: 
    status: 
      code: 200
      message: OK
    headers: 
      Date: 
      - Mon, 02 Feb 2015 06:41:22 GMT
      Server: 
      - Apache/2.2.15 (Red Hat)
      Vary: 
      - Accept-Encoding
      Content-Length: 
      - "662"
      Content-Type: 
      - application/json
    body: 
      encoding: ASCII-8BIT
      string: "{\"exception\": null, \"task_type\": \"pulp.server.tasks.repository.delete\", \"_href\": \"/pulp/api/v2/tasks/3cb46646-5100-4634-a1e2-85461518a252/\", \"task_id\": \"3cb46646-5100-4634-a1e2-85461518a252\", \"tags\": [\"pulp:repository:integration_test_id\", \"pulp:action:delete\"], \"finish_time\": \"2015-02-02T06:41:22Z\", \"_ns\": \"task_status\", \"start_time\": \"2015-02-02T06:41:22Z\", \"traceback\": null, \"spawned_tasks\": [], \"progress_report\": {}, \"queue\": \"reserved_resource_worker-0@kt1.local.dq\", \"state\": \"finished\", \"worker_name\": \"reserved_resource_worker-0@kt1.local\", \"result\": null, \"error\": null, \"_id\": {\"$oid\": \"54cf1c12962f40ae3501a3f3\"}, \"id\": \"54cf1c12b2ff981dcc4405db\"}"
    http_version: 
  recorded_at: Mon, 02 Feb 2015 06:41:23 GMT
- request: 
    method: get
    uri: https://admin:eYo5Dh2rR6jQayB4vFLEpqUwMcXosuXg@kt1.local/pulp/api/v2/repositories/integration_test_id/
    body: 
      encoding: US-ASCII
      string: ""
    headers: 
      Accept: 
      - application/json
      Accept-Encoding: 
      - gzip, deflate
      Content-Type: 
      - application/json
      User-Agent: 
      - Ruby
  response: 
    status: 
      code: 404
      message: Not Found
    headers: 
      Date: 
      - Tue, 03 Feb 2015 20:26:18 GMT
      Server: 
      - Apache/2.2.15 (Red Hat)
      Content-Encoding: 
      - utf-8
      Content-Length: 
      - "427"
      Connection: 
      - close
      Content-Type: 
      - application/json
    body: 
      encoding: US-ASCII
      string: "{\"http_request_method\": \"GET\", \"exception\": null, \"error_message\": \"Missing resource(s): repo=integration_test_id\", \"_href\": \"/pulp/api/v2/repositories/integration_test_id/\", \"http_status\": 404, \"error\": {\"code\": \"PLP0009\", \"data\": {\"resources\": {\"repo\": \"integration_test_id\"}}, \"description\": \"Missing resource(s): repo=integration_test_id\", \"sub_errors\": []}, \"traceback\": null, \"resources\": {\"repo\": \"integration_test_id\"}}"
    http_version: 
  recorded_at: Tue, 03 Feb 2015 20:26:18 GMT
- request: 
    method: post
    uri: https://admin:eYo5Dh2rR6jQayB4vFLEpqUwMcXosuXg@kt1.local/pulp/api/v2/repositories/
    body: 
      encoding: US-ASCII
      string: "{\"id\":\"integration_test_id\",\"importer_type_id\":\"yum_importer\",\"importer_config\":{\"feed\":\"file:///var/www/repositories/zoo5\"}}"
    headers: 
      Accept: 
      - application/json
      Accept-Encoding: 
      - gzip, deflate
      Content-Type: 
      - application/json
      Content-Length: 
      - "125"
      User-Agent: 
      - Ruby
  response: 
    status: 
      code: 201
      message: Created
    headers: 
      Date: 
      - Tue, 03 Feb 2015 20:26:19 GMT
      Server: 
      - Apache/2.2.15 (Red Hat)
      Location: 
      - integration_test_id
      Vary: 
      - Accept-Encoding
      Content-Length: 
      - "319"
      Connection: 
      - close
      Content-Type: 
      - application/json
    body: 
      encoding: ASCII-8BIT
      string: "{\"scratchpad\": {}, \"display_name\": \"integration_test_id\", \"description\": null, \"last_unit_added\": null, \"notes\": {}, \"last_unit_removed\": null, \"content_unit_counts\": {}, \"_ns\": \"repos\", \"_id\": {\"$oid\": \"54d12eebb2ff9814a6ccdb8c\"}, \"id\": \"integration_test_id\", \"_href\": \"/pulp/api/v2/repositories/integration_test_id/\"}"
    http_version: 
  recorded_at: Tue, 03 Feb 2015 20:26:19 GMT
- request: 
    method: post
    uri: https://admin:eYo5Dh2rR6jQayB4vFLEpqUwMcXosuXg@kt1.local/pulp/api/v2/repositories/actions/content/regenerate_applicability//
    body: 
      encoding: US-ASCII
      string: "{\"repo_criteria\":{\"filters\":{\"id\":{\"$in\":[\"integration_test_id\"]}}}}"
    headers: 
      Accept: 
      - application/json
      Accept-Encoding: 
      - gzip, deflate
      Content-Type: 
      - application/json
      Content-Length: 
      - "68"
      User-Agent: 
      - Ruby
  response: 
    status: 
      code: 202
      message: Accepted
    headers: 
      Date: 
      - Tue, 03 Feb 2015 20:26:19 GMT
      Server: 
      - Apache/2.2.15 (Red Hat)
      Content-Encoding: 
      - utf-8
      Content-Length: 
      - "172"
      Connection: 
      - close
      Content-Type: 
      - application/json
    body: 
      encoding: US-ASCII
      string: "{\"spawned_tasks\": [{\"_href\": \"/pulp/api/v2/tasks/49701227-2123-41a2-b8ff-fca11cf6b8d5/\", \"task_id\": \"49701227-2123-41a2-b8ff-fca11cf6b8d5\"}], \"result\": null, \"error\": null}"
    http_version: 
  recorded_at: Tue, 03 Feb 2015 20:26:19 GMT
- request: 
    method: get
    uri: https://admin:eYo5Dh2rR6jQayB4vFLEpqUwMcXosuXg@kt1.local/pulp/api/v2/tasks/49701227-2123-41a2-b8ff-fca11cf6b8d5/
    body: 
      encoding: US-ASCII
      string: ""
    headers: 
      Accept: 
      - application/json
      Accept-Encoding: 
      - gzip, deflate
      Content-Type: 
      - application/json
      User-Agent: 
      - Ruby
  response: 
    status: 
      code: 200
      message: OK
    headers: 
      Date: 
      - Tue, 03 Feb 2015 20:26:20 GMT
      Server: 
      - Apache/2.2.15 (Red Hat)
      Vary: 
      - Accept-Encoding
      Content-Length: 
      - "694"
      Connection: 
      - close
      Content-Type: 
      - application/json
    body: 
      encoding: ASCII-8BIT
      string: "{\"exception\": null, \"task_type\": \"pulp.server.managers.consumer.applicability.regenerate_applicability_for_repos\", \"_href\": \"/pulp/api/v2/tasks/49701227-2123-41a2-b8ff-fca11cf6b8d5/\", \"task_id\": \"49701227-2123-41a2-b8ff-fca11cf6b8d5\", \"tags\": [\"pulp:action:content_applicability_regeneration\"], \"finish_time\": \"2015-02-03T20:26:19Z\", \"_ns\": \"task_status\", \"start_time\": \"2015-02-03T20:26:19Z\", \"traceback\": null, \"spawned_tasks\": [], \"progress_report\": {}, \"queue\": \"reserved_resource_worker-0@kt1.local.dq\", \"state\": \"finished\", \"worker_name\": \"reserved_resource_worker-0@kt1.local\", \"result\": null, \"error\": null, \"_id\": {\"$oid\": \"54d12eebdb087ce12b11fd51\"}, \"id\": \"54d12eebb2ff980faeaba096\"}"
    http_version: 
  recorded_at: Tue, 03 Feb 2015 20:26:20 GMT
- request: 
    method: delete
    uri: https://admin:eYo5Dh2rR6jQayB4vFLEpqUwMcXosuXg@kt1.local/pulp/api/v2/repositories/integration_test_id/
    body: 
      encoding: US-ASCII
      string: ""
    headers: 
      Accept: 
      - application/json
      Accept-Encoding: 
      - gzip, deflate
      Content-Type: 
      - application/json
      User-Agent: 
      - Ruby
  response: 
    status: 
      code: 202
      message: Accepted
    headers: 
      Date: 
      - Tue, 03 Feb 2015 20:26:20 GMT
      Server: 
      - Apache/2.2.15 (Red Hat)
      Content-Encoding: 
      - utf-8
      Content-Length: 
      - "172"
      Connection: 
      - close
      Content-Type: 
      - application/json
    body: 
      encoding: US-ASCII
      string: "{\"spawned_tasks\": [{\"_href\": \"/pulp/api/v2/tasks/95fa7080-1b69-4332-9136-4e36925957df/\", \"task_id\": \"95fa7080-1b69-4332-9136-4e36925957df\"}], \"result\": null, \"error\": null}"
    http_version: 
  recorded_at: Tue, 03 Feb 2015 20:26:20 GMT
- request: 
    method: get
    uri: https://admin:eYo5Dh2rR6jQayB4vFLEpqUwMcXosuXg@kt1.local/pulp/api/v2/tasks/95fa7080-1b69-4332-9136-4e36925957df/
    body: 
      encoding: US-ASCII
      string: ""
    headers: 
      Accept: 
      - application/json
      Accept-Encoding: 
      - gzip, deflate
      Content-Type: 
      - application/json
      User-Agent: 
      - Ruby
  response: 
    status: 
      code: 200
      message: OK
    headers: 
      Date: 
      - Tue, 03 Feb 2015 20:26:20 GMT
      Server: 
      - Apache/2.2.15 (Red Hat)
      Vary: 
      - Accept-Encoding
      Content-Length: 
      - "662"
      Connection: 
      - close
      Content-Type: 
      - application/json
    body: 
      encoding: ASCII-8BIT
      string: "{\"exception\": null, \"task_type\": \"pulp.server.tasks.repository.delete\", \"_href\": \"/pulp/api/v2/tasks/95fa7080-1b69-4332-9136-4e36925957df/\", \"task_id\": \"95fa7080-1b69-4332-9136-4e36925957df\", \"tags\": [\"pulp:repository:integration_test_id\", \"pulp:action:delete\"], \"finish_time\": \"2015-02-03T20:26:20Z\", \"_ns\": \"task_status\", \"start_time\": \"2015-02-03T20:26:20Z\", \"traceback\": null, \"spawned_tasks\": [], \"progress_report\": {}, \"queue\": \"reserved_resource_worker-0@kt1.local.dq\", \"state\": \"finished\", \"worker_name\": \"reserved_resource_worker-0@kt1.local\", \"result\": null, \"error\": null, \"_id\": {\"$oid\": \"54d12eecdb087ce12b11fd52\"}, \"id\": \"54d12eecb2ff980faeaba09c\"}"
    http_version: 
  recorded_at: Tue, 03 Feb 2015 20:26:21 GMT
recorded_with: VCR 2.9.3
