--- 
http_interactions: 
- request: 
    method: get
    uri: https://admin:admin@centos.installer/pulp/api/v2/repositories/integration_test_id/
    body: 
      encoding: US-ASCII
      string: ""
    headers: 
      Accept: 
      - application/json
      Accept-Encoding: 
      - gzip, deflate
      Content-Type: 
      - application/json
      User-Agent: 
      - Ruby
  response: 
    status: 
      code: 404
      message: Not Found
    headers: 
      Date: 
      - Wed, 30 Apr 2014 20:50:15 GMT
      Server: 
      - Apache/2.2.15 (CentOS)
      Content-Encoding: 
      - utf-8
      Content-Length: 
      - "427"
      Connection: 
      - close
      Content-Type: 
      - application/json
    body: 
      encoding: US-ASCII
      string: "{\"http_request_method\": \"GET\", \"exception\": null, \"error_message\": \"Missing resource(s): repo=integration_test_id\", \"_href\": \"/pulp/api/v2/repositories/integration_test_id/\", \"http_status\": 404, \"error\": {\"code\": \"PLP0009\", \"data\": {\"resources\": {\"repo\": \"integration_test_id\"}}, \"description\": \"Missing resource(s): repo=integration_test_id\", \"sub_errors\": []}, \"traceback\": null, \"resources\": {\"repo\": \"integration_test_id\"}}"
    http_version: 
  recorded_at: Wed, 30 Apr 2014 20:50:15 GMT
- request: 
    method: post
    uri: https://admin:admin@centos.installer/pulp/api/v2/repositories/
    body: 
      encoding: US-ASCII
      string: "{\"id\":\"integration_test_id\",\"importer_type_id\":\"yum_importer\",\"importer_config\":{\"feed\":\"file:///home/jlsherri/git/runcible/test/fixtures/repositories/zoo5\"}}"
    headers: 
      Accept: 
      - application/json
      Accept-Encoding: 
      - gzip, deflate
      Content-Type: 
      - application/json
      Content-Length: 
      - "158"
      User-Agent: 
      - Ruby
  response: 
    status: 
      code: 201
      message: Created
    headers: 
      Date: 
      - Wed, 30 Apr 2014 20:50:15 GMT
      Server: 
      - Apache/2.2.15 (CentOS)
      Location: 
      - integration_test_id
      Content-Length: 
      - "267"
      Connection: 
      - close
      Content-Type: 
      - application/json
    body: 
      encoding: US-ASCII
      string: "{\"scratchpad\": {}, \"display_name\": \"integration_test_id\", \"description\": null, \"_ns\": \"repos\", \"notes\": {}, \"content_unit_counts\": {}, \"_id\": {\"$oid\": \"5361620786d9a928f0927500\"}, \"id\": \"integration_test_id\", \"_href\": \"/pulp/api/v2/repositories/integration_test_id/\"}"
    http_version: 
  recorded_at: Wed, 30 Apr 2014 20:50:15 GMT
- request: 
    method: put
    uri: https://admin:admin@centos.installer/pulp/api/v2/repositories/integration_test_id/
    body: 
      encoding: US-ASCII
      string: "{\"delta\":{\"description\":\"updated_description_integration_test_id\"}}"
    headers: 
      Accept: 
      - application/json
      Accept-Encoding: 
      - gzip, deflate
      Content-Type: 
      - application/json
      Content-Length: 
      - "67"
      User-Agent: 
      - Ruby
  response: 
    status: 
      code: 200
      message: OK
    headers: 
      Date: 
      - Wed, 30 Apr 2014 20:50:15 GMT
      Server: 
      - Apache/2.2.15 (CentOS)
      Content-Length: 
      - "352"
      Connection: 
      - close
      Content-Type: 
      - application/json
    body: 
      encoding: US-ASCII
      string: "{\"spawned_tasks\": [], \"result\": {\"scratchpad\": {}, \"display_name\": \"integration_test_id\", \"description\": \"updated_description_integration_test_id\", \"_ns\": \"repos\", \"notes\": {}, \"content_unit_counts\": {}, \"_id\": {\"$oid\": \"5361620786d9a928f0927500\"}, \"id\": \"integration_test_id\", \"_href\": \"/pulp/api/v2/repositories/integration_test_id/\"}, \"error\": null}"
    http_version: 
  recorded_at: Wed, 30 Apr 2014 20:50:15 GMT
- request: 
    method: delete
    uri: https://admin:admin@centos.installer/pulp/api/v2/repositories/integration_test_id/
    body: 
      encoding: US-ASCII
      string: ""
    headers: 
      Accept: 
      - application/json
      Accept-Encoding: 
      - gzip, deflate
      Content-Type: 
      - application/json
      User-Agent: 
      - Ruby
  response: 
    status: 
      code: 202
      message: Accepted
    headers: 
      Date: 
      - Wed, 30 Apr 2014 20:50:15 GMT
      Server: 
      - Apache/2.2.15 (CentOS)
      Content-Encoding: 
      - utf-8
      Content-Length: 
      - "172"
      Connection: 
      - close
      Content-Type: 
      - application/json
    body: 
      encoding: US-ASCII
      string: "{\"spawned_tasks\": [{\"_href\": \"/pulp/api/v2/tasks/517256e6-acea-4a1e-8b94-27e7e332322e/\", \"task_id\": \"517256e6-acea-4a1e-8b94-27e7e332322e\"}], \"result\": null, \"error\": null}"
    http_version: 
  recorded_at: Wed, 30 Apr 2014 20:50:16 GMT
- request: 
    method: get
    uri: https://admin:admin@centos.installer/pulp/api/v2/tasks/517256e6-acea-4a1e-8b94-27e7e332322e/
    body: 
      encoding: US-ASCII
      string: ""
    headers: 
      Accept: 
      - application/json
      Accept-Encoding: 
      - gzip, deflate
      Content-Type: 
      - application/json
      User-Agent: 
      - Ruby
  response: 
    status: 
      code: 200
      message: OK
    headers: 
      Date: 
      - Wed, 30 Apr 2014 20:50:16 GMT
      Server: 
      - Apache/2.2.15 (CentOS)
      Content-Length: 
      - "501"
      Connection: 
      - close
      Content-Type: 
      - application/json
    body: 
      encoding: US-ASCII
      string: "{\"task_type\": \"pulp.server.tasks.repository.delete\", \"_href\": \"/pulp/api/v2/tasks/517256e6-acea-4a1e-8b94-27e7e332322e/\", \"task_id\": \"517256e6-acea-4a1e-8b94-27e7e332322e\", \"tags\": [\"pulp:repository:integration_test_id\", \"pulp:action:delete\"], \"finish_time\": \"2014-04-30T20:50:16Z\", \"_ns\": \"task_status\", \"start_time\": \"2014-04-30T20:50:16Z\", \"spawned_tasks\": [], \"queue\": \"reserved_resource_worker-0@centos.installer\", \"state\": \"finished\", \"result\": null, \"_id\": {\"$oid\": \"536162086f17e7ee7c724a9b\"}}"
    http_version: 
  recorded_at: Wed, 30 Apr 2014 20:50:16 GMT
recorded_with: VCR 2.9.0
