---
http_interactions:
- request:
    method: get
    uri: https://admin:HeQSzZgm6ZEKG8aHrJEGW7aGD85Wrj57@runcible.example.com/pulp/api/v2/tasks/45653b77-b7ec-4eef-abf8-3dd11549f519/
    body:
      encoding: US-ASCII
      string: ''
    headers:
      Accept:
      - application/json
      Accept-Encoding:
      - gzip, deflate
      Content-Type:
      - application/json
      User-Agent:
      - Ruby
  response:
    status:
      code: 200
      message: OK
    headers:
      Date:
      - Fri, 29 Apr 2016 16:28:25 GMT
      Server:
      - Apache/2.4.6 (CentOS)
      Vary:
      - Accept-Encoding
      Content-Length:
      - '2188'
      Content-Type:
      - application/json; charset=utf-8
    body:
      encoding: ASCII-8BIT
      string: '{"exception": null, "task_type": "pulp.server.managers.repo.sync.sync",
        "_href": "/pulp/api/v2/tasks/45653b77-b7ec-4eef-abf8-3dd11549f519/", "task_id":
        "45653b77-b7ec-4eef-abf8-3dd11549f519", "tags": ["pulp:repository:integration_test_id",
        "pulp:action:sync"], "finish_time": "2016-04-29T16:28:25Z", "_ns": "task_status",
        "start_time": "2016-04-29T16:28:24Z", "traceback": null, "spawned_tasks":
        [], "progress_report": {"yum_importer": {"content": {"items_total": 0, "state":
        "FINISHED", "error_details": [], "details": {"rpm_total": 0, "rpm_done": 0,
        "drpm_total": 0, "drpm_done": 0}, "size_total": 0, "size_left": 0, "items_left":
        0}, "comps": {"state": "FINISHED"}, "purge_duplicates": {"state": "FINISHED"},
        "distribution": {"items_total": 3, "state": "FINISHED", "error_details": [],
        "items_left": 0}, "errata": {"state": "FINISHED"}, "metadata": {"state": "FINISHED"}}},
        "queue": "reserved_resource_worker-0@runcible.example.com.dq", "state": "finished",
        "worker_name": "reserved_resource_worker-0@runcible.example.com", "result":
        {"result": "success", "importer_id": "yum_importer", "exception": null, "repo_id":
        "integration_test_id", "traceback": null, "started": "2016-04-29T16:28:24Z",
        "_ns": "repo_sync_results", "completed": "2016-04-29T16:28:25Z", "importer_type_id":
        "yum_importer", "error_message": null, "summary": {"content": {"state": "FINISHED"},
        "comps": {"state": "FINISHED"}, "purge_duplicates": {"state": "FINISHED"},
        "distribution": {"state": "FINISHED"}, "errata": {"state": "FINISHED"}, "metadata":
        {"state": "FINISHED"}}, "added_count": 14, "removed_count": 0, "updated_count":
        0, "id": "57238ba9aca4886e0c05c43a", "details": {"content": {"size_total":
        0, "items_left": 0, "items_total": 0, "state": "FINISHED", "size_left": 0,
        "details": {"rpm_total": 0, "rpm_done": 0, "drpm_total": 0, "drpm_done": 0},
        "error_details": []}, "comps": {"state": "FINISHED"}, "purge_duplicates":
        {"state": "FINISHED"}, "distribution": {"items_total": 3, "state": "FINISHED",
        "error_details": [], "items_left": 0}, "errata": {"state": "FINISHED"}, "metadata":
        {"state": "FINISHED"}}}, "error": null, "_id": {"$oid": "57238ba8898f5c862fa3ecea"},
        "id": "57238ba8898f5c862fa3ecea"}'
    http_version: 
  recorded_at: Fri, 29 Apr 2016 16:28:25 GMT
- request:
    method: get
    uri: https://admin:HeQSzZgm6ZEKG8aHrJEGW7aGD85Wrj57@runcible.example.com/pulp/api/v2/tasks/f15ab9d5-3e1a-46b1-aec6-acfffe000626/
    body:
      encoding: US-ASCII
      string: ''
    headers:
      Accept:
      - application/json
      Accept-Encoding:
      - gzip, deflate
      Content-Type:
      - application/json
      User-Agent:
      - Ruby
  response:
    status:
      code: 200
      message: OK
    headers:
      Date:
      - Fri, 29 Apr 2016 16:28:26 GMT
      Server:
      - Apache/2.4.6 (CentOS)
      Vary:
      - Accept-Encoding
      Content-Length:
      - '3130'
      Content-Type:
      - application/json; charset=utf-8
    body:
      encoding: ASCII-8BIT
      string: '{"exception": null, "task_type": "pulp.server.managers.repo.unit_association.unassociate_by_criteria",
        "_href": "/pulp/api/v2/tasks/f15ab9d5-3e1a-46b1-aec6-acfffe000626/", "task_id":
        "f15ab9d5-3e1a-46b1-aec6-acfffe000626", "tags": ["pulp:repository:integration_test_id",
        "pulp:action:unassociate"], "finish_time": "2016-04-29T16:28:25Z", "_ns":
        "task_status", "start_time": "2016-04-29T16:28:25Z", "traceback": null, "spawned_tasks":
        [], "progress_report": {}, "queue": "reserved_resource_worker-0@runcible.example.com.dq",
        "state": "finished", "worker_name": "reserved_resource_worker-0@runcible.example.com",
        "result": {"units_successful": [{"unit_key": {"repo_id": "integration_test_id",
        "id": "mammal"}, "type_id": "package_group"}, {"unit_key": {"repo_id": "integration_test_id",
        "id": "bird"}, "type_id": "package_group"}, {"unit_key": {"variant": "TestVariant",
        "version": "16", "arch": "x86_64", "id": "ks-Test Family-TestVariant-16-x86_64",
        "family": "Test Family"}, "type_id": "distribution"}, {"unit_key": {"repo_id":
        "integration_test_id", "id": "all"}, "type_id": "package_category"}, {"unit_key":
        {"name": "lion", "checksum": "12400dc95c23a4c160725a908716cd3fcdd7a8981585437ab64cd62efa3e4ae4",
        "epoch": "0", "version": "0.3", "release": "0.8", "arch": "noarch", "checksumtype":
        "sha256"}, "type_id": "rpm"}, {"unit_key": {"name": "cheetah", "checksum":
        "422d0baa0cd9d7713ae796e886a23e17f578f924f74880debdbb7d65fb368dae", "epoch":
        "0", "version": "0.3", "release": "0.8", "arch": "noarch", "checksumtype":
        "sha256"}, "type_id": "rpm"}, {"unit_key": {"name": "monkey", "checksum":
        "0e8fa50d0128fbabc7ccc5632e3fa25d39b0280169f6166cb8e2c84de8501db1", "epoch":
        "0", "version": "0.3", "release": "0.8", "arch": "noarch", "checksumtype":
        "sha256"}, "type_id": "rpm"}, {"unit_key": {"name": "giraffe", "checksum":
        "f25d67d1d9da04f12e57ca323247b43891ac46533e355b82de6d1922009f9f14", "epoch":
        "0", "version": "0.3", "release": "0.8", "arch": "noarch", "checksumtype":
        "sha256"}, "type_id": "rpm"}, {"unit_key": {"name": "squirrel", "checksum":
        "251768bdd15f13d78487c27638aa6aecd01551e253756093cde1c0ae878a17d2", "epoch":
        "0", "version": "0.3", "release": "0.8", "arch": "noarch", "checksumtype":
        "sha256"}, "type_id": "rpm"}, {"unit_key": {"name": "elephant", "checksum":
        "3e1c70cd1b421328acaf6397cb3d16145306bb95f65d1b095fc31372a0a701f3", "epoch":
        "0", "version": "0.3", "release": "0.8", "arch": "noarch", "checksumtype":
        "sha256"}, "type_id": "rpm"}, {"unit_key": {"name": "walrus", "checksum":
        "6e8d6dc057e3e2c9819f0dc7e6c7b7f86bf2e8571bba414adec7fb621a461dfd", "epoch":
        "0", "version": "0.3", "release": "0.8", "arch": "noarch", "checksumtype":
        "sha256"}, "type_id": "rpm"}, {"unit_key": {"name": "penguin", "checksum":
        "3fcb2c927de9e13bf68469032a28b139d3e5ad2e58564fc210fd6e48635be694", "epoch":
        "0", "version": "0.3", "release": "0.8", "arch": "noarch", "checksumtype":
        "sha256"}, "type_id": "rpm"}, {"unit_key": {"id": "RHEA-2010:0001"}, "type_id":
        "erratum"}, {"unit_key": {"id": "RHEA-2010:0002"}, "type_id": "erratum"}]},
        "error": null, "_id": {"$oid": "57238ba9898f5c862fa3ecf9"}, "id": "57238ba9898f5c862fa3ecf9"}'
    http_version: 
  recorded_at: Fri, 29 Apr 2016 16:28:26 GMT
- request:
    method: get
    uri: https://admin:HeQSzZgm6ZEKG8aHrJEGW7aGD85Wrj57@runcible.example.com/pulp/api/v2/tasks/e1653ade-2c56-40a2-b50c-9aea64b85dcb/
    body:
      encoding: US-ASCII
      string: ''
    headers:
      Accept:
      - application/json
      Accept-Encoding:
      - gzip, deflate
      Content-Type:
      - application/json
      User-Agent:
      - Ruby
  response:
    status:
      code: 200
      message: OK
    headers:
      Date:
      - Fri, 29 Apr 2016 16:28:27 GMT
      Server:
      - Apache/2.4.6 (CentOS)
      Vary:
      - Accept-Encoding
      Content-Length:
      - '684'
      Content-Type:
      - application/json; charset=utf-8
    body:
      encoding: ASCII-8BIT
      string: '{"exception": null, "task_type": "pulp.server.tasks.repository.delete",
        "_href": "/pulp/api/v2/tasks/e1653ade-2c56-40a2-b50c-9aea64b85dcb/", "task_id":
        "e1653ade-2c56-40a2-b50c-9aea64b85dcb", "tags": ["pulp:repository:integration_test_id",
        "pulp:action:delete"], "finish_time": "2016-04-29T16:28:26Z", "_ns": "task_status",
        "start_time": "2016-04-29T16:28:26Z", "traceback": null, "spawned_tasks":
        [], "progress_report": {}, "queue": "reserved_resource_worker-0@runcible.example.com.dq",
        "state": "finished", "worker_name": "reserved_resource_worker-0@runcible.example.com",
        "result": null, "error": null, "_id": {"$oid": "57238baa898f5c862fa3ecfa"},
        "id": "57238baa898f5c862fa3ecfa"}'
    http_version: 
  recorded_at: Fri, 29 Apr 2016 16:28:27 GMT
- request:
    method: get
    uri: https://alpha.partello.example.com/pulp/api/v2/tasks/b7b9e8df-f624-446b-a708-6b9a839e1bdf/
    body:
      encoding: US-ASCII
      string: ''
    headers:
      Accept:
      - application/json
      Accept-Encoding:
      - gzip, deflate
      User-Agent:
      - rest-client/2.0.2 (linux-gnu x86_64) ruby/2.4.1p111
      Content-Type:
      - application/json
      Host:
      - alpha.partello.example.com
      Authorization:
      - Basic YWRtaW46YWRtaW4=
  response:
    status:
      code: 200
      message: OK
    headers:
      Date:
      - Thu, 30 Aug 2018 02:39:37 GMT
      Server:
      - Apache/2.4.6 (CentOS)
      Etag:
      - '"f1f5fe5c633e8aa3fe96e1be48129299-gzip"'
      Vary:
      - Accept-Encoding
      Content-Length:
      - '2303'
      Content-Type:
      - application/json; charset=utf-8
    body:
      encoding: ASCII-8BIT
      string: '{"exception": null, "task_type": "pulp.server.managers.repo.sync.sync",
        "_href": "/pulp/api/v2/tasks/b7b9e8df-f624-446b-a708-6b9a839e1bdf/", "task_id":
        "b7b9e8df-f624-446b-a708-6b9a839e1bdf", "tags": ["pulp:repository:integration_test_id",
        "pulp:action:sync"], "finish_time": "2018-08-30T02:39:37Z", "_ns": "task_status",
        "start_time": "2018-08-30T02:39:36Z", "traceback": null, "spawned_tasks":
        [], "progress_report": {"yum_importer": {"content": {"items_total": 0, "state":
        "FINISHED", "error_details": [], "details": {"rpm_total": 0, "rpm_done": 0,
        "drpm_total": 0, "drpm_done": 0}, "size_total": 0, "size_left": 0, "items_left":
        0}, "comps": {"state": "FINISHED"}, "purge_duplicates": {"state": "FINISHED"},
        "distribution": {"items_total": 3, "state": "FINISHED", "error_details": [],
        "items_left": 0}, "modules": {"state": "FINISHED"}, "errata": {"state": "FINISHED"},
        "metadata": {"state": "FINISHED"}}}, "queue": "reserved_resource_worker-0@alpha.partello.example.com.dq2",
        "state": "finished", "worker_name": "reserved_resource_worker-0@alpha.partello.example.com",
        "result": {"result": "success", "importer_id": "yum_importer", "exception":
        null, "repo_id": "integration_test_id", "traceback": null, "started": "2018-08-30T02:39:36Z",
        "_ns": "repo_sync_results", "completed": "2018-08-30T02:39:37Z", "importer_type_id":
        "yum_importer", "error_message": null, "summary": {"modules": {"state": "FINISHED"},
        "content": {"state": "FINISHED"}, "comps": {"state": "FINISHED"}, "purge_duplicates":
        {"state": "FINISHED"}, "distribution": {"state": "FINISHED"}, "errata": {"state":
        "FINISHED"}, "metadata": {"state": "FINISHED"}}, "added_count": 28, "removed_count":
        0, "updated_count": 0, "id": "5b8758e9d6cc060873b592cf", "details": {"modules":
        {"state": "FINISHED"}, "content": {"size_total": 0, "items_left": 0, "items_total":
        0, "state": "FINISHED", "size_left": 0, "details": {"rpm_total": 0, "rpm_done":
        0, "drpm_total": 0, "drpm_done": 0}, "error_details": []}, "comps": {"state":
        "FINISHED"}, "purge_duplicates": {"state": "FINISHED"}, "distribution": {"items_total":
        3, "state": "FINISHED", "error_details": [], "items_left": 0}, "errata": {"state":
        "FINISHED"}, "metadata": {"state": "FINISHED"}}}, "error": null, "_id": {"$oid":
        "5b8758e804b1e079c02f5342"}, "id": "5b8758e804b1e079c02f5342"}'
    http_version: 
  recorded_at: Thu, 30 Aug 2018 02:39:37 GMT
- request:
    method: get
    uri: https://alpha.partello.example.com/pulp/api/v2/tasks/7a64e1c6-ffb8-4d04-97ed-536ec3f9d8ae/
    body:
      encoding: US-ASCII
      string: ''
    headers:
      Accept:
      - application/json
      Accept-Encoding:
      - gzip, deflate
      User-Agent:
      - rest-client/2.0.2 (linux-gnu x86_64) ruby/2.4.1p111
      Content-Type:
      - application/json
      Host:
      - alpha.partello.example.com
      Authorization:
      - Basic YWRtaW46YWRtaW4=
  response:
    status:
      code: 200
      message: OK
    headers:
      Date:
      - Thu, 30 Aug 2018 02:39:38 GMT
      Server:
      - Apache/2.4.6 (CentOS)
      Etag:
      - '"ca0f32b6e082a702a12ab8ed1707a9e7-gzip"'
      Vary:
      - Accept-Encoding
      Content-Length:
      - '5820'
      Content-Type:
      - application/json; charset=utf-8
    body:
      encoding: ASCII-8BIT
      string: '{"exception": null, "task_type": "pulp.server.managers.repo.unit_association.unassociate_by_criteria",
        "_href": "/pulp/api/v2/tasks/7a64e1c6-ffb8-4d04-97ed-536ec3f9d8ae/", "task_id":
        "7a64e1c6-ffb8-4d04-97ed-536ec3f9d8ae", "tags": ["pulp:repository:integration_test_id",
        "pulp:action:unassociate"], "finish_time": "2018-08-30T02:39:37Z", "_ns":
        "task_status", "start_time": "2018-08-30T02:39:37Z", "traceback": null, "spawned_tasks":
        [], "progress_report": {}, "queue": "reserved_resource_worker-0@alpha.partello.example.com.dq2",
        "state": "finished", "worker_name": "reserved_resource_worker-0@alpha.partello.example.com",
        "result": {"units_successful": [{"unit_key": {"repo_id": "integration_test_id",
        "name": "kangaroo"}, "type_id": "modulemd_defaults"}, {"unit_key": {"repo_id":
        "integration_test_id", "name": "duck"}, "type_id": "modulemd_defaults"}, {"unit_key":
        {"repo_id": "integration_test_id", "name": "walrus"}, "type_id": "modulemd_defaults"},
        {"unit_key": {"id": "RHEA-2010:0001"}, "type_id": "erratum"}, {"unit_key":
        {"id": "RHEA-2012:0059"}, "type_id": "erratum"}, {"unit_key": {"id": "RHEA-2010:0002"},
        "type_id": "erratum"}, {"unit_key": {"context": "c0ffee42", "version": 20180707144203,
        "arch": "x86_64", "name": "walrus", "stream": "0.71"}, "type_id": "modulemd"},
        {"unit_key": {"context": "deadbeef", "version": 20180704111719, "arch": "noarch",
        "name": "kangaroo", "stream": "0"}, "type_id": "modulemd"}, {"unit_key": {"context":
        "deadbeef", "version": 20180704244205, "arch": "noarch", "name": "duck", "stream":
        "0"}, "type_id": "modulemd"}, {"unit_key": {"context": "deadbeef", "version":
        20180704144203, "arch": "x86_64", "name": "walrus", "stream": "5.21"}, "type_id":
        "modulemd"}, {"unit_key": {"context": "deadbeef", "version": 20180730233102,
        "arch": "noarch", "name": "duck", "stream": "0"}, "type_id": "modulemd"},
        {"unit_key": {"context": "deadbeef", "version": 20180730223407, "arch": "noarch",
        "name": "kangaroo", "stream": "0"}, "type_id": "modulemd"}, {"unit_key": {"variant":
        "TestVariant", "version": "16", "arch": "x86_64", "id": "ks-Test Family-TestVariant-16-x86_64",
        "family": "Test Family"}, "type_id": "distribution"}, {"signing_key": null,
        "unit_key": {"name": "elephant", "checksum": "3e1c70cd1b421328acaf6397cb3d16145306bb95f65d1b095fc31372a0a701f3",
        "epoch": "0", "version": "0.3", "release": "0.8", "arch": "noarch", "checksumtype":
        "sha256"}, "type_id": "rpm"}, {"signing_key": null, "unit_key": {"name": "walrus",
        "checksum": "516a22ccc0cbe3ecb2cbee1c626a39b91767dbf0f815afda7b733aa56523142c",
        "epoch": "0", "version": "0.71", "release": "1", "arch": "noarch", "checksumtype":
        "sha256"}, "type_id": "rpm"}, {"signing_key": null, "unit_key": {"name": "penguin",
        "checksum": "3fcb2c927de9e13bf68469032a28b139d3e5ad2e58564fc210fd6e48635be694",
        "epoch": "0", "version": "0.3", "release": "0.8", "arch": "noarch", "checksumtype":
        "sha256"}, "type_id": "rpm"}, {"signing_key": null, "unit_key": {"name": "kangaroo",
        "checksum": "833af594bc0ba31256045ed1fb17d3df2d8341a89b0c5a9bf610dd6103ce4cc8",
        "epoch": "0", "version": "0.2", "release": "1", "arch": "noarch", "checksumtype":
        "sha256"}, "type_id": "rpm"}, {"signing_key": null, "unit_key": {"name": "squirrel",
        "checksum": "251768bdd15f13d78487c27638aa6aecd01551e253756093cde1c0ae878a17d2",
        "epoch": "0", "version": "0.3", "release": "0.8", "arch": "noarch", "checksumtype":
        "sha256"}, "type_id": "rpm"}, {"signing_key": null, "unit_key": {"name": "kangaroo",
        "checksum": "865a4c89485bdd9723a3c407280c141e9202f024e7db38cba3d097c3f256b2fd",
        "epoch": "0", "version": "0.3", "release": "1", "arch": "noarch", "checksumtype":
        "sha256"}, "type_id": "rpm"}, {"signing_key": null, "unit_key": {"name": "giraffe",
        "checksum": "f25d67d1d9da04f12e57ca323247b43891ac46533e355b82de6d1922009f9f14",
        "epoch": "0", "version": "0.3", "release": "0.8", "arch": "noarch", "checksumtype":
        "sha256"}, "type_id": "rpm"}, {"signing_key": null, "unit_key": {"name": "monkey",
        "checksum": "0e8fa50d0128fbabc7ccc5632e3fa25d39b0280169f6166cb8e2c84de8501db1",
        "epoch": "0", "version": "0.3", "release": "0.8", "arch": "noarch", "checksumtype":
        "sha256"}, "type_id": "rpm"}, {"signing_key": null, "unit_key": {"name": "walrus",
        "checksum": "74533fbd4f9ada9e02a6361cbbf014b8ff88dff8d69785ec48b77e01898e7c31",
        "epoch": "0", "version": "5.21", "release": "1", "arch": "noarch", "checksumtype":
        "sha256"}, "type_id": "rpm"}, {"signing_key": null, "unit_key": {"name": "duck",
        "checksum": "96f37877518a1fe6ea2e17f4ce1fc81b40908043bcbed76744b3d7d38a774bc7",
        "epoch": "0", "version": "0.6", "release": "1", "arch": "noarch", "checksumtype":
        "sha256"}, "type_id": "rpm"}, {"signing_key": null, "unit_key": {"name": "walrus",
        "checksum": "6e8d6dc057e3e2c9819f0dc7e6c7b7f86bf2e8571bba414adec7fb621a461dfd",
        "epoch": "0", "version": "0.3", "release": "0.8", "arch": "noarch", "checksumtype":
        "sha256"}, "type_id": "rpm"}, {"signing_key": null, "unit_key": {"name": "cheetah",
        "checksum": "422d0baa0cd9d7713ae796e886a23e17f578f924f74880debdbb7d65fb368dae",
        "epoch": "0", "version": "0.3", "release": "0.8", "arch": "noarch", "checksumtype":
        "sha256"}, "type_id": "rpm"}, {"signing_key": null, "unit_key": {"name": "lion",
        "checksum": "12400dc95c23a4c160725a908716cd3fcdd7a8981585437ab64cd62efa3e4ae4",
        "epoch": "0", "version": "0.3", "release": "0.8", "arch": "noarch", "checksumtype":
        "sha256"}, "type_id": "rpm"}, {"signing_key": null, "unit_key": {"name": "duck",
        "checksum": "5bd363b860ad6783217cbca3bbc3ef260f98d140ffb121bf4c208e3f66c24712",
        "epoch": "0", "version": "0.7", "release": "1", "arch": "noarch", "checksumtype":
        "sha256"}, "type_id": "rpm"}, {"unit_key": {"repo_id": "integration_test_id",
        "data_type": "comps"}, "type_id": "yum_repo_metadata_file"}]}, "error": null,
        "_id": {"$oid": "5b8758e904b1e079c02f535f"}, "id": "5b8758e904b1e079c02f535f"}'
    http_version: 
  recorded_at: Thu, 30 Aug 2018 02:39:38 GMT
- request:
    method: get
    uri: https://alpha.partello.example.com/pulp/api/v2/tasks/c07d598b-08a7-4800-8958-f5c3276b06a7/
    body:
      encoding: US-ASCII
      string: ''
    headers:
      Accept:
      - application/json
      Accept-Encoding:
      - gzip, deflate
      User-Agent:
      - rest-client/2.0.2 (linux-gnu x86_64) ruby/2.4.1p111
      Content-Type:
      - application/json
      Host:
      - alpha.partello.example.com
      Authorization:
      - Basic YWRtaW46YWRtaW4=
  response:
    status:
      code: 200
      message: OK
    headers:
      Date:
      - Thu, 30 Aug 2018 02:39:38 GMT
      Server:
      - Apache/2.4.6 (CentOS)
      Etag:
      - '"e3000ae924717324fa16926aa279e866-gzip"'
      Vary:
      - Accept-Encoding
      Content-Length:
      - '697'
      Content-Type:
      - application/json; charset=utf-8
    body:
      encoding: ASCII-8BIT
      string: '{"exception": null, "task_type": "pulp.server.tasks.repository.delete",
        "_href": "/pulp/api/v2/tasks/c07d598b-08a7-4800-8958-f5c3276b06a7/", "task_id":
        "c07d598b-08a7-4800-8958-f5c3276b06a7", "tags": ["pulp:repository:integration_test_id",
        "pulp:action:delete"], "finish_time": "2018-08-30T02:39:38Z", "_ns": "task_status",
        "start_time": "2018-08-30T02:39:38Z", "traceback": null, "spawned_tasks":
        [], "progress_report": {}, "queue": "reserved_resource_worker-0@alpha.partello.example.com.dq2",
        "state": "finished", "worker_name": "reserved_resource_worker-0@alpha.partello.example.com",
        "result": null, "error": null, "_id": {"$oid": "5b8758ea04b1e079c02f5360"},
        "id": "5b8758ea04b1e079c02f5360"}'
    http_version: 
  recorded_at: Thu, 30 Aug 2018 02:39:38 GMT
- request:
    method: delete
    uri: https://alpha.partello.example.com/pulp/api/v2/repositories/integration_test_id/
    body:
      encoding: US-ASCII
      string: ''
    headers:
      Accept:
      - application/json
      Accept-Encoding:
      - gzip, deflate
      User-Agent:
      - rest-client/2.0.2 (linux-gnu x86_64) ruby/2.4.1p111
      Content-Type:
      - application/json
      Host:
      - alpha.partello.example.com
      Authorization:
      - Basic YWRtaW46YWRtaW4=
  response:
    status:
      code: 404
      message: Not Found
    headers:
      Date:
      - Thu, 30 Aug 2018 03:27:33 GMT
      Server:
      - Apache/2.4.6 (CentOS)
      Content-Length:
      - '454'
      Content-Type:
      - application/json; charset=utf-8
    body:
      encoding: UTF-8
      string: '{"http_request_method": "DELETE", "exception": null, "error_message":
        "Missing resource(s): repository=integration_test_id", "_href": "/pulp/api/v2/repositories/integration_test_id/",
        "http_status": 404, "error": {"code": "PLP0009", "data": {"resources": {"repository":
        "integration_test_id"}}, "description": "Missing resource(s): repository=integration_test_id",
        "sub_errors": []}, "traceback": null, "resources": {"repository": "integration_test_id"}}'
    http_version: 
  recorded_at: Thu, 30 Aug 2018 03:27:33 GMT
- request:
    method: get
    uri: https://alpha.partello.example.com/pulp/api/v2/repositories/integration_test_id/
    body:
      encoding: US-ASCII
      string: ''
    headers:
      Accept:
      - application/json
      Accept-Encoding:
      - gzip, deflate
      User-Agent:
      - rest-client/2.0.2 (linux-gnu x86_64) ruby/2.4.1p111
      Content-Type:
      - application/json
      Host:
      - alpha.partello.example.com
      Authorization:
      - Basic YWRtaW46YWRtaW4=
  response:
    status:
      code: 404
      message: Not Found
    headers:
      Date:
      - Thu, 30 Aug 2018 03:27:33 GMT
      Server:
      - Apache/2.4.6 (CentOS)
      Content-Length:
      - '452'
      Etag:
      - '"7069a6b1115393c7d259d12015ef56e1"'
      Content-Type:
      - application/json; charset=utf-8
    body:
      encoding: UTF-8
      string: '{"http_request_method": "GET", "exception": null, "error_message":
        "Missing resource(s): repository=integration_test_id", "_href": "/pulp/api/v2/repositories/integration_test_id/?",
        "http_status": 404, "error": {"code": "PLP0009", "data": {"resources": {"repository":
        "integration_test_id"}}, "description": "Missing resource(s): repository=integration_test_id",
        "sub_errors": []}, "traceback": null, "resources": {"repository": "integration_test_id"}}'
    http_version: 
  recorded_at: Thu, 30 Aug 2018 03:27:33 GMT
- request:
    method: post
    uri: https://alpha.partello.example.com/pulp/api/v2/repositories/
    body:
      encoding: UTF-8
      string: '{"id":"integration_test_id","importer_type_id":"yum_importer","importer_config":{"feed":"file:///var/www/repositories/zoo5"},"distributors":[{"distributor_type_id":"yum_distributor","distributor_config":{"relative_url":"path","http":true,"https":true},"auto_publish":false,"distributor_id":"yum_dist"}]}'
    headers:
      Accept:
      - application/json
      Accept-Encoding:
      - gzip, deflate
      User-Agent:
      - rest-client/2.0.2 (linux-gnu x86_64) ruby/2.4.1p111
      Content-Type:
      - application/json
      Content-Length:
      - '303'
      Host:
      - alpha.partello.example.com
      Authorization:
      - Basic YWRtaW46YWRtaW4=
  response:
    status:
      code: 201
      message: CREATED
    headers:
      Date:
      - Thu, 30 Aug 2018 03:27:33 GMT
      Server:
      - Apache/2.4.6 (CentOS)
      Content-Length:
      - '319'
      Location:
      - "/pulp/api/v2/repositories/integration_test_id/"
      Content-Type:
      - application/json; charset=utf-8
    body:
      encoding: UTF-8
      string: '{"scratchpad": {}, "display_name": "integration_test_id", "description":
        null, "last_unit_added": null, "notes": {}, "last_unit_removed": null, "content_unit_counts":
        {}, "_ns": "repos", "_id": {"$oid": "5b876425d6cc06041d38e64c"}, "id": "integration_test_id",
        "_href": "/pulp/api/v2/repositories/integration_test_id/"}'
    http_version: 
  recorded_at: Thu, 30 Aug 2018 03:27:33 GMT
- request:
    method: post
    uri: https://alpha.partello.example.com/pulp/api/v2/repositories/integration_test_id/actions/sync/
    body:
      encoding: UTF-8
      string: "{}"
    headers:
      Accept:
      - application/json
      Accept-Encoding:
      - gzip, deflate
      User-Agent:
      - rest-client/2.0.2 (linux-gnu x86_64) ruby/2.4.1p111
      Content-Type:
      - application/json
      Content-Length:
      - '2'
      Host:
      - alpha.partello.example.com
      Authorization:
      - Basic YWRtaW46YWRtaW4=
  response:
    status:
      code: 202
      message: Accepted
    headers:
      Date:
      - Thu, 30 Aug 2018 03:27:33 GMT
      Server:
      - Apache/2.4.6 (CentOS)
      Content-Length:
      - '172'
      Content-Type:
      - application/json; charset=utf-8
    body:
      encoding: UTF-8
      string: '{"spawned_tasks": [{"_href": "/pulp/api/v2/tasks/a16cb487-683e-4716-b242-bc07ddcacd55/",
        "task_id": "a16cb487-683e-4716-b242-bc07ddcacd55"}], "result": null, "error":
        null}'
    http_version: 
  recorded_at: Thu, 30 Aug 2018 03:27:33 GMT
- request:
    method: get
    uri: https://alpha.partello.example.com/pulp/api/v2/tasks/a16cb487-683e-4716-b242-bc07ddcacd55/
    body:
      encoding: US-ASCII
      string: ''
    headers:
      Accept:
      - application/json
      Accept-Encoding:
      - gzip, deflate
      User-Agent:
      - rest-client/2.0.2 (linux-gnu x86_64) ruby/2.4.1p111
      Content-Type:
      - application/json
      Host:
      - alpha.partello.example.com
      Authorization:
      - Basic YWRtaW46YWRtaW4=
  response:
    status:
      code: 200
      message: OK
    headers:
      Date:
      - Thu, 30 Aug 2018 03:27:34 GMT
      Server:
      - Apache/2.4.6 (CentOS)
      Etag:
      - '"6db66a0244807bbfaa4a299986d304ab-gzip"'
      Vary:
      - Accept-Encoding
      Content-Length:
      - '2303'
      Content-Type:
      - application/json; charset=utf-8
    body:
      encoding: ASCII-8BIT
      string: '{"exception": null, "task_type": "pulp.server.managers.repo.sync.sync",
        "_href": "/pulp/api/v2/tasks/a16cb487-683e-4716-b242-bc07ddcacd55/", "task_id":
        "a16cb487-683e-4716-b242-bc07ddcacd55", "tags": ["pulp:repository:integration_test_id",
        "pulp:action:sync"], "finish_time": "2018-08-30T03:27:34Z", "_ns": "task_status",
        "start_time": "2018-08-30T03:27:33Z", "traceback": null, "spawned_tasks":
        [], "progress_report": {"yum_importer": {"content": {"items_total": 0, "state":
        "FINISHED", "error_details": [], "details": {"rpm_total": 0, "rpm_done": 0,
        "drpm_total": 0, "drpm_done": 0}, "size_total": 0, "size_left": 0, "items_left":
        0}, "comps": {"state": "FINISHED"}, "purge_duplicates": {"state": "FINISHED"},
        "distribution": {"items_total": 3, "state": "FINISHED", "error_details": [],
        "items_left": 0}, "modules": {"state": "FINISHED"}, "errata": {"state": "FINISHED"},
        "metadata": {"state": "FINISHED"}}}, "queue": "reserved_resource_worker-0@alpha.partello.example.com.dq2",
        "state": "finished", "worker_name": "reserved_resource_worker-0@alpha.partello.example.com",
        "result": {"result": "success", "importer_id": "yum_importer", "exception":
        null, "repo_id": "integration_test_id", "traceback": null, "started": "2018-08-30T03:27:33Z",
        "_ns": "repo_sync_results", "completed": "2018-08-30T03:27:34Z", "importer_type_id":
        "yum_importer", "error_message": null, "summary": {"modules": {"state": "FINISHED"},
        "content": {"state": "FINISHED"}, "comps": {"state": "FINISHED"}, "purge_duplicates":
        {"state": "FINISHED"}, "distribution": {"state": "FINISHED"}, "errata": {"state":
        "FINISHED"}, "metadata": {"state": "FINISHED"}}, "added_count": 30, "removed_count":
        0, "updated_count": 0, "id": "5b876426d6cc060873b596dc", "details": {"modules":
        {"state": "FINISHED"}, "content": {"size_total": 0, "items_left": 0, "items_total":
        0, "state": "FINISHED", "size_left": 0, "details": {"rpm_total": 0, "rpm_done":
        0, "drpm_total": 0, "drpm_done": 0}, "error_details": []}, "comps": {"state":
        "FINISHED"}, "purge_duplicates": {"state": "FINISHED"}, "distribution": {"items_total":
        3, "state": "FINISHED", "error_details": [], "items_left": 0}, "errata": {"state":
        "FINISHED"}, "metadata": {"state": "FINISHED"}}}, "error": null, "_id": {"$oid":
        "5b87642504b1e079c02f5bf8"}, "id": "5b87642504b1e079c02f5bf8"}'
    http_version: 
  recorded_at: Thu, 30 Aug 2018 03:27:34 GMT
- request:
    method: post
    uri: https://alpha.partello.example.com/pulp/api/v2/repositories/integration_test_id/actions/unassociate/
    body:
      encoding: UTF-8
      string: '{"criteria":{}}'
    headers:
      Accept:
      - application/json
      Accept-Encoding:
      - gzip, deflate
      User-Agent:
      - rest-client/2.0.2 (linux-gnu x86_64) ruby/2.4.1p111
      Content-Type:
      - application/json
      Content-Length:
      - '15'
      Host:
      - alpha.partello.example.com
      Authorization:
      - Basic YWRtaW46YWRtaW4=
  response:
    status:
      code: 202
      message: Accepted
    headers:
      Date:
      - Thu, 30 Aug 2018 03:27:34 GMT
      Server:
      - Apache/2.4.6 (CentOS)
      Content-Length:
      - '172'
      Content-Type:
      - application/json; charset=utf-8
    body:
      encoding: UTF-8
      string: '{"spawned_tasks": [{"_href": "/pulp/api/v2/tasks/0f734f6f-2a0f-4d65-a63f-c93a5a3a14ca/",
        "task_id": "0f734f6f-2a0f-4d65-a63f-c93a5a3a14ca"}], "result": null, "error":
        null}'
    http_version: 
  recorded_at: Thu, 30 Aug 2018 03:27:34 GMT
- request:
    method: get
    uri: https://alpha.partello.example.com/pulp/api/v2/tasks/0f734f6f-2a0f-4d65-a63f-c93a5a3a14ca/
    body:
      encoding: US-ASCII
      string: ''
    headers:
      Accept:
      - application/json
      Accept-Encoding:
      - gzip, deflate
      User-Agent:
      - rest-client/2.0.2 (linux-gnu x86_64) ruby/2.4.1p111
      Content-Type:
      - application/json
      Host:
      - alpha.partello.example.com
      Authorization:
      - Basic YWRtaW46YWRtaW4=
  response:
    status:
      code: 200
      message: OK
    headers:
      Date:
      - Thu, 30 Aug 2018 03:27:34 GMT
      Server:
      - Apache/2.4.6 (CentOS)
      Etag:
      - '"0c0d72867c87019bdab5ac28247b081d-gzip"'
      Vary:
      - Accept-Encoding
      Content-Length:
      - '5991'
      Content-Type:
      - application/json; charset=utf-8
    body:
      encoding: ASCII-8BIT
      string: '{"exception": null, "task_type": "pulp.server.managers.repo.unit_association.unassociate_by_criteria",
        "_href": "/pulp/api/v2/tasks/0f734f6f-2a0f-4d65-a63f-c93a5a3a14ca/", "task_id":
        "0f734f6f-2a0f-4d65-a63f-c93a5a3a14ca", "tags": ["pulp:repository:integration_test_id",
        "pulp:action:unassociate"], "finish_time": "2018-08-30T03:27:34Z", "_ns":
        "task_status", "start_time": "2018-08-30T03:27:34Z", "traceback": null, "spawned_tasks":
        [], "progress_report": {}, "queue": "reserved_resource_worker-0@alpha.partello.example.com.dq2",
        "state": "finished", "worker_name": "reserved_resource_worker-0@alpha.partello.example.com",
        "result": {"units_successful": [{"unit_key": {"repo_id": "integration_test_id",
        "name": "duck"}, "type_id": "modulemd_defaults"}, {"unit_key": {"repo_id":
        "integration_test_id", "name": "kangaroo"}, "type_id": "modulemd_defaults"},
        {"unit_key": {"repo_id": "integration_test_id", "name": "walrus"}, "type_id":
        "modulemd_defaults"}, {"unit_key": {"id": "RHEA-2010:0001"}, "type_id": "erratum"},
        {"unit_key": {"id": "RHEA-2012:0059"}, "type_id": "erratum"}, {"unit_key":
        {"id": "RHEA-2010:0002"}, "type_id": "erratum"}, {"unit_key": {"repo_id":
        "integration_test_id", "id": "bird"}, "type_id": "package_group"}, {"unit_key":
        {"repo_id": "integration_test_id", "id": "mammal"}, "type_id": "package_group"},
        {"unit_key": {"repo_id": "integration_test_id", "id": "all"}, "type_id": "package_category"},
        {"unit_key": {"variant": "TestVariant", "version": "16", "arch": "x86_64",
        "id": "ks-Test Family-TestVariant-16-x86_64", "family": "Test Family"}, "type_id":
        "distribution"}, {"unit_key": {"context": "c0ffee42", "version": 20180707144203,
        "arch": "x86_64", "name": "walrus", "stream": "0.71"}, "type_id": "modulemd"},
        {"unit_key": {"context": "deadbeef", "version": 20180704111719, "arch": "noarch",
        "name": "kangaroo", "stream": "0"}, "type_id": "modulemd"}, {"unit_key": {"context":
        "deadbeef", "version": 20180704244205, "arch": "noarch", "name": "duck", "stream":
        "0"}, "type_id": "modulemd"}, {"unit_key": {"context": "deadbeef", "version":
        20180704144203, "arch": "x86_64", "name": "walrus", "stream": "5.21"}, "type_id":
        "modulemd"}, {"unit_key": {"context": "deadbeef", "version": 20180730233102,
        "arch": "noarch", "name": "duck", "stream": "0"}, "type_id": "modulemd"},
        {"unit_key": {"context": "deadbeef", "version": 20180730223407, "arch": "noarch",
        "name": "kangaroo", "stream": "0"}, "type_id": "modulemd"}, {"signing_key":
        null, "unit_key": {"name": "monkey", "checksum": "0e8fa50d0128fbabc7ccc5632e3fa25d39b0280169f6166cb8e2c84de8501db1",
        "epoch": "0", "version": "0.3", "release": "0.8", "arch": "noarch", "checksumtype":
        "sha256"}, "type_id": "rpm"}, {"signing_key": null, "unit_key": {"name": "squirrel",
        "checksum": "251768bdd15f13d78487c27638aa6aecd01551e253756093cde1c0ae878a17d2",
        "epoch": "0", "version": "0.3", "release": "0.8", "arch": "noarch", "checksumtype":
        "sha256"}, "type_id": "rpm"}, {"signing_key": null, "unit_key": {"name": "walrus",
        "checksum": "516a22ccc0cbe3ecb2cbee1c626a39b91767dbf0f815afda7b733aa56523142c",
        "epoch": "0", "version": "0.71", "release": "1", "arch": "noarch", "checksumtype":
        "sha256"}, "type_id": "rpm"}, {"signing_key": null, "unit_key": {"name": "cheetah",
        "checksum": "422d0baa0cd9d7713ae796e886a23e17f578f924f74880debdbb7d65fb368dae",
        "epoch": "0", "version": "0.3", "release": "0.8", "arch": "noarch", "checksumtype":
        "sha256"}, "type_id": "rpm"}, {"signing_key": null, "unit_key": {"name": "kangaroo",
        "checksum": "833af594bc0ba31256045ed1fb17d3df2d8341a89b0c5a9bf610dd6103ce4cc8",
        "epoch": "0", "version": "0.2", "release": "1", "arch": "noarch", "checksumtype":
        "sha256"}, "type_id": "rpm"}, {"signing_key": null, "unit_key": {"name": "penguin",
        "checksum": "3fcb2c927de9e13bf68469032a28b139d3e5ad2e58564fc210fd6e48635be694",
        "epoch": "0", "version": "0.3", "release": "0.8", "arch": "noarch", "checksumtype":
        "sha256"}, "type_id": "rpm"}, {"signing_key": null, "unit_key": {"name": "kangaroo",
        "checksum": "865a4c89485bdd9723a3c407280c141e9202f024e7db38cba3d097c3f256b2fd",
        "epoch": "0", "version": "0.3", "release": "1", "arch": "noarch", "checksumtype":
        "sha256"}, "type_id": "rpm"}, {"signing_key": null, "unit_key": {"name": "lion",
        "checksum": "12400dc95c23a4c160725a908716cd3fcdd7a8981585437ab64cd62efa3e4ae4",
        "epoch": "0", "version": "0.3", "release": "0.8", "arch": "noarch", "checksumtype":
        "sha256"}, "type_id": "rpm"}, {"signing_key": null, "unit_key": {"name": "walrus",
        "checksum": "74533fbd4f9ada9e02a6361cbbf014b8ff88dff8d69785ec48b77e01898e7c31",
        "epoch": "0", "version": "5.21", "release": "1", "arch": "noarch", "checksumtype":
        "sha256"}, "type_id": "rpm"}, {"signing_key": null, "unit_key": {"name": "elephant",
        "checksum": "3e1c70cd1b421328acaf6397cb3d16145306bb95f65d1b095fc31372a0a701f3",
        "epoch": "0", "version": "0.3", "release": "0.8", "arch": "noarch", "checksumtype":
        "sha256"}, "type_id": "rpm"}, {"signing_key": null, "unit_key": {"name": "duck",
        "checksum": "96f37877518a1fe6ea2e17f4ce1fc81b40908043bcbed76744b3d7d38a774bc7",
        "epoch": "0", "version": "0.6", "release": "1", "arch": "noarch", "checksumtype":
        "sha256"}, "type_id": "rpm"}, {"signing_key": null, "unit_key": {"name": "giraffe",
        "checksum": "f25d67d1d9da04f12e57ca323247b43891ac46533e355b82de6d1922009f9f14",
        "epoch": "0", "version": "0.3", "release": "0.8", "arch": "noarch", "checksumtype":
        "sha256"}, "type_id": "rpm"}, {"signing_key": null, "unit_key": {"name": "walrus",
        "checksum": "6e8d6dc057e3e2c9819f0dc7e6c7b7f86bf2e8571bba414adec7fb621a461dfd",
        "epoch": "0", "version": "0.3", "release": "0.8", "arch": "noarch", "checksumtype":
        "sha256"}, "type_id": "rpm"}, {"signing_key": null, "unit_key": {"name": "duck",
        "checksum": "5bd363b860ad6783217cbca3bbc3ef260f98d140ffb121bf4c208e3f66c24712",
        "epoch": "0", "version": "0.7", "release": "1", "arch": "noarch", "checksumtype":
        "sha256"}, "type_id": "rpm"}]}, "error": null, "_id": {"$oid": "5b87642604b1e079c02f5c17"},
        "id": "5b87642604b1e079c02f5c17"}'
    http_version: 
  recorded_at: Thu, 30 Aug 2018 03:27:34 GMT
- request:
    method: delete
    uri: https://alpha.partello.example.com/pulp/api/v2/repositories/integration_test_id/
    body:
      encoding: US-ASCII
      string: ''
    headers:
      Accept:
      - application/json
      Accept-Encoding:
      - gzip, deflate
      User-Agent:
      - rest-client/2.0.2 (linux-gnu x86_64) ruby/2.4.1p111
      Content-Type:
      - application/json
      Host:
      - alpha.partello.example.com
      Authorization:
      - Basic YWRtaW46YWRtaW4=
  response:
    status:
      code: 202
      message: Accepted
    headers:
      Date:
      - Thu, 30 Aug 2018 03:27:34 GMT
      Server:
      - Apache/2.4.6 (CentOS)
      Content-Length:
      - '172'
      Content-Type:
      - application/json; charset=utf-8
    body:
      encoding: UTF-8
      string: '{"spawned_tasks": [{"_href": "/pulp/api/v2/tasks/5de95d39-6fdf-4b5a-b1ef-805339874385/",
        "task_id": "5de95d39-6fdf-4b5a-b1ef-805339874385"}], "result": null, "error":
        null}'
    http_version: 
  recorded_at: Thu, 30 Aug 2018 03:27:34 GMT
- request:
    method: get
    uri: https://alpha.partello.example.com/pulp/api/v2/tasks/5de95d39-6fdf-4b5a-b1ef-805339874385/
    body:
      encoding: US-ASCII
      string: ''
    headers:
      Accept:
      - application/json
      Accept-Encoding:
      - gzip, deflate
      User-Agent:
      - rest-client/2.0.2 (linux-gnu x86_64) ruby/2.4.1p111
      Content-Type:
      - application/json
      Host:
      - alpha.partello.example.com
      Authorization:
      - Basic YWRtaW46YWRtaW4=
  response:
    status:
      code: 200
      message: OK
    headers:
      Date:
      - Thu, 30 Aug 2018 03:27:35 GMT
      Server:
      - Apache/2.4.6 (CentOS)
      Etag:
      - '"9eb9799916e7e08c080577f88188984e-gzip"'
      Vary:
      - Accept-Encoding
      Content-Length:
      - '697'
      Content-Type:
      - application/json; charset=utf-8
    body:
      encoding: ASCII-8BIT
      string: '{"exception": null, "task_type": "pulp.server.tasks.repository.delete",
        "_href": "/pulp/api/v2/tasks/5de95d39-6fdf-4b5a-b1ef-805339874385/", "task_id":
        "5de95d39-6fdf-4b5a-b1ef-805339874385", "tags": ["pulp:repository:integration_test_id",
        "pulp:action:delete"], "finish_time": "2018-08-30T03:27:34Z", "_ns": "task_status",
        "start_time": "2018-08-30T03:27:34Z", "traceback": null, "spawned_tasks":
        [], "progress_report": {}, "queue": "reserved_resource_worker-0@alpha.partello.example.com.dq2",
        "state": "finished", "worker_name": "reserved_resource_worker-0@alpha.partello.example.com",
        "result": null, "error": null, "_id": {"$oid": "5b87642604b1e079c02f5c18"},
        "id": "5b87642604b1e079c02f5c18"}'
    http_version: 
  recorded_at: Thu, 30 Aug 2018 03:27:35 GMT
recorded_with: VCR 4.0.0
