--- 
http_interactions: 
- request: 
    method: post
    uri: https://admin:eYo5Dh2rR6jQayB4vFLEpqUwMcXosuXg@kt1.local/pulp/api/v2/consumers/integration_test_consumer_support/bindings//
    body: 
      encoding: US-ASCII
      string: "{\"repo_id\":\"integration_test_id\",\"distributor_id\":\"puppet_dist\"}"
    headers: 
      Accept: 
      - application/json
      Accept-Encoding: 
      - gzip, deflate
      Content-Type: 
      - application/json
      Content-Length: 
      - "64"
      User-Agent: 
      - Ruby
  response: 
    status: 
      code: 202
      message: Accepted
    headers: 
      Date: 
      - Sun, 01 Feb 2015 18:27:23 GMT
      Server: 
      - Apache/2.2.15 (Red Hat)
      Content-Encoding: 
      - utf-8
      Content-Length: 
      - "480"
      Content-Type: 
      - application/json
    body: 
      encoding: US-ASCII
      string: "{\"spawned_tasks\": [{\"_href\": \"/pulp/api/v2/tasks/a02a6267-6637-4045-9e4b-72ddc377571f/\", \"task_id\": \"a02a6267-6637-4045-9e4b-72ddc377571f\"}], \"result\": {\"notify_agent\": true, \"repo_id\": \"integration_test_id\", \"deleted\": false, \"_ns\": \"consumer_bindings\", \"distributor_id\": \"puppet_dist\", \"consumer_id\": \"integration_test_consumer_support\", \"consumer_actions\": [], \"binding_config\": {}, \"_id\": {\"$oid\": \"54ce700bb2ff9879e94e0db5\"}, \"id\": \"54ce700bb2ff9879e94e0db5\"}, \"error\": null}"
    http_version: 
  recorded_at: Sun, 01 Feb 2015 18:27:23 GMT
- request: 
    method: delete
    uri: https://admin:eYo5Dh2rR6jQayB4vFLEpqUwMcXosuXg@kt1.local/pulp/api/v2/consumer_groups/integration_test_consumer_group_support/
    body: 
      encoding: US-ASCII
      string: ""
    headers: 
      Accept: 
      - application/json
      Accept-Encoding: 
      - gzip, deflate
      Content-Type: 
      - application/json
      User-Agent: 
      - Ruby
  response: 
    status: 
      code: 404
      message: Not Found
    headers: 
      Date: 
      - Tue, 03 Feb 2015 20:21:58 GMT
      Server: 
      - Apache/2.2.15 (Red Hat)
      Content-Encoding: 
      - utf-8
      Content-Length: 
      - "573"
      Connection: 
      - close
      Content-Type: 
      - application/json
    body: 
      encoding: US-ASCII
      string: "{\"http_request_method\": \"DELETE\", \"exception\": null, \"error_message\": \"Missing resource(s): consumer_group=integration_test_consumer_group_support\", \"_href\": \"/pulp/api/v2/consumer_groups/integration_test_consumer_group_support/\", \"http_status\": 404, \"error\": {\"code\": \"PLP0009\", \"data\": {\"resources\": {\"consumer_group\": \"integration_test_consumer_group_support\"}}, \"description\": \"Missing resource(s): consumer_group=integration_test_consumer_group_support\", \"sub_errors\": []}, \"traceback\": null, \"resources\": {\"consumer_group\": \"integration_test_consumer_group_support\"}}"
    http_version: 
  recorded_at: Tue, 03 Feb 2015 20:21:59 GMT
- request: 
    method: post
    uri: https://admin:eYo5Dh2rR6jQayB4vFLEpqUwMcXosuXg@kt1.local/pulp/api/v2/consumer_groups/
    body: 
      encoding: US-ASCII
      string: "{\"id\":\"integration_test_consumer_group_support\"}"
    headers: 
      Accept: 
      - application/json
      Accept-Encoding: 
      - gzip, deflate
      Content-Type: 
      - application/json
      Content-Length: 
      - "48"
      User-Agent: 
      - Ruby
  response: 
    status: 
      code: 201
      message: Created
    headers: 
      Date: 
      - Tue, 03 Feb 2015 20:21:59 GMT
      Server: 
      - Apache/2.2.15 (Red Hat)
      Location: 
      - /pulp/api/v2/consumer_groups/integration_test_consumer_group_support/
      Vary: 
      - Accept-Encoding
      Content-Length: 
      - "298"
      Connection: 
      - close
      Content-Type: 
      - application/json
    body: 
      encoding: ASCII-8BIT
      string: "{\"scratchpad\": null, \"display_name\": null, \"description\": null, \"_ns\": \"consumer_groups\", \"notes\": {}, \"consumer_ids\": [], \"_id\": {\"$oid\": \"54d12de7b2ff9814a6ccd684\"}, \"id\": \"integration_test_consumer_group_support\", \"_href\": \"/pulp/api/v2/consumer_groups/integration_test_consumer_group_support/\"}"
    http_version: 
  recorded_at: Tue, 03 Feb 2015 20:21:59 GMT
- request: 
    method: delete
    uri: https://admin:eYo5Dh2rR6jQayB4vFLEpqUwMcXosuXg@kt1.local/pulp/api/v2/consumers/integration_test_consumer_support/
    body: 
      encoding: US-ASCII
      string: ""
    headers: 
      Accept: 
      - application/json
      Accept-Encoding: 
      - gzip, deflate
      Content-Type: 
      - application/json
      User-Agent: 
      - Ruby
  response: 
    status: 
      code: 404
      message: Not Found
    headers: 
      Date: 
      - Tue, 03 Feb 2015 20:21:59 GMT
      Server: 
      - Apache/2.2.15 (Red Hat)
      Content-Encoding: 
      - utf-8
      Content-Length: 
      - "513"
      Connection: 
      - close
      Content-Type: 
      - application/json
    body: 
      encoding: US-ASCII
      string: "{\"http_request_method\": \"DELETE\", \"exception\": null, \"error_message\": \"Missing resource(s): consumer=integration_test_consumer_support\", \"_href\": \"/pulp/api/v2/consumers/integration_test_consumer_support/\", \"http_status\": 404, \"error\": {\"code\": \"PLP0009\", \"data\": {\"resources\": {\"consumer\": \"integration_test_consumer_support\"}}, \"description\": \"Missing resource(s): consumer=integration_test_consumer_support\", \"sub_errors\": []}, \"traceback\": null, \"resources\": {\"consumer\": \"integration_test_consumer_support\"}}"
    http_version: 
  recorded_at: Tue, 03 Feb 2015 20:21:59 GMT
- request: 
    method: post
    uri: https://admin:eYo5Dh2rR6jQayB4vFLEpqUwMcXosuXg@kt1.local/pulp/api/v2/consumers/
    body: 
      encoding: US-ASCII
      string: "{\"id\":\"integration_test_consumer_support\"}"
    headers: 
      Accept: 
      - application/json
      Accept-Encoding: 
      - gzip, deflate
      Content-Type: 
      - application/json
      Content-Length: 
      - "42"
      User-Agent: 
      - Ruby
  response: 
    status: 
      code: 201
      message: Created
    headers: 
      Date: 
      - Tue, 03 Feb 2015 20:21:59 GMT
      Server: 
      - Apache/2.2.15 (Red Hat)
      Location: 
      - /pulp/api/v2/consumers/integration_test_consumer_support/
      Vary: 
      - Accept-Encoding
      Content-Length: 
      - "2276"
      Connection: 
      - close
      Content-Type: 
      - application/json
    body: 
      encoding: ASCII-8BIT
      string: "{\"consumer\": {\"display_name\": \"integration_test_consumer_support\", \"description\": null, \"_ns\": \"consumers\", \"notes\": {}, \"rsa_pub\": null, \"capabilities\": {}, \"_id\": {\"$oid\": \"54d12de8b2ff9814a6ccd686\"}, \"id\": \"integration_test_consumer_support\", \"_href\": {\"_href\": \"/pulp/api/v2/consumers/integration_test_consumer_support/\"}}, \"certificate\": \"-----BEGIN RSA PRIVATE KEY-----\\nMIICXgIBAAKBgQC1kpJafiRkolftV7cbNaWpKjhsHucQv5IS4lFbh1XFNP2GIYO0\\nhWyBYXd3F1InbFrj+jLwA3FXUraNSYjDgVc/OOh6pkrvU+tXAsid0vILw4Wt5hHo\\nht5GWzy8xmm+l3nVL1C7ZCw8swwuVf4YLMfaWP7eXuR0lUHeyq0CrLkhVwIDAQAB\\nAoGBALNK2m21JaahkAVzmgGqRbz3TeOl2DD3mfw/smqZBp7HJpjuOylknrJbViYo\\nxxzaqB16EBZkr+S0bkKxm/TBoS3I44b+DeIzY1JI3fRtJDVE5xHq3DcYGyHwHSGm\\nzX0NgDIa0Af6kBxp8IDjqjh8MLj7zodnOyNY7eDHLqHYW8ThAkEA2urDOea6Bb1W\\n8qZoMkHkddgCgd8G+yugdchSRufS9oVeXcqt4z+9vvt4VSs9SfA6QL1EKnm1P4aW\\nMf+YREcVKQJBANRUYdHxaG8UHUW8FGbn/CoM7nOYLt2ljc7czerNS8zD4zyj3Gy9\\nmWTqJVgqMSt7qaJbhjqDyScwnaKsGSaK0n8CQQCZFq7rYMQZm2ygR2p6KsYe+q3W\\nMCbroniVpT6UQy2uI1n4cPHlBwAj/CsMNC6p9Apol3KB2Za8E9wYnsrWhHbxAkBu\\ngFfERgmevW4ai65me9b9H2u9lvbU/ULW5Iz55MvNDikltvWRVf8NyNmUj6i1Q49d\\n4pnxvAIktiVjsoMITvkLAkEAhVddbqGDWBZMFzbcqp8fJZF3o+bq7I8xhuoog/6i\\nmNY0Ycs7gTVjaXtyjdYa/ba3lOHIn7gb8DtS8VtlFExWYg==\\n-----END RSA PRIVATE KEY-----\\n-----BEGIN CERTIFICATE-----\\nMIICuzCCAaMCAgDvMA0GCSqGSIb3DQEBBQUAMHQxCzAJBgNVBAYTAlVTMRcwFQYD\\nVQQIEw5Ob3J0aCBDYXJvbGluYTEQMA4GA1UEBxMHUmFsZWlnaDEQMA4GA1UEChMH\\nS2F0ZWxsbzEUMBIGA1UECxMLU29tZU9yZ1VuaXQxEjAQBgNVBAMTCWt0MS5sb2Nh\\nbDAeFw0xNTAyMDMyMDIyMDBaFw0yNTAxMzEyMDIyMDBaMFYxKjAoBgNVBAMUIWlu\\ndGVncmF0aW9uX3Rlc3RfY29uc3VtZXJfc3VwcG9ydDEoMCYGCgmSJomT8ixkAQET\\nGDU0ZDEyZGU4YjJmZjk4MTRhNmNjZDY4NjCBnzANBgkqhkiG9w0BAQEFAAOBjQAw\\ngYkCgYEAtZKSWn4kZKJX7Ve3GzWlqSo4bB7nEL+SEuJRW4dVxTT9hiGDtIVsgWF3\\ndxdSJ2xa4/oy8ANxV1K2jUmIw4FXPzjoeqZK71PrVwLIndLyC8OFreYR6IbeRls8\\nvMZpvpd51S9Qu2QsPLMMLlX+GCzH2lj+3l7kdJVB3sqtAqy5IVcCAwEAATANBgkq\\nhkiG9w0BAQUFAAOCAQEAg2ofwOPxr9U31GXb1sKnKAPNBXE8lC88d1YRzLSCIhBw\\nHj+9W8M50rBzH6uiRahlO07w3dA/RHfRugexNsNyjAVMK+OIBfH60+jTPLctONHM\\nMlYb9E1JXQktdeebcFaKkw3+HwxAh/mqj0SUsI6SyyJsWP5j7I3rHbwA5l4SDxwK\\nbG1bYjlS40m3vGGR5DxeJyotWVGe5EUbPoVrUa6Mqv93C5HmE45wK9957MTnRkrA\\nSFOA0BtnKegA+AVEWH9l8hV1Y6Zc6n1uSuxTFLjgrBQU3Od8uTMKVD2qMfn6F6ib\\n/pDZSrFaPFtneqEck9OHcvJbhoPzfILWEkYUxXMZeA==\\n-----END CERTIFICATE-----\"}"
    http_version: 
  recorded_at: Tue, 03 Feb 2015 20:22:00 GMT
- request: 
    method: get
    uri: https://admin:eYo5Dh2rR6jQayB4vFLEpqUwMcXosuXg@kt1.local/pulp/api/v2/repositories/integration_test_id/?details=true
    body: 
      encoding: US-ASCII
      string: ""
    headers: 
      Accept: 
      - application/json
      Accept-Encoding: 
      - gzip, deflate
      Content-Type: 
      - application/json
      User-Agent: 
      - Ruby
  response: 
    status: 
      code: 200
      message: OK
    headers: 
      Date: 
      - Tue, 03 Feb 2015 20:22:00 GMT
      Server: 
      - Apache/2.2.15 (Red Hat)
      Vary: 
      - Accept-Encoding
      Content-Length: 
      - "1067"
      Connection: 
      - close
      Content-Type: 
      - application/json
    body: 
      encoding: ASCII-8BIT
      string: "{\"scratchpad\": {\"checksum_type\": \"sha256\"}, \"display_name\": \"integration_test_id\", \"description\": null, \"distributors\": [{\"repo_id\": \"integration_test_id\", \"_ns\": \"repo_distributors\", \"last_publish\": null, \"auto_publish\": false, \"scheduled_publishes\": [], \"distributor_type_id\": \"yum_distributor\", \"_id\": {\"$oid\": \"54d12dd9b2ff9814a6ccd644\"}, \"config\": {\"http\": true, \"relative_url\": \"/path\", \"https\": true}, \"id\": \"yum_dist\"}], \"_ns\": \"repos\", \"notes\": {}, \"last_unit_removed\": null, \"content_unit_counts\": {\"package_group\": 2, \"distribution\": 1, \"package_category\": 1, \"rpm\": 8, \"erratum\": 2}, \"last_unit_added\": \"2015-02-03T20:21:46Z\", \"importers\": [{\"repo_id\": \"integration_test_id\", \"_ns\": \"repo_importers\", \"importer_type_id\": \"yum_importer\", \"last_sync\": \"2015-02-03T20:21:46Z\", \"scheduled_syncs\": [], \"_id\": {\"$oid\": \"54d12dd9b2ff9814a6ccd643\"}, \"config\": {\"feed\": \"file:///var/www/repositories/zoo5\"}, \"id\": \"yum_importer\"}], \"_id\": {\"$oid\": \"54d12dd9b2ff9814a6ccd642\"}, \"id\": \"integration_test_id\", \"_href\": \"/pulp/api/v2/repositories/integration_test_id/\"}"
    http_version: 
  recorded_at: Tue, 03 Feb 2015 20:22:00 GMT
- request: 
    method: post
    uri: https://admin:eYo5Dh2rR6jQayB4vFLEpqUwMcXosuXg@kt1.local/pulp/api/v2/consumers/integration_test_consumer_support/bindings//
    body: 
      encoding: US-ASCII
      string: "{\"repo_id\":\"integration_test_id\",\"distributor_id\":\"yum_dist\"}"
    headers: 
      Accept: 
      - application/json
      Accept-Encoding: 
      - gzip, deflate
      Content-Type: 
      - application/json
      Content-Length: 
      - "61"
      User-Agent: 
      - Ruby
  response: 
    status: 
      code: 202
      message: Accepted
    headers: 
      Date: 
      - Tue, 03 Feb 2015 20:22:00 GMT
      Server: 
      - Apache/2.2.15 (Red Hat)
      Content-Encoding: 
      - utf-8
      Content-Length: 
      - "477"
      Connection: 
      - close
      Content-Type: 
      - application/json
    body: 
      encoding: US-ASCII
      string: "{\"spawned_tasks\": [{\"_href\": \"/pulp/api/v2/tasks/813011b0-aa2d-453c-823d-09fc50c46061/\", \"task_id\": \"813011b0-aa2d-453c-823d-09fc50c46061\"}], \"result\": {\"notify_agent\": true, \"repo_id\": \"integration_test_id\", \"deleted\": false, \"_ns\": \"consumer_bindings\", \"distributor_id\": \"yum_dist\", \"consumer_id\": \"integration_test_consumer_support\", \"consumer_actions\": [], \"binding_config\": {}, \"_id\": {\"$oid\": \"54d12de8b2ff9814a6ccd68b\"}, \"id\": \"54d12de8b2ff9814a6ccd68b\"}, \"error\": null}"
    http_version: 
  recorded_at: Tue, 03 Feb 2015 20:22:00 GMT
- request: 
    method: post
    uri: https://admin:eYo5Dh2rR6jQayB4vFLEpqUwMcXosuXg@kt1.local/pulp/api/v2/consumer_groups/integration_test_consumer_group_support/actions/associate/
    body: 
      encoding: US-ASCII
      string: "{\"criteria\":{\"filters\":{\"id\":{\"$in\":[\"integration_test_consumer_support\"]}}}}"
    headers: 
      Accept: 
      - application/json
      Accept-Encoding: 
      - gzip, deflate
      Content-Type: 
      - application/json
      Content-Length: 
      - "77"
      User-Agent: 
      - Ruby
  response: 
    status: 
      code: 200
      message: OK
    headers: 
      Date: 
      - Tue, 03 Feb 2015 20:22:00 GMT
      Server: 
      - Apache/2.2.15 (Red Hat)
      Vary: 
      - Accept-Encoding
      Content-Length: 
      - "37"
      Connection: 
      - close
      Content-Type: 
      - application/json
    body: 
      encoding: ASCII-8BIT
      string: "[\"integration_test_consumer_support\"]"
    http_version: 
  recorded_at: Tue, 03 Feb 2015 20:22:01 GMT
- request: 
    method: get
    uri: https://admin:eYo5Dh2rR6jQayB4vFLEpqUwMcXosuXg@kt1.local/pulp/api/v2/consumer_groups/integration_test_consumer_group_support/
    body: 
      encoding: US-ASCII
      string: ""
    headers: 
      Accept: 
      - application/json
      Accept-Encoding: 
      - gzip, deflate
      Content-Type: 
      - application/json
      User-Agent: 
      - Ruby
  response: 
    status: 
      code: 200
      message: OK
    headers: 
      Date: 
      - Tue, 03 Feb 2015 20:22:01 GMT
      Server: 
      - Apache/2.2.15 (Red Hat)
      Vary: 
      - Accept-Encoding
      Content-Length: 
      - "333"
      Connection: 
      - close
      Content-Type: 
      - application/json
    body: 
      encoding: ASCII-8BIT
      string: "{\"scratchpad\": null, \"display_name\": null, \"description\": null, \"_ns\": \"consumer_groups\", \"notes\": {}, \"consumer_ids\": [\"integration_test_consumer_support\"], \"_id\": {\"$oid\": \"54d12de7b2ff9814a6ccd684\"}, \"id\": \"integration_test_consumer_group_support\", \"_href\": \"/pulp/api/v2/consumer_groups/integration_test_consumer_group_support/\"}"
    http_version: 
  recorded_at: Tue, 03 Feb 2015 20:22:01 GMT
- request: 
    method: post
    uri: https://admin:eYo5Dh2rR6jQayB4vFLEpqUwMcXosuXg@kt1.local/pulp/api/v2/consumer_groups/integration_test_consumer_group_support/actions/unassociate/
    body: 
      encoding: US-ASCII
      string: "{\"criteria\":{\"filters\":{\"id\":{\"$in\":[\"integration_test_consumer_support\"]}}}}"
    headers: 
      Accept: 
      - application/json
      Accept-Encoding: 
      - gzip, deflate
      Content-Type: 
      - application/json
      Content-Length: 
      - "77"
      User-Agent: 
      - Ruby
  response: 
    status: 
      code: 200
      message: OK
    headers: 
      Date: 
      - Tue, 03 Feb 2015 20:22:01 GMT
      Server: 
      - Apache/2.2.15 (Red Hat)
      Vary: 
      - Accept-Encoding
      Content-Length: 
      - "2"
      Connection: 
      - close
      Content-Type: 
      - application/json
    body: 
      encoding: ASCII-8BIT
      string: "[]"
    http_version: 
  recorded_at: Tue, 03 Feb 2015 20:22:01 GMT
- request: 
    method: get
    uri: https://admin:eYo5Dh2rR6jQayB4vFLEpqUwMcXosuXg@kt1.local/pulp/api/v2/consumer_groups/integration_test_consumer_group_support/
    body: 
      encoding: US-ASCII
      string: ""
    headers: 
      Accept: 
      - application/json
      Accept-Encoding: 
      - gzip, deflate
      Content-Type: 
      - application/json
      User-Agent: 
      - Ruby
  response: 
    status: 
      code: 200
      message: OK
    headers: 
      Date: 
      - Tue, 03 Feb 2015 20:22:01 GMT
      Server: 
      - Apache/2.2.15 (Red Hat)
      Vary: 
      - Accept-Encoding
      Content-Length: 
      - "298"
      Connection: 
      - close
      Content-Type: 
      - application/json
    body: 
      encoding: ASCII-8BIT
      string: "{\"scratchpad\": null, \"display_name\": null, \"description\": null, \"_ns\": \"consumer_groups\", \"notes\": {}, \"consumer_ids\": [], \"_id\": {\"$oid\": \"54d12de7b2ff9814a6ccd684\"}, \"id\": \"integration_test_consumer_group_support\", \"_href\": \"/pulp/api/v2/consumer_groups/integration_test_consumer_group_support/\"}"
    http_version: 
  recorded_at: Tue, 03 Feb 2015 20:22:01 GMT
- request: 
    method: delete
    uri: https://admin:eYo5Dh2rR6jQayB4vFLEpqUwMcXosuXg@kt1.local/pulp/api/v2/consumers/integration_test_consumer_support/
    body: 
      encoding: US-ASCII
      string: ""
    headers: 
      Accept: 
      - application/json
      Accept-Encoding: 
      - gzip, deflate
      Content-Type: 
      - application/json
      User-Agent: 
      - Ruby
  response: 
    status: 
      code: 200
      message: OK
    headers: 
      Date: 
      - Tue, 03 Feb 2015 20:22:01 GMT
      Server: 
      - Apache/2.2.15 (Red Hat)
      Vary: 
      - Accept-Encoding
      Content-Length: 
      - "4"
      Connection: 
      - close
      Content-Type: 
      - application/json
    body: 
      encoding: ASCII-8BIT
      string: "null"
    http_version: 
  recorded_at: Tue, 03 Feb 2015 20:22:02 GMT
- request: 
    method: delete
    uri: https://admin:eYo5Dh2rR6jQayB4vFLEpqUwMcXosuXg@kt1.local/pulp/api/v2/consumer_groups/integration_test_consumer_group_support/
    body: 
      encoding: US-ASCII
      string: ""
    headers: 
      Accept: 
      - application/json
      Accept-Encoding: 
      - gzip, deflate
      Content-Type: 
      - application/json
      User-Agent: 
      - Ruby
  response: 
    status: 
      code: 200
      message: OK
    headers: 
      Date: 
      - Tue, 03 Feb 2015 20:22:02 GMT
      Server: 
      - Apache/2.2.15 (Red Hat)
      Vary: 
      - Accept-Encoding
      Content-Length: 
      - "4"
      Connection: 
      - close
      Content-Type: 
      - application/json
    body: 
      encoding: ASCII-8BIT
      string: "null"
    http_version: 
  recorded_at: Tue, 03 Feb 2015 20:22:02 GMT
recorded_with: VCR 2.9.3
