--- 
http_interactions: 
- request: 
    method: post
    uri: https://admin:admin@centos.installer/pulp/api/v2/repositories/
    body: 
      encoding: US-ASCII
      string: "{\"id\":\"integration_test_id\",\"distributors\":[{\"distributor_type\":\"puppet_distributor\",\"distributor_config\":{\"relative_url\":\"/path\",\"http\":true,\"https\":true},\"auto_publish\":true,\"distributor_id\":\"123\"}]}"
    headers: 
      Accept: 
      - application/json
      Accept-Encoding: 
      - gzip, deflate
      Content-Type: 
      - application/json
      Content-Length: 
      - "201"
      User-Agent: 
      - Ruby
  response: 
    status: 
      code: 201
      message: Created
    headers: 
      Date: 
      - Wed, 30 Apr 2014 20:48:50 GMT
      Server: 
      - Apache/2.2.15 (CentOS)
      Location: 
      - integration_test_id
      Content-Length: 
      - "267"
      Connection: 
      - close
      Content-Type: 
      - application/json
    body: 
      encoding: US-ASCII
      string: "{\"scratchpad\": {}, \"display_name\": \"integration_test_id\", \"description\": null, \"_ns\": \"repos\", \"notes\": {}, \"content_unit_counts\": {}, \"_id\": {\"$oid\": \"536161b286d9a928f092748a\"}, \"id\": \"integration_test_id\", \"_href\": \"/pulp/api/v2/repositories/integration_test_id/\"}"
    http_version: 
  recorded_at: Wed, 30 Apr 2014 20:48:50 GMT
- request: 
    method: delete
    uri: https://admin:admin@centos.installer/pulp/api/v2/repositories/integration_test_id/
    body: 
      encoding: US-ASCII
      string: ""
    headers: 
      Accept: 
      - application/json
      Accept-Encoding: 
      - gzip, deflate
      Content-Type: 
      - application/json
      User-Agent: 
      - Ruby
  response: 
    status: 
      code: 202
      message: Accepted
    headers: 
      Date: 
      - Wed, 30 Apr 2014 20:48:50 GMT
      Server: 
      - Apache/2.2.15 (CentOS)
      Content-Encoding: 
      - utf-8
      Content-Length: 
      - "172"
      Connection: 
      - close
      Content-Type: 
      - application/json
    body: 
      encoding: US-ASCII
      string: "{\"spawned_tasks\": [{\"_href\": \"/pulp/api/v2/tasks/028e9b4f-4e26-401e-b4be-3a9668becc27/\", \"task_id\": \"028e9b4f-4e26-401e-b4be-3a9668becc27\"}], \"result\": null, \"error\": null}"
    http_version: 
  recorded_at: Wed, 30 Apr 2014 20:48:51 GMT
- request: 
    method: get
    uri: https://admin:admin@centos.installer/pulp/api/v2/tasks/028e9b4f-4e26-401e-b4be-3a9668becc27/
    body: 
      encoding: US-ASCII
      string: ""
    headers: 
      Accept: 
      - application/json
      Accept-Encoding: 
      - gzip, deflate
      Content-Type: 
      - application/json
      User-Agent: 
      - Ruby
  response: 
    status: 
      code: 200
      message: OK
    headers: 
      Date: 
      - Wed, 30 Apr 2014 20:48:51 GMT
      Server: 
      - Apache/2.2.15 (CentOS)
      Content-Length: 
      - "501"
      Connection: 
      - close
      Content-Type: 
      - application/json
    body: 
      encoding: US-ASCII
      string: "{\"task_type\": \"pulp.server.tasks.repository.delete\", \"_href\": \"/pulp/api/v2/tasks/028e9b4f-4e26-401e-b4be-3a9668becc27/\", \"task_id\": \"028e9b4f-4e26-401e-b4be-3a9668becc27\", \"tags\": [\"pulp:repository:integration_test_id\", \"pulp:action:delete\"], \"finish_time\": \"2014-04-30T20:48:51Z\", \"_ns\": \"task_status\", \"start_time\": \"2014-04-30T20:48:51Z\", \"spawned_tasks\": [], \"queue\": \"reserved_resource_worker-0@centos.installer\", \"state\": \"finished\", \"result\": null, \"_id\": {\"$oid\": \"536161b36f17e7ee7c724a59\"}}"
    http_version: 
  recorded_at: Wed, 30 Apr 2014 20:48:51 GMT
recorded_with: VCR 2.9.0
