--- 
http_interactions: 
- request: 
    method: get
    uri: https://admin:admin@box.devel.com/pulp/api/v2/tasks/54510c6c-a251-42f8-aff5-ef32ddedaf7b/
    body: 
      encoding: US-ASCII
      string: ""
    headers: 
      Accept: 
      - application/json
      Accept-Encoding: 
      - gzip, deflate
      Content-Type: 
      - application/json
      User-Agent: 
      - Ruby
  response: 
    status: 
      code: 200
      message: OK
    headers: 
      Date: 
      - Wed, 15 Oct 2014 14:25:22 GMT
      Server: 
      - Apache/2.2.15 (Red Hat)
      Vary: 
      - Accept-Encoding
      Content-Length: 
      - "618"
      Connection: 
      - close
      Content-Type: 
      - application/json
    body: 
      encoding: ASCII-8BIT
      string: "{\"exception\": null, \"task_type\": \"pulp.server.tasks.repository.delete\", \"_href\": \"/pulp/api/v2/tasks/54510c6c-a251-42f8-aff5-ef32ddedaf7b/\", \"task_id\": \"54510c6c-a251-42f8-aff5-ef32ddedaf7b\", \"tags\": [\"pulp:repository:integration_test_id_distro\", \"pulp:action:delete\"], \"finish_time\": \"2014-10-15T14:25:21Z\", \"_ns\": \"task_status\", \"start_time\": \"2014-10-15T14:25:21Z\", \"traceback\": null, \"spawned_tasks\": [], \"progress_report\": {}, \"queue\": \"reserved_resource_worker-0@box.devel.com.dq\", \"state\": \"finished\", \"result\": null, \"error\": null, \"_id\": {\"$oid\": \"543e83d1505c6f3b4b509b6f\"}, \"id\": \"543e83d147078708d9ecb52f\"}"
    http_version: 
  recorded_at: Wed, 15 Oct 2014 14:25:22 GMT
- request: 
    method: get
    uri: https://admin:eYo5Dh2rR6jQayB4vFLEpqUwMcXosuXg@kt1.local/pulp/api/v2/tasks/ad8344fd-da70-4179-8d5e-eba6acc5ca67/
    body: 
      encoding: US-ASCII
      string: ""
    headers: 
      Accept: 
      - application/json
      Accept-Encoding: 
      - gzip, deflate
      Content-Type: 
      - application/json
      User-Agent: 
      - Ruby
  response: 
    status: 
      code: 200
      message: OK
    headers: 
      Date: 
      - Sun, 01 Feb 2015 18:28:25 GMT
      Server: 
      - Apache/2.2.15 (Red Hat)
      Vary: 
      - Accept-Encoding
      Content-Length: 
      - "669"
      Content-Type: 
      - application/json
    body: 
      encoding: ASCII-8BIT
      string: "{\"exception\": null, \"task_type\": \"pulp.server.tasks.repository.delete\", \"_href\": \"/pulp/api/v2/tasks/ad8344fd-da70-4179-8d5e-eba6acc5ca67/\", \"task_id\": \"ad8344fd-da70-4179-8d5e-eba6acc5ca67\", \"tags\": [\"pulp:repository:integration_test_id_distro\", \"pulp:action:delete\"], \"finish_time\": \"2015-02-01T18:28:25Z\", \"_ns\": \"task_status\", \"start_time\": \"2015-02-01T18:28:25Z\", \"traceback\": null, \"spawned_tasks\": [], \"progress_report\": {}, \"queue\": \"reserved_resource_worker-0@kt1.local.dq\", \"state\": \"finished\", \"worker_name\": \"reserved_resource_worker-0@kt1.local\", \"result\": null, \"error\": null, \"_id\": {\"$oid\": \"54ce7049962f40ae3501a29e\"}, \"id\": \"54ce7049b2ff981dcc43fdf5\"}"
    http_version: 
  recorded_at: Sun, 01 Feb 2015 18:28:25 GMT
- request: 
    method: get
    uri: https://admin:eYo5Dh2rR6jQayB4vFLEpqUwMcXosuXg@kt1.local/pulp/api/v2/tasks/104071d4-3b9a-4ea4-8d60-818b095c7aba/
    body: 
      encoding: US-ASCII
      string: ""
    headers: 
      Accept: 
      - application/json
      Accept-Encoding: 
      - gzip, deflate
      Content-Type: 
      - application/json
      User-Agent: 
      - Ruby
  response: 
    status: 
      code: 200
      message: OK
    headers: 
      Date: 
      - Mon, 02 Feb 2015 06:39:43 GMT
      Server: 
      - Apache/2.2.15 (Red Hat)
      Vary: 
      - Accept-Encoding
      Content-Length: 
      - "669"
      Content-Type: 
      - application/json
    body: 
      encoding: ASCII-8BIT
      string: "{\"exception\": null, \"task_type\": \"pulp.server.tasks.repository.delete\", \"_href\": \"/pulp/api/v2/tasks/104071d4-3b9a-4ea4-8d60-818b095c7aba/\", \"task_id\": \"104071d4-3b9a-4ea4-8d60-818b095c7aba\", \"tags\": [\"pulp:repository:integration_test_id_distro\", \"pulp:action:delete\"], \"finish_time\": \"2015-02-02T06:39:43Z\", \"_ns\": \"task_status\", \"start_time\": \"2015-02-02T06:39:43Z\", \"traceback\": null, \"spawned_tasks\": [], \"progress_report\": {}, \"queue\": \"reserved_resource_worker-0@kt1.local.dq\", \"state\": \"finished\", \"worker_name\": \"reserved_resource_worker-0@kt1.local\", \"result\": null, \"error\": null, \"_id\": {\"$oid\": \"54cf1baf962f40ae3501a3a7\"}, \"id\": \"54cf1bafb2ff981dcc440419\"}"
    http_version: 
  recorded_at: Mon, 02 Feb 2015 06:39:43 GMT
- request: 
    method: post
    uri: https://admin:eYo5Dh2rR6jQayB4vFLEpqUwMcXosuXg@kt1.local/pulp/api/v2/repositories/
    body: 
      encoding: US-ASCII
      string: "{\"id\":\"integration_test_id_distro\",\"distributors\":[{\"distributor_type_id\":\"puppet_distributor\",\"distributor_config\":{\"absolute_path\":\"/path\",\"serve_http\":true,\"serve_https\":true},\"auto_publish\":false,\"distributor_id\":\"123\"}]}"
    headers: 
      Accept: 
      - application/json
      Accept-Encoding: 
      - gzip, deflate
      Content-Type: 
      - application/json
      Content-Length: 
      - "225"
      User-Agent: 
      - Ruby
  response: 
    status: 
      code: 201
      message: Created
    headers: 
      Date: 
      - Tue, 03 Feb 2015 20:23:48 GMT
      Server: 
      - Apache/2.2.15 (Red Hat)
      Location: 
      - integration_test_id_distro
      Vary: 
      - Accept-Encoding
      Content-Length: 
      - "340"
      Connection: 
      - close
      Content-Type: 
      - application/json
    body: 
      encoding: ASCII-8BIT
      string: "{\"scratchpad\": {}, \"display_name\": \"integration_test_id_distro\", \"description\": null, \"last_unit_added\": null, \"notes\": {}, \"last_unit_removed\": null, \"content_unit_counts\": {}, \"_ns\": \"repos\", \"_id\": {\"$oid\": \"54d12e54b2ff9814a6ccd87e\"}, \"id\": \"integration_test_id_distro\", \"_href\": \"/pulp/api/v2/repositories/integration_test_id_distro/\"}"
    http_version: 
  recorded_at: Tue, 03 Feb 2015 20:23:48 GMT
- request: 
    method: get
    uri: https://admin:eYo5Dh2rR6jQayB4vFLEpqUwMcXosuXg@kt1.local/pulp/api/v2/repositories/integration_test_id_distro/?details=true
    body: 
      encoding: US-ASCII
      string: ""
    headers: 
      Accept: 
      - application/json
      Accept-Encoding: 
      - gzip, deflate
      Content-Type: 
      - application/json
      User-Agent: 
      - Ruby
  response: 
    status: 
      code: 200
      message: OK
    headers: 
      Date: 
      - Tue, 03 Feb 2015 20:23:48 GMT
      Server: 
      - Apache/2.2.15 (Red Hat)
      Vary: 
      - Accept-Encoding
      Content-Length: 
      - "700"
      Connection: 
      - close
      Content-Type: 
      - application/json
    body: 
      encoding: ASCII-8BIT
      string: "{\"scratchpad\": {}, \"display_name\": \"integration_test_id_distro\", \"description\": null, \"distributors\": [{\"repo_id\": \"integration_test_id_distro\", \"_ns\": \"repo_distributors\", \"last_publish\": null, \"auto_publish\": false, \"scheduled_publishes\": [], \"distributor_type_id\": \"puppet_distributor\", \"_id\": {\"$oid\": \"54d12e54b2ff9814a6ccd87f\"}, \"config\": {\"absolute_path\": \"/path\", \"serve_https\": true, \"serve_http\": true}, \"id\": \"123\"}], \"last_unit_added\": null, \"notes\": {}, \"last_unit_removed\": null, \"content_unit_counts\": {}, \"_ns\": \"repos\", \"importers\": [], \"_id\": {\"$oid\": \"54d12e54b2ff9814a6ccd87e\"}, \"id\": \"integration_test_id_distro\", \"_href\": \"/pulp/api/v2/repositories/integration_test_id_distro/\"}"
    http_version: 
  recorded_at: Tue, 03 Feb 2015 20:23:48 GMT
- request: 
    method: delete
    uri: https://admin:eYo5Dh2rR6jQayB4vFLEpqUwMcXosuXg@kt1.local/pulp/api/v2/repositories/integration_test_id_distro/
    body: 
      encoding: US-ASCII
      string: ""
    headers: 
      Accept: 
      - application/json
      Accept-Encoding: 
      - gzip, deflate
      Content-Type: 
      - application/json
      User-Agent: 
      - Ruby
  response: 
    status: 
      code: 202
      message: Accepted
    headers: 
      Date: 
      - Tue, 03 Feb 2015 20:23:49 GMT
      Server: 
      - Apache/2.2.15 (Red Hat)
      Content-Encoding: 
      - utf-8
      Content-Length: 
      - "172"
      Connection: 
      - close
      Content-Type: 
      - application/json
    body: 
      encoding: US-ASCII
      string: "{\"spawned_tasks\": [{\"_href\": \"/pulp/api/v2/tasks/02dc8574-0e19-40c2-b845-8c13f68e461c/\", \"task_id\": \"02dc8574-0e19-40c2-b845-8c13f68e461c\"}], \"result\": null, \"error\": null}"
    http_version: 
  recorded_at: Tue, 03 Feb 2015 20:23:49 GMT
- request: 
    method: get
    uri: https://admin:eYo5Dh2rR6jQayB4vFLEpqUwMcXosuXg@kt1.local/pulp/api/v2/tasks/02dc8574-0e19-40c2-b845-8c13f68e461c/
    body: 
      encoding: US-ASCII
      string: ""
    headers: 
      Accept: 
      - application/json
      Accept-Encoding: 
      - gzip, deflate
      Content-Type: 
      - application/json
      User-Agent: 
      - Ruby
  response: 
    status: 
      code: 200
      message: OK
    headers: 
      Date: 
      - Tue, 03 Feb 2015 20:23:49 GMT
      Server: 
      - Apache/2.2.15 (Red Hat)
      Vary: 
      - Accept-Encoding
      Content-Length: 
      - "669"
      Connection: 
      - close
      Content-Type: 
      - application/json
    body: 
      encoding: ASCII-8BIT
      string: "{\"exception\": null, \"task_type\": \"pulp.server.tasks.repository.delete\", \"_href\": \"/pulp/api/v2/tasks/02dc8574-0e19-40c2-b845-8c13f68e461c/\", \"task_id\": \"02dc8574-0e19-40c2-b845-8c13f68e461c\", \"tags\": [\"pulp:repository:integration_test_id_distro\", \"pulp:action:delete\"], \"finish_time\": \"2015-02-03T20:23:49Z\", \"_ns\": \"task_status\", \"start_time\": \"2015-02-03T20:23:49Z\", \"traceback\": null, \"spawned_tasks\": [], \"progress_report\": {}, \"queue\": \"reserved_resource_worker-0@kt1.local.dq\", \"state\": \"finished\", \"worker_name\": \"reserved_resource_worker-0@kt1.local\", \"result\": null, \"error\": null, \"_id\": {\"$oid\": \"54d12e55db087ce12b11fd00\"}, \"id\": \"54d12e55b2ff980faeab9eb6\"}"
    http_version: 
  recorded_at: Tue, 03 Feb 2015 20:23:50 GMT
- request: 
    method: delete
    uri: https://admin:eYo5Dh2rR6jQayB4vFLEpqUwMcXosuXg@kt1.local/pulp/api/v2/repositories/integration_test_id/
    body: 
      encoding: US-ASCII
      string: ""
    headers: 
      Accept: 
      - application/json
      Accept-Encoding: 
      - gzip, deflate
      Content-Type: 
      - application/json
      User-Agent: 
      - Ruby
  response: 
    status: 
      code: 404
      message: Not Found
    headers: 
      Date: 
      - Tue, 03 Feb 2015 20:23:50 GMT
      Server: 
      - Apache/2.2.15 (Red Hat)
      Content-Encoding: 
      - utf-8
      Content-Length: 
      - "442"
      Connection: 
      - close
      Content-Type: 
      - application/json
    body: 
      encoding: US-ASCII
      string: "{\"http_request_method\": \"DELETE\", \"exception\": null, \"error_message\": \"Missing resource(s): repo_id=integration_test_id\", \"_href\": \"/pulp/api/v2/repositories/integration_test_id/\", \"http_status\": 404, \"error\": {\"code\": \"PLP0009\", \"data\": {\"resources\": {\"repo_id\": \"integration_test_id\"}}, \"description\": \"Missing resource(s): repo_id=integration_test_id\", \"sub_errors\": []}, \"traceback\": null, \"resources\": {\"repo_id\": \"integration_test_id\"}}"
    http_version: 
  recorded_at: Tue, 03 Feb 2015 20:23:50 GMT
recorded_with: VCR 2.9.3
