--- 
http_interactions: 
- request: 
    method: get
    uri: https://admin:admin@centos.installer/pulp/api/v2/repositories/integration_test_id/
    body: 
      encoding: US-ASCII
      string: ""
    headers: 
      Accept: 
      - application/json
      Accept-Encoding: 
      - gzip, deflate
      Content-Type: 
      - application/json
      User-Agent: 
      - Ruby
  response: 
    status: 
      code: 404
      message: Not Found
    headers: 
      Date: 
      - Tue, 06 May 2014 15:29:50 GMT
      Server: 
      - Apache/2.2.15 (CentOS)
      Content-Encoding: 
      - utf-8
      Content-Length: 
      - "427"
      Connection: 
      - close
      Content-Type: 
      - application/json
    body: 
      encoding: US-ASCII
      string: "{\"http_request_method\": \"GET\", \"exception\": null, \"error_message\": \"Missing resource(s): repo=integration_test_id\", \"_href\": \"/pulp/api/v2/repositories/integration_test_id/\", \"http_status\": 404, \"error\": {\"code\": \"PLP0009\", \"data\": {\"resources\": {\"repo\": \"integration_test_id\"}}, \"description\": \"Missing resource(s): repo=integration_test_id\", \"sub_errors\": []}, \"traceback\": null, \"resources\": {\"repo\": \"integration_test_id\"}}"
    http_version: 
  recorded_at: Tue, 06 May 2014 15:29:50 GMT
- request: 
    method: post
    uri: https://admin:admin@centos.installer/pulp/api/v2/repositories/
    body: 
      encoding: US-ASCII
      string: "{\"id\":\"integration_test_id\",\"importer_type_id\":\"yum_importer\",\"importer_config\":{\"feed\":\"file:///home/jlsherri/git/runcible/test/fixtures/repositories/zoo5\"},\"distributors\":[{\"distributor_type\":\"yum_distributor\",\"distributor_config\":{\"relative_url\":\"/path\",\"http\":true,\"https\":true},\"auto_publish\":false,\"distributor_id\":\"puppet_dist\"}]}"
    headers: 
      Accept: 
      - application/json
      Accept-Encoding: 
      - gzip, deflate
      Content-Type: 
      - application/json
      Content-Length: 
      - "337"
      User-Agent: 
      - Ruby
  response: 
    status: 
      code: 201
      message: Created
    headers: 
      Date: 
      - Tue, 06 May 2014 15:29:50 GMT
      Server: 
      - Apache/2.2.15 (CentOS)
      Location: 
      - integration_test_id
      Content-Length: 
      - "267"
      Connection: 
      - close
      Content-Type: 
      - application/json
    body: 
      encoding: US-ASCII
      string: "{\"scratchpad\": {}, \"display_name\": \"integration_test_id\", \"description\": null, \"_ns\": \"repos\", \"notes\": {}, \"content_unit_counts\": {}, \"_id\": {\"$oid\": \"5368ffee86d9a916a8aa37dc\"}, \"id\": \"integration_test_id\", \"_href\": \"/pulp/api/v2/repositories/integration_test_id/\"}"
    http_version: 
  recorded_at: Tue, 06 May 2014 15:29:50 GMT
- request: 
    method: post
    uri: https://admin:admin@centos.installer/pulp/api/v2/repositories/integration_test_id/actions/sync/
    body: 
      encoding: US-ASCII
      string: "{}"
    headers: 
      Accept: 
      - application/json
      Accept-Encoding: 
      - gzip, deflate
      Content-Type: 
      - application/json
      Content-Length: 
      - "2"
      User-Agent: 
      - Ruby
  response: 
    status: 
      code: 202
      message: Accepted
    headers: 
      Date: 
      - Tue, 06 May 2014 15:29:50 GMT
      Server: 
      - Apache/2.2.15 (CentOS)
      Content-Encoding: 
      - utf-8
      Content-Length: 
      - "172"
      Connection: 
      - close
      Content-Type: 
      - application/json
    body: 
      encoding: US-ASCII
      string: "{\"spawned_tasks\": [{\"_href\": \"/pulp/api/v2/tasks/810998f4-407b-4477-bec2-7e35b8ca77c1/\", \"task_id\": \"810998f4-407b-4477-bec2-7e35b8ca77c1\"}], \"result\": null, \"error\": null}"
    http_version: 
  recorded_at: Tue, 06 May 2014 15:29:50 GMT
- request: 
    method: get
    uri: https://admin:admin@centos.installer/pulp/api/v2/tasks/810998f4-407b-4477-bec2-7e35b8ca77c1/
    body: 
      encoding: US-ASCII
      string: ""
    headers: 
      Accept: 
      - application/json
      Accept-Encoding: 
      - gzip, deflate
      Content-Type: 
      - application/json
      User-Agent: 
      - Ruby
  response: 
    status: 
      code: 200
      message: OK
    headers: 
      Date: 
      - Tue, 06 May 2014 15:29:51 GMT
      Server: 
      - Apache/2.2.15 (CentOS)
      Content-Length: 
      - "2028"
      Connection: 
      - close
      Content-Type: 
      - application/json
    body: 
      encoding: US-ASCII
      string: "{\"exception\": null, \"task_type\": \"pulp.server.tasks.repository.sync_with_auto_publish\", \"_href\": \"/pulp/api/v2/tasks/810998f4-407b-4477-bec2-7e35b8ca77c1/\", \"task_id\": \"810998f4-407b-4477-bec2-7e35b8ca77c1\", \"tags\": [\"pulp:repository:integration_test_id\", \"pulp:action:sync\"], \"finish_time\": \"2014-05-06T15:29:51Z\", \"_ns\": \"task_status\", \"start_time\": \"2014-05-06T15:29:50Z\", \"traceback\": null, \"spawned_tasks\": [], \"progress_report\": {\"yum_importer\": {\"content\": {\"size_total\": 17872, \"items_left\": 8, \"items_total\": 8, \"state\": \"FINISHED\", \"size_left\": 17872, \"details\": {\"rpm_total\": 8, \"rpm_done\": 0, \"drpm_total\": 0, \"drpm_done\": 0}, \"error_details\": []}, \"comps\": {\"state\": \"FINISHED\"}, \"distribution\": {\"items_total\": 3, \"state\": \"FINISHED\", \"error_details\": [], \"items_left\": 0}, \"errata\": {\"state\": \"FINISHED\"}, \"metadata\": {\"state\": \"FINISHED\"}}}, \"queue\": \"reserved_resource_worker-0@centos.installer\", \"state\": \"finished\", \"result\": {\"importer_type_id\": \"yum_importer\", \"importer_id\": \"yum_importer\", \"exception\": null, \"repo_id\": \"integration_test_id\", \"removed_count\": 0, \"started\": \"2014-05-06T16:29:50+01:00\", \"_ns\": \"repo_sync_results\", \"completed\": \"2014-05-06T16:29:51+01:00\", \"traceback\": null, \"summary\": {\"content\": {\"state\": \"FINISHED\"}, \"comps\": {\"state\": \"FINISHED\"}, \"distribution\": {\"state\": \"FINISHED\"}, \"errata\": {\"state\": \"FINISHED\"}, \"metadata\": {\"state\": \"FINISHED\"}}, \"added_count\": 0, \"error_message\": null, \"updated_count\": 14, \"details\": {\"content\": {\"size_total\": 17872, \"items_left\": 8, \"items_total\": 8, \"state\": \"FINISHED\", \"size_left\": 17872, \"details\": {\"rpm_total\": 8, \"rpm_done\": 0, \"drpm_total\": 0, \"drpm_done\": 0}, \"error_details\": []}, \"comps\": {\"state\": \"FINISHED\"}, \"distribution\": {\"items_total\": 3, \"state\": \"FINISHED\", \"error_details\": [], \"items_left\": 0}, \"errata\": {\"state\": \"FINISHED\"}, \"metadata\": {\"state\": \"FINISHED\"}}, \"id\": \"5368ffef86d9a90fa1a612f8\", \"result\": \"success\"}, \"error\": null, \"_id\": {\"$oid\": \"5368ffee6bb79edbaef13476\"}, \"id\": \"5368ffee86d9a916a8aa37e0\"}"
    http_version: 
  recorded_at: Tue, 06 May 2014 15:29:51 GMT
- request: 
    method: delete
    uri: https://admin:admin@centos.installer/pulp/api/v2/repositories/integration_test_id/
    body: 
      encoding: US-ASCII
      string: ""
    headers: 
      Accept: 
      - application/json
      Accept-Encoding: 
      - gzip, deflate
      Content-Type: 
      - application/json
      User-Agent: 
      - Ruby
  response: 
    status: 
      code: 202
      message: Accepted
    headers: 
      Date: 
      - Tue, 06 May 2014 15:29:53 GMT
      Server: 
      - Apache/2.2.15 (CentOS)
      Content-Encoding: 
      - utf-8
      Content-Length: 
      - "172"
      Connection: 
      - close
      Content-Type: 
      - application/json
    body: 
      encoding: US-ASCII
      string: "{\"spawned_tasks\": [{\"_href\": \"/pulp/api/v2/tasks/d59529e2-ca89-464e-b619-5f6405a8667d/\", \"task_id\": \"d59529e2-ca89-464e-b619-5f6405a8667d\"}], \"result\": null, \"error\": null}"
    http_version: 
  recorded_at: Tue, 06 May 2014 15:29:53 GMT
- request: 
    method: get
    uri: https://admin:admin@centos.installer/pulp/api/v2/tasks/d59529e2-ca89-464e-b619-5f6405a8667d/
    body: 
      encoding: US-ASCII
      string: ""
    headers: 
      Accept: 
      - application/json
      Accept-Encoding: 
      - gzip, deflate
      Content-Type: 
      - application/json
      User-Agent: 
      - Ruby
  response: 
    status: 
      code: 200
      message: OK
    headers: 
      Date: 
      - Tue, 06 May 2014 15:29:54 GMT
      Server: 
      - Apache/2.2.15 (CentOS)
      Content-Length: 
      - "611"
      Connection: 
      - close
      Content-Type: 
      - application/json
    body: 
      encoding: US-ASCII
      string: "{\"exception\": null, \"task_type\": \"pulp.server.tasks.repository.delete\", \"_href\": \"/pulp/api/v2/tasks/d59529e2-ca89-464e-b619-5f6405a8667d/\", \"task_id\": \"d59529e2-ca89-464e-b619-5f6405a8667d\", \"tags\": [\"pulp:repository:integration_test_id\", \"pulp:action:delete\"], \"finish_time\": \"2014-05-06T15:29:53Z\", \"_ns\": \"task_status\", \"start_time\": \"2014-05-06T15:29:53Z\", \"traceback\": null, \"spawned_tasks\": [], \"progress_report\": {}, \"queue\": \"reserved_resource_worker-0@centos.installer\", \"state\": \"finished\", \"result\": null, \"error\": null, \"_id\": {\"$oid\": \"5368fff16bb79edbaef13477\"}, \"id\": \"5368fff186d9a916a6501236\"}"
    http_version: 
  recorded_at: Tue, 06 May 2014 15:29:54 GMT
recorded_with: VCR 2.9.0
