--- 
http_interactions: 
- request: 
    method: get
    uri: https://admin:admin@box.devel.com/pulp/api/v2/repositories/integration_test_id/
    body: 
      encoding: US-ASCII
      string: ""
    headers: 
      Accept: 
      - application/json
      Accept-Encoding: 
      - gzip, deflate
      Content-Type: 
      - application/json
      User-Agent: 
      - Ruby
  response: 
    status: 
      code: 404
      message: Not Found
    headers: 
      Date: 
      - Wed, 15 Oct 2014 14:25:54 GMT
      Server: 
      - Apache/2.2.15 (Red Hat)
      Content-Encoding: 
      - utf-8
      Content-Length: 
      - "427"
      Connection: 
      - close
      Content-Type: 
      - application/json
    body: 
      encoding: US-ASCII
      string: "{\"http_request_method\": \"GET\", \"exception\": null, \"error_message\": \"Missing resource(s): repo=integration_test_id\", \"_href\": \"/pulp/api/v2/repositories/integration_test_id/\", \"http_status\": 404, \"error\": {\"code\": \"PLP0009\", \"data\": {\"resources\": {\"repo\": \"integration_test_id\"}}, \"description\": \"Missing resource(s): repo=integration_test_id\", \"sub_errors\": []}, \"traceback\": null, \"resources\": {\"repo\": \"integration_test_id\"}}"
    http_version: 
  recorded_at: Wed, 15 Oct 2014 14:25:54 GMT
- request: 
    method: post
    uri: https://admin:admin@box.devel.com/pulp/api/v2/repositories/
    body: 
      encoding: US-ASCII
      string: "{\"id\":\"integration_test_id\",\"importer_type_id\":\"yum_importer\",\"importer_config\":{\"feed\":\"file:///var/www/repositories/zoo5\"}}"
    headers: 
      Accept: 
      - application/json
      Accept-Encoding: 
      - gzip, deflate
      Content-Type: 
      - application/json
      Content-Length: 
      - "125"
      User-Agent: 
      - Ruby
  response: 
    status: 
      code: 201
      message: Created
    headers: 
      Date: 
      - Wed, 15 Oct 2014 14:25:54 GMT
      Server: 
      - Apache/2.2.15 (Red Hat)
      Location: 
      - integration_test_id
      Vary: 
      - Accept-Encoding
      Content-Length: 
      - "319"
      Connection: 
      - close
      Content-Type: 
      - application/json
    body: 
      encoding: ASCII-8BIT
      string: "{\"scratchpad\": {}, \"display_name\": \"integration_test_id\", \"description\": null, \"last_unit_added\": null, \"notes\": {}, \"last_unit_removed\": null, \"content_unit_counts\": {}, \"_ns\": \"repos\", \"_id\": {\"$oid\": \"543e83f247078708d9ecb5dc\"}, \"id\": \"integration_test_id\", \"_href\": \"/pulp/api/v2/repositories/integration_test_id/\"}"
    http_version: 
  recorded_at: Wed, 15 Oct 2014 14:25:54 GMT
- request: 
    method: post
    uri: https://admin:admin@box.devel.com/pulp/api/v2/repositories/integration_test_id/actions/sync/
    body: 
      encoding: US-ASCII
      string: "{}"
    headers: 
      Accept: 
      - application/json
      Accept-Encoding: 
      - gzip, deflate
      Content-Type: 
      - application/json
      Content-Length: 
      - "2"
      User-Agent: 
      - Ruby
  response: 
    status: 
      code: 202
      message: Accepted
    headers: 
      Date: 
      - Wed, 15 Oct 2014 14:25:54 GMT
      Server: 
      - Apache/2.2.15 (Red Hat)
      Content-Encoding: 
      - utf-8
      Content-Length: 
      - "172"
      Connection: 
      - close
      Content-Type: 
      - application/json
    body: 
      encoding: US-ASCII
      string: "{\"spawned_tasks\": [{\"_href\": \"/pulp/api/v2/tasks/7a1b3b74-06f5-43a5-be29-938d83df168d/\", \"task_id\": \"7a1b3b74-06f5-43a5-be29-938d83df168d\"}], \"result\": null, \"error\": null}"
    http_version: 
  recorded_at: Wed, 15 Oct 2014 14:25:54 GMT
- request: 
    method: get
    uri: https://admin:admin@box.devel.com/pulp/api/v2/tasks/7a1b3b74-06f5-43a5-be29-938d83df168d/
    body: 
      encoding: US-ASCII
      string: ""
    headers: 
      Accept: 
      - application/json
      Accept-Encoding: 
      - gzip, deflate
      Content-Type: 
      - application/json
      User-Agent: 
      - Ruby
  response: 
    status: 
      code: 200
      message: OK
    headers: 
      Date: 
      - Wed, 15 Oct 2014 14:25:55 GMT
      Server: 
      - Apache/2.2.15 (Red Hat)
      Vary: 
      - Accept-Encoding
      Content-Length: 
      - "2002"
      Connection: 
      - close
      Content-Type: 
      - application/json
    body: 
      encoding: ASCII-8BIT
      string: "{\"exception\": null, \"task_type\": \"pulp.server.tasks.repository.sync_with_auto_publish\", \"_href\": \"/pulp/api/v2/tasks/7a1b3b74-06f5-43a5-be29-938d83df168d/\", \"task_id\": \"7a1b3b74-06f5-43a5-be29-938d83df168d\", \"tags\": [\"pulp:repository:integration_test_id\", \"pulp:action:sync\"], \"finish_time\": \"2014-10-15T14:25:55Z\", \"_ns\": \"task_status\", \"start_time\": \"2014-10-15T14:25:54Z\", \"traceback\": null, \"spawned_tasks\": [], \"progress_report\": {\"yum_importer\": {\"content\": {\"size_total\": 0, \"items_left\": 0, \"items_total\": 0, \"state\": \"FINISHED\", \"size_left\": 0, \"details\": {\"rpm_total\": 0, \"rpm_done\": 0, \"drpm_total\": 0, \"drpm_done\": 0}, \"error_details\": []}, \"comps\": {\"state\": \"FINISHED\"}, \"distribution\": {\"items_total\": 3, \"state\": \"FINISHED\", \"error_details\": [], \"items_left\": 0}, \"errata\": {\"state\": \"FINISHED\"}, \"metadata\": {\"state\": \"FINISHED\"}}}, \"queue\": \"reserved_resource_worker-1@box.devel.com.dq\", \"state\": \"finished\", \"result\": {\"importer_type_id\": \"yum_importer\", \"importer_id\": \"yum_importer\", \"exception\": null, \"repo_id\": \"integration_test_id\", \"removed_count\": 0, \"started\": \"2014-10-15T14:25:54Z\", \"_ns\": \"repo_sync_results\", \"completed\": \"2014-10-15T14:25:55Z\", \"traceback\": null, \"summary\": {\"content\": {\"state\": \"FINISHED\"}, \"comps\": {\"state\": \"FINISHED\"}, \"distribution\": {\"state\": \"FINISHED\"}, \"errata\": {\"state\": \"FINISHED\"}, \"metadata\": {\"state\": \"FINISHED\"}}, \"added_count\": 0, \"error_message\": null, \"updated_count\": 14, \"details\": {\"content\": {\"size_total\": 0, \"items_left\": 0, \"items_total\": 0, \"state\": \"FINISHED\", \"size_left\": 0, \"details\": {\"rpm_total\": 0, \"rpm_done\": 0, \"drpm_total\": 0, \"drpm_done\": 0}, \"error_details\": []}, \"comps\": {\"state\": \"FINISHED\"}, \"distribution\": {\"items_total\": 3, \"state\": \"FINISHED\", \"error_details\": [], \"items_left\": 0}, \"errata\": {\"state\": \"FINISHED\"}, \"metadata\": {\"state\": \"FINISHED\"}}, \"id\": \"543e83f347078709559b229a\", \"result\": \"success\"}, \"error\": null, \"_id\": {\"$oid\": \"543e83f2505c6f3b4b509b88\"}, \"id\": \"543e83f247078708d9ecb5df\"}"
    http_version: 
  recorded_at: Wed, 15 Oct 2014 14:25:55 GMT
- request: 
    method: post
    uri: https://admin:admin@box.devel.com/pulp/api/v2/repositories/
    body: 
      encoding: US-ASCII
      string: "{\"id\":\"integration_test_id_clone\",\"importer_type_id\":\"yum_importer\",\"importer_config\":{}}"
    headers: 
      Accept: 
      - application/json
      Accept-Encoding: 
      - gzip, deflate
      Content-Type: 
      - application/json
      Content-Length: 
      - "89"
      User-Agent: 
      - Ruby
  response: 
    status: 
      code: 201
      message: Created
    headers: 
      Date: 
      - Wed, 15 Oct 2014 14:25:55 GMT
      Server: 
      - Apache/2.2.15 (Red Hat)
      Location: 
      - integration_test_id_clone
      Vary: 
      - Accept-Encoding
      Content-Length: 
      - "337"
      Connection: 
      - close
      Content-Type: 
      - application/json
    body: 
      encoding: ASCII-8BIT
      string: "{\"scratchpad\": {}, \"display_name\": \"integration_test_id_clone\", \"description\": null, \"last_unit_added\": null, \"notes\": {}, \"last_unit_removed\": null, \"content_unit_counts\": {}, \"_ns\": \"repos\", \"_id\": {\"$oid\": \"543e83f347078708d9ecb5e1\"}, \"id\": \"integration_test_id_clone\", \"_href\": \"/pulp/api/v2/repositories/integration_test_id_clone/\"}"
    http_version: 
  recorded_at: Wed, 15 Oct 2014 14:25:55 GMT
- request: 
    method: delete
    uri: https://admin:admin@box.devel.com/pulp/api/v2/repositories/integration_test_id_clone/
    body: 
      encoding: US-ASCII
      string: ""
    headers: 
      Accept: 
      - application/json
      Accept-Encoding: 
      - gzip, deflate
      Content-Type: 
      - application/json
      User-Agent: 
      - Ruby
  response: 
    status: 
      code: 202
      message: Accepted
    headers: 
      Date: 
      - Wed, 15 Oct 2014 14:26:01 GMT
      Server: 
      - Apache/2.2.15 (Red Hat)
      Content-Encoding: 
      - utf-8
      Content-Length: 
      - "172"
      Connection: 
      - close
      Content-Type: 
      - application/json
    body: 
      encoding: US-ASCII
      string: "{\"spawned_tasks\": [{\"_href\": \"/pulp/api/v2/tasks/3806c992-decf-454d-a971-f2102693c1f4/\", \"task_id\": \"3806c992-decf-454d-a971-f2102693c1f4\"}], \"result\": null, \"error\": null}"
    http_version: 
  recorded_at: Wed, 15 Oct 2014 14:26:02 GMT
- request: 
    method: get
    uri: https://admin:admin@box.devel.com/pulp/api/v2/tasks/3806c992-decf-454d-a971-f2102693c1f4/
    body: 
      encoding: US-ASCII
      string: ""
    headers: 
      Accept: 
      - application/json
      Accept-Encoding: 
      - gzip, deflate
      Content-Type: 
      - application/json
      User-Agent: 
      - Ruby
  response: 
    status: 
      code: 200
      message: OK
    headers: 
      Date: 
      - Wed, 15 Oct 2014 14:26:02 GMT
      Server: 
      - Apache/2.2.15 (Red Hat)
      Vary: 
      - Accept-Encoding
      Content-Length: 
      - "617"
      Connection: 
      - close
      Content-Type: 
      - application/json
    body: 
      encoding: ASCII-8BIT
      string: "{\"exception\": null, \"task_type\": \"pulp.server.tasks.repository.delete\", \"_href\": \"/pulp/api/v2/tasks/3806c992-decf-454d-a971-f2102693c1f4/\", \"task_id\": \"3806c992-decf-454d-a971-f2102693c1f4\", \"tags\": [\"pulp:repository:integration_test_id_clone\", \"pulp:action:delete\"], \"finish_time\": \"2014-10-15T14:26:02Z\", \"_ns\": \"task_status\", \"start_time\": \"2014-10-15T14:26:02Z\", \"traceback\": null, \"spawned_tasks\": [], \"progress_report\": {}, \"queue\": \"reserved_resource_worker-0@box.devel.com.dq\", \"state\": \"finished\", \"result\": null, \"error\": null, \"_id\": {\"$oid\": \"543e83fa505c6f3b4b509b8e\"}, \"id\": \"543e83fa47078708d9ecb5fc\"}"
    http_version: 
  recorded_at: Wed, 15 Oct 2014 14:26:02 GMT
- request: 
    method: delete
    uri: https://admin:admin@box.devel.com/pulp/api/v2/repositories/integration_test_id/
    body: 
      encoding: US-ASCII
      string: ""
    headers: 
      Accept: 
      - application/json
      Accept-Encoding: 
      - gzip, deflate
      Content-Type: 
      - application/json
      User-Agent: 
      - Ruby
  response: 
    status: 
      code: 202
      message: Accepted
    headers: 
      Date: 
      - Wed, 15 Oct 2014 14:26:02 GMT
      Server: 
      - Apache/2.2.15 (Red Hat)
      Content-Encoding: 
      - utf-8
      Content-Length: 
      - "172"
      Connection: 
      - close
      Content-Type: 
      - application/json
    body: 
      encoding: US-ASCII
      string: "{\"spawned_tasks\": [{\"_href\": \"/pulp/api/v2/tasks/e0afc6b2-3fae-4beb-af84-6f06f9b2b512/\", \"task_id\": \"e0afc6b2-3fae-4beb-af84-6f06f9b2b512\"}], \"result\": null, \"error\": null}"
    http_version: 
  recorded_at: Wed, 15 Oct 2014 14:26:03 GMT
- request: 
    method: get
    uri: https://admin:admin@box.devel.com/pulp/api/v2/tasks/e0afc6b2-3fae-4beb-af84-6f06f9b2b512/
    body: 
      encoding: US-ASCII
      string: ""
    headers: 
      Accept: 
      - application/json
      Accept-Encoding: 
      - gzip, deflate
      Content-Type: 
      - application/json
      User-Agent: 
      - Ruby
  response: 
    status: 
      code: 200
      message: OK
    headers: 
      Date: 
      - Wed, 15 Oct 2014 14:26:03 GMT
      Server: 
      - Apache/2.2.15 (Red Hat)
      Vary: 
      - Accept-Encoding
      Content-Length: 
      - "611"
      Connection: 
      - close
      Content-Type: 
      - application/json
    body: 
      encoding: ASCII-8BIT
      string: "{\"exception\": null, \"task_type\": \"pulp.server.tasks.repository.delete\", \"_href\": \"/pulp/api/v2/tasks/e0afc6b2-3fae-4beb-af84-6f06f9b2b512/\", \"task_id\": \"e0afc6b2-3fae-4beb-af84-6f06f9b2b512\", \"tags\": [\"pulp:repository:integration_test_id\", \"pulp:action:delete\"], \"finish_time\": \"2014-10-15T14:26:03Z\", \"_ns\": \"task_status\", \"start_time\": \"2014-10-15T14:26:03Z\", \"traceback\": null, \"spawned_tasks\": [], \"progress_report\": {}, \"queue\": \"reserved_resource_worker-1@box.devel.com.dq\", \"state\": \"finished\", \"result\": null, \"error\": null, \"_id\": {\"$oid\": \"543e83fb505c6f3b4b509b8f\"}, \"id\": \"543e83fb47078708d9ecb5fe\"}"
    http_version: 
  recorded_at: Wed, 15 Oct 2014 14:26:03 GMT
recorded_with: VCR 2.9.3
