---
http_interactions:
- request:
    method: get
    uri: https://admin:HeQSzZgm6ZEKG8aHrJEGW7aGD85Wrj57@runcible.example.com/pulp/api/v2/tasks/66103aeb-44ae-4ca6-a236-be63ae5fc3a2/
    body:
      encoding: US-ASCII
      string: ''
    headers:
      Accept:
      - application/json
      Accept-Encoding:
      - gzip, deflate
      Content-Type:
      - application/json
      User-Agent:
      - Ruby
  response:
    status:
      code: 200
      message: OK
    headers:
      Date:
      - Fri, 29 Apr 2016 16:27:39 GMT
      Server:
      - Apache/2.4.6 (CentOS)
      Vary:
      - Accept-Encoding
      Content-Length:
      - '684'
      Content-Type:
      - application/json; charset=utf-8
    body:
      encoding: ASCII-8BIT
      string: '{"exception": null, "task_type": "pulp.server.tasks.repository.delete",
        "_href": "/pulp/api/v2/tasks/66103aeb-44ae-4ca6-a236-be63ae5fc3a2/", "task_id":
        "66103aeb-44ae-4ca6-a236-be63ae5fc3a2", "tags": ["pulp:repository:integration_test_id",
        "pulp:action:delete"], "finish_time": "2016-04-29T16:27:38Z", "_ns": "task_status",
        "start_time": "2016-04-29T16:27:38Z", "traceback": null, "spawned_tasks":
        [], "progress_report": {}, "queue": "reserved_resource_worker-0@runcible.example.com.dq",
        "state": "finished", "worker_name": "reserved_resource_worker-0@runcible.example.com",
        "result": null, "error": null, "_id": {"$oid": "57238b7a898f5c862fa3ec7d"},
        "id": "57238b7a898f5c862fa3ec7d"}'
    http_version: 
  recorded_at: Fri, 29 Apr 2016 16:27:39 GMT
- request:
    method: get
    uri: https://admin:HeQSzZgm6ZEKG8aHrJEGW7aGD85Wrj57@runcible.example.com/pulp/api/v2/tasks/c60d553a-0204-4aba-aa12-7c410b48d265/
    body:
      encoding: US-ASCII
      string: ''
    headers:
      Accept:
      - application/json
      Accept-Encoding:
      - gzip, deflate
      Content-Type:
      - application/json
      User-Agent:
      - Ruby
  response:
    status:
      code: 200
      message: OK
    headers:
      Date:
      - Fri, 29 Apr 2016 16:27:41 GMT
      Server:
      - Apache/2.4.6 (CentOS)
      Vary:
      - Accept-Encoding
      Content-Length:
      - '684'
      Content-Type:
      - application/json; charset=utf-8
    body:
      encoding: ASCII-8BIT
      string: '{"exception": null, "task_type": "pulp.server.tasks.repository.delete",
        "_href": "/pulp/api/v2/tasks/c60d553a-0204-4aba-aa12-7c410b48d265/", "task_id":
        "c60d553a-0204-4aba-aa12-7c410b48d265", "tags": ["pulp:repository:integration_test_id",
        "pulp:action:delete"], "finish_time": "2016-04-29T16:27:40Z", "_ns": "task_status",
        "start_time": "2016-04-29T16:27:40Z", "traceback": null, "spawned_tasks":
        [], "progress_report": {}, "queue": "reserved_resource_worker-0@runcible.example.com.dq",
        "state": "finished", "worker_name": "reserved_resource_worker-0@runcible.example.com",
        "result": null, "error": null, "_id": {"$oid": "57238b7c898f5c862fa3ec7e"},
        "id": "57238b7c898f5c862fa3ec7e"}'
    http_version: 
  recorded_at: Fri, 29 Apr 2016 16:27:41 GMT
- request:
    method: get
    uri: https://alpha.partello.example.com/pulp/api/v2/tasks/6a99c13f-a0a3-4476-9747-74689a7562de/
    body:
      encoding: US-ASCII
      string: ''
    headers:
      Accept:
      - application/json
      Accept-Encoding:
      - gzip, deflate
      User-Agent:
      - rest-client/2.0.2 (linux-gnu x86_64) ruby/2.4.1p111
      Content-Type:
      - application/json
      Host:
      - alpha.partello.example.com
      Authorization:
      - Basic YWRtaW46YWRtaW4=
  response:
    status:
      code: 200
      message: OK
    headers:
      Date:
      - Thu, 30 Aug 2018 02:39:10 GMT
      Server:
      - Apache/2.4.6 (CentOS)
      Etag:
      - '"2ee2107ea313e23d6907c6ee16d641aa-gzip"'
      Vary:
      - Accept-Encoding
      Content-Length:
      - '697'
      Content-Type:
      - application/json; charset=utf-8
    body:
      encoding: ASCII-8BIT
      string: '{"exception": null, "task_type": "pulp.server.tasks.repository.delete",
        "_href": "/pulp/api/v2/tasks/6a99c13f-a0a3-4476-9747-74689a7562de/", "task_id":
        "6a99c13f-a0a3-4476-9747-74689a7562de", "tags": ["pulp:repository:integration_test_id",
        "pulp:action:delete"], "finish_time": "2018-08-30T02:39:09Z", "_ns": "task_status",
        "start_time": "2018-08-30T02:39:09Z", "traceback": null, "spawned_tasks":
        [], "progress_report": {}, "queue": "reserved_resource_worker-0@alpha.partello.example.com.dq2",
        "state": "finished", "worker_name": "reserved_resource_worker-0@alpha.partello.example.com",
        "result": null, "error": null, "_id": {"$oid": "5b8758cd04b1e079c02f5290"},
        "id": "5b8758cd04b1e079c02f5290"}'
    http_version: 
  recorded_at: Thu, 30 Aug 2018 02:39:10 GMT
- request:
    method: get
    uri: https://alpha.partello.example.com/pulp/api/v2/tasks/2501e787-ee5c-4670-9fa3-c29a96eca4b1/
    body:
      encoding: US-ASCII
      string: ''
    headers:
      Accept:
      - application/json
      Accept-Encoding:
      - gzip, deflate
      User-Agent:
      - rest-client/2.0.2 (linux-gnu x86_64) ruby/2.4.1p111
      Content-Type:
      - application/json
      Host:
      - alpha.partello.example.com
      Authorization:
      - Basic YWRtaW46YWRtaW4=
  response:
    status:
      code: 200
      message: OK
    headers:
      Date:
      - Thu, 30 Aug 2018 02:39:11 GMT
      Server:
      - Apache/2.4.6 (CentOS)
      Etag:
      - '"37c23a75bf7dde61a3df8795b35c3650-gzip"'
      Vary:
      - Accept-Encoding
      Content-Length:
      - '697'
      Content-Type:
      - application/json; charset=utf-8
    body:
      encoding: ASCII-8BIT
      string: '{"exception": null, "task_type": "pulp.server.tasks.repository.delete",
        "_href": "/pulp/api/v2/tasks/2501e787-ee5c-4670-9fa3-c29a96eca4b1/", "task_id":
        "2501e787-ee5c-4670-9fa3-c29a96eca4b1", "tags": ["pulp:repository:integration_test_id",
        "pulp:action:delete"], "finish_time": "2018-08-30T02:39:10Z", "_ns": "task_status",
        "start_time": "2018-08-30T02:39:10Z", "traceback": null, "spawned_tasks":
        [], "progress_report": {}, "queue": "reserved_resource_worker-0@alpha.partello.example.com.dq2",
        "state": "finished", "worker_name": "reserved_resource_worker-0@alpha.partello.example.com",
        "result": null, "error": null, "_id": {"$oid": "5b8758ce04b1e079c02f5291"},
        "id": "5b8758ce04b1e079c02f5291"}'
    http_version: 
  recorded_at: Thu, 30 Aug 2018 02:39:11 GMT
- request:
    method: get
    uri: https://alpha.partello.example.com/pulp/api/v2/tasks/3f339f57-8dff-42ee-887d-3dd656227d2f/
    body:
      encoding: US-ASCII
      string: ''
    headers:
      Accept:
      - application/json
      Accept-Encoding:
      - gzip, deflate
      User-Agent:
      - rest-client/2.0.2 (linux-gnu x86_64) ruby/2.4.1p111
      Content-Type:
      - application/json
      Host:
      - alpha.partello.example.com
      Authorization:
      - Basic YWRtaW46YWRtaW4=
  response:
    status:
      code: 200
      message: OK
    headers:
      Date:
      - Thu, 30 Aug 2018 03:27:10 GMT
      Server:
      - Apache/2.4.6 (CentOS)
      Etag:
      - '"285292073fbae40f3cbd50fb026b7b3c-gzip"'
      Vary:
      - Accept-Encoding
      Content-Length:
      - '697'
      Content-Type:
      - application/json; charset=utf-8
    body:
      encoding: ASCII-8BIT
      string: '{"exception": null, "task_type": "pulp.server.tasks.repository.delete",
        "_href": "/pulp/api/v2/tasks/3f339f57-8dff-42ee-887d-3dd656227d2f/", "task_id":
        "3f339f57-8dff-42ee-887d-3dd656227d2f", "tags": ["pulp:repository:integration_test_id",
        "pulp:action:delete"], "finish_time": "2018-08-30T03:27:10Z", "_ns": "task_status",
        "start_time": "2018-08-30T03:27:10Z", "traceback": null, "spawned_tasks":
        [], "progress_report": {}, "queue": "reserved_resource_worker-0@alpha.partello.example.com.dq2",
        "state": "finished", "worker_name": "reserved_resource_worker-0@alpha.partello.example.com",
        "result": null, "error": null, "_id": {"$oid": "5b87640e04b1e079c02f5b7b"},
        "id": "5b87640e04b1e079c02f5b7b"}'
    http_version: 
  recorded_at: Thu, 30 Aug 2018 03:27:10 GMT
- request:
    method: post
    uri: https://alpha.partello.example.com/pulp/api/v2/repo_groups/
    body:
      encoding: UTF-8
      string: '{"id":"integration_test_repository_group","display_name":"foo_w_distributor","description":"Test
        description.","distributors":[{"http":false,"https":false,"distributor_type_id":"group_export_distributor","distributor_config":{"http":false,"https":false},"auto_publish":false,"id":"390f76e7d2900a9d12af"}]}'
    headers:
      Accept:
      - application/json
      Accept-Encoding:
      - gzip, deflate
      User-Agent:
      - rest-client/2.0.2 (linux-gnu x86_64) ruby/2.4.1p111
      Content-Type:
      - application/json
      Content-Length:
      - '305'
      Host:
      - alpha.partello.example.com
      Authorization:
      - Basic YWRtaW46YWRtaW4=
  response:
    status:
      code: 201
      message: CREATED
    headers:
      Date:
      - Thu, 30 Aug 2018 03:27:10 GMT
      Server:
      - Apache/2.4.6 (CentOS)
      Content-Length:
      - '514'
      Location:
      - "/pulp/api/v2/repo_groups/integration_test_repository_group/"
      Content-Type:
      - application/json; charset=utf-8
    body:
      encoding: UTF-8
      string: '{"scratchpad": null, "display_name": "foo_w_distributor", "description":
        "Test description.", "distributors": [{"http": false, "distributor_config":
        {"http": false, "https": false}, "auto_publish": false, "distributor_type_id":
        "group_export_distributor", "https": false, "id": "390f76e7d2900a9d12af"}],
        "_ns": "repo_groups", "notes": {}, "repo_ids": [], "_id": {"$oid": "5b87640ed6cc060423aae3d4"},
        "id": "integration_test_repository_group", "_href": "/pulp/api/v2/repo_groups/integration_test_repository_group/"}'
    http_version: 
  recorded_at: Thu, 30 Aug 2018 03:27:10 GMT
- request:
    method: get
    uri: https://alpha.partello.example.com/pulp/api/v2/repositories/integration_test_id/
    body:
      encoding: US-ASCII
      string: ''
    headers:
      Accept:
      - application/json
      Accept-Encoding:
      - gzip, deflate
      User-Agent:
      - rest-client/2.0.2 (linux-gnu x86_64) ruby/2.4.1p111
      Content-Type:
      - application/json
      Host:
      - alpha.partello.example.com
      Authorization:
      - Basic YWRtaW46YWRtaW4=
  response:
    status:
      code: 404
      message: Not Found
    headers:
      Date:
      - Thu, 30 Aug 2018 03:27:10 GMT
      Server:
      - Apache/2.4.6 (CentOS)
      Content-Length:
      - '452'
      Etag:
      - '"7069a6b1115393c7d259d12015ef56e1"'
      Content-Type:
      - application/json; charset=utf-8
    body:
      encoding: UTF-8
      string: '{"http_request_method": "GET", "exception": null, "error_message":
        "Missing resource(s): repository=integration_test_id", "_href": "/pulp/api/v2/repositories/integration_test_id/?",
        "http_status": 404, "error": {"code": "PLP0009", "data": {"resources": {"repository":
        "integration_test_id"}}, "description": "Missing resource(s): repository=integration_test_id",
        "sub_errors": []}, "traceback": null, "resources": {"repository": "integration_test_id"}}'
    http_version: 
  recorded_at: Thu, 30 Aug 2018 03:27:10 GMT
- request:
    method: post
    uri: https://alpha.partello.example.com/pulp/api/v2/repositories/
    body:
      encoding: UTF-8
      string: '{"id":"integration_test_id"}'
    headers:
      Accept:
      - application/json
      Accept-Encoding:
      - gzip, deflate
      User-Agent:
      - rest-client/2.0.2 (linux-gnu x86_64) ruby/2.4.1p111
      Content-Type:
      - application/json
      Content-Length:
      - '28'
      Host:
      - alpha.partello.example.com
      Authorization:
      - Basic YWRtaW46YWRtaW4=
  response:
    status:
      code: 201
      message: CREATED
    headers:
      Date:
      - Thu, 30 Aug 2018 03:27:10 GMT
      Server:
      - Apache/2.4.6 (CentOS)
      Content-Length:
      - '319'
      Location:
      - "/pulp/api/v2/repositories/integration_test_id/"
      Content-Type:
      - application/json; charset=utf-8
    body:
      encoding: UTF-8
      string: '{"scratchpad": {}, "display_name": "integration_test_id", "description":
        null, "last_unit_added": null, "notes": {}, "last_unit_removed": null, "content_unit_counts":
        {}, "_ns": "repos", "_id": {"$oid": "5b87640ed6cc06041d38e636"}, "id": "integration_test_id",
        "_href": "/pulp/api/v2/repositories/integration_test_id/"}'
    http_version: 
  recorded_at: Thu, 30 Aug 2018 03:27:10 GMT
- request:
    method: get
    uri: https://alpha.partello.example.com/pulp/api/v2/repo_groups/integration_test_repository_group/distributors/
    body:
      encoding: US-ASCII
      string: ''
    headers:
      Accept:
      - application/json
      Accept-Encoding:
      - gzip, deflate
      User-Agent:
      - rest-client/2.0.2 (linux-gnu x86_64) ruby/2.4.1p111
      Content-Type:
      - application/json
      Host:
      - alpha.partello.example.com
      Authorization:
      - Basic YWRtaW46YWRtaW4=
  response:
    status:
      code: 200
      message: OK
    headers:
      Date:
      - Thu, 30 Aug 2018 03:27:10 GMT
      Server:
      - Apache/2.4.6 (CentOS)
      Etag:
      - '"9e873167c0e0fdae708d5b0edf25e6f0-gzip"'
      Vary:
      - Accept-Encoding
      Content-Length:
      - '439'
      Content-Type:
      - application/json; charset=utf-8
    body:
      encoding: ASCII-8BIT
      string: '[{"scratchpad": null, "repo_group_id": "integration_test_repository_group",
        "_ns": "repo_group_distributors", "last_publish": null, "distributor_type_id":
        "group_export_distributor", "_id": {"$oid": "5b87640ed6cc060423aae3d5"}, "config":
        {"http": false, "https": false}, "id": "494990be-4722-4ef6-9f0e-44eb6933b889",
        "_href": "/pulp/api/v2/repo_groups/integration_test_repository_group/distributors/494990be-4722-4ef6-9f0e-44eb6933b889/"}]'
    http_version: 
  recorded_at: Thu, 30 Aug 2018 03:27:10 GMT
- request:
    method: post
    uri: https://alpha.partello.example.com/pulp/api/v2/repo_groups/integration_test_repository_group/actions/publish/
    body:
      encoding: UTF-8
      string: '{"id":"494990be-4722-4ef6-9f0e-44eb6933b889"}'
    headers:
      Accept:
      - application/json
      Accept-Encoding:
      - gzip, deflate
      User-Agent:
      - rest-client/2.0.2 (linux-gnu x86_64) ruby/2.4.1p111
      Content-Type:
      - application/json
      Content-Length:
      - '45'
      Host:
      - alpha.partello.example.com
      Authorization:
      - Basic YWRtaW46YWRtaW4=
  response:
    status:
      code: 202
      message: Accepted
    headers:
      Date:
      - Thu, 30 Aug 2018 03:27:10 GMT
      Server:
      - Apache/2.4.6 (CentOS)
      Content-Length:
      - '172'
      Content-Type:
      - application/json; charset=utf-8
    body:
      encoding: UTF-8
      string: '{"spawned_tasks": [{"_href": "/pulp/api/v2/tasks/3908aa56-b2fb-45e7-947b-75f25ba02d74/",
        "task_id": "3908aa56-b2fb-45e7-947b-75f25ba02d74"}], "result": null, "error":
        null}'
    http_version: 
  recorded_at: Thu, 30 Aug 2018 03:27:11 GMT
- request:
    method: delete
    uri: https://alpha.partello.example.com/pulp/api/v2/repo_groups/integration_test_repository_group/
    body:
      encoding: US-ASCII
      string: ''
    headers:
      Accept:
      - application/json
      Accept-Encoding:
      - gzip, deflate
      User-Agent:
      - rest-client/2.0.2 (linux-gnu x86_64) ruby/2.4.1p111
      Content-Type:
      - application/json
      Host:
      - alpha.partello.example.com
      Authorization:
      - Basic YWRtaW46YWRtaW4=
  response:
    status:
      code: 200
      message: OK
    headers:
      Date:
      - Thu, 30 Aug 2018 03:27:11 GMT
      Server:
      - Apache/2.4.6 (CentOS)
      Content-Length:
      - '4'
      Content-Type:
      - application/json; charset=utf-8
    body:
      encoding: UTF-8
      string: 'null'
    http_version: 
  recorded_at: Thu, 30 Aug 2018 03:27:11 GMT
- request:
    method: delete
    uri: https://alpha.partello.example.com/pulp/api/v2/repositories/integration_test_id/
    body:
      encoding: US-ASCII
      string: ''
    headers:
      Accept:
      - application/json
      Accept-Encoding:
      - gzip, deflate
      User-Agent:
      - rest-client/2.0.2 (linux-gnu x86_64) ruby/2.4.1p111
      Content-Type:
      - application/json
      Host:
      - alpha.partello.example.com
      Authorization:
      - Basic YWRtaW46YWRtaW4=
  response:
    status:
      code: 202
      message: Accepted
    headers:
      Date:
      - Thu, 30 Aug 2018 03:27:11 GMT
      Server:
      - Apache/2.4.6 (CentOS)
      Content-Length:
      - '172'
      Content-Type:
      - application/json; charset=utf-8
    body:
      encoding: UTF-8
      string: '{"spawned_tasks": [{"_href": "/pulp/api/v2/tasks/77d0defc-86c0-4cdb-81a7-fe8ce99aefb0/",
        "task_id": "77d0defc-86c0-4cdb-81a7-fe8ce99aefb0"}], "result": null, "error":
        null}'
    http_version: 
  recorded_at: Thu, 30 Aug 2018 03:27:11 GMT
- request:
    method: get
    uri: https://alpha.partello.example.com/pulp/api/v2/tasks/77d0defc-86c0-4cdb-81a7-fe8ce99aefb0/
    body:
      encoding: US-ASCII
      string: ''
    headers:
      Accept:
      - application/json
      Accept-Encoding:
      - gzip, deflate
      User-Agent:
      - rest-client/2.0.2 (linux-gnu x86_64) ruby/2.4.1p111
      Content-Type:
      - application/json
      Host:
      - alpha.partello.example.com
      Authorization:
      - Basic YWRtaW46YWRtaW4=
  response:
    status:
      code: 200
      message: OK
    headers:
      Date:
      - Thu, 30 Aug 2018 03:27:11 GMT
      Server:
      - Apache/2.4.6 (CentOS)
      Etag:
      - '"bf103c90e4f5683d498f51e655f19a4c-gzip"'
      Vary:
      - Accept-Encoding
      Content-Length:
      - '697'
      Content-Type:
      - application/json; charset=utf-8
    body:
      encoding: ASCII-8BIT
      string: '{"exception": null, "task_type": "pulp.server.tasks.repository.delete",
        "_href": "/pulp/api/v2/tasks/77d0defc-86c0-4cdb-81a7-fe8ce99aefb0/", "task_id":
        "77d0defc-86c0-4cdb-81a7-fe8ce99aefb0", "tags": ["pulp:repository:integration_test_id",
        "pulp:action:delete"], "finish_time": "2018-08-30T03:27:11Z", "_ns": "task_status",
        "start_time": "2018-08-30T03:27:11Z", "traceback": null, "spawned_tasks":
        [], "progress_report": {}, "queue": "reserved_resource_worker-0@alpha.partello.example.com.dq2",
        "state": "finished", "worker_name": "reserved_resource_worker-0@alpha.partello.example.com",
        "result": null, "error": null, "_id": {"$oid": "5b87640f04b1e079c02f5b7d"},
        "id": "5b87640f04b1e079c02f5b7d"}'
    http_version: 
  recorded_at: Thu, 30 Aug 2018 03:27:11 GMT
recorded_with: VCR 4.0.0
