--- 
http_interactions: 
- request: 
    method: post
    uri: https://admin:admin@box.devel.com/pulp/api/v2/repo_groups/
    body: 
      encoding: US-ASCII
      string: "{\"id\":\"integration_test_repository_group\",\"display_name\":\"foo\",\"description\":\"Test description.\"}"
    headers: 
      Accept: 
      - application/json
      Accept-Encoding: 
      - gzip, deflate
      Content-Type: 
      - application/json
      Content-Length: 
      - "97"
      User-Agent: 
      - Ruby
  response: 
    status: 
      code: 201
      message: Created
    headers: 
      Date: 
      - Wed, 15 Oct 2014 14:26:41 GMT
      Server: 
      - Apache/2.2.15 (Red Hat)
      Location: 
      - /pulp/api/v2/repo_groups/integration_test_repository_group/
      Vary: 
      - Accept-Encoding
      Content-Length: 
      - "310"
      Connection: 
      - close
      Content-Type: 
      - application/json
    body: 
      encoding: ASCII-8BIT
      string: "{\"scratchpad\": null, \"display_name\": \"foo\", \"description\": \"Test description.\", \"distributors\": [], \"_ns\": \"repo_groups\", \"notes\": {}, \"repo_ids\": [], \"_id\": {\"$oid\": \"543e842147078708d9ecb775\"}, \"id\": \"integration_test_repository_group\", \"_href\": \"/pulp/api/v2/repo_groups/integration_test_repository_group/\"}"
    http_version: 
  recorded_at: Wed, 15 Oct 2014 14:26:41 GMT
- request: 
    method: get
    uri: https://admin:admin@box.devel.com/pulp/api/v2/repositories/integration_test_id/
    body: 
      encoding: US-ASCII
      string: ""
    headers: 
      Accept: 
      - application/json
      Accept-Encoding: 
      - gzip, deflate
      Content-Type: 
      - application/json
      User-Agent: 
      - Ruby
  response: 
    status: 
      code: 404
      message: Not Found
    headers: 
      Date: 
      - Wed, 15 Oct 2014 14:26:41 GMT
      Server: 
      - Apache/2.2.15 (Red Hat)
      Content-Encoding: 
      - utf-8
      Content-Length: 
      - "427"
      Connection: 
      - close
      Content-Type: 
      - application/json
    body: 
      encoding: US-ASCII
      string: "{\"http_request_method\": \"GET\", \"exception\": null, \"error_message\": \"Missing resource(s): repo=integration_test_id\", \"_href\": \"/pulp/api/v2/repositories/integration_test_id/\", \"http_status\": 404, \"error\": {\"code\": \"PLP0009\", \"data\": {\"resources\": {\"repo\": \"integration_test_id\"}}, \"description\": \"Missing resource(s): repo=integration_test_id\", \"sub_errors\": []}, \"traceback\": null, \"resources\": {\"repo\": \"integration_test_id\"}}"
    http_version: 
  recorded_at: Wed, 15 Oct 2014 14:26:41 GMT
- request: 
    method: post
    uri: https://admin:admin@box.devel.com/pulp/api/v2/repositories/
    body: 
      encoding: US-ASCII
      string: "{\"id\":\"integration_test_id\"}"
    headers: 
      Accept: 
      - application/json
      Accept-Encoding: 
      - gzip, deflate
      Content-Type: 
      - application/json
      Content-Length: 
      - "28"
      User-Agent: 
      - Ruby
  response: 
    status: 
      code: 201
      message: Created
    headers: 
      Date: 
      - Wed, 15 Oct 2014 14:26:41 GMT
      Server: 
      - Apache/2.2.15 (Red Hat)
      Location: 
      - integration_test_id
      Vary: 
      - Accept-Encoding
      Content-Length: 
      - "319"
      Connection: 
      - close
      Content-Type: 
      - application/json
    body: 
      encoding: ASCII-8BIT
      string: "{\"scratchpad\": {}, \"display_name\": \"integration_test_id\", \"description\": null, \"last_unit_added\": null, \"notes\": {}, \"last_unit_removed\": null, \"content_unit_counts\": {}, \"_ns\": \"repos\", \"_id\": {\"$oid\": \"543e842147078708d9ecb777\"}, \"id\": \"integration_test_id\", \"_href\": \"/pulp/api/v2/repositories/integration_test_id/\"}"
    http_version: 
  recorded_at: Wed, 15 Oct 2014 14:26:41 GMT
- request: 
    method: post
    uri: https://admin:admin@box.devel.com/pulp/api/v2/repo_groups/integration_test_repository_group/actions/associate/
    body: 
      encoding: US-ASCII
      string: "{\"criteria\":{\"filters\":{\"id\":{\"$in\":[\"integration_test_id\"]}}}}"
    headers: 
      Accept: 
      - application/json
      Accept-Encoding: 
      - gzip, deflate
      Content-Type: 
      - application/json
      Content-Length: 
      - "63"
      User-Agent: 
      - Ruby
  response: 
    status: 
      code: 200
      message: OK
    headers: 
      Date: 
      - Wed, 15 Oct 2014 14:26:41 GMT
      Server: 
      - Apache/2.2.15 (Red Hat)
      Vary: 
      - Accept-Encoding
      Content-Length: 
      - "23"
      Connection: 
      - close
      Content-Type: 
      - application/json
    body: 
      encoding: ASCII-8BIT
      string: "[\"integration_test_id\"]"
    http_version: 
  recorded_at: Wed, 15 Oct 2014 14:26:41 GMT
- request: 
    method: post
    uri: https://admin:admin@box.devel.com/pulp/api/v2/repo_groups/integration_test_repository_group/actions/unassociate/
    body: 
      encoding: US-ASCII
      string: "{\"criteria\":{\"filters\":{\"id\":{\"$in\":[\"integration_test_id\"]}}}}"
    headers: 
      Accept: 
      - application/json
      Accept-Encoding: 
      - gzip, deflate
      Content-Type: 
      - application/json
      Content-Length: 
      - "63"
      User-Agent: 
      - Ruby
  response: 
    status: 
      code: 200
      message: OK
    headers: 
      Date: 
      - Wed, 15 Oct 2014 14:26:41 GMT
      Server: 
      - Apache/2.2.15 (Red Hat)
      Vary: 
      - Accept-Encoding
      Content-Length: 
      - "2"
      Connection: 
      - close
      Content-Type: 
      - application/json
    body: 
      encoding: ASCII-8BIT
      string: "[]"
    http_version: 
  recorded_at: Wed, 15 Oct 2014 14:26:41 GMT
- request: 
    method: delete
    uri: https://admin:admin@box.devel.com/pulp/api/v2/repo_groups/integration_test_repository_group/
    body: 
      encoding: US-ASCII
      string: ""
    headers: 
      Accept: 
      - application/json
      Accept-Encoding: 
      - gzip, deflate
      Content-Type: 
      - application/json
      User-Agent: 
      - Ruby
  response: 
    status: 
      code: 200
      message: OK
    headers: 
      Date: 
      - Wed, 15 Oct 2014 14:26:41 GMT
      Server: 
      - Apache/2.2.15 (Red Hat)
      Vary: 
      - Accept-Encoding
      Content-Length: 
      - "4"
      Connection: 
      - close
      Content-Type: 
      - application/json
    body: 
      encoding: ASCII-8BIT
      string: "null"
    http_version: 
  recorded_at: Wed, 15 Oct 2014 14:26:41 GMT
- request: 
    method: delete
    uri: https://admin:admin@box.devel.com/pulp/api/v2/repositories/integration_test_id/
    body: 
      encoding: US-ASCII
      string: ""
    headers: 
      Accept: 
      - application/json
      Accept-Encoding: 
      - gzip, deflate
      Content-Type: 
      - application/json
      User-Agent: 
      - Ruby
  response: 
    status: 
      code: 202
      message: Accepted
    headers: 
      Date: 
      - Wed, 15 Oct 2014 14:26:41 GMT
      Server: 
      - Apache/2.2.15 (Red Hat)
      Content-Encoding: 
      - utf-8
      Content-Length: 
      - "172"
      Connection: 
      - close
      Content-Type: 
      - application/json
    body: 
      encoding: US-ASCII
      string: "{\"spawned_tasks\": [{\"_href\": \"/pulp/api/v2/tasks/0c408ae3-f0a8-45d1-9276-23eebddc290c/\", \"task_id\": \"0c408ae3-f0a8-45d1-9276-23eebddc290c\"}], \"result\": null, \"error\": null}"
    http_version: 
  recorded_at: Wed, 15 Oct 2014 14:26:42 GMT
- request: 
    method: get
    uri: https://admin:admin@box.devel.com/pulp/api/v2/tasks/0c408ae3-f0a8-45d1-9276-23eebddc290c/
    body: 
      encoding: US-ASCII
      string: ""
    headers: 
      Accept: 
      - application/json
      Accept-Encoding: 
      - gzip, deflate
      Content-Type: 
      - application/json
      User-Agent: 
      - Ruby
  response: 
    status: 
      code: 200
      message: OK
    headers: 
      Date: 
      - Wed, 15 Oct 2014 14:26:42 GMT
      Server: 
      - Apache/2.2.15 (Red Hat)
      Vary: 
      - Accept-Encoding
      Content-Length: 
      - "611"
      Connection: 
      - close
      Content-Type: 
      - application/json
    body: 
      encoding: ASCII-8BIT
      string: "{\"exception\": null, \"task_type\": \"pulp.server.tasks.repository.delete\", \"_href\": \"/pulp/api/v2/tasks/0c408ae3-f0a8-45d1-9276-23eebddc290c/\", \"task_id\": \"0c408ae3-f0a8-45d1-9276-23eebddc290c\", \"tags\": [\"pulp:repository:integration_test_id\", \"pulp:action:delete\"], \"finish_time\": \"2014-10-15T14:26:42Z\", \"_ns\": \"task_status\", \"start_time\": \"2014-10-15T14:26:42Z\", \"traceback\": null, \"spawned_tasks\": [], \"progress_report\": {}, \"queue\": \"reserved_resource_worker-1@box.devel.com.dq\", \"state\": \"finished\", \"result\": null, \"error\": null, \"_id\": {\"$oid\": \"543e8422505c6f3b4b509ba8\"}, \"id\": \"543e842247078708d9ecb77e\"}"
    http_version: 
  recorded_at: Wed, 15 Oct 2014 14:26:42 GMT
recorded_with: VCR 2.9.3
