--- 
http_interactions: 
- request: 
    method: get
    uri: https://admin:admin@box.devel.com/pulp/api/v2/tasks/519385bf-561c-476b-a3e3-473da0b1fcfe/
    body: 
      encoding: US-ASCII
      string: ""
    headers: 
      Accept: 
      - application/json
      Accept-Encoding: 
      - gzip, deflate
      Content-Type: 
      - application/json
      User-Agent: 
      - Ruby
  response: 
    status: 
      code: 200
      message: OK
    headers: 
      Date: 
      - Wed, 15 Oct 2014 14:24:51 GMT
      Server: 
      - Apache/2.2.15 (Red Hat)
      Vary: 
      - Accept-Encoding
      Content-Length: 
      - "3114"
      Connection: 
      - close
      Content-Type: 
      - application/json
    body: 
      encoding: ASCII-8BIT
      string: "{\"exception\": null, \"task_type\": \"pulp.server.managers.repo.unit_association.associate_from_repo\", \"_href\": \"/pulp/api/v2/tasks/519385bf-561c-476b-a3e3-473da0b1fcfe/\", \"task_id\": \"519385bf-561c-476b-a3e3-473da0b1fcfe\", \"tags\": [\"pulp:repository:integration_test_id_clone\", \"pulp:repository:integration_test_id\", \"pulp:action:associate\"], \"finish_time\": \"2014-10-15T14:24:50Z\", \"_ns\": \"task_status\", \"start_time\": \"2014-10-15T14:24:50Z\", \"traceback\": null, \"spawned_tasks\": [], \"progress_report\": {}, \"queue\": \"reserved_resource_worker-0@box.devel.com.dq\", \"state\": \"finished\", \"result\": {\"units_successful\": [{\"unit_key\": {\"repo_id\": \"integration_test_id_clone\", \"id\": \"bird\"}, \"type_id\": \"package_group\"}, {\"unit_key\": {\"name\": \"giraffe\", \"checksum\": \"f25d67d1d9da04f12e57ca323247b43891ac46533e355b82de6d1922009f9f14\", \"epoch\": \"0\", \"version\": \"0.3\", \"release\": \"0.8\", \"arch\": \"noarch\", \"checksumtype\": \"sha256\"}, \"type_id\": \"rpm\"}, {\"unit_key\": {\"repo_id\": \"integration_test_id_clone\", \"id\": \"all\"}, \"type_id\": \"package_category\"}, {\"unit_key\": {\"variant\": \"TestVariant\", \"version\": \"16\", \"arch\": \"x86_64\", \"id\": \"ks-Test Family-TestVariant-16-x86_64\", \"family\": \"Test Family\"}, \"type_id\": \"distribution\"}, {\"unit_key\": {\"repo_id\": \"integration_test_id_clone\", \"id\": \"mammal\"}, \"type_id\": \"package_group\"}, {\"unit_key\": {\"name\": \"monkey\", \"checksum\": \"0e8fa50d0128fbabc7ccc5632e3fa25d39b0280169f6166cb8e2c84de8501db1\", \"epoch\": \"0\", \"version\": \"0.3\", \"release\": \"0.8\", \"arch\": \"noarch\", \"checksumtype\": \"sha256\"}, \"type_id\": \"rpm\"}, {\"unit_key\": {\"id\": \"RHEA-2010:0001\"}, \"type_id\": \"erratum\"}, {\"unit_key\": {\"name\": \"cheetah\", \"checksum\": \"422d0baa0cd9d7713ae796e886a23e17f578f924f74880debdbb7d65fb368dae\", \"epoch\": \"0\", \"version\": \"0.3\", \"release\": \"0.8\", \"arch\": \"noarch\", \"checksumtype\": \"sha256\"}, \"type_id\": \"rpm\"}, {\"unit_key\": {\"name\": \"penguin\", \"checksum\": \"3fcb2c927de9e13bf68469032a28b139d3e5ad2e58564fc210fd6e48635be694\", \"epoch\": \"0\", \"version\": \"0.3\", \"release\": \"0.8\", \"arch\": \"noarch\", \"checksumtype\": \"sha256\"}, \"type_id\": \"rpm\"}, {\"unit_key\": {\"id\": \"RHEA-2010:0002\"}, \"type_id\": \"erratum\"}, {\"unit_key\": {\"name\": \"squirrel\", \"checksum\": \"251768bdd15f13d78487c27638aa6aecd01551e253756093cde1c0ae878a17d2\", \"epoch\": \"0\", \"version\": \"0.3\", \"release\": \"0.8\", \"arch\": \"noarch\", \"checksumtype\": \"sha256\"}, \"type_id\": \"rpm\"}, {\"unit_key\": {\"name\": \"elephant\", \"checksum\": \"3e1c70cd1b421328acaf6397cb3d16145306bb95f65d1b095fc31372a0a701f3\", \"epoch\": \"0\", \"version\": \"0.3\", \"release\": \"0.8\", \"arch\": \"noarch\", \"checksumtype\": \"sha256\"}, \"type_id\": \"rpm\"}, {\"unit_key\": {\"name\": \"lion\", \"checksum\": \"12400dc95c23a4c160725a908716cd3fcdd7a8981585437ab64cd62efa3e4ae4\", \"epoch\": \"0\", \"version\": \"0.3\", \"release\": \"0.8\", \"arch\": \"noarch\", \"checksumtype\": \"sha256\"}, \"type_id\": \"rpm\"}, {\"unit_key\": {\"name\": \"walrus\", \"checksum\": \"6e8d6dc057e3e2c9819f0dc7e6c7b7f86bf2e8571bba414adec7fb621a461dfd\", \"epoch\": \"0\", \"version\": \"0.3\", \"release\": \"0.8\", \"arch\": \"noarch\", \"checksumtype\": \"sha256\"}, \"type_id\": \"rpm\"}]}, \"error\": null, \"_id\": {\"$oid\": \"543e83b2505c6f3b4b509b57\"}, \"id\": \"543e83b247078708d9ecb48c\"}"
    http_version: 
  recorded_at: Wed, 15 Oct 2014 14:24:51 GMT
- request: 
    method: post
    uri: https://admin:admin@box.devel.com/pulp/api/v2/repositories/integration_test_id_clone/actions/unassociate/
    body: 
      encoding: US-ASCII
      string: "{\"criteria\":{\"type_ids\":[\"erratum\"],\"filters\":{\"association\":{\"unit_id\":{\"$in\":[\"33fdb3e1-cc6a-4028-ae9e-432f27ff1b19\"]}}}}}"
    headers: 
      Accept: 
      - application/json
      Accept-Encoding: 
      - gzip, deflate
      Content-Type: 
      - application/json
      Content-Length: 
      - "124"
      User-Agent: 
      - Ruby
  response: 
    status: 
      code: 202
      message: Accepted
    headers: 
      Date: 
      - Wed, 15 Oct 2014 14:24:51 GMT
      Server: 
      - Apache/2.2.15 (Red Hat)
      Content-Encoding: 
      - utf-8
      Content-Length: 
      - "172"
      Connection: 
      - close
      Content-Type: 
      - application/json
    body: 
      encoding: US-ASCII
      string: "{\"spawned_tasks\": [{\"_href\": \"/pulp/api/v2/tasks/bda334f7-3209-4ebb-b3c1-53c646898ae7/\", \"task_id\": \"bda334f7-3209-4ebb-b3c1-53c646898ae7\"}], \"result\": null, \"error\": null}"
    http_version: 
  recorded_at: Wed, 15 Oct 2014 14:24:51 GMT
- request: 
    method: get
    uri: https://admin:admin@box.devel.com/pulp/api/v2/tasks/bda334f7-3209-4ebb-b3c1-53c646898ae7/
    body: 
      encoding: US-ASCII
      string: ""
    headers: 
      Accept: 
      - application/json
      Accept-Encoding: 
      - gzip, deflate
      Content-Type: 
      - application/json
      User-Agent: 
      - Ruby
  response: 
    status: 
      code: 200
      message: OK
    headers: 
      Date: 
      - Wed, 15 Oct 2014 14:24:52 GMT
      Server: 
      - Apache/2.2.15 (Red Hat)
      Vary: 
      - Accept-Encoding
      Content-Length: 
      - "733"
      Connection: 
      - close
      Content-Type: 
      - application/json
    body: 
      encoding: ASCII-8BIT
      string: "{\"exception\": null, \"task_type\": \"pulp.server.managers.repo.unit_association.unassociate_by_criteria\", \"_href\": \"/pulp/api/v2/tasks/bda334f7-3209-4ebb-b3c1-53c646898ae7/\", \"task_id\": \"bda334f7-3209-4ebb-b3c1-53c646898ae7\", \"tags\": [\"pulp:repository:integration_test_id_clone\", \"pulp:action:unassociate\"], \"finish_time\": \"2014-10-15T14:24:51Z\", \"_ns\": \"task_status\", \"start_time\": \"2014-10-15T14:24:51Z\", \"traceback\": null, \"spawned_tasks\": [], \"progress_report\": {}, \"queue\": \"reserved_resource_worker-0@box.devel.com.dq\", \"state\": \"finished\", \"result\": {\"units_successful\": [{\"unit_key\": {\"id\": \"RHEA-2010:0001\"}, \"type_id\": \"erratum\"}]}, \"error\": null, \"_id\": {\"$oid\": \"543e83b3505c6f3b4b509b58\"}, \"id\": \"543e83b347078708d9ecb492\"}"
    http_version: 
  recorded_at: Wed, 15 Oct 2014 14:24:52 GMT
- request: 
    method: get
    uri: https://admin:eYo5Dh2rR6jQayB4vFLEpqUwMcXosuXg@kt1.local/pulp/api/v2/tasks/f4a9cf46-0210-4eac-af5a-c3e2895058de/
    body: 
      encoding: US-ASCII
      string: ""
    headers: 
      Accept: 
      - application/json
      Accept-Encoding: 
      - gzip, deflate
      Content-Type: 
      - application/json
      User-Agent: 
      - Ruby
  response: 
    status: 
      code: 200
      message: OK
    headers: 
      Date: 
      - Sun, 01 Feb 2015 18:27:56 GMT
      Server: 
      - Apache/2.2.15 (Red Hat)
      Vary: 
      - Accept-Encoding
      Content-Length: 
      - "3165"
      Content-Type: 
      - application/json
    body: 
      encoding: ASCII-8BIT
      string: "{\"exception\": null, \"task_type\": \"pulp.server.managers.repo.unit_association.associate_from_repo\", \"_href\": \"/pulp/api/v2/tasks/f4a9cf46-0210-4eac-af5a-c3e2895058de/\", \"task_id\": \"f4a9cf46-0210-4eac-af5a-c3e2895058de\", \"tags\": [\"pulp:repository:integration_test_id_clone\", \"pulp:repository:integration_test_id\", \"pulp:action:associate\"], \"finish_time\": \"2015-02-01T18:27:56Z\", \"_ns\": \"task_status\", \"start_time\": \"2015-02-01T18:27:55Z\", \"traceback\": null, \"spawned_tasks\": [], \"progress_report\": {}, \"queue\": \"reserved_resource_worker-0@kt1.local.dq\", \"state\": \"finished\", \"worker_name\": \"reserved_resource_worker-0@kt1.local\", \"result\": {\"units_successful\": [{\"unit_key\": {\"repo_id\": \"integration_test_id_clone\", \"id\": \"bird\"}, \"type_id\": \"package_group\"}, {\"unit_key\": {\"name\": \"giraffe\", \"checksum\": \"f25d67d1d9da04f12e57ca323247b43891ac46533e355b82de6d1922009f9f14\", \"epoch\": \"0\", \"version\": \"0.3\", \"release\": \"0.8\", \"arch\": \"noarch\", \"checksumtype\": \"sha256\"}, \"type_id\": \"rpm\"}, {\"unit_key\": {\"repo_id\": \"integration_test_id_clone\", \"id\": \"all\"}, \"type_id\": \"package_category\"}, {\"unit_key\": {\"variant\": \"TestVariant\", \"version\": \"16\", \"arch\": \"x86_64\", \"id\": \"ks-Test Family-TestVariant-16-x86_64\", \"family\": \"Test Family\"}, \"type_id\": \"distribution\"}, {\"unit_key\": {\"repo_id\": \"integration_test_id_clone\", \"id\": \"mammal\"}, \"type_id\": \"package_group\"}, {\"unit_key\": {\"name\": \"monkey\", \"checksum\": \"0e8fa50d0128fbabc7ccc5632e3fa25d39b0280169f6166cb8e2c84de8501db1\", \"epoch\": \"0\", \"version\": \"0.3\", \"release\": \"0.8\", \"arch\": \"noarch\", \"checksumtype\": \"sha256\"}, \"type_id\": \"rpm\"}, {\"unit_key\": {\"id\": \"RHEA-2010:0001\"}, \"type_id\": \"erratum\"}, {\"unit_key\": {\"name\": \"cheetah\", \"checksum\": \"422d0baa0cd9d7713ae796e886a23e17f578f924f74880debdbb7d65fb368dae\", \"epoch\": \"0\", \"version\": \"0.3\", \"release\": \"0.8\", \"arch\": \"noarch\", \"checksumtype\": \"sha256\"}, \"type_id\": \"rpm\"}, {\"unit_key\": {\"name\": \"penguin\", \"checksum\": \"3fcb2c927de9e13bf68469032a28b139d3e5ad2e58564fc210fd6e48635be694\", \"epoch\": \"0\", \"version\": \"0.3\", \"release\": \"0.8\", \"arch\": \"noarch\", \"checksumtype\": \"sha256\"}, \"type_id\": \"rpm\"}, {\"unit_key\": {\"id\": \"RHEA-2010:0002\"}, \"type_id\": \"erratum\"}, {\"unit_key\": {\"name\": \"squirrel\", \"checksum\": \"251768bdd15f13d78487c27638aa6aecd01551e253756093cde1c0ae878a17d2\", \"epoch\": \"0\", \"version\": \"0.3\", \"release\": \"0.8\", \"arch\": \"noarch\", \"checksumtype\": \"sha256\"}, \"type_id\": \"rpm\"}, {\"unit_key\": {\"name\": \"elephant\", \"checksum\": \"3e1c70cd1b421328acaf6397cb3d16145306bb95f65d1b095fc31372a0a701f3\", \"epoch\": \"0\", \"version\": \"0.3\", \"release\": \"0.8\", \"arch\": \"noarch\", \"checksumtype\": \"sha256\"}, \"type_id\": \"rpm\"}, {\"unit_key\": {\"name\": \"lion\", \"checksum\": \"12400dc95c23a4c160725a908716cd3fcdd7a8981585437ab64cd62efa3e4ae4\", \"epoch\": \"0\", \"version\": \"0.3\", \"release\": \"0.8\", \"arch\": \"noarch\", \"checksumtype\": \"sha256\"}, \"type_id\": \"rpm\"}, {\"unit_key\": {\"name\": \"walrus\", \"checksum\": \"6e8d6dc057e3e2c9819f0dc7e6c7b7f86bf2e8571bba414adec7fb621a461dfd\", \"epoch\": \"0\", \"version\": \"0.3\", \"release\": \"0.8\", \"arch\": \"noarch\", \"checksumtype\": \"sha256\"}, \"type_id\": \"rpm\"}]}, \"error\": null, \"_id\": {\"$oid\": \"54ce702b962f40ae3501a282\"}, \"id\": \"54ce702bb2ff981dcc43fd4d\"}"
    http_version: 
  recorded_at: Sun, 01 Feb 2015 18:27:56 GMT
- request: 
    method: post
    uri: https://admin:eYo5Dh2rR6jQayB4vFLEpqUwMcXosuXg@kt1.local/pulp/api/v2/repositories/integration_test_id_clone/actions/unassociate/
    body: 
      encoding: US-ASCII
      string: "{\"criteria\":{\"type_ids\":[\"erratum\"],\"filters\":{\"association\":{\"unit_id\":{\"$in\":[\"1185e39b-997c-4af1-bc75-67daa66357b3\"]}}}}}"
    headers: 
      Accept: 
      - application/json
      Accept-Encoding: 
      - gzip, deflate
      Content-Type: 
      - application/json
      Content-Length: 
      - "124"
      User-Agent: 
      - Ruby
  response: 
    status: 
      code: 202
      message: Accepted
    headers: 
      Date: 
      - Sun, 01 Feb 2015 18:27:56 GMT
      Server: 
      - Apache/2.2.15 (Red Hat)
      Content-Encoding: 
      - utf-8
      Content-Length: 
      - "172"
      Content-Type: 
      - application/json
    body: 
      encoding: US-ASCII
      string: "{\"spawned_tasks\": [{\"_href\": \"/pulp/api/v2/tasks/ae0de690-fc8a-4d63-9dc8-41da39d993c8/\", \"task_id\": \"ae0de690-fc8a-4d63-9dc8-41da39d993c8\"}], \"result\": null, \"error\": null}"
    http_version: 
  recorded_at: Sun, 01 Feb 2015 18:27:56 GMT
- request: 
    method: get
    uri: https://admin:eYo5Dh2rR6jQayB4vFLEpqUwMcXosuXg@kt1.local/pulp/api/v2/tasks/ae0de690-fc8a-4d63-9dc8-41da39d993c8/
    body: 
      encoding: US-ASCII
      string: ""
    headers: 
      Accept: 
      - application/json
      Accept-Encoding: 
      - gzip, deflate
      Content-Type: 
      - application/json
      User-Agent: 
      - Ruby
  response: 
    status: 
      code: 200
      message: OK
    headers: 
      Date: 
      - Sun, 01 Feb 2015 18:27:57 GMT
      Server: 
      - Apache/2.2.15 (Red Hat)
      Vary: 
      - Accept-Encoding
      Content-Length: 
      - "784"
      Content-Type: 
      - application/json
    body: 
      encoding: ASCII-8BIT
      string: "{\"exception\": null, \"task_type\": \"pulp.server.managers.repo.unit_association.unassociate_by_criteria\", \"_href\": \"/pulp/api/v2/tasks/ae0de690-fc8a-4d63-9dc8-41da39d993c8/\", \"task_id\": \"ae0de690-fc8a-4d63-9dc8-41da39d993c8\", \"tags\": [\"pulp:repository:integration_test_id_clone\", \"pulp:action:unassociate\"], \"finish_time\": \"2015-02-01T18:27:56Z\", \"_ns\": \"task_status\", \"start_time\": \"2015-02-01T18:27:56Z\", \"traceback\": null, \"spawned_tasks\": [], \"progress_report\": {}, \"queue\": \"reserved_resource_worker-0@kt1.local.dq\", \"state\": \"finished\", \"worker_name\": \"reserved_resource_worker-0@kt1.local\", \"result\": {\"units_successful\": [{\"unit_key\": {\"id\": \"RHEA-2010:0001\"}, \"type_id\": \"erratum\"}]}, \"error\": null, \"_id\": {\"$oid\": \"54ce702c962f40ae3501a283\"}, \"id\": \"54ce702cb2ff981dcc43fd53\"}"
    http_version: 
  recorded_at: Sun, 01 Feb 2015 18:27:57 GMT
- request: 
    method: get
    uri: https://admin:eYo5Dh2rR6jQayB4vFLEpqUwMcXosuXg@kt1.local/pulp/api/v2/tasks/38083edc-61a5-41ef-9daf-dad33eabe7e3/
    body: 
      encoding: US-ASCII
      string: ""
    headers: 
      Accept: 
      - application/json
      Accept-Encoding: 
      - gzip, deflate
      Content-Type: 
      - application/json
      User-Agent: 
      - Ruby
  response: 
    status: 
      code: 200
      message: OK
    headers: 
      Date: 
      - Mon, 02 Feb 2015 06:39:09 GMT
      Server: 
      - Apache/2.2.15 (Red Hat)
      Vary: 
      - Accept-Encoding
      Content-Length: 
      - "3165"
      Content-Type: 
      - application/json
    body: 
      encoding: ASCII-8BIT
      string: "{\"exception\": null, \"task_type\": \"pulp.server.managers.repo.unit_association.associate_from_repo\", \"_href\": \"/pulp/api/v2/tasks/38083edc-61a5-41ef-9daf-dad33eabe7e3/\", \"task_id\": \"38083edc-61a5-41ef-9daf-dad33eabe7e3\", \"tags\": [\"pulp:repository:integration_test_id_clone\", \"pulp:repository:integration_test_id\", \"pulp:action:associate\"], \"finish_time\": \"2015-02-02T06:39:08Z\", \"_ns\": \"task_status\", \"start_time\": \"2015-02-02T06:39:08Z\", \"traceback\": null, \"spawned_tasks\": [], \"progress_report\": {}, \"queue\": \"reserved_resource_worker-0@kt1.local.dq\", \"state\": \"finished\", \"worker_name\": \"reserved_resource_worker-0@kt1.local\", \"result\": {\"units_successful\": [{\"unit_key\": {\"repo_id\": \"integration_test_id_clone\", \"id\": \"bird\"}, \"type_id\": \"package_group\"}, {\"unit_key\": {\"name\": \"giraffe\", \"checksum\": \"f25d67d1d9da04f12e57ca323247b43891ac46533e355b82de6d1922009f9f14\", \"epoch\": \"0\", \"version\": \"0.3\", \"release\": \"0.8\", \"arch\": \"noarch\", \"checksumtype\": \"sha256\"}, \"type_id\": \"rpm\"}, {\"unit_key\": {\"repo_id\": \"integration_test_id_clone\", \"id\": \"all\"}, \"type_id\": \"package_category\"}, {\"unit_key\": {\"variant\": \"TestVariant\", \"version\": \"16\", \"arch\": \"x86_64\", \"id\": \"ks-Test Family-TestVariant-16-x86_64\", \"family\": \"Test Family\"}, \"type_id\": \"distribution\"}, {\"unit_key\": {\"repo_id\": \"integration_test_id_clone\", \"id\": \"mammal\"}, \"type_id\": \"package_group\"}, {\"unit_key\": {\"name\": \"monkey\", \"checksum\": \"0e8fa50d0128fbabc7ccc5632e3fa25d39b0280169f6166cb8e2c84de8501db1\", \"epoch\": \"0\", \"version\": \"0.3\", \"release\": \"0.8\", \"arch\": \"noarch\", \"checksumtype\": \"sha256\"}, \"type_id\": \"rpm\"}, {\"unit_key\": {\"id\": \"RHEA-2010:0001\"}, \"type_id\": \"erratum\"}, {\"unit_key\": {\"name\": \"cheetah\", \"checksum\": \"422d0baa0cd9d7713ae796e886a23e17f578f924f74880debdbb7d65fb368dae\", \"epoch\": \"0\", \"version\": \"0.3\", \"release\": \"0.8\", \"arch\": \"noarch\", \"checksumtype\": \"sha256\"}, \"type_id\": \"rpm\"}, {\"unit_key\": {\"name\": \"penguin\", \"checksum\": \"3fcb2c927de9e13bf68469032a28b139d3e5ad2e58564fc210fd6e48635be694\", \"epoch\": \"0\", \"version\": \"0.3\", \"release\": \"0.8\", \"arch\": \"noarch\", \"checksumtype\": \"sha256\"}, \"type_id\": \"rpm\"}, {\"unit_key\": {\"id\": \"RHEA-2010:0002\"}, \"type_id\": \"erratum\"}, {\"unit_key\": {\"name\": \"squirrel\", \"checksum\": \"251768bdd15f13d78487c27638aa6aecd01551e253756093cde1c0ae878a17d2\", \"epoch\": \"0\", \"version\": \"0.3\", \"release\": \"0.8\", \"arch\": \"noarch\", \"checksumtype\": \"sha256\"}, \"type_id\": \"rpm\"}, {\"unit_key\": {\"name\": \"elephant\", \"checksum\": \"3e1c70cd1b421328acaf6397cb3d16145306bb95f65d1b095fc31372a0a701f3\", \"epoch\": \"0\", \"version\": \"0.3\", \"release\": \"0.8\", \"arch\": \"noarch\", \"checksumtype\": \"sha256\"}, \"type_id\": \"rpm\"}, {\"unit_key\": {\"name\": \"lion\", \"checksum\": \"12400dc95c23a4c160725a908716cd3fcdd7a8981585437ab64cd62efa3e4ae4\", \"epoch\": \"0\", \"version\": \"0.3\", \"release\": \"0.8\", \"arch\": \"noarch\", \"checksumtype\": \"sha256\"}, \"type_id\": \"rpm\"}, {\"unit_key\": {\"name\": \"walrus\", \"checksum\": \"6e8d6dc057e3e2c9819f0dc7e6c7b7f86bf2e8571bba414adec7fb621a461dfd\", \"epoch\": \"0\", \"version\": \"0.3\", \"release\": \"0.8\", \"arch\": \"noarch\", \"checksumtype\": \"sha256\"}, \"type_id\": \"rpm\"}]}, \"error\": null, \"_id\": {\"$oid\": \"54cf1b8c962f40ae3501a386\"}, \"id\": \"54cf1b8cb2ff981dcc440353\"}"
    http_version: 
  recorded_at: Mon, 02 Feb 2015 06:39:09 GMT
- request: 
    method: post
    uri: https://admin:eYo5Dh2rR6jQayB4vFLEpqUwMcXosuXg@kt1.local/pulp/api/v2/repositories/integration_test_id_clone/actions/unassociate/
    body: 
      encoding: US-ASCII
      string: "{\"criteria\":{\"type_ids\":[\"erratum\"],\"filters\":{\"association\":{\"unit_id\":{\"$in\":[\"8a16a012-8a4b-46c1-be26-264154d00a3c\"]}}}}}"
    headers: 
      Accept: 
      - application/json
      Accept-Encoding: 
      - gzip, deflate
      Content-Type: 
      - application/json
      Content-Length: 
      - "124"
      User-Agent: 
      - Ruby
  response: 
    status: 
      code: 202
      message: Accepted
    headers: 
      Date: 
      - Mon, 02 Feb 2015 06:39:09 GMT
      Server: 
      - Apache/2.2.15 (Red Hat)
      Content-Encoding: 
      - utf-8
      Content-Length: 
      - "172"
      Content-Type: 
      - application/json
    body: 
      encoding: US-ASCII
      string: "{\"spawned_tasks\": [{\"_href\": \"/pulp/api/v2/tasks/4094426d-4132-40e4-949a-d5ab674b194c/\", \"task_id\": \"4094426d-4132-40e4-949a-d5ab674b194c\"}], \"result\": null, \"error\": null}"
    http_version: 
  recorded_at: Mon, 02 Feb 2015 06:39:09 GMT
- request: 
    method: get
    uri: https://admin:eYo5Dh2rR6jQayB4vFLEpqUwMcXosuXg@kt1.local/pulp/api/v2/tasks/4094426d-4132-40e4-949a-d5ab674b194c/
    body: 
      encoding: US-ASCII
      string: ""
    headers: 
      Accept: 
      - application/json
      Accept-Encoding: 
      - gzip, deflate
      Content-Type: 
      - application/json
      User-Agent: 
      - Ruby
  response: 
    status: 
      code: 200
      message: OK
    headers: 
      Date: 
      - Mon, 02 Feb 2015 06:39:09 GMT
      Server: 
      - Apache/2.2.15 (Red Hat)
      Vary: 
      - Accept-Encoding
      Content-Length: 
      - "784"
      Content-Type: 
      - application/json
    body: 
      encoding: ASCII-8BIT
      string: "{\"exception\": null, \"task_type\": \"pulp.server.managers.repo.unit_association.unassociate_by_criteria\", \"_href\": \"/pulp/api/v2/tasks/4094426d-4132-40e4-949a-d5ab674b194c/\", \"task_id\": \"4094426d-4132-40e4-949a-d5ab674b194c\", \"tags\": [\"pulp:repository:integration_test_id_clone\", \"pulp:action:unassociate\"], \"finish_time\": \"2015-02-02T06:39:09Z\", \"_ns\": \"task_status\", \"start_time\": \"2015-02-02T06:39:09Z\", \"traceback\": null, \"spawned_tasks\": [], \"progress_report\": {}, \"queue\": \"reserved_resource_worker-0@kt1.local.dq\", \"state\": \"finished\", \"worker_name\": \"reserved_resource_worker-0@kt1.local\", \"result\": {\"units_successful\": [{\"unit_key\": {\"id\": \"RHEA-2010:0001\"}, \"type_id\": \"erratum\"}]}, \"error\": null, \"_id\": {\"$oid\": \"54cf1b8d962f40ae3501a387\"}, \"id\": \"54cf1b8db2ff981dcc440359\"}"
    http_version: 
  recorded_at: Mon, 02 Feb 2015 06:39:10 GMT
- request: 
    method: post
    uri: https://admin:eYo5Dh2rR6jQayB4vFLEpqUwMcXosuXg@kt1.local/pulp/api/v2/repositories/integration_test_id_clone/actions/associate/
    body: 
      encoding: US-ASCII
      string: "{\"source_repo_id\":\"integration_test_id\"}"
    headers: 
      Accept: 
      - application/json
      Accept-Encoding: 
      - gzip, deflate
      Content-Type: 
      - application/json
      Content-Length: 
      - "40"
      User-Agent: 
      - Ruby
  response: 
    status: 
      code: 202
      message: Accepted
    headers: 
      Date: 
      - Tue, 03 Feb 2015 20:23:03 GMT
      Server: 
      - Apache/2.2.15 (Red Hat)
      Content-Encoding: 
      - utf-8
      Content-Length: 
      - "172"
      Connection: 
      - close
      Content-Type: 
      - application/json
    body: 
      encoding: US-ASCII
      string: "{\"spawned_tasks\": [{\"_href\": \"/pulp/api/v2/tasks/2546a173-26f6-49c6-8318-6971a06ec857/\", \"task_id\": \"2546a173-26f6-49c6-8318-6971a06ec857\"}], \"result\": null, \"error\": null}"
    http_version: 
  recorded_at: Tue, 03 Feb 2015 20:23:04 GMT
- request: 
    method: get
    uri: https://admin:eYo5Dh2rR6jQayB4vFLEpqUwMcXosuXg@kt1.local/pulp/api/v2/tasks/2546a173-26f6-49c6-8318-6971a06ec857/
    body: 
      encoding: US-ASCII
      string: ""
    headers: 
      Accept: 
      - application/json
      Accept-Encoding: 
      - gzip, deflate
      Content-Type: 
      - application/json
      User-Agent: 
      - Ruby
  response: 
    status: 
      code: 200
      message: OK
    headers: 
      Date: 
      - Tue, 03 Feb 2015 20:23:04 GMT
      Server: 
      - Apache/2.2.15 (Red Hat)
      Vary: 
      - Accept-Encoding
      Content-Length: 
      - "3165"
      Connection: 
      - close
      Content-Type: 
      - application/json
    body: 
      encoding: ASCII-8BIT
      string: "{\"exception\": null, \"task_type\": \"pulp.server.managers.repo.unit_association.associate_from_repo\", \"_href\": \"/pulp/api/v2/tasks/2546a173-26f6-49c6-8318-6971a06ec857/\", \"task_id\": \"2546a173-26f6-49c6-8318-6971a06ec857\", \"tags\": [\"pulp:repository:integration_test_id_clone\", \"pulp:repository:integration_test_id\", \"pulp:action:associate\"], \"finish_time\": \"2015-02-03T20:23:04Z\", \"_ns\": \"task_status\", \"start_time\": \"2015-02-03T20:23:04Z\", \"traceback\": null, \"spawned_tasks\": [], \"progress_report\": {}, \"queue\": \"reserved_resource_worker-0@kt1.local.dq\", \"state\": \"finished\", \"worker_name\": \"reserved_resource_worker-0@kt1.local\", \"result\": {\"units_successful\": [{\"unit_key\": {\"repo_id\": \"integration_test_id_clone\", \"id\": \"bird\"}, \"type_id\": \"package_group\"}, {\"unit_key\": {\"name\": \"giraffe\", \"checksum\": \"f25d67d1d9da04f12e57ca323247b43891ac46533e355b82de6d1922009f9f14\", \"epoch\": \"0\", \"version\": \"0.3\", \"release\": \"0.8\", \"arch\": \"noarch\", \"checksumtype\": \"sha256\"}, \"type_id\": \"rpm\"}, {\"unit_key\": {\"repo_id\": \"integration_test_id_clone\", \"id\": \"all\"}, \"type_id\": \"package_category\"}, {\"unit_key\": {\"variant\": \"TestVariant\", \"version\": \"16\", \"arch\": \"x86_64\", \"id\": \"ks-Test Family-TestVariant-16-x86_64\", \"family\": \"Test Family\"}, \"type_id\": \"distribution\"}, {\"unit_key\": {\"repo_id\": \"integration_test_id_clone\", \"id\": \"mammal\"}, \"type_id\": \"package_group\"}, {\"unit_key\": {\"name\": \"monkey\", \"checksum\": \"0e8fa50d0128fbabc7ccc5632e3fa25d39b0280169f6166cb8e2c84de8501db1\", \"epoch\": \"0\", \"version\": \"0.3\", \"release\": \"0.8\", \"arch\": \"noarch\", \"checksumtype\": \"sha256\"}, \"type_id\": \"rpm\"}, {\"unit_key\": {\"id\": \"RHEA-2010:0001\"}, \"type_id\": \"erratum\"}, {\"unit_key\": {\"name\": \"cheetah\", \"checksum\": \"422d0baa0cd9d7713ae796e886a23e17f578f924f74880debdbb7d65fb368dae\", \"epoch\": \"0\", \"version\": \"0.3\", \"release\": \"0.8\", \"arch\": \"noarch\", \"checksumtype\": \"sha256\"}, \"type_id\": \"rpm\"}, {\"unit_key\": {\"name\": \"penguin\", \"checksum\": \"3fcb2c927de9e13bf68469032a28b139d3e5ad2e58564fc210fd6e48635be694\", \"epoch\": \"0\", \"version\": \"0.3\", \"release\": \"0.8\", \"arch\": \"noarch\", \"checksumtype\": \"sha256\"}, \"type_id\": \"rpm\"}, {\"unit_key\": {\"id\": \"RHEA-2010:0002\"}, \"type_id\": \"erratum\"}, {\"unit_key\": {\"name\": \"squirrel\", \"checksum\": \"251768bdd15f13d78487c27638aa6aecd01551e253756093cde1c0ae878a17d2\", \"epoch\": \"0\", \"version\": \"0.3\", \"release\": \"0.8\", \"arch\": \"noarch\", \"checksumtype\": \"sha256\"}, \"type_id\": \"rpm\"}, {\"unit_key\": {\"name\": \"elephant\", \"checksum\": \"3e1c70cd1b421328acaf6397cb3d16145306bb95f65d1b095fc31372a0a701f3\", \"epoch\": \"0\", \"version\": \"0.3\", \"release\": \"0.8\", \"arch\": \"noarch\", \"checksumtype\": \"sha256\"}, \"type_id\": \"rpm\"}, {\"unit_key\": {\"name\": \"lion\", \"checksum\": \"12400dc95c23a4c160725a908716cd3fcdd7a8981585437ab64cd62efa3e4ae4\", \"epoch\": \"0\", \"version\": \"0.3\", \"release\": \"0.8\", \"arch\": \"noarch\", \"checksumtype\": \"sha256\"}, \"type_id\": \"rpm\"}, {\"unit_key\": {\"name\": \"walrus\", \"checksum\": \"6e8d6dc057e3e2c9819f0dc7e6c7b7f86bf2e8571bba414adec7fb621a461dfd\", \"epoch\": \"0\", \"version\": \"0.3\", \"release\": \"0.8\", \"arch\": \"noarch\", \"checksumtype\": \"sha256\"}, \"type_id\": \"rpm\"}]}, \"error\": null, \"_id\": {\"$oid\": \"54d12e28db087ce12b11fce4\"}, \"id\": \"54d12e28b2ff980faeab9e0e\"}"
    http_version: 
  recorded_at: Tue, 03 Feb 2015 20:23:04 GMT
- request: 
    method: post
    uri: https://admin:eYo5Dh2rR6jQayB4vFLEpqUwMcXosuXg@kt1.local/pulp/api/v2/repositories/integration_test_id/search/units/
    body: 
      encoding: US-ASCII
      string: "{\"criteria\":{\"type_ids\":[\"erratum\"]}}"
    headers: 
      Accept: 
      - application/json
      Accept-Encoding: 
      - gzip, deflate
      Content-Type: 
      - application/json
      Content-Length: 
      - "37"
      User-Agent: 
      - Ruby
  response: 
    status: 
      code: 200
      message: OK
    headers: 
      Date: 
      - Tue, 03 Feb 2015 20:23:04 GMT
      Server: 
      - Apache/2.2.15 (Red Hat)
      Vary: 
      - Accept-Encoding
      Content-Length: 
      - "2003"
      Connection: 
      - close
      Content-Type: 
      - application/json
    body: 
      encoding: ASCII-8BIT
      string: "[{\"updated\": \"2015-02-03T20:23:02Z\", \"repo_id\": \"integration_test_id\", \"created\": \"2015-02-03T20:23:02Z\", \"_ns\": \"repo_content_units\", \"unit_id\": \"282c7e98-36fd-40f0-a8a8-3482bd86ecfe\", \"metadata\": {\"issued\": \"2010-01-01 01:01:01\", \"references\": [], \"_content_type_id\": \"erratum\", \"id\": \"RHEA-2010:0001\", \"from\": \"lzap+pub@redhat.com\", \"severity\": \"\", \"title\": \"Empty errata\", \"_ns\": \"units_erratum\", \"version\": \"1\", \"reboot_suggested\": false, \"type\": \"security\", \"pkglist\": [], \"status\": \"stable\", \"updated\": \"\", \"description\": \"Empty errata\", \"_last_updated\": 1422994982, \"pushcount\": \"\", \"_storage_path\": null, \"rights\": \"\", \"solution\": \"\", \"summary\": \"\", \"release\": \"1\", \"_id\": \"282c7e98-36fd-40f0-a8a8-3482bd86ecfe\"}, \"unit_type_id\": \"erratum\", \"owner_type\": \"importer\", \"_id\": {\"$oid\": \"54d12e26b2ff9804eda02ffe\"}, \"id\": \"54d12e26b2ff9804eda02ffe\", \"owner_id\": \"yum_importer\"}, {\"updated\": \"2015-02-03T20:23:02Z\", \"repo_id\": \"integration_test_id\", \"created\": \"2015-02-03T20:23:02Z\", \"_ns\": \"repo_content_units\", \"unit_id\": \"251f8637-3556-4423-8338-0a0265f55b36\", \"metadata\": {\"issued\": \"2010-01-01 01:01:01\", \"references\": [], \"_content_type_id\": \"erratum\", \"id\": \"RHEA-2010:0002\", \"from\": \"lzap+pub@redhat.com\", \"severity\": \"\", \"title\": \"One package errata\", \"_ns\": \"units_erratum\", \"version\": \"1\", \"reboot_suggested\": false, \"type\": \"security\", \"pkglist\": [{\"packages\": [{\"src\": \"http://www.fedoraproject.org\", \"name\": \"elephant\", \"sum\": null, \"filename\": \"elephant-0.3-0.8.noarch.rpm\", \"epoch\": \"0\", \"version\": \"0.3\", \"release\": \"0.8\", \"arch\": \"noarch\"}], \"name\": \"1\", \"short\": \"\"}], \"status\": \"stable\", \"updated\": \"\", \"description\": \"One package errata\", \"_last_updated\": 1422994982, \"pushcount\": \"\", \"_storage_path\": null, \"rights\": \"\", \"solution\": \"\", \"summary\": \"\", \"release\": \"1\", \"_id\": \"251f8637-3556-4423-8338-0a0265f55b36\"}, \"unit_type_id\": \"erratum\", \"owner_type\": \"importer\", \"_id\": {\"$oid\": \"54d12e26b2ff9804eda02fff\"}, \"id\": \"54d12e26b2ff9804eda02fff\", \"owner_id\": \"yum_importer\"}]"
    http_version: 
  recorded_at: Tue, 03 Feb 2015 20:23:05 GMT
- request: 
    method: post
    uri: https://admin:eYo5Dh2rR6jQayB4vFLEpqUwMcXosuXg@kt1.local/pulp/api/v2/repositories/integration_test_id_clone/actions/unassociate/
    body: 
      encoding: US-ASCII
      string: "{\"criteria\":{\"type_ids\":[\"erratum\"],\"filters\":{\"association\":{\"unit_id\":{\"$in\":[\"282c7e98-36fd-40f0-a8a8-3482bd86ecfe\"]}}}}}"
    headers: 
      Accept: 
      - application/json
      Accept-Encoding: 
      - gzip, deflate
      Content-Type: 
      - application/json
      Content-Length: 
      - "124"
      User-Agent: 
      - Ruby
  response: 
    status: 
      code: 202
      message: Accepted
    headers: 
      Date: 
      - Tue, 03 Feb 2015 20:23:05 GMT
      Server: 
      - Apache/2.2.15 (Red Hat)
      Content-Encoding: 
      - utf-8
      Content-Length: 
      - "172"
      Connection: 
      - close
      Content-Type: 
      - application/json
    body: 
      encoding: US-ASCII
      string: "{\"spawned_tasks\": [{\"_href\": \"/pulp/api/v2/tasks/5486da0a-09b3-4e14-8215-a74c515d329f/\", \"task_id\": \"5486da0a-09b3-4e14-8215-a74c515d329f\"}], \"result\": null, \"error\": null}"
    http_version: 
  recorded_at: Tue, 03 Feb 2015 20:23:05 GMT
- request: 
    method: get
    uri: https://admin:eYo5Dh2rR6jQayB4vFLEpqUwMcXosuXg@kt1.local/pulp/api/v2/tasks/5486da0a-09b3-4e14-8215-a74c515d329f/
    body: 
      encoding: US-ASCII
      string: ""
    headers: 
      Accept: 
      - application/json
      Accept-Encoding: 
      - gzip, deflate
      Content-Type: 
      - application/json
      User-Agent: 
      - Ruby
  response: 
    status: 
      code: 200
      message: OK
    headers: 
      Date: 
      - Tue, 03 Feb 2015 20:23:05 GMT
      Server: 
      - Apache/2.2.15 (Red Hat)
      Vary: 
      - Accept-Encoding
      Content-Length: 
      - "784"
      Connection: 
      - close
      Content-Type: 
      - application/json
    body: 
      encoding: ASCII-8BIT
      string: "{\"exception\": null, \"task_type\": \"pulp.server.managers.repo.unit_association.unassociate_by_criteria\", \"_href\": \"/pulp/api/v2/tasks/5486da0a-09b3-4e14-8215-a74c515d329f/\", \"task_id\": \"5486da0a-09b3-4e14-8215-a74c515d329f\", \"tags\": [\"pulp:repository:integration_test_id_clone\", \"pulp:action:unassociate\"], \"finish_time\": \"2015-02-03T20:23:05Z\", \"_ns\": \"task_status\", \"start_time\": \"2015-02-03T20:23:05Z\", \"traceback\": null, \"spawned_tasks\": [], \"progress_report\": {}, \"queue\": \"reserved_resource_worker-0@kt1.local.dq\", \"state\": \"finished\", \"worker_name\": \"reserved_resource_worker-0@kt1.local\", \"result\": {\"units_successful\": [{\"unit_key\": {\"id\": \"RHEA-2010:0001\"}, \"type_id\": \"erratum\"}]}, \"error\": null, \"_id\": {\"$oid\": \"54d12e29db087ce12b11fce5\"}, \"id\": \"54d12e29b2ff980faeab9e14\"}"
    http_version: 
  recorded_at: Tue, 03 Feb 2015 20:23:06 GMT
- request: 
    method: post
    uri: https://admin:eYo5Dh2rR6jQayB4vFLEpqUwMcXosuXg@kt1.local/pulp/api/v2/repositories/integration_test_id_clone/search/units/
    body: 
      encoding: US-ASCII
      string: "{\"criteria\":{\"type_ids\":[\"erratum\"]}}"
    headers: 
      Accept: 
      - application/json
      Accept-Encoding: 
      - gzip, deflate
      Content-Type: 
      - application/json
      Content-Length: 
      - "37"
      User-Agent: 
      - Ruby
  response: 
    status: 
      code: 200
      message: OK
    headers: 
      Date: 
      - Tue, 03 Feb 2015 20:23:06 GMT
      Server: 
      - Apache/2.2.15 (Red Hat)
      Vary: 
      - Accept-Encoding
      Content-Length: 
      - "1116"
      Connection: 
      - close
      Content-Type: 
      - application/json
    body: 
      encoding: ASCII-8BIT
      string: "[{\"updated\": \"2015-02-03T20:23:04Z\", \"repo_id\": \"integration_test_id_clone\", \"created\": \"2015-02-03T20:23:04Z\", \"_ns\": \"repo_content_units\", \"unit_id\": \"251f8637-3556-4423-8338-0a0265f55b36\", \"metadata\": {\"issued\": \"2010-01-01 01:01:01\", \"references\": [], \"_content_type_id\": \"erratum\", \"id\": \"RHEA-2010:0002\", \"from\": \"lzap+pub@redhat.com\", \"severity\": \"\", \"title\": \"One package errata\", \"_ns\": \"units_erratum\", \"version\": \"1\", \"reboot_suggested\": false, \"type\": \"security\", \"pkglist\": [{\"packages\": [{\"src\": \"http://www.fedoraproject.org\", \"name\": \"elephant\", \"sum\": null, \"filename\": \"elephant-0.3-0.8.noarch.rpm\", \"epoch\": \"0\", \"version\": \"0.3\", \"release\": \"0.8\", \"arch\": \"noarch\"}], \"name\": \"1\", \"short\": \"\"}], \"status\": \"stable\", \"updated\": \"\", \"description\": \"One package errata\", \"_last_updated\": 1422994982, \"pushcount\": \"\", \"_storage_path\": null, \"rights\": \"\", \"solution\": \"\", \"summary\": \"\", \"release\": \"1\", \"_id\": \"251f8637-3556-4423-8338-0a0265f55b36\"}, \"unit_type_id\": \"erratum\", \"owner_type\": \"user\", \"_id\": {\"$oid\": \"54d12e28b2ff9804eda03008\"}, \"id\": \"54d12e28b2ff9804eda03008\", \"owner_id\": \"SYSTEM\"}]"
    http_version: 
  recorded_at: Tue, 03 Feb 2015 20:23:06 GMT
recorded_with: VCR 2.9.3
