---
http_interactions:
- request:
    method: get
    uri: https://admin:admin@box.devel.com/pulp/api/v2/tasks/54b86d4f-1faf-4ba7-a188-1d55bfe10204/
    body:
      encoding: US-ASCII
      string: ''
    headers:
      Accept:
      - application/json
      Accept-Encoding:
      - gzip, deflate
      Content-Type:
      - application/json
      User-Agent:
      - Ruby
  response:
    status:
      code: 200
      message: OK
    headers:
      Date:
      - Wed, 15 Oct 2014 14:26:55 GMT
      Server:
      - Apache/2.2.15 (Red Hat)
      Vary:
      - Accept-Encoding
      Content-Length:
      - '951'
      Connection:
      - close
      Content-Type:
      - application/json
    body:
      encoding: ASCII-8BIT
      string: '{"exception": null, "task_type": "pulp.server.managers.repo.importer.update_importer_config",
        "_href": "/pulp/api/v2/tasks/54b86d4f-1faf-4ba7-a188-1d55bfe10204/", "task_id":
        "54b86d4f-1faf-4ba7-a188-1d55bfe10204", "tags": ["pulp:repository:integration_test_id",
        "pulp:repository_importer:yum_importer", "pulp:action:update_importer"], "finish_time":
        "2014-10-15T14:26:55Z", "_ns": "task_status", "start_time": "2014-10-15T14:26:55Z",
        "traceback": null, "spawned_tasks": [], "progress_report": {}, "queue": "reserved_resource_worker-1@box.devel.com.dq",
        "state": "finished", "result": {"scratchpad": null, "_ns": "repo_importers",
        "importer_type_id": "yum_importer", "last_sync": null, "scheduled_syncs":
        [], "repo_id": "integration_test_id", "_id": {"$oid": "543e842e47078709559b2358"},
        "config": {"feed": "http://katello.org/repo/"}, "id": "yum_importer"}, "error":
        null, "_id": {"$oid": "543e842f505c6f3b4b509bb3"}, "id": "543e842f47078708d9ecb7b6"}'
    http_version: 
  recorded_at: Wed, 15 Oct 2014 14:26:55 GMT
- request:
    method: get
    uri: https://admin:admin@box.devel.com/pulp/api/v2/tasks/d781ee43-5313-499f-ac92-aac897477e85/
    body:
      encoding: US-ASCII
      string: ''
    headers:
      Accept:
      - application/json
      Accept-Encoding:
      - gzip, deflate
      Content-Type:
      - application/json
      User-Agent:
      - Ruby
  response:
    status:
      code: 200
      message: OK
    headers:
      Date:
      - Wed, 15 Oct 2014 14:26:56 GMT
      Server:
      - Apache/2.2.15 (Red Hat)
      Vary:
      - Accept-Encoding
      Content-Length:
      - '611'
      Connection:
      - close
      Content-Type:
      - application/json
    body:
      encoding: ASCII-8BIT
      string: '{"exception": null, "task_type": "pulp.server.tasks.repository.delete",
        "_href": "/pulp/api/v2/tasks/d781ee43-5313-499f-ac92-aac897477e85/", "task_id":
        "d781ee43-5313-499f-ac92-aac897477e85", "tags": ["pulp:repository:integration_test_id",
        "pulp:action:delete"], "finish_time": "2014-10-15T14:26:56Z", "_ns": "task_status",
        "start_time": "2014-10-15T14:26:56Z", "traceback": null, "spawned_tasks":
        [], "progress_report": {}, "queue": "reserved_resource_worker-1@box.devel.com.dq",
        "state": "finished", "result": null, "error": null, "_id": {"$oid": "543e8430505c6f3b4b509bb4"},
        "id": "543e843047078708d9ecb7b8"}'
    http_version: 
  recorded_at: Wed, 15 Oct 2014 14:26:56 GMT
- request:
    method: get
    uri: https://admin:eYo5Dh2rR6jQayB4vFLEpqUwMcXosuXg@kt1.local/pulp/api/v2/tasks/9e05d270-a9d2-48fb-8f67-7d53691c3ba4/
    body:
      encoding: US-ASCII
      string: ''
    headers:
      Accept:
      - application/json
      Accept-Encoding:
      - gzip, deflate
      Content-Type:
      - application/json
      User-Agent:
      - Ruby
  response:
    status:
      code: 200
      message: OK
    headers:
      Date:
      - Sun, 01 Feb 2015 18:30:01 GMT
      Server:
      - Apache/2.2.15 (Red Hat)
      Vary:
      - Accept-Encoding
      Content-Length:
      - '1002'
      Content-Type:
      - application/json
    body:
      encoding: ASCII-8BIT
      string: '{"exception": null, "task_type": "pulp.server.managers.repo.importer.update_importer_config",
        "_href": "/pulp/api/v2/tasks/9e05d270-a9d2-48fb-8f67-7d53691c3ba4/", "task_id":
        "9e05d270-a9d2-48fb-8f67-7d53691c3ba4", "tags": ["pulp:repository:integration_test_id",
        "pulp:repository_importer:yum_importer", "pulp:action:update_importer"], "finish_time":
        "2015-02-01T18:30:01Z", "_ns": "task_status", "start_time": "2015-02-01T18:30:01Z",
        "traceback": null, "spawned_tasks": [], "progress_report": {}, "queue": "reserved_resource_worker-0@kt1.local.dq",
        "state": "finished", "worker_name": "reserved_resource_worker-0@kt1.local",
        "result": {"scratchpad": null, "_ns": "repo_importers", "importer_type_id":
        "yum_importer", "last_sync": null, "scheduled_syncs": [], "repo_id": "integration_test_id",
        "_id": {"$oid": "54ce70a8b2ff981e8887d571"}, "config": {"feed": "http://katello.org/repo/"},
        "id": "yum_importer"}, "error": null, "_id": {"$oid": "54ce70a9962f40ae3501a2e7"},
        "id": "54ce70a9b2ff981dcc43ffa5"}'
    http_version: 
  recorded_at: Sun, 01 Feb 2015 18:30:01 GMT
- request:
    method: get
    uri: https://admin:eYo5Dh2rR6jQayB4vFLEpqUwMcXosuXg@kt1.local/pulp/api/v2/tasks/8c566b3e-44e9-45dc-a884-8a7e34441621/
    body:
      encoding: US-ASCII
      string: ''
    headers:
      Accept:
      - application/json
      Accept-Encoding:
      - gzip, deflate
      Content-Type:
      - application/json
      User-Agent:
      - Ruby
  response:
    status:
      code: 200
      message: OK
    headers:
      Date:
      - Sun, 01 Feb 2015 18:30:02 GMT
      Server:
      - Apache/2.2.15 (Red Hat)
      Vary:
      - Accept-Encoding
      Content-Length:
      - '662'
      Content-Type:
      - application/json
    body:
      encoding: ASCII-8BIT
      string: '{"exception": null, "task_type": "pulp.server.tasks.repository.delete",
        "_href": "/pulp/api/v2/tasks/8c566b3e-44e9-45dc-a884-8a7e34441621/", "task_id":
        "8c566b3e-44e9-45dc-a884-8a7e34441621", "tags": ["pulp:repository:integration_test_id",
        "pulp:action:delete"], "finish_time": "2015-02-01T18:30:02Z", "_ns": "task_status",
        "start_time": "2015-02-01T18:30:02Z", "traceback": null, "spawned_tasks":
        [], "progress_report": {}, "queue": "reserved_resource_worker-0@kt1.local.dq",
        "state": "finished", "worker_name": "reserved_resource_worker-0@kt1.local",
        "result": null, "error": null, "_id": {"$oid": "54ce70aa962f40ae3501a2e8"},
        "id": "54ce70aab2ff981dcc43ffab"}'
    http_version: 
  recorded_at: Sun, 01 Feb 2015 18:30:03 GMT
- request:
    method: get
    uri: https://admin:eYo5Dh2rR6jQayB4vFLEpqUwMcXosuXg@kt1.local/pulp/api/v2/tasks/ca65033e-24b7-40d9-bbed-e36fb3aed1a5/
    body:
      encoding: US-ASCII
      string: ''
    headers:
      Accept:
      - application/json
      Accept-Encoding:
      - gzip, deflate
      Content-Type:
      - application/json
      User-Agent:
      - Ruby
  response:
    status:
      code: 200
      message: OK
    headers:
      Date:
      - Mon, 02 Feb 2015 06:41:15 GMT
      Server:
      - Apache/2.2.15 (Red Hat)
      Vary:
      - Accept-Encoding
      Content-Length:
      - '1002'
      Content-Type:
      - application/json
    body:
      encoding: ASCII-8BIT
      string: '{"exception": null, "task_type": "pulp.server.managers.repo.importer.update_importer_config",
        "_href": "/pulp/api/v2/tasks/ca65033e-24b7-40d9-bbed-e36fb3aed1a5/", "task_id":
        "ca65033e-24b7-40d9-bbed-e36fb3aed1a5", "tags": ["pulp:repository:integration_test_id",
        "pulp:repository_importer:yum_importer", "pulp:action:update_importer"], "finish_time":
        "2015-02-02T06:41:14Z", "_ns": "task_status", "start_time": "2015-02-02T06:41:14Z",
        "traceback": null, "spawned_tasks": [], "progress_report": {}, "queue": "reserved_resource_worker-0@kt1.local.dq",
        "state": "finished", "worker_name": "reserved_resource_worker-0@kt1.local",
        "result": {"scratchpad": null, "_ns": "repo_importers", "importer_type_id":
        "yum_importer", "last_sync": null, "scheduled_syncs": [], "repo_id": "integration_test_id",
        "_id": {"$oid": "54cf1c0ab2ff981e8887daf1"}, "config": {"feed": "http://katello.org/repo/"},
        "id": "yum_importer"}, "error": null, "_id": {"$oid": "54cf1c0a962f40ae3501a3eb"},
        "id": "54cf1c0ab2ff981dcc4405ab"}'
    http_version: 
  recorded_at: Mon, 02 Feb 2015 06:41:15 GMT
- request:
    method: get
    uri: https://admin:eYo5Dh2rR6jQayB4vFLEpqUwMcXosuXg@kt1.local/pulp/api/v2/tasks/2aa6ff24-415c-4b81-8c10-69bf885aab08/
    body:
      encoding: US-ASCII
      string: ''
    headers:
      Accept:
      - application/json
      Accept-Encoding:
      - gzip, deflate
      Content-Type:
      - application/json
      User-Agent:
      - Ruby
  response:
    status:
      code: 200
      message: OK
    headers:
      Date:
      - Mon, 02 Feb 2015 06:41:15 GMT
      Server:
      - Apache/2.2.15 (Red Hat)
      Vary:
      - Accept-Encoding
      Content-Length:
      - '662'
      Content-Type:
      - application/json
    body:
      encoding: ASCII-8BIT
      string: '{"exception": null, "task_type": "pulp.server.tasks.repository.delete",
        "_href": "/pulp/api/v2/tasks/2aa6ff24-415c-4b81-8c10-69bf885aab08/", "task_id":
        "2aa6ff24-415c-4b81-8c10-69bf885aab08", "tags": ["pulp:repository:integration_test_id",
        "pulp:action:delete"], "finish_time": "2015-02-02T06:41:15Z", "_ns": "task_status",
        "start_time": "2015-02-02T06:41:15Z", "traceback": null, "spawned_tasks":
        [], "progress_report": {}, "queue": "reserved_resource_worker-0@kt1.local.dq",
        "state": "finished", "worker_name": "reserved_resource_worker-0@kt1.local",
        "result": null, "error": null, "_id": {"$oid": "54cf1c0b962f40ae3501a3ec"},
        "id": "54cf1c0bb2ff981dcc4405b1"}'
    http_version: 
  recorded_at: Mon, 02 Feb 2015 06:41:15 GMT
- request:
    method: get
    uri: https://admin:eYo5Dh2rR6jQayB4vFLEpqUwMcXosuXg@kt1.local/pulp/api/v2/tasks/313dc213-2d12-4d7b-9aad-ffda9d72691b/
    body:
      encoding: US-ASCII
      string: ''
    headers:
      Accept:
      - application/json
      Accept-Encoding:
      - gzip, deflate
      Content-Type:
      - application/json
      User-Agent:
      - Ruby
  response:
    status:
      code: 200
      message: OK
    headers:
      Date:
      - Tue, 03 Feb 2015 20:26:06 GMT
      Server:
      - Apache/2.2.15 (Red Hat)
      Vary:
      - Accept-Encoding
      Content-Length:
      - '1002'
      Connection:
      - close
      Content-Type:
      - application/json
    body:
      encoding: ASCII-8BIT
      string: '{"exception": null, "task_type": "pulp.server.managers.repo.importer.update_importer_config",
        "_href": "/pulp/api/v2/tasks/313dc213-2d12-4d7b-9aad-ffda9d72691b/", "task_id":
        "313dc213-2d12-4d7b-9aad-ffda9d72691b", "tags": ["pulp:repository:integration_test_id",
        "pulp:repository_importer:yum_importer", "pulp:action:update_importer"], "finish_time":
        "2015-02-03T20:26:06Z", "_ns": "task_status", "start_time": "2015-02-03T20:26:06Z",
        "traceback": null, "spawned_tasks": [], "progress_report": {}, "queue": "reserved_resource_worker-0@kt1.local.dq",
        "state": "finished", "worker_name": "reserved_resource_worker-0@kt1.local",
        "result": {"scratchpad": null, "_ns": "repo_importers", "importer_type_id":
        "yum_importer", "last_sync": null, "scheduled_syncs": [], "repo_id": "integration_test_id",
        "_id": {"$oid": "54d12edeb2ff9804eda031d4"}, "config": {"feed": "http://katello.org/repo/"},
        "id": "yum_importer"}, "error": null, "_id": {"$oid": "54d12ededb087ce12b11fd49"},
        "id": "54d12edeb2ff980faeaba066"}'
    http_version: 
  recorded_at: Tue, 03 Feb 2015 20:26:07 GMT
- request:
    method: get
    uri: https://admin:eYo5Dh2rR6jQayB4vFLEpqUwMcXosuXg@kt1.local/pulp/api/v2/tasks/449a3149-0a86-4da2-b82e-cdeb981065e9/
    body:
      encoding: US-ASCII
      string: ''
    headers:
      Accept:
      - application/json
      Accept-Encoding:
      - gzip, deflate
      Content-Type:
      - application/json
      User-Agent:
      - Ruby
  response:
    status:
      code: 200
      message: OK
    headers:
      Date:
      - Tue, 03 Feb 2015 20:26:07 GMT
      Server:
      - Apache/2.2.15 (Red Hat)
      Vary:
      - Accept-Encoding
      Content-Length:
      - '662'
      Connection:
      - close
      Content-Type:
      - application/json
    body:
      encoding: ASCII-8BIT
      string: '{"exception": null, "task_type": "pulp.server.tasks.repository.delete",
        "_href": "/pulp/api/v2/tasks/449a3149-0a86-4da2-b82e-cdeb981065e9/", "task_id":
        "449a3149-0a86-4da2-b82e-cdeb981065e9", "tags": ["pulp:repository:integration_test_id",
        "pulp:action:delete"], "finish_time": "2015-02-03T20:26:07Z", "_ns": "task_status",
        "start_time": "2015-02-03T20:26:07Z", "traceback": null, "spawned_tasks":
        [], "progress_report": {}, "queue": "reserved_resource_worker-0@kt1.local.dq",
        "state": "finished", "worker_name": "reserved_resource_worker-0@kt1.local",
        "result": null, "error": null, "_id": {"$oid": "54d12edfdb087ce12b11fd4a"},
        "id": "54d12edfb2ff980faeaba06c"}'
    http_version: 
  recorded_at: Tue, 03 Feb 2015 20:26:08 GMT
- request:
    method: get
    uri: https://admin:7HLGDTSxNnAEEtqKgjecYCvftjzNmoRE@katello-kant.example.com/pulp/api/v2/tasks/6346269e-f9a2-4d17-a9e3-a9a32db3d75c/
    body:
      encoding: US-ASCII
      string: ''
    headers:
      Accept:
      - application/json
      Accept-Encoding:
      - gzip, deflate
      Content-Type:
      - application/json
      User-Agent:
      - Ruby
  response:
    status:
      code: 200
      message: OK
    headers:
      Date:
      - Tue, 23 Jun 2015 22:38:56 GMT
      Server:
      - Apache/2.4.6 (CentOS)
      Content-Length:
      - '944'
      Connection:
      - close
      Content-Type:
      - application/json
    body:
      encoding: UTF-8
      string: '{"exception": null, "task_type": "pulp.server.managers.repo.importer.set_importer",
        "_href": "/pulp/api/v2/tasks/6346269e-f9a2-4d17-a9e3-a9a32db3d75c/", "task_id":
        "6346269e-f9a2-4d17-a9e3-a9a32db3d75c", "tags": ["pulp:repository:integration_test_id",
        "pulp:action:add_importer"], "finish_time": "2015-06-23T22:38:56Z", "_ns":
        "task_status", "start_time": "2015-06-23T22:38:56Z", "traceback": null, "spawned_tasks":
        [], "progress_report": {}, "queue": "reserved_resource_worker-0@katello-kant.example.com.dq",
        "state": "finished", "worker_name": "reserved_resource_worker-0@katello-kant.example.com",
        "result": {"scratchpad": null, "_ns": "repo_importers", "importer_type_id":
        "yum_importer", "last_sync": null, "scheduled_syncs": [], "repo_id": "integration_test_id",
        "_id": {"$oid": "5589e000f115fc7dd636be4a"}, "config": {}, "id": "yum_importer"},
        "error": null, "_id": {"$oid": "5589e0002812e3d33cf100fe"}, "id": "5589e0002812e3d33cf100fe"}'
    http_version: 
  recorded_at: Tue, 23 Jun 2015 22:38:56 GMT
- request:
    method: get
    uri: https://admin:7HLGDTSxNnAEEtqKgjecYCvftjzNmoRE@katello-kant.example.com/pulp/api/v2/tasks/5633addd-6498-43b9-a703-8349d6d01e99/
    body:
      encoding: US-ASCII
      string: ''
    headers:
      Accept:
      - application/json
      Accept-Encoding:
      - gzip, deflate
      Content-Type:
      - application/json
      User-Agent:
      - Ruby
  response:
    status:
      code: 200
      message: OK
    headers:
      Date:
      - Tue, 23 Jun 2015 22:38:57 GMT
      Server:
      - Apache/2.4.6 (CentOS)
      Content-Length:
      - '2956'
      Connection:
      - close
      Content-Type:
      - application/json
    body:
      encoding: UTF-8
      string: '{"exception": null, "task_type": "pulp.server.managers.repo.importer.update_importer_config",
        "_href": "/pulp/api/v2/tasks/5633addd-6498-43b9-a703-8349d6d01e99/", "task_id":
        "5633addd-6498-43b9-a703-8349d6d01e99", "tags": ["pulp:repository:integration_test_id",
        "pulp:repository_importer:yum_importer", "pulp:action:update_importer"], "finish_time":
        "2015-06-23T22:38:57Z", "_ns": "task_status", "start_time": "2015-06-23T22:38:57Z",
        "traceback": "Traceback (most recent call last):\n  File \"/usr/lib/python2.7/site-packages/celery/app/trace.py\",
        line 240, in trace_task\n    R = retval = fun(*args, **kwargs)\n  File \"/usr/lib/python2.7/site-packages/pulp/server/async/tasks.py\",
        line 394, in __call__\n    return super(Task, self).__call__(*args, **kwargs)\n  File
        \"/usr/lib/python2.7/site-packages/celery/app/trace.py\", line 437, in __protected_call__\n    return
        self.run(*args, **kwargs)\n  File \"/usr/lib/python2.7/site-packages/pulp/server/managers/repo/importer.py\",
        line 300, in update_importer_config\n    return serializer.data\n  File \"/usr/lib/python2.7/site-packages/pulp/server/webservices/views/serializers/__init__.py\",
        line 128, in data\n    return self._to_representation(self.instance)\n  File
        \"/usr/lib/python2.7/site-packages/pulp/server/webservices/views/serializers/__init__.py\",
        line 76, in _to_representation\n    href = self.get_href(instance)\n  File
        \"/usr/lib/python2.7/site-packages/pulp/server/webservices/views/serializers/__init__.py\",
        line 172, in get_href\n    ''importer_id'': instance[''id'']})\n  File \"/usr/lib/python2.7/site-packages/django/core/urlresolvers.py\",
        line 485, in reverse\n    resolver = get_resolver(urlconf)\n  File \"/usr/lib/python2.7/site-packages/django/utils/functional.py\",
        line 32, in wrapper\n    result = func(*args)\n  File \"/usr/lib/python2.7/site-packages/django/core/urlresolvers.py\",
        line 125, in get_resolver\n    urlconf = settings.ROOT_URLCONF\n  File \"/usr/lib/python2.7/site-packages/django/conf/__init__.py\",
        line 54, in __getattr__\n    self._setup(name)\n  File \"/usr/lib/python2.7/site-packages/django/conf/__init__.py\",
        line 47, in _setup\n    % (desc, ENVIRONMENT_VARIABLE))\nImproperlyConfigured:
        Requested setting ROOT_URLCONF, but settings are not configured. You must
        either define the environment variable DJANGO_SETTINGS_MODULE or call settings.configure()
        before accessing settings.\n", "spawned_tasks": [], "progress_report": {},
        "queue": "reserved_resource_worker-0@katello-kant.example.com.dq", "state":
        "error", "worker_name": "reserved_resource_worker-0@katello-kant.example.com",
        "result": null, "error": {"code": "PLP0000", "data": {}, "description": "Requested
        setting ROOT_URLCONF, but settings are not configured. You must either define
        the environment variable DJANGO_SETTINGS_MODULE or call settings.configure()
        before accessing settings.", "sub_errors": []}, "_id": {"$oid": "5589e0012812e3d33cf10102"},
        "id": "5589e0012812e3d33cf10102"}'
    http_version: 
  recorded_at: Tue, 23 Jun 2015 22:38:57 GMT
- request:
    method: get
    uri: https://admin:7HLGDTSxNnAEEtqKgjecYCvftjzNmoRE@katello-kant.example.com/pulp/api/v2/tasks/7f1c7910-3d23-4a53-b7d3-ae10b3b84462/
    body:
      encoding: US-ASCII
      string: ''
    headers:
      Accept:
      - application/json
      Accept-Encoding:
      - gzip, deflate
      Content-Type:
      - application/json
      User-Agent:
      - Ruby
  response:
    status:
      code: 200
      message: OK
    headers:
      Date:
      - Tue, 23 Jun 2015 22:38:58 GMT
      Server:
      - Apache/2.4.6 (CentOS)
      Content-Length:
      - '692'
      Connection:
      - close
      Content-Type:
      - application/json
    body:
      encoding: UTF-8
      string: '{"exception": null, "task_type": "pulp.server.tasks.repository.delete",
        "_href": "/pulp/api/v2/tasks/7f1c7910-3d23-4a53-b7d3-ae10b3b84462/", "task_id":
        "7f1c7910-3d23-4a53-b7d3-ae10b3b84462", "tags": ["pulp:repository:integration_test_id",
        "pulp:action:delete"], "finish_time": "2015-06-23T22:38:57Z", "_ns": "task_status",
        "start_time": "2015-06-23T22:38:57Z", "traceback": null, "spawned_tasks":
        [], "progress_report": {}, "queue": "reserved_resource_worker-0@katello-kant.example.com.dq",
        "state": "finished", "worker_name": "reserved_resource_worker-0@katello-kant.example.com",
        "result": null, "error": null, "_id": {"$oid": "5589e0012812e3d33cf10106"},
        "id": "5589e0012812e3d33cf10106"}'
    http_version: 
  recorded_at: Tue, 23 Jun 2015 22:38:58 GMT
- request:
    method: get
    uri: https://admin:7HLGDTSxNnAEEtqKgjecYCvftjzNmoRE@katello-kant.example.com/pulp/api/v2/tasks/4178400d-7353-4d86-9036-c11ac0d1cd74/
    body:
      encoding: US-ASCII
      string: ''
    headers:
      Accept:
      - application/json
      Accept-Encoding:
      - gzip, deflate
      Content-Type:
      - application/json
      User-Agent:
      - Ruby
  response:
    status:
      code: 200
      message: OK
    headers:
      Date:
      - Tue, 23 Jun 2015 22:46:25 GMT
      Server:
      - Apache/2.4.6 (CentOS)
      Content-Length:
      - '944'
      Connection:
      - close
      Content-Type:
      - application/json
    body:
      encoding: UTF-8
      string: '{"exception": null, "task_type": "pulp.server.managers.repo.importer.set_importer",
        "_href": "/pulp/api/v2/tasks/4178400d-7353-4d86-9036-c11ac0d1cd74/", "task_id":
        "4178400d-7353-4d86-9036-c11ac0d1cd74", "tags": ["pulp:repository:integration_test_id",
        "pulp:action:add_importer"], "finish_time": "2015-06-23T22:46:24Z", "_ns":
        "task_status", "start_time": "2015-06-23T22:46:24Z", "traceback": null, "spawned_tasks":
        [], "progress_report": {}, "queue": "reserved_resource_worker-0@katello-kant.example.com.dq",
        "state": "finished", "worker_name": "reserved_resource_worker-0@katello-kant.example.com",
        "result": {"scratchpad": null, "_ns": "repo_importers", "importer_type_id":
        "yum_importer", "last_sync": null, "scheduled_syncs": [], "repo_id": "integration_test_id",
        "_id": {"$oid": "5589e1c0f115fc0506df7368"}, "config": {}, "id": "yum_importer"},
        "error": null, "_id": {"$oid": "5589e1c02812e3d33cf104f0"}, "id": "5589e1c02812e3d33cf104f0"}'
    http_version: 
  recorded_at: Tue, 23 Jun 2015 22:46:25 GMT
- request:
    method: get
    uri: https://admin:7HLGDTSxNnAEEtqKgjecYCvftjzNmoRE@katello-kant.example.com/pulp/api/v2/tasks/82a6fdf4-4625-42f4-9dc1-231a93551175/
    body:
      encoding: US-ASCII
      string: ''
    headers:
      Accept:
      - application/json
      Accept-Encoding:
      - gzip, deflate
      Content-Type:
      - application/json
      User-Agent:
      - Ruby
  response:
    status:
      code: 200
      message: OK
    headers:
      Date:
      - Tue, 23 Jun 2015 22:46:25 GMT
      Server:
      - Apache/2.4.6 (CentOS)
      Content-Length:
      - '2956'
      Connection:
      - close
      Content-Type:
      - application/json
    body:
      encoding: UTF-8
      string: '{"exception": null, "task_type": "pulp.server.managers.repo.importer.update_importer_config",
        "_href": "/pulp/api/v2/tasks/82a6fdf4-4625-42f4-9dc1-231a93551175/", "task_id":
        "82a6fdf4-4625-42f4-9dc1-231a93551175", "tags": ["pulp:repository:integration_test_id",
        "pulp:repository_importer:yum_importer", "pulp:action:update_importer"], "finish_time":
        "2015-06-23T22:46:25Z", "_ns": "task_status", "start_time": "2015-06-23T22:46:25Z",
        "traceback": "Traceback (most recent call last):\n  File \"/usr/lib/python2.7/site-packages/celery/app/trace.py\",
        line 240, in trace_task\n    R = retval = fun(*args, **kwargs)\n  File \"/usr/lib/python2.7/site-packages/pulp/server/async/tasks.py\",
        line 394, in __call__\n    return super(Task, self).__call__(*args, **kwargs)\n  File
        \"/usr/lib/python2.7/site-packages/celery/app/trace.py\", line 437, in __protected_call__\n    return
        self.run(*args, **kwargs)\n  File \"/usr/lib/python2.7/site-packages/pulp/server/managers/repo/importer.py\",
        line 300, in update_importer_config\n    return serializer.data\n  File \"/usr/lib/python2.7/site-packages/pulp/server/webservices/views/serializers/__init__.py\",
        line 128, in data\n    return self._to_representation(self.instance)\n  File
        \"/usr/lib/python2.7/site-packages/pulp/server/webservices/views/serializers/__init__.py\",
        line 76, in _to_representation\n    href = self.get_href(instance)\n  File
        \"/usr/lib/python2.7/site-packages/pulp/server/webservices/views/serializers/__init__.py\",
        line 172, in get_href\n    ''importer_id'': instance[''id'']})\n  File \"/usr/lib/python2.7/site-packages/django/core/urlresolvers.py\",
        line 485, in reverse\n    resolver = get_resolver(urlconf)\n  File \"/usr/lib/python2.7/site-packages/django/utils/functional.py\",
        line 32, in wrapper\n    result = func(*args)\n  File \"/usr/lib/python2.7/site-packages/django/core/urlresolvers.py\",
        line 125, in get_resolver\n    urlconf = settings.ROOT_URLCONF\n  File \"/usr/lib/python2.7/site-packages/django/conf/__init__.py\",
        line 54, in __getattr__\n    self._setup(name)\n  File \"/usr/lib/python2.7/site-packages/django/conf/__init__.py\",
        line 47, in _setup\n    % (desc, ENVIRONMENT_VARIABLE))\nImproperlyConfigured:
        Requested setting ROOT_URLCONF, but settings are not configured. You must
        either define the environment variable DJANGO_SETTINGS_MODULE or call settings.configure()
        before accessing settings.\n", "spawned_tasks": [], "progress_report": {},
        "queue": "reserved_resource_worker-0@katello-kant.example.com.dq", "state":
        "error", "worker_name": "reserved_resource_worker-0@katello-kant.example.com",
        "result": null, "error": {"code": "PLP0000", "data": {}, "description": "Requested
        setting ROOT_URLCONF, but settings are not configured. You must either define
        the environment variable DJANGO_SETTINGS_MODULE or call settings.configure()
        before accessing settings.", "sub_errors": []}, "_id": {"$oid": "5589e1c12812e3d33cf104f4"},
        "id": "5589e1c12812e3d33cf104f4"}'
    http_version: 
  recorded_at: Tue, 23 Jun 2015 22:46:25 GMT
- request:
    method: get
    uri: https://admin:7HLGDTSxNnAEEtqKgjecYCvftjzNmoRE@katello-kant.example.com/pulp/api/v2/tasks/2e662851-4d6b-4385-9eab-d91f1d55b0a4/
    body:
      encoding: US-ASCII
      string: ''
    headers:
      Accept:
      - application/json
      Accept-Encoding:
      - gzip, deflate
      Content-Type:
      - application/json
      User-Agent:
      - Ruby
  response:
    status:
      code: 200
      message: OK
    headers:
      Date:
      - Tue, 23 Jun 2015 22:46:26 GMT
      Server:
      - Apache/2.4.6 (CentOS)
      Content-Length:
      - '692'
      Connection:
      - close
      Content-Type:
      - application/json
    body:
      encoding: UTF-8
      string: '{"exception": null, "task_type": "pulp.server.tasks.repository.delete",
        "_href": "/pulp/api/v2/tasks/2e662851-4d6b-4385-9eab-d91f1d55b0a4/", "task_id":
        "2e662851-4d6b-4385-9eab-d91f1d55b0a4", "tags": ["pulp:repository:integration_test_id",
        "pulp:action:delete"], "finish_time": "2015-06-23T22:46:26Z", "_ns": "task_status",
        "start_time": "2015-06-23T22:46:26Z", "traceback": null, "spawned_tasks":
        [], "progress_report": {}, "queue": "reserved_resource_worker-0@katello-kant.example.com.dq",
        "state": "finished", "worker_name": "reserved_resource_worker-0@katello-kant.example.com",
        "result": null, "error": null, "_id": {"$oid": "5589e1c12812e3d33cf104f8"},
        "id": "5589e1c12812e3d33cf104f8"}'
    http_version: 
  recorded_at: Tue, 23 Jun 2015 22:46:26 GMT
- request:
    method: get
    uri: https://admin:9km5fr4KB5byeUujz2qinVjT9LExvYSg@katello-wisdom.example.com/pulp/api/v2/tasks/e9fce711-36f3-4d4a-a246-a55f26b1f755/
    body:
      encoding: US-ASCII
      string: ''
    headers:
      Accept:
      - application/json
      Accept-Encoding:
      - gzip, deflate
      Content-Type:
      - application/json
      User-Agent:
      - Ruby
  response:
    status:
      code: 200
      message: OK
    headers:
      Date:
      - Thu, 28 Jan 2016 04:45:40 GMT
      Server:
      - Apache/2.4.6 (CentOS)
      Vary:
      - Accept-Encoding
      Content-Length:
      - '998'
      Connection:
      - close
      Content-Type:
      - application/json; charset=utf-8
    body:
      encoding: ASCII-8BIT
      string: '{"exception": null, "task_type": "pulp.server.managers.repo.importer.set_importer",
        "_href": "/pulp/api/v2/tasks/e9fce711-36f3-4d4a-a246-a55f26b1f755/", "task_id":
        "e9fce711-36f3-4d4a-a246-a55f26b1f755", "tags": ["pulp:repository:integration_test_id",
        "pulp:action:add_importer"], "finish_time": "2016-01-28T04:45:39Z", "_ns":
        "task_status", "start_time": "2016-01-28T04:45:39Z", "traceback": null, "spawned_tasks":
        [], "progress_report": {}, "queue": "reserved_resource_worker-1@katello-wisdom.example.com.dq",
        "state": "finished", "worker_name": "reserved_resource_worker-1@katello-wisdom.example.com",
        "result": {"scratchpad": null, "_href": "/v2/repositories/integration_test_id/importers/yum_importer/",
        "_ns": "repo_importers", "importer_type_id": "yum_importer", "last_sync":
        null, "repo_id": "integration_test_id", "_id": {"$oid": "56a99cf3d01ec06376f4b601"},
        "config": {}, "id": "yum_importer"}, "error": null, "_id": {"$oid": "56a99cf36c5b191f0bd24535"},
        "id": "56a99cf36c5b191f0bd24535"}'
    http_version: 
  recorded_at: Thu, 28 Jan 2016 04:45:40 GMT
- request:
    method: get
    uri: https://admin:9km5fr4KB5byeUujz2qinVjT9LExvYSg@katello-wisdom.example.com/pulp/api/v2/tasks/6e52133c-213a-4217-88de-3320e699bcdb/
    body:
      encoding: US-ASCII
      string: ''
    headers:
      Accept:
      - application/json
      Accept-Encoding:
      - gzip, deflate
      Content-Type:
      - application/json
      User-Agent:
      - Ruby
  response:
    status:
      code: 200
      message: OK
    headers:
      Date:
      - Thu, 28 Jan 2016 04:45:40 GMT
      Server:
      - Apache/2.4.6 (CentOS)
      Vary:
      - Accept-Encoding
      Content-Length:
      - '1086'
      Connection:
      - close
      Content-Type:
      - application/json; charset=utf-8
    body:
      encoding: ASCII-8BIT
      string: '{"exception": null, "task_type": "pulp.server.managers.repo.importer.update_importer_config",
        "_href": "/pulp/api/v2/tasks/6e52133c-213a-4217-88de-3320e699bcdb/", "task_id":
        "6e52133c-213a-4217-88de-3320e699bcdb", "tags": ["pulp:repository:integration_test_id",
        "pulp:repository_importer:yum_importer", "pulp:action:update_importer"], "finish_time":
        "2016-01-28T04:45:40Z", "_ns": "task_status", "start_time": "2016-01-28T04:45:40Z",
        "traceback": null, "spawned_tasks": [], "progress_report": {}, "queue": "reserved_resource_worker-1@katello-wisdom.example.com.dq",
        "state": "finished", "worker_name": "reserved_resource_worker-1@katello-wisdom.example.com",
        "result": {"scratchpad": null, "_href": "/v2/repositories/integration_test_id/importers/yum_importer/",
        "_ns": "repo_importers", "importer_type_id": "yum_importer", "last_sync":
        null, "repo_id": "integration_test_id", "_id": {"$oid": "56a99cf3d01ec06376f4b601"},
        "config": {"feed": "http://katello.org/repo/"}, "id": "yum_importer"}, "error":
        null, "_id": {"$oid": "56a99cf46c5b191f0bd24536"}, "id": "56a99cf46c5b191f0bd24536"}'
    http_version: 
  recorded_at: Thu, 28 Jan 2016 04:45:40 GMT
- request:
    method: get
    uri: https://admin:9km5fr4KB5byeUujz2qinVjT9LExvYSg@katello-wisdom.example.com/pulp/api/v2/tasks/d5a948ca-b86f-4052-b614-f6a3f69cac16/
    body:
      encoding: US-ASCII
      string: ''
    headers:
      Accept:
      - application/json
      Accept-Encoding:
      - gzip, deflate
      Content-Type:
      - application/json
      User-Agent:
      - Ruby
  response:
    status:
      code: 200
      message: OK
    headers:
      Date:
      - Thu, 28 Jan 2016 04:45:41 GMT
      Server:
      - Apache/2.4.6 (CentOS)
      Vary:
      - Accept-Encoding
      Content-Length:
      - '696'
      Connection:
      - close
      Content-Type:
      - application/json; charset=utf-8
    body:
      encoding: ASCII-8BIT
      string: '{"exception": null, "task_type": "pulp.server.tasks.repository.delete",
        "_href": "/pulp/api/v2/tasks/d5a948ca-b86f-4052-b614-f6a3f69cac16/", "task_id":
        "d5a948ca-b86f-4052-b614-f6a3f69cac16", "tags": ["pulp:repository:integration_test_id",
        "pulp:action:delete"], "finish_time": "2016-01-28T04:45:40Z", "_ns": "task_status",
        "start_time": "2016-01-28T04:45:40Z", "traceback": null, "spawned_tasks":
        [], "progress_report": {}, "queue": "reserved_resource_worker-1@katello-wisdom.example.com.dq",
        "state": "finished", "worker_name": "reserved_resource_worker-1@katello-wisdom.example.com",
        "result": null, "error": null, "_id": {"$oid": "56a99cf46c5b191f0bd24537"},
        "id": "56a99cf46c5b191f0bd24537"}'
    http_version: 
  recorded_at: Thu, 28 Jan 2016 04:45:41 GMT
- request:
    method: get
    uri: https://admin:icizRXdtWXs66PqkAXytGFMconvzbE8w@katello-yoda.example.com/pulp/api/v2/tasks/7028fbce-b751-4166-aa4e-515794e164c8/
    body:
      encoding: US-ASCII
      string: ''
    headers:
      Accept:
      - application/json
      Accept-Encoding:
      - gzip, deflate
      Content-Type:
      - application/json
      User-Agent:
      - Ruby
  response:
    status:
      code: 200
      message: OK
    headers:
      Date:
      - Fri, 29 Jan 2016 17:08:06 GMT
      Server:
      - Apache/2.4.6 (CentOS)
      Vary:
      - Accept-Encoding
      Content-Length:
      - '994'
      Connection:
      - close
      Content-Type:
      - application/json; charset=utf-8
    body:
      encoding: ASCII-8BIT
      string: '{"exception": null, "task_type": "pulp.server.managers.repo.importer.set_importer",
        "_href": "/pulp/api/v2/tasks/7028fbce-b751-4166-aa4e-515794e164c8/", "task_id":
        "7028fbce-b751-4166-aa4e-515794e164c8", "tags": ["pulp:repository:integration_test_id",
        "pulp:action:add_importer"], "finish_time": "2016-01-29T17:08:06Z", "_ns":
        "task_status", "start_time": "2016-01-29T17:08:06Z", "traceback": null, "spawned_tasks":
        [], "progress_report": {}, "queue": "reserved_resource_worker-1@katello-yoda.example.com.dq",
        "state": "finished", "worker_name": "reserved_resource_worker-1@katello-yoda.example.com",
        "result": {"scratchpad": null, "_href": "/v2/repositories/integration_test_id/importers/yum_importer/",
        "_ns": "repo_importers", "importer_type_id": "yum_importer", "last_sync":
        null, "repo_id": "integration_test_id", "_id": {"$oid": "56ab9c76de04032b7be41d2e"},
        "config": {}, "id": "yum_importer"}, "error": null, "_id": {"$oid": "56ab9c767e09741dd640d2c3"},
        "id": "56ab9c767e09741dd640d2c3"}'
    http_version: 
  recorded_at: Fri, 29 Jan 2016 17:08:06 GMT
- request:
    method: get
    uri: https://admin:icizRXdtWXs66PqkAXytGFMconvzbE8w@katello-yoda.example.com/pulp/api/v2/tasks/95e31b5a-4048-466e-ab89-535df706d8bf/
    body:
      encoding: US-ASCII
      string: ''
    headers:
      Accept:
      - application/json
      Accept-Encoding:
      - gzip, deflate
      Content-Type:
      - application/json
      User-Agent:
      - Ruby
  response:
    status:
      code: 200
      message: OK
    headers:
      Date:
      - Fri, 29 Jan 2016 17:08:07 GMT
      Server:
      - Apache/2.4.6 (CentOS)
      Vary:
      - Accept-Encoding
      Content-Length:
      - '1082'
      Connection:
      - close
      Content-Type:
      - application/json; charset=utf-8
    body:
      encoding: ASCII-8BIT
      string: '{"exception": null, "task_type": "pulp.server.managers.repo.importer.update_importer_config",
        "_href": "/pulp/api/v2/tasks/95e31b5a-4048-466e-ab89-535df706d8bf/", "task_id":
        "95e31b5a-4048-466e-ab89-535df706d8bf", "tags": ["pulp:repository:integration_test_id",
        "pulp:repository_importer:yum_importer", "pulp:action:update_importer"], "finish_time":
        "2016-01-29T17:08:06Z", "_ns": "task_status", "start_time": "2016-01-29T17:08:06Z",
        "traceback": null, "spawned_tasks": [], "progress_report": {}, "queue": "reserved_resource_worker-1@katello-yoda.example.com.dq",
        "state": "finished", "worker_name": "reserved_resource_worker-1@katello-yoda.example.com",
        "result": {"scratchpad": null, "_href": "/v2/repositories/integration_test_id/importers/yum_importer/",
        "_ns": "repo_importers", "importer_type_id": "yum_importer", "last_sync":
        null, "repo_id": "integration_test_id", "_id": {"$oid": "56ab9c76de04032b7be41d2e"},
        "config": {"feed": "http://katello.org/repo/"}, "id": "yum_importer"}, "error":
        null, "_id": {"$oid": "56ab9c767e09741dd640d2c4"}, "id": "56ab9c767e09741dd640d2c4"}'
    http_version: 
  recorded_at: Fri, 29 Jan 2016 17:08:07 GMT
- request:
    method: get
    uri: https://admin:icizRXdtWXs66PqkAXytGFMconvzbE8w@katello-yoda.example.com/pulp/api/v2/tasks/dd856815-e5ff-4c8b-9aaf-a7f76a3a349f/
    body:
      encoding: US-ASCII
      string: ''
    headers:
      Accept:
      - application/json
      Accept-Encoding:
      - gzip, deflate
      Content-Type:
      - application/json
      User-Agent:
      - Ruby
  response:
    status:
      code: 200
      message: OK
    headers:
      Date:
      - Fri, 29 Jan 2016 17:08:08 GMT
      Server:
      - Apache/2.4.6 (CentOS)
      Vary:
      - Accept-Encoding
      Content-Length:
      - '692'
      Connection:
      - close
      Content-Type:
      - application/json; charset=utf-8
    body:
      encoding: ASCII-8BIT
      string: '{"exception": null, "task_type": "pulp.server.tasks.repository.delete",
        "_href": "/pulp/api/v2/tasks/dd856815-e5ff-4c8b-9aaf-a7f76a3a349f/", "task_id":
        "dd856815-e5ff-4c8b-9aaf-a7f76a3a349f", "tags": ["pulp:repository:integration_test_id",
        "pulp:action:delete"], "finish_time": "2016-01-29T17:08:07Z", "_ns": "task_status",
        "start_time": "2016-01-29T17:08:07Z", "traceback": null, "spawned_tasks":
        [], "progress_report": {}, "queue": "reserved_resource_worker-1@katello-yoda.example.com.dq",
        "state": "finished", "worker_name": "reserved_resource_worker-1@katello-yoda.example.com",
        "result": null, "error": null, "_id": {"$oid": "56ab9c777e09741dd640d2c5"},
        "id": "56ab9c777e09741dd640d2c5"}'
    http_version: 
  recorded_at: Fri, 29 Jan 2016 17:08:08 GMT
- request:
    method: get
    uri: https://admin:icizRXdtWXs66PqkAXytGFMconvzbE8w@katello-yoda.example.com/pulp/api/v2/tasks/74afcb47-e8ac-422a-8d68-1492bc0b1e12/
    body:
      encoding: US-ASCII
      string: ''
    headers:
      Accept:
      - application/json
      Accept-Encoding:
      - gzip, deflate
      Content-Type:
      - application/json
      User-Agent:
      - Ruby
  response:
    status:
      code: 200
      message: OK
    headers:
      Date:
      - Fri, 29 Jan 2016 17:30:40 GMT
      Server:
      - Apache/2.4.6 (CentOS)
      Vary:
      - Accept-Encoding
      Content-Length:
      - '994'
      Connection:
      - close
      Content-Type:
      - application/json; charset=utf-8
    body:
      encoding: ASCII-8BIT
      string: '{"exception": null, "task_type": "pulp.server.managers.repo.importer.set_importer",
        "_href": "/pulp/api/v2/tasks/74afcb47-e8ac-422a-8d68-1492bc0b1e12/", "task_id":
        "74afcb47-e8ac-422a-8d68-1492bc0b1e12", "tags": ["pulp:repository:integration_test_id",
        "pulp:action:add_importer"], "finish_time": "2016-01-29T17:30:39Z", "_ns":
        "task_status", "start_time": "2016-01-29T17:30:39Z", "traceback": null, "spawned_tasks":
        [], "progress_report": {}, "queue": "reserved_resource_worker-1@katello-yoda.example.com.dq",
        "state": "finished", "worker_name": "reserved_resource_worker-1@katello-yoda.example.com",
        "result": {"scratchpad": null, "_href": "/v2/repositories/integration_test_id/importers/yum_importer/",
        "_ns": "repo_importers", "importer_type_id": "yum_importer", "last_sync":
        null, "repo_id": "integration_test_id", "_id": {"$oid": "56aba1bfde0403341f79b484"},
        "config": {}, "id": "yum_importer"}, "error": null, "_id": {"$oid": "56aba1bf7e09741dd640d630"},
        "id": "56aba1bf7e09741dd640d630"}'
    http_version: 
  recorded_at: Fri, 29 Jan 2016 17:30:40 GMT
- request:
    method: get
    uri: https://admin:icizRXdtWXs66PqkAXytGFMconvzbE8w@katello-yoda.example.com/pulp/api/v2/tasks/f635f989-b5c8-450e-b5ae-994d7f5206fe/
    body:
      encoding: US-ASCII
      string: ''
    headers:
      Accept:
      - application/json
      Accept-Encoding:
      - gzip, deflate
      Content-Type:
      - application/json
      User-Agent:
      - Ruby
  response:
    status:
      code: 200
      message: OK
    headers:
      Date:
      - Fri, 29 Jan 2016 17:30:41 GMT
      Server:
      - Apache/2.4.6 (CentOS)
      Vary:
      - Accept-Encoding
      Content-Length:
      - '1082'
      Connection:
      - close
      Content-Type:
      - application/json; charset=utf-8
    body:
      encoding: ASCII-8BIT
      string: '{"exception": null, "task_type": "pulp.server.managers.repo.importer.update_importer_config",
        "_href": "/pulp/api/v2/tasks/f635f989-b5c8-450e-b5ae-994d7f5206fe/", "task_id":
        "f635f989-b5c8-450e-b5ae-994d7f5206fe", "tags": ["pulp:repository:integration_test_id",
        "pulp:repository_importer:yum_importer", "pulp:action:update_importer"], "finish_time":
        "2016-01-29T17:30:40Z", "_ns": "task_status", "start_time": "2016-01-29T17:30:40Z",
        "traceback": null, "spawned_tasks": [], "progress_report": {}, "queue": "reserved_resource_worker-1@katello-yoda.example.com.dq",
        "state": "finished", "worker_name": "reserved_resource_worker-1@katello-yoda.example.com",
        "result": {"scratchpad": null, "_href": "/v2/repositories/integration_test_id/importers/yum_importer/",
        "_ns": "repo_importers", "importer_type_id": "yum_importer", "last_sync":
        null, "repo_id": "integration_test_id", "_id": {"$oid": "56aba1bfde0403341f79b484"},
        "config": {"feed": "http://katello.org/repo/"}, "id": "yum_importer"}, "error":
        null, "_id": {"$oid": "56aba1c07e09741dd640d631"}, "id": "56aba1c07e09741dd640d631"}'
    http_version: 
  recorded_at: Fri, 29 Jan 2016 17:30:41 GMT
- request:
    method: get
    uri: https://admin:icizRXdtWXs66PqkAXytGFMconvzbE8w@katello-yoda.example.com/pulp/api/v2/tasks/9abb5cb6-d1cc-4bcf-8420-6f2929cb7ae9/
    body:
      encoding: US-ASCII
      string: ''
    headers:
      Accept:
      - application/json
      Accept-Encoding:
      - gzip, deflate
      Content-Type:
      - application/json
      User-Agent:
      - Ruby
  response:
    status:
      code: 200
      message: OK
    headers:
      Date:
      - Fri, 29 Jan 2016 17:30:41 GMT
      Server:
      - Apache/2.4.6 (CentOS)
      Vary:
      - Accept-Encoding
      Content-Length:
      - '692'
      Connection:
      - close
      Content-Type:
      - application/json; charset=utf-8
    body:
      encoding: ASCII-8BIT
      string: '{"exception": null, "task_type": "pulp.server.tasks.repository.delete",
        "_href": "/pulp/api/v2/tasks/9abb5cb6-d1cc-4bcf-8420-6f2929cb7ae9/", "task_id":
        "9abb5cb6-d1cc-4bcf-8420-6f2929cb7ae9", "tags": ["pulp:repository:integration_test_id",
        "pulp:action:delete"], "finish_time": "2016-01-29T17:30:41Z", "_ns": "task_status",
        "start_time": "2016-01-29T17:30:41Z", "traceback": null, "spawned_tasks":
        [], "progress_report": {}, "queue": "reserved_resource_worker-1@katello-yoda.example.com.dq",
        "state": "finished", "worker_name": "reserved_resource_worker-1@katello-yoda.example.com",
        "result": null, "error": null, "_id": {"$oid": "56aba1c17e09741dd640d632"},
        "id": "56aba1c17e09741dd640d632"}'
    http_version: 
  recorded_at: Fri, 29 Jan 2016 17:30:41 GMT
- request:
    method: get
    uri: https://admin:icizRXdtWXs66PqkAXytGFMconvzbE8w@katello-yoda.example.com/pulp/api/v2/tasks/d13085c4-0181-4935-b507-e31e955d8433/
    body:
      encoding: US-ASCII
      string: ''
    headers:
      Accept:
      - application/json
      Accept-Encoding:
      - gzip, deflate
      Content-Type:
      - application/json
      User-Agent:
      - Ruby
  response:
    status:
      code: 200
      message: OK
    headers:
      Date:
      - Tue, 02 Feb 2016 22:57:13 GMT
      Server:
      - Apache/2.4.6 (CentOS)
      Vary:
      - Accept-Encoding
      Content-Length:
      - '994'
      Connection:
      - close
      Content-Type:
      - application/json; charset=utf-8
    body:
      encoding: ASCII-8BIT
      string: '{"exception": null, "task_type": "pulp.server.managers.repo.importer.set_importer",
        "_href": "/pulp/api/v2/tasks/d13085c4-0181-4935-b507-e31e955d8433/", "task_id":
        "d13085c4-0181-4935-b507-e31e955d8433", "tags": ["pulp:repository:integration_test_id",
        "pulp:action:add_importer"], "finish_time": "2016-02-02T22:57:12Z", "_ns":
        "task_status", "start_time": "2016-02-02T22:57:12Z", "traceback": null, "spawned_tasks":
        [], "progress_report": {}, "queue": "reserved_resource_worker-1@katello-yoda.example.com.dq",
        "state": "finished", "worker_name": "reserved_resource_worker-1@katello-yoda.example.com",
        "result": {"scratchpad": null, "_href": "/v2/repositories/integration_test_id/importers/yum_importer/",
        "_ns": "repo_importers", "importer_type_id": "yum_importer", "last_sync":
        null, "repo_id": "integration_test_id", "_id": {"$oid": "56b13448de04031dfb6d696d"},
        "config": {}, "id": "yum_importer"}, "error": null, "_id": {"$oid": "56b13448baaf71e80c202a05"},
        "id": "56b13448baaf71e80c202a05"}'
    http_version: 
  recorded_at: Tue, 02 Feb 2016 22:57:13 GMT
- request:
    method: get
    uri: https://admin:icizRXdtWXs66PqkAXytGFMconvzbE8w@katello-yoda.example.com/pulp/api/v2/tasks/17c4c410-a742-462e-807b-6a3396f97cc8/
    body:
      encoding: US-ASCII
      string: ''
    headers:
      Accept:
      - application/json
      Accept-Encoding:
      - gzip, deflate
      Content-Type:
      - application/json
      User-Agent:
      - Ruby
  response:
    status:
      code: 200
      message: OK
    headers:
      Date:
      - Tue, 02 Feb 2016 22:57:13 GMT
      Server:
      - Apache/2.4.6 (CentOS)
      Vary:
      - Accept-Encoding
      Content-Length:
      - '1082'
      Connection:
      - close
      Content-Type:
      - application/json; charset=utf-8
    body:
      encoding: ASCII-8BIT
      string: '{"exception": null, "task_type": "pulp.server.managers.repo.importer.update_importer_config",
        "_href": "/pulp/api/v2/tasks/17c4c410-a742-462e-807b-6a3396f97cc8/", "task_id":
        "17c4c410-a742-462e-807b-6a3396f97cc8", "tags": ["pulp:repository:integration_test_id",
        "pulp:repository_importer:yum_importer", "pulp:action:update_importer"], "finish_time":
        "2016-02-02T22:57:13Z", "_ns": "task_status", "start_time": "2016-02-02T22:57:13Z",
        "traceback": null, "spawned_tasks": [], "progress_report": {}, "queue": "reserved_resource_worker-1@katello-yoda.example.com.dq",
        "state": "finished", "worker_name": "reserved_resource_worker-1@katello-yoda.example.com",
        "result": {"scratchpad": null, "_href": "/v2/repositories/integration_test_id/importers/yum_importer/",
        "_ns": "repo_importers", "importer_type_id": "yum_importer", "last_sync":
        null, "repo_id": "integration_test_id", "_id": {"$oid": "56b13448de04031dfb6d696d"},
        "config": {"feed": "http://katello.org/repo/"}, "id": "yum_importer"}, "error":
        null, "_id": {"$oid": "56b13449baaf71e80c202a06"}, "id": "56b13449baaf71e80c202a06"}'
    http_version: 
  recorded_at: Tue, 02 Feb 2016 22:57:13 GMT
- request:
    method: get
    uri: https://admin:icizRXdtWXs66PqkAXytGFMconvzbE8w@katello-yoda.example.com/pulp/api/v2/tasks/0f715ff0-7d53-4244-960d-8b2c56f1a708/
    body:
      encoding: US-ASCII
      string: ''
    headers:
      Accept:
      - application/json
      Accept-Encoding:
      - gzip, deflate
      Content-Type:
      - application/json
      User-Agent:
      - Ruby
  response:
    status:
      code: 200
      message: OK
    headers:
      Date:
      - Tue, 02 Feb 2016 22:57:14 GMT
      Server:
      - Apache/2.4.6 (CentOS)
      Vary:
      - Accept-Encoding
      Content-Length:
      - '692'
      Connection:
      - close
      Content-Type:
      - application/json; charset=utf-8
    body:
      encoding: ASCII-8BIT
      string: '{"exception": null, "task_type": "pulp.server.tasks.repository.delete",
        "_href": "/pulp/api/v2/tasks/0f715ff0-7d53-4244-960d-8b2c56f1a708/", "task_id":
        "0f715ff0-7d53-4244-960d-8b2c56f1a708", "tags": ["pulp:repository:integration_test_id",
        "pulp:action:delete"], "finish_time": "2016-02-02T22:57:13Z", "_ns": "task_status",
        "start_time": "2016-02-02T22:57:13Z", "traceback": null, "spawned_tasks":
        [], "progress_report": {}, "queue": "reserved_resource_worker-1@katello-yoda.example.com.dq",
        "state": "finished", "worker_name": "reserved_resource_worker-1@katello-yoda.example.com",
        "result": null, "error": null, "_id": {"$oid": "56b13449baaf71e80c202a07"},
        "id": "56b13449baaf71e80c202a07"}'
    http_version: 
  recorded_at: Tue, 02 Feb 2016 22:57:14 GMT
- request:
    method: get
    uri: https://admin:icizRXdtWXs66PqkAXytGFMconvzbE8w@katello-yoda.example.com/pulp/api/v2/repositories/integration_test_id/
    body:
      encoding: US-ASCII
      string: ''
    headers:
      Accept:
      - application/json
      Accept-Encoding:
      - gzip, deflate
      Content-Type:
      - application/json
      User-Agent:
      - Ruby
  response:
    status:
      code: 404
      message: NOT FOUND
    headers:
      Date:
      - Tue, 02 Feb 2016 23:11:26 GMT
      Server:
      - Apache/2.4.6 (CentOS)
      Content-Encoding:
      - utf-8
      Content-Length:
      - '452'
      Connection:
      - close
      Content-Type:
      - application/json; charset=utf-8
    body:
      encoding: UTF-8
      string: '{"http_request_method": "GET", "exception": null, "error_message":
        "Missing resource(s): repository=integration_test_id", "_href": "/pulp/api/v2/repositories/integration_test_id/?",
        "http_status": 404, "error": {"code": "PLP0009", "data": {"resources": {"repository":
        "integration_test_id"}}, "description": "Missing resource(s): repository=integration_test_id",
        "sub_errors": []}, "traceback": null, "resources": {"repository": "integration_test_id"}}'
    http_version: 
  recorded_at: Tue, 02 Feb 2016 23:11:26 GMT
- request:
    method: post
    uri: https://admin:icizRXdtWXs66PqkAXytGFMconvzbE8w@katello-yoda.example.com/pulp/api/v2/repositories/
    body:
      encoding: UTF-8
      string: '{"id":"integration_test_id"}'
    headers:
      Accept:
      - application/json
      Accept-Encoding:
      - gzip, deflate
      Content-Type:
      - application/json
      Content-Length:
      - '28'
      User-Agent:
      - Ruby
  response:
    status:
      code: 201
      message: CREATED
    headers:
      Date:
      - Tue, 02 Feb 2016 23:11:26 GMT
      Server:
      - Apache/2.4.6 (CentOS)
      Content-Length:
      - '319'
      Location:
      - https://katello-yoda.example.com/pulp/api/v2/repositories/integration_test_id/
      Connection:
      - close
      Content-Type:
      - application/json; charset=utf-8
    body:
      encoding: UTF-8
      string: '{"scratchpad": {}, "display_name": "integration_test_id", "description":
        null, "last_unit_added": null, "notes": {}, "last_unit_removed": null, "content_unit_counts":
        {}, "_ns": "repos", "_id": {"$oid": "56b1379ede0403557898d394"}, "id": "integration_test_id",
        "_href": "/pulp/api/v2/repositories/integration_test_id/"}'
    http_version: 
  recorded_at: Tue, 02 Feb 2016 23:11:26 GMT
- request:
    method: post
    uri: https://admin:icizRXdtWXs66PqkAXytGFMconvzbE8w@katello-yoda.example.com/pulp/api/v2/repositories/integration_test_id/importers/
    body:
      encoding: UTF-8
      string: '{"id":"integration_test_id","importer_type_id":"yum_importer","importer_config":{}}'
    headers:
      Accept:
      - application/json
      Accept-Encoding:
      - gzip, deflate
      Content-Type:
      - application/json
      Content-Length:
      - '83'
      User-Agent:
      - Ruby
  response:
    status:
      code: 202
      message: ACCEPTED
    headers:
      Date:
      - Tue, 02 Feb 2016 23:11:26 GMT
      Server:
      - Apache/2.4.6 (CentOS)
      Content-Length:
      - '172'
      Connection:
      - close
      Content-Type:
      - application/json; charset=utf-8
    body:
      encoding: UTF-8
      string: '{"spawned_tasks": [{"_href": "/pulp/api/v2/tasks/81713951-9d91-4e8f-a23c-0a375171ab2e/",
        "task_id": "81713951-9d91-4e8f-a23c-0a375171ab2e"}], "result": null, "error":
        null}'
    http_version: 
  recorded_at: Tue, 02 Feb 2016 23:11:26 GMT
- request:
    method: get
    uri: https://admin:icizRXdtWXs66PqkAXytGFMconvzbE8w@katello-yoda.example.com/pulp/api/v2/tasks/81713951-9d91-4e8f-a23c-0a375171ab2e/
    body:
      encoding: US-ASCII
      string: ''
    headers:
      Accept:
      - application/json
      Accept-Encoding:
      - gzip, deflate
      Content-Type:
      - application/json
      User-Agent:
      - Ruby
  response:
    status:
      code: 200
      message: OK
    headers:
      Date:
      - Tue, 02 Feb 2016 23:11:27 GMT
      Server:
      - Apache/2.4.6 (CentOS)
      Vary:
      - Accept-Encoding
      Content-Length:
      - '994'
      Connection:
      - close
      Content-Type:
      - application/json; charset=utf-8
    body:
      encoding: ASCII-8BIT
      string: '{"exception": null, "task_type": "pulp.server.managers.repo.importer.set_importer",
        "_href": "/pulp/api/v2/tasks/81713951-9d91-4e8f-a23c-0a375171ab2e/", "task_id":
        "81713951-9d91-4e8f-a23c-0a375171ab2e", "tags": ["pulp:repository:integration_test_id",
        "pulp:action:add_importer"], "finish_time": "2016-02-02T23:11:26Z", "_ns":
        "task_status", "start_time": "2016-02-02T23:11:26Z", "traceback": null, "spawned_tasks":
        [], "progress_report": {}, "queue": "reserved_resource_worker-1@katello-yoda.example.com.dq",
        "state": "finished", "worker_name": "reserved_resource_worker-1@katello-yoda.example.com",
        "result": {"scratchpad": null, "_href": "/v2/repositories/integration_test_id/importers/yum_importer/",
        "_ns": "repo_importers", "importer_type_id": "yum_importer", "last_sync":
        null, "repo_id": "integration_test_id", "_id": {"$oid": "56b1379ede040356f5007489"},
        "config": {}, "id": "yum_importer"}, "error": null, "_id": {"$oid": "56b1379e4e0aa7f8e9289bdf"},
        "id": "56b1379e4e0aa7f8e9289bdf"}'
    http_version: 
  recorded_at: Tue, 02 Feb 2016 23:11:27 GMT
- request:
    method: put
    uri: https://admin:icizRXdtWXs66PqkAXytGFMconvzbE8w@katello-yoda.example.com/pulp/api/v2/repositories/integration_test_id/importers/yum_importer//
    body:
      encoding: UTF-8
      string: '{"importer_config":{"feed":"http://katello.org/repo/"}}'
    headers:
      Accept:
      - application/json
      Accept-Encoding:
      - gzip, deflate
      Content-Type:
      - application/json
      Content-Length:
      - '55'
      User-Agent:
      - Ruby
  response:
    status:
      code: 202
      message: ACCEPTED
    headers:
      Date:
      - Tue, 02 Feb 2016 23:11:27 GMT
      Server:
      - Apache/2.4.6 (CentOS)
      Content-Length:
      - '172'
      Connection:
      - close
      Content-Type:
      - application/json; charset=utf-8
    body:
      encoding: UTF-8
      string: '{"spawned_tasks": [{"_href": "/pulp/api/v2/tasks/f569176c-f7bd-4fa8-a765-c7afa6f5c8c4/",
        "task_id": "f569176c-f7bd-4fa8-a765-c7afa6f5c8c4"}], "result": null, "error":
        null}'
    http_version: 
  recorded_at: Tue, 02 Feb 2016 23:11:27 GMT
- request:
    method: get
    uri: https://admin:icizRXdtWXs66PqkAXytGFMconvzbE8w@katello-yoda.example.com/pulp/api/v2/tasks/f569176c-f7bd-4fa8-a765-c7afa6f5c8c4/
    body:
      encoding: US-ASCII
      string: ''
    headers:
      Accept:
      - application/json
      Accept-Encoding:
      - gzip, deflate
      Content-Type:
      - application/json
      User-Agent:
      - Ruby
  response:
    status:
      code: 200
      message: OK
    headers:
      Date:
      - Tue, 02 Feb 2016 23:11:28 GMT
      Server:
      - Apache/2.4.6 (CentOS)
      Vary:
      - Accept-Encoding
      Content-Length:
      - '1082'
      Connection:
      - close
      Content-Type:
      - application/json; charset=utf-8
    body:
      encoding: ASCII-8BIT
      string: '{"exception": null, "task_type": "pulp.server.managers.repo.importer.update_importer_config",
        "_href": "/pulp/api/v2/tasks/f569176c-f7bd-4fa8-a765-c7afa6f5c8c4/", "task_id":
        "f569176c-f7bd-4fa8-a765-c7afa6f5c8c4", "tags": ["pulp:repository:integration_test_id",
        "pulp:repository_importer:yum_importer", "pulp:action:update_importer"], "finish_time":
        "2016-02-02T23:11:27Z", "_ns": "task_status", "start_time": "2016-02-02T23:11:27Z",
        "traceback": null, "spawned_tasks": [], "progress_report": {}, "queue": "reserved_resource_worker-1@katello-yoda.example.com.dq",
        "state": "finished", "worker_name": "reserved_resource_worker-1@katello-yoda.example.com",
        "result": {"scratchpad": null, "_href": "/v2/repositories/integration_test_id/importers/yum_importer/",
        "_ns": "repo_importers", "importer_type_id": "yum_importer", "last_sync":
        null, "repo_id": "integration_test_id", "_id": {"$oid": "56b1379ede040356f5007489"},
        "config": {"feed": "http://katello.org/repo/"}, "id": "yum_importer"}, "error":
        null, "_id": {"$oid": "56b1379f4e0aa7f8e9289be0"}, "id": "56b1379f4e0aa7f8e9289be0"}'
    http_version: 
  recorded_at: Tue, 02 Feb 2016 23:11:28 GMT
- request:
    method: get
    uri: https://admin:icizRXdtWXs66PqkAXytGFMconvzbE8w@katello-yoda.example.com/pulp/api/v2/repositories/integration_test_id/?details=true
    body:
      encoding: US-ASCII
      string: ''
    headers:
      Accept:
      - application/json
      Accept-Encoding:
      - gzip, deflate
      Content-Type:
      - application/json
      User-Agent:
      - Ruby
  response:
    status:
      code: 200
      message: OK
    headers:
      Date:
      - Tue, 02 Feb 2016 23:11:28 GMT
      Server:
      - Apache/2.4.6 (CentOS)
      Vary:
      - Accept-Encoding
      Content-Length:
      - '743'
      Connection:
      - close
      Content-Type:
      - application/json; charset=utf-8
    body:
      encoding: ASCII-8BIT
      string: '{"scratchpad": {}, "display_name": "integration_test_id", "description":
        null, "distributors": [], "last_unit_added": null, "notes": {}, "last_unit_removed":
        null, "content_unit_counts": {}, "_ns": "repos", "importers": [{"scratchpad":
        null, "_href": "/pulp/api/v2/repositories/integration_test_id/importers/yum_importer/",
        "_ns": "repo_importers", "importer_type_id": "yum_importer", "last_sync":
        null, "repo_id": "integration_test_id", "_id": {"$oid": "56b1379ede040356f5007489"},
        "config": {"feed": "http://katello.org/repo/"}, "id": "yum_importer"}], "locally_stored_units":
        0, "_id": {"$oid": "56b1379ede0403557898d394"}, "total_repository_units":
        0, "id": "integration_test_id", "_href": "/pulp/api/v2/repositories/integration_test_id/"}'
    http_version: 
  recorded_at: Tue, 02 Feb 2016 23:11:28 GMT
- request:
    method: delete
    uri: https://admin:icizRXdtWXs66PqkAXytGFMconvzbE8w@katello-yoda.example.com/pulp/api/v2/repositories/integration_test_id/
    body:
      encoding: US-ASCII
      string: ''
    headers:
      Accept:
      - application/json
      Accept-Encoding:
      - gzip, deflate
      Content-Type:
      - application/json
      User-Agent:
      - Ruby
  response:
    status:
      code: 202
      message: ACCEPTED
    headers:
      Date:
      - Tue, 02 Feb 2016 23:11:28 GMT
      Server:
      - Apache/2.4.6 (CentOS)
      Content-Length:
      - '172'
      Connection:
      - close
      Content-Type:
      - application/json; charset=utf-8
    body:
      encoding: UTF-8
      string: '{"spawned_tasks": [{"_href": "/pulp/api/v2/tasks/d693b6e0-ac86-461f-bd4e-2398d8d52b78/",
        "task_id": "d693b6e0-ac86-461f-bd4e-2398d8d52b78"}], "result": null, "error":
        null}'
    http_version: 
  recorded_at: Tue, 02 Feb 2016 23:11:28 GMT
- request:
    method: get
    uri: https://admin:icizRXdtWXs66PqkAXytGFMconvzbE8w@katello-yoda.example.com/pulp/api/v2/tasks/d693b6e0-ac86-461f-bd4e-2398d8d52b78/
    body:
      encoding: US-ASCII
      string: ''
    headers:
      Accept:
      - application/json
      Accept-Encoding:
      - gzip, deflate
      Content-Type:
      - application/json
      User-Agent:
      - Ruby
  response:
    status:
      code: 200
      message: OK
    headers:
      Date:
      - Tue, 02 Feb 2016 23:11:28 GMT
      Server:
      - Apache/2.4.6 (CentOS)
      Vary:
      - Accept-Encoding
      Content-Length:
      - '692'
      Connection:
      - close
      Content-Type:
      - application/json; charset=utf-8
    body:
      encoding: ASCII-8BIT
      string: '{"exception": null, "task_type": "pulp.server.tasks.repository.delete",
        "_href": "/pulp/api/v2/tasks/d693b6e0-ac86-461f-bd4e-2398d8d52b78/", "task_id":
        "d693b6e0-ac86-461f-bd4e-2398d8d52b78", "tags": ["pulp:repository:integration_test_id",
        "pulp:action:delete"], "finish_time": "2016-02-02T23:11:28Z", "_ns": "task_status",
        "start_time": "2016-02-02T23:11:28Z", "traceback": null, "spawned_tasks":
        [], "progress_report": {}, "queue": "reserved_resource_worker-1@katello-yoda.example.com.dq",
        "state": "finished", "worker_name": "reserved_resource_worker-1@katello-yoda.example.com",
        "result": null, "error": null, "_id": {"$oid": "56b137a04e0aa7f8e9289be1"},
        "id": "56b137a04e0aa7f8e9289be1"}'
    http_version: 
  recorded_at: Tue, 02 Feb 2016 23:11:28 GMT
recorded_with: VCR 3.0.1
