---
http_interactions:
- request:
    method: get
    uri: https://admin:HeQSzZgm6ZEKG8aHrJEGW7aGD85Wrj57@runcible.example.com/pulp/api/v2/tasks/1fe99b9c-3923-4fd2-a083-fec2470883de/
    body:
      encoding: US-ASCII
      string: ''
    headers:
      Accept:
      - application/json
      Accept-Encoding:
      - gzip, deflate
      Content-Type:
      - application/json
      User-Agent:
      - Ruby
  response:
    status:
      code: 200
      message: OK
    headers:
      Date:
      - Fri, 29 Apr 2016 16:21:58 GMT
      Server:
      - Apache/2.4.6 (CentOS)
      Vary:
      - Accept-Encoding
      Content-Length:
      - '3187'
      Content-Type:
      - application/json; charset=utf-8
    body:
      encoding: ASCII-8BIT
      string: '{"exception": null, "task_type": "pulp.server.managers.repo.unit_association.associate_from_repo",
        "_href": "/pulp/api/v2/tasks/1fe99b9c-3923-4fd2-a083-fec2470883de/", "task_id":
        "1fe99b9c-3923-4fd2-a083-fec2470883de", "tags": ["pulp:repository:integration_test_id_clone",
        "pulp:repository:integration_test_id", "pulp:action:associate"], "finish_time":
        "2016-04-29T16:21:58Z", "_ns": "task_status", "start_time": "2016-04-29T16:21:58Z",
        "traceback": null, "spawned_tasks": [], "progress_report": {}, "queue": "reserved_resource_worker-0@runcible.example.com.dq",
        "state": "finished", "worker_name": "reserved_resource_worker-0@runcible.example.com",
        "result": {"units_successful": [{"unit_key": {"name": "lion", "checksum":
        "12400dc95c23a4c160725a908716cd3fcdd7a8981585437ab64cd62efa3e4ae4", "epoch":
        "0", "version": "0.3", "release": "0.8", "arch": "noarch", "checksumtype":
        "sha256"}, "type_id": "rpm"}, {"unit_key": {"variant": "TestVariant", "version":
        "16", "arch": "x86_64", "id": "ks-Test Family-TestVariant-16-x86_64", "family":
        "Test Family"}, "type_id": "distribution"}, {"unit_key": {"name": "elephant",
        "checksum": "3e1c70cd1b421328acaf6397cb3d16145306bb95f65d1b095fc31372a0a701f3",
        "epoch": "0", "version": "0.3", "release": "0.8", "arch": "noarch", "checksumtype":
        "sha256"}, "type_id": "rpm"}, {"unit_key": {"id": "RHEA-2010:0002"}, "type_id":
        "erratum"}, {"unit_key": {"name": "monkey", "checksum": "0e8fa50d0128fbabc7ccc5632e3fa25d39b0280169f6166cb8e2c84de8501db1",
        "epoch": "0", "version": "0.3", "release": "0.8", "arch": "noarch", "checksumtype":
        "sha256"}, "type_id": "rpm"}, {"unit_key": {"name": "cheetah", "checksum":
        "422d0baa0cd9d7713ae796e886a23e17f578f924f74880debdbb7d65fb368dae", "epoch":
        "0", "version": "0.3", "release": "0.8", "arch": "noarch", "checksumtype":
        "sha256"}, "type_id": "rpm"}, {"unit_key": {"name": "penguin", "checksum":
        "3fcb2c927de9e13bf68469032a28b139d3e5ad2e58564fc210fd6e48635be694", "epoch":
        "0", "version": "0.3", "release": "0.8", "arch": "noarch", "checksumtype":
        "sha256"}, "type_id": "rpm"}, {"unit_key": {"repo_id": "integration_test_id_clone",
        "id": "all"}, "type_id": "package_category"}, {"unit_key": {"name": "walrus",
        "checksum": "6e8d6dc057e3e2c9819f0dc7e6c7b7f86bf2e8571bba414adec7fb621a461dfd",
        "epoch": "0", "version": "0.3", "release": "0.8", "arch": "noarch", "checksumtype":
        "sha256"}, "type_id": "rpm"}, {"unit_key": {"repo_id": "integration_test_id_clone",
        "id": "bird"}, "type_id": "package_group"}, {"unit_key": {"id": "RHEA-2010:0001"},
        "type_id": "erratum"}, {"unit_key": {"repo_id": "integration_test_id_clone",
        "id": "mammal"}, "type_id": "package_group"}, {"unit_key": {"name": "giraffe",
        "checksum": "f25d67d1d9da04f12e57ca323247b43891ac46533e355b82de6d1922009f9f14",
        "epoch": "0", "version": "0.3", "release": "0.8", "arch": "noarch", "checksumtype":
        "sha256"}, "type_id": "rpm"}, {"unit_key": {"name": "squirrel", "checksum":
        "251768bdd15f13d78487c27638aa6aecd01551e253756093cde1c0ae878a17d2", "epoch":
        "0", "version": "0.3", "release": "0.8", "arch": "noarch", "checksumtype":
        "sha256"}, "type_id": "rpm"}]}, "error": null, "_id": {"$oid": "57238a26898f5c862fa3ead4"},
        "id": "57238a26898f5c862fa3ead4"}'
    http_version: 
  recorded_at: Fri, 29 Apr 2016 16:21:58 GMT
- request:
    method: get
    uri: https://admin:HeQSzZgm6ZEKG8aHrJEGW7aGD85Wrj57@runcible.example.com/pulp/api/v2/tasks/cd477441-3f8f-459d-a99a-854ad35584da/
    body:
      encoding: US-ASCII
      string: ''
    headers:
      Accept:
      - application/json
      Accept-Encoding:
      - gzip, deflate
      Content-Type:
      - application/json
      User-Agent:
      - Ruby
  response:
    status:
      code: 200
      message: OK
    headers:
      Date:
      - Fri, 29 Apr 2016 16:21:59 GMT
      Server:
      - Apache/2.4.6 (CentOS)
      Vary:
      - Accept-Encoding
      Content-Length:
      - '844'
      Content-Type:
      - application/json; charset=utf-8
    body:
      encoding: ASCII-8BIT
      string: '{"exception": null, "task_type": "pulp.server.managers.repo.unit_association.unassociate_by_criteria",
        "_href": "/pulp/api/v2/tasks/cd477441-3f8f-459d-a99a-854ad35584da/", "task_id":
        "cd477441-3f8f-459d-a99a-854ad35584da", "tags": ["pulp:repository:integration_test_id_clone",
        "pulp:action:unassociate"], "finish_time": "2016-04-29T16:21:59Z", "_ns":
        "task_status", "start_time": "2016-04-29T16:21:59Z", "traceback": null, "spawned_tasks":
        [], "progress_report": {}, "queue": "reserved_resource_worker-0@runcible.example.com.dq",
        "state": "finished", "worker_name": "reserved_resource_worker-0@runcible.example.com",
        "result": {"units_successful": [{"unit_key": {"repo_id": "integration_test_id_clone",
        "id": "mammal"}, "type_id": "package_group"}]}, "error": null, "_id": {"$oid":
        "57238a27898f5c862fa3ead8"}, "id": "57238a27898f5c862fa3ead8"}'
    http_version: 
  recorded_at: Fri, 29 Apr 2016 16:21:59 GMT
- request:
    method: get
    uri: https://alpha.partello.example.com/pulp/api/v2/tasks/ec187d0a-6e43-4dd7-b360-f6a3d49e1568/
    body:
      encoding: US-ASCII
      string: ''
    headers:
      Accept:
      - application/json
      Accept-Encoding:
      - gzip, deflate
      User-Agent:
      - rest-client/2.0.2 (linux-gnu x86_64) ruby/2.4.1p111
      Content-Type:
      - application/json
      Host:
      - alpha.partello.example.com
      Authorization:
      - Basic YWRtaW46YWRtaW4=
  response:
    status:
      code: 200
      message: OK
    headers:
      Date:
      - Thu, 30 Aug 2018 02:34:09 GMT
      Server:
      - Apache/2.4.6 (CentOS)
      Etag:
      - '"a23e31145eedb92440a98fe42c8e1f1a-gzip"'
      Vary:
      - Accept-Encoding
      Content-Length:
      - '6327'
      Content-Type:
      - application/json; charset=utf-8
    body:
      encoding: ASCII-8BIT
      string: '{"exception": null, "task_type": "pulp.server.managers.repo.unit_association.associate_from_repo",
        "_href": "/pulp/api/v2/tasks/ec187d0a-6e43-4dd7-b360-f6a3d49e1568/", "task_id":
        "ec187d0a-6e43-4dd7-b360-f6a3d49e1568", "tags": ["pulp:repository:integration_test_id_clone",
        "pulp:repository:integration_test_id", "pulp:action:associate"], "finish_time":
        "2018-08-30T02:34:09Z", "_ns": "task_status", "start_time": "2018-08-30T02:34:09Z",
        "traceback": null, "spawned_tasks": [], "progress_report": {}, "queue": "reserved_resource_worker-0@alpha.partello.example.com.dq2",
        "state": "finished", "worker_name": "reserved_resource_worker-0@alpha.partello.example.com",
        "result": {"units_successful": [{"unit_key": {"id": "RHEA-2010:0002"}, "type_id":
        "erratum"}, {"unit_key": {"variant": "TestVariant", "version": "16", "arch":
        "x86_64", "id": "ks-Test Family-TestVariant-16-x86_64", "family": "Test Family"},
        "type_id": "distribution"}, {"signing_key": null, "unit_key": {"name": "squirrel",
        "checksum": "251768bdd15f13d78487c27638aa6aecd01551e253756093cde1c0ae878a17d2",
        "epoch": "0", "version": "0.3", "release": "0.8", "arch": "noarch", "checksumtype":
        "sha256"}, "type_id": "rpm"}, {"unit_key": {"id": "RHEA-2012:0059"}, "type_id":
        "erratum"}, {"unit_key": {"context": "deadbeef", "version": 20180730233102,
        "arch": "noarch", "name": "duck", "stream": "0"}, "type_id": "modulemd"},
        {"unit_key": {"repo_id": "integration_test_id_clone", "data_type": "comps"},
        "type_id": "yum_repo_metadata_file"}, {"unit_key": {"repo_id": "integration_test_id_clone",
        "name": "kangaroo"}, "type_id": "modulemd_defaults"}, {"signing_key": null,
        "unit_key": {"name": "cheetah", "checksum": "422d0baa0cd9d7713ae796e886a23e17f578f924f74880debdbb7d65fb368dae",
        "epoch": "0", "version": "0.3", "release": "0.8", "arch": "noarch", "checksumtype":
        "sha256"}, "type_id": "rpm"}, {"signing_key": null, "unit_key": {"name": "penguin",
        "checksum": "3fcb2c927de9e13bf68469032a28b139d3e5ad2e58564fc210fd6e48635be694",
        "epoch": "0", "version": "0.3", "release": "0.8", "arch": "noarch", "checksumtype":
        "sha256"}, "type_id": "rpm"}, {"signing_key": null, "unit_key": {"name": "kangaroo",
        "checksum": "833af594bc0ba31256045ed1fb17d3df2d8341a89b0c5a9bf610dd6103ce4cc8",
        "epoch": "0", "version": "0.2", "release": "1", "arch": "noarch", "checksumtype":
        "sha256"}, "type_id": "rpm"}, {"unit_key": {"context": "deadbeef", "version":
        20180730223407, "arch": "noarch", "name": "kangaroo", "stream": "0"}, "type_id":
        "modulemd"}, {"signing_key": null, "unit_key": {"name": "walrus", "checksum":
        "6e8d6dc057e3e2c9819f0dc7e6c7b7f86bf2e8571bba414adec7fb621a461dfd", "epoch":
        "0", "version": "0.3", "release": "0.8", "arch": "noarch", "checksumtype":
        "sha256"}, "type_id": "rpm"}, {"signing_key": null, "unit_key": {"name": "duck",
        "checksum": "96f37877518a1fe6ea2e17f4ce1fc81b40908043bcbed76744b3d7d38a774bc7",
        "epoch": "0", "version": "0.6", "release": "1", "arch": "noarch", "checksumtype":
        "sha256"}, "type_id": "rpm"}, {"signing_key": null, "unit_key": {"name": "duck",
        "checksum": "5bd363b860ad6783217cbca3bbc3ef260f98d140ffb121bf4c208e3f66c24712",
        "epoch": "0", "version": "0.7", "release": "1", "arch": "noarch", "checksumtype":
        "sha256"}, "type_id": "rpm"}, {"signing_key": null, "unit_key": {"name": "elephant",
        "checksum": "3e1c70cd1b421328acaf6397cb3d16145306bb95f65d1b095fc31372a0a701f3",
        "epoch": "0", "version": "0.3", "release": "0.8", "arch": "noarch", "checksumtype":
        "sha256"}, "type_id": "rpm"}, {"unit_key": {"context": "deadbeef", "version":
        20180704244205, "arch": "noarch", "name": "duck", "stream": "0"}, "type_id":
        "modulemd"}, {"unit_key": {"context": "c0ffee42", "version": 20180707144203,
        "arch": "x86_64", "name": "walrus", "stream": "0.71"}, "type_id": "modulemd"},
        {"unit_key": {"repo_id": "integration_test_id_clone", "name": "walrus"}, "type_id":
        "modulemd_defaults"}, {"signing_key": null, "unit_key": {"name": "walrus",
        "checksum": "516a22ccc0cbe3ecb2cbee1c626a39b91767dbf0f815afda7b733aa56523142c",
        "epoch": "0", "version": "0.71", "release": "1", "arch": "noarch", "checksumtype":
        "sha256"}, "type_id": "rpm"}, {"unit_key": {"id": "RHEA-2010:0001"}, "type_id":
        "erratum"}, {"signing_key": null, "unit_key": {"name": "kangaroo", "checksum":
        "865a4c89485bdd9723a3c407280c141e9202f024e7db38cba3d097c3f256b2fd", "epoch":
        "0", "version": "0.3", "release": "1", "arch": "noarch", "checksumtype": "sha256"},
        "type_id": "rpm"}, {"unit_key": {"context": "deadbeef", "version": 20180704111719,
        "arch": "noarch", "name": "kangaroo", "stream": "0"}, "type_id": "modulemd"},
        {"signing_key": null, "unit_key": {"name": "lion", "checksum": "12400dc95c23a4c160725a908716cd3fcdd7a8981585437ab64cd62efa3e4ae4",
        "epoch": "0", "version": "0.3", "release": "0.8", "arch": "noarch", "checksumtype":
        "sha256"}, "type_id": "rpm"}, {"signing_key": null, "unit_key": {"name": "monkey",
        "checksum": "0e8fa50d0128fbabc7ccc5632e3fa25d39b0280169f6166cb8e2c84de8501db1",
        "epoch": "0", "version": "0.3", "release": "0.8", "arch": "noarch", "checksumtype":
        "sha256"}, "type_id": "rpm"}, {"signing_key": null, "unit_key": {"name": "walrus",
        "checksum": "74533fbd4f9ada9e02a6361cbbf014b8ff88dff8d69785ec48b77e01898e7c31",
        "epoch": "0", "version": "5.21", "release": "1", "arch": "noarch", "checksumtype":
        "sha256"}, "type_id": "rpm"}, {"unit_key": {"context": "deadbeef", "version":
        20180704144203, "arch": "x86_64", "name": "walrus", "stream": "5.21"}, "type_id":
        "modulemd"}, {"signing_key": null, "unit_key": {"name": "giraffe", "checksum":
        "f25d67d1d9da04f12e57ca323247b43891ac46533e355b82de6d1922009f9f14", "epoch":
        "0", "version": "0.3", "release": "0.8", "arch": "noarch", "checksumtype":
        "sha256"}, "type_id": "rpm"}, {"unit_key": {"repo_id": "integration_test_id_clone",
        "name": "duck"}, "type_id": "modulemd_defaults"}], "units_failed_signature_filter":
        [{"unit_key": {"repo_id": "integration_test_id", "data_type": "comps"}, "type_id":
        "yum_repo_metadata_file"}, {"unit_key": {"repo_id": "integration_test_id",
        "name": "duck"}, "type_id": "modulemd_defaults"}, {"unit_key": {"repo_id":
        "integration_test_id", "name": "kangaroo"}, "type_id": "modulemd_defaults"},
        {"unit_key": {"repo_id": "integration_test_id", "name": "walrus"}, "type_id":
        "modulemd_defaults"}]}, "error": null, "_id": {"$oid": "5b8757a104b1e079c02f4f20"},
        "id": "5b8757a104b1e079c02f4f20"}'
    http_version: 
  recorded_at: Thu, 30 Aug 2018 02:34:09 GMT
- request:
    method: get
    uri: https://alpha.partello.example.com/pulp/api/v2/tasks/0ebc5c38-6a5e-4a1c-89a4-0806dd692e90/
    body:
      encoding: US-ASCII
      string: ''
    headers:
      Accept:
      - application/json
      Accept-Encoding:
      - gzip, deflate
      User-Agent:
      - rest-client/2.0.2 (linux-gnu x86_64) ruby/2.4.1p111
      Content-Type:
      - application/json
      Host:
      - alpha.partello.example.com
      Authorization:
      - Basic YWRtaW46YWRtaW4=
  response:
    status:
      code: 200
      message: OK
    headers:
      Date:
      - Thu, 30 Aug 2018 02:34:10 GMT
      Server:
      - Apache/2.4.6 (CentOS)
      Etag:
      - '"51ed691c2a599126f5f4a7a8da53284e-gzip"'
      Vary:
      - Accept-Encoding
      Content-Length:
      - '737'
      Content-Type:
      - application/json; charset=utf-8
    body:
      encoding: ASCII-8BIT
      string: '{"exception": null, "task_type": "pulp.server.managers.repo.unit_association.unassociate_by_criteria",
        "_href": "/pulp/api/v2/tasks/0ebc5c38-6a5e-4a1c-89a4-0806dd692e90/", "task_id":
        "0ebc5c38-6a5e-4a1c-89a4-0806dd692e90", "tags": ["pulp:repository:integration_test_id_clone",
        "pulp:action:unassociate"], "finish_time": "2018-08-30T02:34:10Z", "_ns":
        "task_status", "start_time": "2018-08-30T02:34:10Z", "traceback": null, "spawned_tasks":
        [], "progress_report": {}, "queue": "reserved_resource_worker-0@alpha.partello.example.com.dq2",
        "state": "finished", "worker_name": "reserved_resource_worker-0@alpha.partello.example.com",
        "result": {}, "error": null, "_id": {"$oid": "5b8757a204b1e079c02f4f3d"},
        "id": "5b8757a204b1e079c02f4f3d"}'
    http_version: 
  recorded_at: Thu, 30 Aug 2018 02:34:10 GMT
- request:
    method: get
    uri: https://alpha.partello.example.com/pulp/api/v2/tasks/9cbfff86-e4b6-46fa-be3f-e9bfe8ae1ec1/
    body:
      encoding: US-ASCII
      string: ''
    headers:
      Accept:
      - application/json
      Accept-Encoding:
      - gzip, deflate
      User-Agent:
      - rest-client/2.0.2 (linux-gnu x86_64) ruby/2.4.1p111
      Content-Type:
      - application/json
      Host:
      - alpha.partello.example.com
      Authorization:
      - Basic YWRtaW46YWRtaW4=
  response:
    status:
      code: 200
      message: OK
    headers:
      Date:
      - Thu, 30 Aug 2018 02:50:08 GMT
      Server:
      - Apache/2.4.6 (CentOS)
      Etag:
      - '"a8037baf4390f361ffc66e379727b8e4-gzip"'
      Vary:
      - Accept-Encoding
      Content-Length:
      - '6327'
      Content-Type:
      - application/json; charset=utf-8
    body:
      encoding: ASCII-8BIT
      string: '{"exception": null, "task_type": "pulp.server.managers.repo.unit_association.associate_from_repo",
        "_href": "/pulp/api/v2/tasks/9cbfff86-e4b6-46fa-be3f-e9bfe8ae1ec1/", "task_id":
        "9cbfff86-e4b6-46fa-be3f-e9bfe8ae1ec1", "tags": ["pulp:repository:integration_test_id_clone",
        "pulp:repository:integration_test_id", "pulp:action:associate"], "finish_time":
        "2018-08-30T02:50:08Z", "_ns": "task_status", "start_time": "2018-08-30T02:50:08Z",
        "traceback": null, "spawned_tasks": [], "progress_report": {}, "queue": "reserved_resource_worker-0@alpha.partello.example.com.dq2",
        "state": "finished", "worker_name": "reserved_resource_worker-0@alpha.partello.example.com",
        "result": {"units_successful": [{"unit_key": {"id": "RHEA-2010:0002"}, "type_id":
        "erratum"}, {"unit_key": {"variant": "TestVariant", "version": "16", "arch":
        "x86_64", "id": "ks-Test Family-TestVariant-16-x86_64", "family": "Test Family"},
        "type_id": "distribution"}, {"signing_key": null, "unit_key": {"name": "squirrel",
        "checksum": "251768bdd15f13d78487c27638aa6aecd01551e253756093cde1c0ae878a17d2",
        "epoch": "0", "version": "0.3", "release": "0.8", "arch": "noarch", "checksumtype":
        "sha256"}, "type_id": "rpm"}, {"unit_key": {"id": "RHEA-2012:0059"}, "type_id":
        "erratum"}, {"unit_key": {"context": "deadbeef", "version": 20180730233102,
        "arch": "noarch", "name": "duck", "stream": "0"}, "type_id": "modulemd"},
        {"unit_key": {"repo_id": "integration_test_id_clone", "data_type": "comps"},
        "type_id": "yum_repo_metadata_file"}, {"unit_key": {"repo_id": "integration_test_id_clone",
        "name": "kangaroo"}, "type_id": "modulemd_defaults"}, {"signing_key": null,
        "unit_key": {"name": "cheetah", "checksum": "422d0baa0cd9d7713ae796e886a23e17f578f924f74880debdbb7d65fb368dae",
        "epoch": "0", "version": "0.3", "release": "0.8", "arch": "noarch", "checksumtype":
        "sha256"}, "type_id": "rpm"}, {"signing_key": null, "unit_key": {"name": "penguin",
        "checksum": "3fcb2c927de9e13bf68469032a28b139d3e5ad2e58564fc210fd6e48635be694",
        "epoch": "0", "version": "0.3", "release": "0.8", "arch": "noarch", "checksumtype":
        "sha256"}, "type_id": "rpm"}, {"signing_key": null, "unit_key": {"name": "kangaroo",
        "checksum": "833af594bc0ba31256045ed1fb17d3df2d8341a89b0c5a9bf610dd6103ce4cc8",
        "epoch": "0", "version": "0.2", "release": "1", "arch": "noarch", "checksumtype":
        "sha256"}, "type_id": "rpm"}, {"unit_key": {"context": "deadbeef", "version":
        20180730223407, "arch": "noarch", "name": "kangaroo", "stream": "0"}, "type_id":
        "modulemd"}, {"signing_key": null, "unit_key": {"name": "walrus", "checksum":
        "6e8d6dc057e3e2c9819f0dc7e6c7b7f86bf2e8571bba414adec7fb621a461dfd", "epoch":
        "0", "version": "0.3", "release": "0.8", "arch": "noarch", "checksumtype":
        "sha256"}, "type_id": "rpm"}, {"signing_key": null, "unit_key": {"name": "duck",
        "checksum": "96f37877518a1fe6ea2e17f4ce1fc81b40908043bcbed76744b3d7d38a774bc7",
        "epoch": "0", "version": "0.6", "release": "1", "arch": "noarch", "checksumtype":
        "sha256"}, "type_id": "rpm"}, {"signing_key": null, "unit_key": {"name": "duck",
        "checksum": "5bd363b860ad6783217cbca3bbc3ef260f98d140ffb121bf4c208e3f66c24712",
        "epoch": "0", "version": "0.7", "release": "1", "arch": "noarch", "checksumtype":
        "sha256"}, "type_id": "rpm"}, {"signing_key": null, "unit_key": {"name": "elephant",
        "checksum": "3e1c70cd1b421328acaf6397cb3d16145306bb95f65d1b095fc31372a0a701f3",
        "epoch": "0", "version": "0.3", "release": "0.8", "arch": "noarch", "checksumtype":
        "sha256"}, "type_id": "rpm"}, {"unit_key": {"context": "deadbeef", "version":
        20180704244205, "arch": "noarch", "name": "duck", "stream": "0"}, "type_id":
        "modulemd"}, {"unit_key": {"context": "c0ffee42", "version": 20180707144203,
        "arch": "x86_64", "name": "walrus", "stream": "0.71"}, "type_id": "modulemd"},
        {"unit_key": {"repo_id": "integration_test_id_clone", "name": "walrus"}, "type_id":
        "modulemd_defaults"}, {"signing_key": null, "unit_key": {"name": "walrus",
        "checksum": "516a22ccc0cbe3ecb2cbee1c626a39b91767dbf0f815afda7b733aa56523142c",
        "epoch": "0", "version": "0.71", "release": "1", "arch": "noarch", "checksumtype":
        "sha256"}, "type_id": "rpm"}, {"unit_key": {"id": "RHEA-2010:0001"}, "type_id":
        "erratum"}, {"signing_key": null, "unit_key": {"name": "kangaroo", "checksum":
        "865a4c89485bdd9723a3c407280c141e9202f024e7db38cba3d097c3f256b2fd", "epoch":
        "0", "version": "0.3", "release": "1", "arch": "noarch", "checksumtype": "sha256"},
        "type_id": "rpm"}, {"unit_key": {"context": "deadbeef", "version": 20180704111719,
        "arch": "noarch", "name": "kangaroo", "stream": "0"}, "type_id": "modulemd"},
        {"signing_key": null, "unit_key": {"name": "lion", "checksum": "12400dc95c23a4c160725a908716cd3fcdd7a8981585437ab64cd62efa3e4ae4",
        "epoch": "0", "version": "0.3", "release": "0.8", "arch": "noarch", "checksumtype":
        "sha256"}, "type_id": "rpm"}, {"signing_key": null, "unit_key": {"name": "monkey",
        "checksum": "0e8fa50d0128fbabc7ccc5632e3fa25d39b0280169f6166cb8e2c84de8501db1",
        "epoch": "0", "version": "0.3", "release": "0.8", "arch": "noarch", "checksumtype":
        "sha256"}, "type_id": "rpm"}, {"signing_key": null, "unit_key": {"name": "walrus",
        "checksum": "74533fbd4f9ada9e02a6361cbbf014b8ff88dff8d69785ec48b77e01898e7c31",
        "epoch": "0", "version": "5.21", "release": "1", "arch": "noarch", "checksumtype":
        "sha256"}, "type_id": "rpm"}, {"unit_key": {"context": "deadbeef", "version":
        20180704144203, "arch": "x86_64", "name": "walrus", "stream": "5.21"}, "type_id":
        "modulemd"}, {"signing_key": null, "unit_key": {"name": "giraffe", "checksum":
        "f25d67d1d9da04f12e57ca323247b43891ac46533e355b82de6d1922009f9f14", "epoch":
        "0", "version": "0.3", "release": "0.8", "arch": "noarch", "checksumtype":
        "sha256"}, "type_id": "rpm"}, {"unit_key": {"repo_id": "integration_test_id_clone",
        "name": "duck"}, "type_id": "modulemd_defaults"}], "units_failed_signature_filter":
        [{"unit_key": {"repo_id": "integration_test_id", "data_type": "comps"}, "type_id":
        "yum_repo_metadata_file"}, {"unit_key": {"repo_id": "integration_test_id",
        "name": "duck"}, "type_id": "modulemd_defaults"}, {"unit_key": {"repo_id":
        "integration_test_id", "name": "kangaroo"}, "type_id": "modulemd_defaults"},
        {"unit_key": {"repo_id": "integration_test_id", "name": "walrus"}, "type_id":
        "modulemd_defaults"}]}, "error": null, "_id": {"$oid": "5b875b6004b1e079c02f542d"},
        "id": "5b875b6004b1e079c02f542d"}'
    http_version: 
  recorded_at: Thu, 30 Aug 2018 02:50:08 GMT
- request:
    method: get
    uri: https://alpha.partello.example.com/pulp/api/v2/tasks/2845fe66-2c50-4ab8-8c31-cf5976c11a29/
    body:
      encoding: US-ASCII
      string: ''
    headers:
      Accept:
      - application/json
      Accept-Encoding:
      - gzip, deflate
      User-Agent:
      - rest-client/2.0.2 (linux-gnu x86_64) ruby/2.4.1p111
      Content-Type:
      - application/json
      Host:
      - alpha.partello.example.com
      Authorization:
      - Basic YWRtaW46YWRtaW4=
  response:
    status:
      code: 200
      message: OK
    headers:
      Date:
      - Thu, 30 Aug 2018 02:52:53 GMT
      Server:
      - Apache/2.4.6 (CentOS)
      Etag:
      - '"392283122567acd7a1ecfe4b7f911edc-gzip"'
      Vary:
      - Accept-Encoding
      Content-Length:
      - '6327'
      Content-Type:
      - application/json; charset=utf-8
    body:
      encoding: ASCII-8BIT
      string: '{"exception": null, "task_type": "pulp.server.managers.repo.unit_association.associate_from_repo",
        "_href": "/pulp/api/v2/tasks/2845fe66-2c50-4ab8-8c31-cf5976c11a29/", "task_id":
        "2845fe66-2c50-4ab8-8c31-cf5976c11a29", "tags": ["pulp:repository:integration_test_id_clone",
        "pulp:repository:integration_test_id", "pulp:action:associate"], "finish_time":
        "2018-08-30T02:52:53Z", "_ns": "task_status", "start_time": "2018-08-30T02:52:53Z",
        "traceback": null, "spawned_tasks": [], "progress_report": {}, "queue": "reserved_resource_worker-0@alpha.partello.example.com.dq2",
        "state": "finished", "worker_name": "reserved_resource_worker-0@alpha.partello.example.com",
        "result": {"units_successful": [{"unit_key": {"id": "RHEA-2010:0002"}, "type_id":
        "erratum"}, {"unit_key": {"variant": "TestVariant", "version": "16", "arch":
        "x86_64", "id": "ks-Test Family-TestVariant-16-x86_64", "family": "Test Family"},
        "type_id": "distribution"}, {"signing_key": null, "unit_key": {"name": "squirrel",
        "checksum": "251768bdd15f13d78487c27638aa6aecd01551e253756093cde1c0ae878a17d2",
        "epoch": "0", "version": "0.3", "release": "0.8", "arch": "noarch", "checksumtype":
        "sha256"}, "type_id": "rpm"}, {"unit_key": {"id": "RHEA-2012:0059"}, "type_id":
        "erratum"}, {"unit_key": {"context": "deadbeef", "version": 20180730233102,
        "arch": "noarch", "name": "duck", "stream": "0"}, "type_id": "modulemd"},
        {"unit_key": {"repo_id": "integration_test_id_clone", "data_type": "comps"},
        "type_id": "yum_repo_metadata_file"}, {"unit_key": {"repo_id": "integration_test_id_clone",
        "name": "kangaroo"}, "type_id": "modulemd_defaults"}, {"signing_key": null,
        "unit_key": {"name": "cheetah", "checksum": "422d0baa0cd9d7713ae796e886a23e17f578f924f74880debdbb7d65fb368dae",
        "epoch": "0", "version": "0.3", "release": "0.8", "arch": "noarch", "checksumtype":
        "sha256"}, "type_id": "rpm"}, {"signing_key": null, "unit_key": {"name": "penguin",
        "checksum": "3fcb2c927de9e13bf68469032a28b139d3e5ad2e58564fc210fd6e48635be694",
        "epoch": "0", "version": "0.3", "release": "0.8", "arch": "noarch", "checksumtype":
        "sha256"}, "type_id": "rpm"}, {"signing_key": null, "unit_key": {"name": "kangaroo",
        "checksum": "833af594bc0ba31256045ed1fb17d3df2d8341a89b0c5a9bf610dd6103ce4cc8",
        "epoch": "0", "version": "0.2", "release": "1", "arch": "noarch", "checksumtype":
        "sha256"}, "type_id": "rpm"}, {"unit_key": {"context": "deadbeef", "version":
        20180730223407, "arch": "noarch", "name": "kangaroo", "stream": "0"}, "type_id":
        "modulemd"}, {"signing_key": null, "unit_key": {"name": "walrus", "checksum":
        "6e8d6dc057e3e2c9819f0dc7e6c7b7f86bf2e8571bba414adec7fb621a461dfd", "epoch":
        "0", "version": "0.3", "release": "0.8", "arch": "noarch", "checksumtype":
        "sha256"}, "type_id": "rpm"}, {"signing_key": null, "unit_key": {"name": "duck",
        "checksum": "96f37877518a1fe6ea2e17f4ce1fc81b40908043bcbed76744b3d7d38a774bc7",
        "epoch": "0", "version": "0.6", "release": "1", "arch": "noarch", "checksumtype":
        "sha256"}, "type_id": "rpm"}, {"signing_key": null, "unit_key": {"name": "duck",
        "checksum": "5bd363b860ad6783217cbca3bbc3ef260f98d140ffb121bf4c208e3f66c24712",
        "epoch": "0", "version": "0.7", "release": "1", "arch": "noarch", "checksumtype":
        "sha256"}, "type_id": "rpm"}, {"signing_key": null, "unit_key": {"name": "elephant",
        "checksum": "3e1c70cd1b421328acaf6397cb3d16145306bb95f65d1b095fc31372a0a701f3",
        "epoch": "0", "version": "0.3", "release": "0.8", "arch": "noarch", "checksumtype":
        "sha256"}, "type_id": "rpm"}, {"unit_key": {"context": "deadbeef", "version":
        20180704244205, "arch": "noarch", "name": "duck", "stream": "0"}, "type_id":
        "modulemd"}, {"unit_key": {"context": "c0ffee42", "version": 20180707144203,
        "arch": "x86_64", "name": "walrus", "stream": "0.71"}, "type_id": "modulemd"},
        {"unit_key": {"repo_id": "integration_test_id_clone", "name": "walrus"}, "type_id":
        "modulemd_defaults"}, {"signing_key": null, "unit_key": {"name": "walrus",
        "checksum": "516a22ccc0cbe3ecb2cbee1c626a39b91767dbf0f815afda7b733aa56523142c",
        "epoch": "0", "version": "0.71", "release": "1", "arch": "noarch", "checksumtype":
        "sha256"}, "type_id": "rpm"}, {"unit_key": {"id": "RHEA-2010:0001"}, "type_id":
        "erratum"}, {"signing_key": null, "unit_key": {"name": "kangaroo", "checksum":
        "865a4c89485bdd9723a3c407280c141e9202f024e7db38cba3d097c3f256b2fd", "epoch":
        "0", "version": "0.3", "release": "1", "arch": "noarch", "checksumtype": "sha256"},
        "type_id": "rpm"}, {"unit_key": {"context": "deadbeef", "version": 20180704111719,
        "arch": "noarch", "name": "kangaroo", "stream": "0"}, "type_id": "modulemd"},
        {"signing_key": null, "unit_key": {"name": "lion", "checksum": "12400dc95c23a4c160725a908716cd3fcdd7a8981585437ab64cd62efa3e4ae4",
        "epoch": "0", "version": "0.3", "release": "0.8", "arch": "noarch", "checksumtype":
        "sha256"}, "type_id": "rpm"}, {"signing_key": null, "unit_key": {"name": "monkey",
        "checksum": "0e8fa50d0128fbabc7ccc5632e3fa25d39b0280169f6166cb8e2c84de8501db1",
        "epoch": "0", "version": "0.3", "release": "0.8", "arch": "noarch", "checksumtype":
        "sha256"}, "type_id": "rpm"}, {"signing_key": null, "unit_key": {"name": "walrus",
        "checksum": "74533fbd4f9ada9e02a6361cbbf014b8ff88dff8d69785ec48b77e01898e7c31",
        "epoch": "0", "version": "5.21", "release": "1", "arch": "noarch", "checksumtype":
        "sha256"}, "type_id": "rpm"}, {"unit_key": {"context": "deadbeef", "version":
        20180704144203, "arch": "x86_64", "name": "walrus", "stream": "5.21"}, "type_id":
        "modulemd"}, {"signing_key": null, "unit_key": {"name": "giraffe", "checksum":
        "f25d67d1d9da04f12e57ca323247b43891ac46533e355b82de6d1922009f9f14", "epoch":
        "0", "version": "0.3", "release": "0.8", "arch": "noarch", "checksumtype":
        "sha256"}, "type_id": "rpm"}, {"unit_key": {"repo_id": "integration_test_id_clone",
        "name": "duck"}, "type_id": "modulemd_defaults"}], "units_failed_signature_filter":
        [{"unit_key": {"repo_id": "integration_test_id", "data_type": "comps"}, "type_id":
        "yum_repo_metadata_file"}, {"unit_key": {"repo_id": "integration_test_id",
        "name": "duck"}, "type_id": "modulemd_defaults"}, {"unit_key": {"repo_id":
        "integration_test_id", "name": "kangaroo"}, "type_id": "modulemd_defaults"},
        {"unit_key": {"repo_id": "integration_test_id", "name": "walrus"}, "type_id":
        "modulemd_defaults"}]}, "error": null, "_id": {"$oid": "5b875c0504b1e079c02f5469"},
        "id": "5b875c0504b1e079c02f5469"}'
    http_version: 
  recorded_at: Thu, 30 Aug 2018 02:52:53 GMT
- request:
    method: get
    uri: https://alpha.partello.example.com/pulp/api/v2/tasks/d8180f15-4498-489d-a88a-dc9110f1572b/
    body:
      encoding: US-ASCII
      string: ''
    headers:
      Accept:
      - application/json
      Accept-Encoding:
      - gzip, deflate
      User-Agent:
      - rest-client/2.0.2 (linux-gnu x86_64) ruby/2.4.1p111
      Content-Type:
      - application/json
      Host:
      - alpha.partello.example.com
      Authorization:
      - Basic YWRtaW46YWRtaW4=
  response:
    status:
      code: 200
      message: OK
    headers:
      Date:
      - Thu, 30 Aug 2018 02:54:24 GMT
      Server:
      - Apache/2.4.6 (CentOS)
      Etag:
      - '"e382c22a63b434ae1c2814b89fe903ff-gzip"'
      Vary:
      - Accept-Encoding
      Content-Length:
      - '6327'
      Content-Type:
      - application/json; charset=utf-8
    body:
      encoding: ASCII-8BIT
      string: '{"exception": null, "task_type": "pulp.server.managers.repo.unit_association.associate_from_repo",
        "_href": "/pulp/api/v2/tasks/d8180f15-4498-489d-a88a-dc9110f1572b/", "task_id":
        "d8180f15-4498-489d-a88a-dc9110f1572b", "tags": ["pulp:repository:integration_test_id_clone",
        "pulp:repository:integration_test_id", "pulp:action:associate"], "finish_time":
        "2018-08-30T02:54:23Z", "_ns": "task_status", "start_time": "2018-08-30T02:54:23Z",
        "traceback": null, "spawned_tasks": [], "progress_report": {}, "queue": "reserved_resource_worker-0@alpha.partello.example.com.dq2",
        "state": "finished", "worker_name": "reserved_resource_worker-0@alpha.partello.example.com",
        "result": {"units_successful": [{"unit_key": {"id": "RHEA-2010:0002"}, "type_id":
        "erratum"}, {"unit_key": {"variant": "TestVariant", "version": "16", "arch":
        "x86_64", "id": "ks-Test Family-TestVariant-16-x86_64", "family": "Test Family"},
        "type_id": "distribution"}, {"signing_key": null, "unit_key": {"name": "squirrel",
        "checksum": "251768bdd15f13d78487c27638aa6aecd01551e253756093cde1c0ae878a17d2",
        "epoch": "0", "version": "0.3", "release": "0.8", "arch": "noarch", "checksumtype":
        "sha256"}, "type_id": "rpm"}, {"unit_key": {"id": "RHEA-2012:0059"}, "type_id":
        "erratum"}, {"unit_key": {"context": "deadbeef", "version": 20180730233102,
        "arch": "noarch", "name": "duck", "stream": "0"}, "type_id": "modulemd"},
        {"unit_key": {"repo_id": "integration_test_id_clone", "data_type": "comps"},
        "type_id": "yum_repo_metadata_file"}, {"unit_key": {"repo_id": "integration_test_id_clone",
        "name": "kangaroo"}, "type_id": "modulemd_defaults"}, {"signing_key": null,
        "unit_key": {"name": "cheetah", "checksum": "422d0baa0cd9d7713ae796e886a23e17f578f924f74880debdbb7d65fb368dae",
        "epoch": "0", "version": "0.3", "release": "0.8", "arch": "noarch", "checksumtype":
        "sha256"}, "type_id": "rpm"}, {"signing_key": null, "unit_key": {"name": "penguin",
        "checksum": "3fcb2c927de9e13bf68469032a28b139d3e5ad2e58564fc210fd6e48635be694",
        "epoch": "0", "version": "0.3", "release": "0.8", "arch": "noarch", "checksumtype":
        "sha256"}, "type_id": "rpm"}, {"signing_key": null, "unit_key": {"name": "kangaroo",
        "checksum": "833af594bc0ba31256045ed1fb17d3df2d8341a89b0c5a9bf610dd6103ce4cc8",
        "epoch": "0", "version": "0.2", "release": "1", "arch": "noarch", "checksumtype":
        "sha256"}, "type_id": "rpm"}, {"unit_key": {"context": "deadbeef", "version":
        20180730223407, "arch": "noarch", "name": "kangaroo", "stream": "0"}, "type_id":
        "modulemd"}, {"signing_key": null, "unit_key": {"name": "walrus", "checksum":
        "6e8d6dc057e3e2c9819f0dc7e6c7b7f86bf2e8571bba414adec7fb621a461dfd", "epoch":
        "0", "version": "0.3", "release": "0.8", "arch": "noarch", "checksumtype":
        "sha256"}, "type_id": "rpm"}, {"signing_key": null, "unit_key": {"name": "duck",
        "checksum": "96f37877518a1fe6ea2e17f4ce1fc81b40908043bcbed76744b3d7d38a774bc7",
        "epoch": "0", "version": "0.6", "release": "1", "arch": "noarch", "checksumtype":
        "sha256"}, "type_id": "rpm"}, {"signing_key": null, "unit_key": {"name": "duck",
        "checksum": "5bd363b860ad6783217cbca3bbc3ef260f98d140ffb121bf4c208e3f66c24712",
        "epoch": "0", "version": "0.7", "release": "1", "arch": "noarch", "checksumtype":
        "sha256"}, "type_id": "rpm"}, {"signing_key": null, "unit_key": {"name": "elephant",
        "checksum": "3e1c70cd1b421328acaf6397cb3d16145306bb95f65d1b095fc31372a0a701f3",
        "epoch": "0", "version": "0.3", "release": "0.8", "arch": "noarch", "checksumtype":
        "sha256"}, "type_id": "rpm"}, {"unit_key": {"context": "deadbeef", "version":
        20180704244205, "arch": "noarch", "name": "duck", "stream": "0"}, "type_id":
        "modulemd"}, {"unit_key": {"context": "c0ffee42", "version": 20180707144203,
        "arch": "x86_64", "name": "walrus", "stream": "0.71"}, "type_id": "modulemd"},
        {"unit_key": {"repo_id": "integration_test_id_clone", "name": "walrus"}, "type_id":
        "modulemd_defaults"}, {"signing_key": null, "unit_key": {"name": "walrus",
        "checksum": "516a22ccc0cbe3ecb2cbee1c626a39b91767dbf0f815afda7b733aa56523142c",
        "epoch": "0", "version": "0.71", "release": "1", "arch": "noarch", "checksumtype":
        "sha256"}, "type_id": "rpm"}, {"unit_key": {"id": "RHEA-2010:0001"}, "type_id":
        "erratum"}, {"signing_key": null, "unit_key": {"name": "kangaroo", "checksum":
        "865a4c89485bdd9723a3c407280c141e9202f024e7db38cba3d097c3f256b2fd", "epoch":
        "0", "version": "0.3", "release": "1", "arch": "noarch", "checksumtype": "sha256"},
        "type_id": "rpm"}, {"unit_key": {"context": "deadbeef", "version": 20180704111719,
        "arch": "noarch", "name": "kangaroo", "stream": "0"}, "type_id": "modulemd"},
        {"signing_key": null, "unit_key": {"name": "lion", "checksum": "12400dc95c23a4c160725a908716cd3fcdd7a8981585437ab64cd62efa3e4ae4",
        "epoch": "0", "version": "0.3", "release": "0.8", "arch": "noarch", "checksumtype":
        "sha256"}, "type_id": "rpm"}, {"signing_key": null, "unit_key": {"name": "monkey",
        "checksum": "0e8fa50d0128fbabc7ccc5632e3fa25d39b0280169f6166cb8e2c84de8501db1",
        "epoch": "0", "version": "0.3", "release": "0.8", "arch": "noarch", "checksumtype":
        "sha256"}, "type_id": "rpm"}, {"signing_key": null, "unit_key": {"name": "walrus",
        "checksum": "74533fbd4f9ada9e02a6361cbbf014b8ff88dff8d69785ec48b77e01898e7c31",
        "epoch": "0", "version": "5.21", "release": "1", "arch": "noarch", "checksumtype":
        "sha256"}, "type_id": "rpm"}, {"unit_key": {"context": "deadbeef", "version":
        20180704144203, "arch": "x86_64", "name": "walrus", "stream": "5.21"}, "type_id":
        "modulemd"}, {"signing_key": null, "unit_key": {"name": "giraffe", "checksum":
        "f25d67d1d9da04f12e57ca323247b43891ac46533e355b82de6d1922009f9f14", "epoch":
        "0", "version": "0.3", "release": "0.8", "arch": "noarch", "checksumtype":
        "sha256"}, "type_id": "rpm"}, {"unit_key": {"repo_id": "integration_test_id_clone",
        "name": "duck"}, "type_id": "modulemd_defaults"}], "units_failed_signature_filter":
        [{"unit_key": {"repo_id": "integration_test_id", "data_type": "comps"}, "type_id":
        "yum_repo_metadata_file"}, {"unit_key": {"repo_id": "integration_test_id",
        "name": "duck"}, "type_id": "modulemd_defaults"}, {"unit_key": {"repo_id":
        "integration_test_id", "name": "kangaroo"}, "type_id": "modulemd_defaults"},
        {"unit_key": {"repo_id": "integration_test_id", "name": "walrus"}, "type_id":
        "modulemd_defaults"}]}, "error": null, "_id": {"$oid": "5b875c5f04b1e079c02f54a5"},
        "id": "5b875c5f04b1e079c02f54a5"}'
    http_version: 
  recorded_at: Thu, 30 Aug 2018 02:54:24 GMT
- request:
    method: post
    uri: https://alpha.partello.example.com/pulp/api/v2/repositories/integration_test_id_clone/actions/unassociate/
    body:
      encoding: UTF-8
      string: '{"criteria":{"type_ids":["package_group"],"filters":{"unit":{"id":{"$in":[null]}}}}}'
    headers:
      Accept:
      - application/json
      Accept-Encoding:
      - gzip, deflate
      User-Agent:
      - rest-client/2.0.2 (linux-gnu x86_64) ruby/2.4.1p111
      Content-Type:
      - application/json
      Content-Length:
      - '84'
      Host:
      - alpha.partello.example.com
      Authorization:
      - Basic YWRtaW46YWRtaW4=
  response:
    status:
      code: 202
      message: Accepted
    headers:
      Date:
      - Thu, 30 Aug 2018 03:03:24 GMT
      Server:
      - Apache/2.4.6 (CentOS)
      Content-Length:
      - '172'
      Content-Type:
      - application/json; charset=utf-8
    body:
      encoding: UTF-8
      string: '{"spawned_tasks": [{"_href": "/pulp/api/v2/tasks/5dba56fb-719e-448c-bfdb-e1597eabf9e0/",
        "task_id": "5dba56fb-719e-448c-bfdb-e1597eabf9e0"}], "result": null, "error":
        null}'
    http_version: 
  recorded_at: Thu, 30 Aug 2018 03:03:24 GMT
- request:
    method: get
    uri: https://alpha.partello.example.com/pulp/api/v2/tasks/5dba56fb-719e-448c-bfdb-e1597eabf9e0/
    body:
      encoding: US-ASCII
      string: ''
    headers:
      Accept:
      - application/json
      Accept-Encoding:
      - gzip, deflate
      User-Agent:
      - rest-client/2.0.2 (linux-gnu x86_64) ruby/2.4.1p111
      Content-Type:
      - application/json
      Host:
      - alpha.partello.example.com
      Authorization:
      - Basic YWRtaW46YWRtaW4=
  response:
    status:
      code: 200
      message: OK
    headers:
      Date:
      - Thu, 30 Aug 2018 03:03:25 GMT
      Server:
      - Apache/2.4.6 (CentOS)
      Etag:
      - '"571cbc019f26e1e2bbfaab7854f26f5c-gzip"'
      Vary:
      - Accept-Encoding
      Content-Length:
      - '737'
      Content-Type:
      - application/json; charset=utf-8
    body:
      encoding: ASCII-8BIT
      string: '{"exception": null, "task_type": "pulp.server.managers.repo.unit_association.unassociate_by_criteria",
        "_href": "/pulp/api/v2/tasks/5dba56fb-719e-448c-bfdb-e1597eabf9e0/", "task_id":
        "5dba56fb-719e-448c-bfdb-e1597eabf9e0", "tags": ["pulp:repository:integration_test_id_clone",
        "pulp:action:unassociate"], "finish_time": "2018-08-30T03:03:24Z", "_ns":
        "task_status", "start_time": "2018-08-30T03:03:24Z", "traceback": null, "spawned_tasks":
        [], "progress_report": {}, "queue": "reserved_resource_worker-0@alpha.partello.example.com.dq2",
        "state": "finished", "worker_name": "reserved_resource_worker-0@alpha.partello.example.com",
        "result": {}, "error": null, "_id": {"$oid": "5b875e7c04b1e079c02f54c3"},
        "id": "5b875e7c04b1e079c02f54c3"}'
    http_version: 
  recorded_at: Thu, 30 Aug 2018 03:03:25 GMT
- request:
    method: get
    uri: https://alpha.partello.example.com/pulp/api/v2/tasks/24ae0e1b-4791-4f47-8473-cede69662c57/
    body:
      encoding: US-ASCII
      string: ''
    headers:
      Accept:
      - application/json
      Accept-Encoding:
      - gzip, deflate
      User-Agent:
      - rest-client/2.0.2 (linux-gnu x86_64) ruby/2.4.1p111
      Content-Type:
      - application/json
      Host:
      - alpha.partello.example.com
      Authorization:
      - Basic YWRtaW46YWRtaW4=
  response:
    status:
      code: 200
      message: OK
    headers:
      Date:
      - Thu, 30 Aug 2018 03:18:13 GMT
      Server:
      - Apache/2.4.6 (CentOS)
      Etag:
      - '"56860dfa1a65d19333cb6dcf7089525a-gzip"'
      Vary:
      - Accept-Encoding
      Content-Length:
      - '6681'
      Content-Type:
      - application/json; charset=utf-8
    body:
      encoding: ASCII-8BIT
      string: '{"exception": null, "task_type": "pulp.server.managers.repo.unit_association.associate_from_repo",
        "_href": "/pulp/api/v2/tasks/24ae0e1b-4791-4f47-8473-cede69662c57/", "task_id":
        "24ae0e1b-4791-4f47-8473-cede69662c57", "tags": ["pulp:repository:integration_test_id_clone",
        "pulp:repository:integration_test_id", "pulp:action:associate"], "finish_time":
        "2018-08-30T03:18:12Z", "_ns": "task_status", "start_time": "2018-08-30T03:18:12Z",
        "traceback": null, "spawned_tasks": [], "progress_report": {}, "queue": "reserved_resource_worker-0@alpha.partello.example.com.dq2",
        "state": "finished", "worker_name": "reserved_resource_worker-0@alpha.partello.example.com",
        "result": {"units_successful": [{"unit_key": {"id": "RHEA-2010:0002"}, "type_id":
        "erratum"}, {"unit_key": {"variant": "TestVariant", "version": "16", "arch":
        "x86_64", "id": "ks-Test Family-TestVariant-16-x86_64", "family": "Test Family"},
        "type_id": "distribution"}, {"signing_key": null, "unit_key": {"name": "squirrel",
        "checksum": "251768bdd15f13d78487c27638aa6aecd01551e253756093cde1c0ae878a17d2",
        "epoch": "0", "version": "0.3", "release": "0.8", "arch": "noarch", "checksumtype":
        "sha256"}, "type_id": "rpm"}, {"unit_key": {"id": "RHEA-2012:0059"}, "type_id":
        "erratum"}, {"unit_key": {"context": "deadbeef", "version": 20180730233102,
        "arch": "noarch", "name": "duck", "stream": "0"}, "type_id": "modulemd"},
        {"signing_key": null, "unit_key": {"name": "monkey", "checksum": "0e8fa50d0128fbabc7ccc5632e3fa25d39b0280169f6166cb8e2c84de8501db1",
        "epoch": "0", "version": "0.3", "release": "0.8", "arch": "noarch", "checksumtype":
        "sha256"}, "type_id": "rpm"}, {"unit_key": {"repo_id": "integration_test_id_clone",
        "name": "kangaroo"}, "type_id": "modulemd_defaults"}, {"unit_key": {"context":
        "deadbeef", "version": 20180730223407, "arch": "noarch", "name": "kangaroo",
        "stream": "0"}, "type_id": "modulemd"}, {"signing_key": null, "unit_key":
        {"name": "cheetah", "checksum": "422d0baa0cd9d7713ae796e886a23e17f578f924f74880debdbb7d65fb368dae",
        "epoch": "0", "version": "0.3", "release": "0.8", "arch": "noarch", "checksumtype":
        "sha256"}, "type_id": "rpm"}, {"signing_key": null, "unit_key": {"name": "penguin",
        "checksum": "3fcb2c927de9e13bf68469032a28b139d3e5ad2e58564fc210fd6e48635be694",
        "epoch": "0", "version": "0.3", "release": "0.8", "arch": "noarch", "checksumtype":
        "sha256"}, "type_id": "rpm"}, {"unit_key": {"repo_id": "integration_test_id_clone",
        "id": "all"}, "type_id": "package_category"}, {"signing_key": null, "unit_key":
        {"name": "walrus", "checksum": "6e8d6dc057e3e2c9819f0dc7e6c7b7f86bf2e8571bba414adec7fb621a461dfd",
        "epoch": "0", "version": "0.3", "release": "0.8", "arch": "noarch", "checksumtype":
        "sha256"}, "type_id": "rpm"}, {"signing_key": null, "unit_key": {"name": "duck",
        "checksum": "96f37877518a1fe6ea2e17f4ce1fc81b40908043bcbed76744b3d7d38a774bc7",
        "epoch": "0", "version": "0.6", "release": "1", "arch": "noarch", "checksumtype":
        "sha256"}, "type_id": "rpm"}, {"signing_key": null, "unit_key": {"name": "duck",
        "checksum": "5bd363b860ad6783217cbca3bbc3ef260f98d140ffb121bf4c208e3f66c24712",
        "epoch": "0", "version": "0.7", "release": "1", "arch": "noarch", "checksumtype":
        "sha256"}, "type_id": "rpm"}, {"signing_key": null, "unit_key": {"name": "elephant",
        "checksum": "3e1c70cd1b421328acaf6397cb3d16145306bb95f65d1b095fc31372a0a701f3",
        "epoch": "0", "version": "0.3", "release": "0.8", "arch": "noarch", "checksumtype":
        "sha256"}, "type_id": "rpm"}, {"unit_key": {"context": "deadbeef", "version":
        20180704244205, "arch": "noarch", "name": "duck", "stream": "0"}, "type_id":
        "modulemd"}, {"unit_key": {"repo_id": "integration_test_id_clone", "id": "bird"},
        "type_id": "package_group"}, {"unit_key": {"context": "c0ffee42", "version":
        20180707144203, "arch": "x86_64", "name": "walrus", "stream": "0.71"}, "type_id":
        "modulemd"}, {"unit_key": {"repo_id": "integration_test_id_clone", "name":
        "walrus"}, "type_id": "modulemd_defaults"}, {"signing_key": null, "unit_key":
        {"name": "walrus", "checksum": "516a22ccc0cbe3ecb2cbee1c626a39b91767dbf0f815afda7b733aa56523142c",
        "epoch": "0", "version": "0.71", "release": "1", "arch": "noarch", "checksumtype":
        "sha256"}, "type_id": "rpm"}, {"unit_key": {"id": "RHEA-2010:0001"}, "type_id":
        "erratum"}, {"signing_key": null, "unit_key": {"name": "kangaroo", "checksum":
        "865a4c89485bdd9723a3c407280c141e9202f024e7db38cba3d097c3f256b2fd", "epoch":
        "0", "version": "0.3", "release": "1", "arch": "noarch", "checksumtype": "sha256"},
        "type_id": "rpm"}, {"unit_key": {"repo_id": "integration_test_id_clone", "id":
        "mammal"}, "type_id": "package_group"}, {"unit_key": {"context": "deadbeef",
        "version": 20180704111719, "arch": "noarch", "name": "kangaroo", "stream":
        "0"}, "type_id": "modulemd"}, {"signing_key": null, "unit_key": {"name": "lion",
        "checksum": "12400dc95c23a4c160725a908716cd3fcdd7a8981585437ab64cd62efa3e4ae4",
        "epoch": "0", "version": "0.3", "release": "0.8", "arch": "noarch", "checksumtype":
        "sha256"}, "type_id": "rpm"}, {"signing_key": null, "unit_key": {"name": "kangaroo",
        "checksum": "833af594bc0ba31256045ed1fb17d3df2d8341a89b0c5a9bf610dd6103ce4cc8",
        "epoch": "0", "version": "0.2", "release": "1", "arch": "noarch", "checksumtype":
        "sha256"}, "type_id": "rpm"}, {"signing_key": null, "unit_key": {"name": "walrus",
        "checksum": "74533fbd4f9ada9e02a6361cbbf014b8ff88dff8d69785ec48b77e01898e7c31",
        "epoch": "0", "version": "5.21", "release": "1", "arch": "noarch", "checksumtype":
        "sha256"}, "type_id": "rpm"}, {"unit_key": {"context": "deadbeef", "version":
        20180704144203, "arch": "x86_64", "name": "walrus", "stream": "5.21"}, "type_id":
        "modulemd"}, {"signing_key": null, "unit_key": {"name": "giraffe", "checksum":
        "f25d67d1d9da04f12e57ca323247b43891ac46533e355b82de6d1922009f9f14", "epoch":
        "0", "version": "0.3", "release": "0.8", "arch": "noarch", "checksumtype":
        "sha256"}, "type_id": "rpm"}, {"unit_key": {"repo_id": "integration_test_id_clone",
        "name": "duck"}, "type_id": "modulemd_defaults"}], "units_failed_signature_filter":
        [{"unit_key": {"repo_id": "integration_test_id", "id": "bird"}, "type_id":
        "package_group"}, {"unit_key": {"repo_id": "integration_test_id", "name":
        "duck"}, "type_id": "modulemd_defaults"}, {"unit_key": {"repo_id": "integration_test_id",
        "name": "walrus"}, "type_id": "modulemd_defaults"}, {"unit_key": {"repo_id":
        "integration_test_id", "name": "kangaroo"}, "type_id": "modulemd_defaults"},
        {"unit_key": {"repo_id": "integration_test_id", "id": "all"}, "type_id": "package_category"},
        {"unit_key": {"repo_id": "integration_test_id", "id": "mammal"}, "type_id":
        "package_group"}]}, "error": null, "_id": {"$oid": "5b8761f404b1e079c02f54e7"},
        "id": "5b8761f404b1e079c02f54e7"}'
    http_version: 
  recorded_at: Thu, 30 Aug 2018 03:18:13 GMT
- request:
    method: post
    uri: https://alpha.partello.example.com/pulp/api/v2/repositories/integration_test_id_clone/actions/unassociate/
    body:
      encoding: UTF-8
      string: '{"criteria":{"type_ids":["package_group"],"filters":{"unit":{"id":{"$in":["mammal"]}}}}}'
    headers:
      Accept:
      - application/json
      Accept-Encoding:
      - gzip, deflate
      User-Agent:
      - rest-client/2.0.2 (linux-gnu x86_64) ruby/2.4.1p111
      Content-Type:
      - application/json
      Content-Length:
      - '88'
      Host:
      - alpha.partello.example.com
      Authorization:
      - Basic YWRtaW46YWRtaW4=
  response:
    status:
      code: 202
      message: Accepted
    headers:
      Date:
      - Thu, 30 Aug 2018 03:18:43 GMT
      Server:
      - Apache/2.4.6 (CentOS)
      Content-Length:
      - '172'
      Content-Type:
      - application/json; charset=utf-8
    body:
      encoding: UTF-8
      string: '{"spawned_tasks": [{"_href": "/pulp/api/v2/tasks/cfc3d772-f028-44e0-b0bf-b18eecb43cd1/",
        "task_id": "cfc3d772-f028-44e0-b0bf-b18eecb43cd1"}], "result": null, "error":
        null}'
    http_version: 
  recorded_at: Thu, 30 Aug 2018 03:18:43 GMT
- request:
    method: get
    uri: https://alpha.partello.example.com/pulp/api/v2/tasks/cfc3d772-f028-44e0-b0bf-b18eecb43cd1/
    body:
      encoding: US-ASCII
      string: ''
    headers:
      Accept:
      - application/json
      Accept-Encoding:
      - gzip, deflate
      User-Agent:
      - rest-client/2.0.2 (linux-gnu x86_64) ruby/2.4.1p111
      Content-Type:
      - application/json
      Host:
      - alpha.partello.example.com
      Authorization:
      - Basic YWRtaW46YWRtaW4=
  response:
    status:
      code: 200
      message: OK
    headers:
      Date:
      - Thu, 30 Aug 2018 03:18:48 GMT
      Server:
      - Apache/2.4.6 (CentOS)
      Etag:
      - '"9375bd6aca9c1cf776a09ab2c5bb60cd-gzip"'
      Vary:
      - Accept-Encoding
      Content-Length:
      - '857'
      Content-Type:
      - application/json; charset=utf-8
    body:
      encoding: ASCII-8BIT
      string: '{"exception": null, "task_type": "pulp.server.managers.repo.unit_association.unassociate_by_criteria",
        "_href": "/pulp/api/v2/tasks/cfc3d772-f028-44e0-b0bf-b18eecb43cd1/", "task_id":
        "cfc3d772-f028-44e0-b0bf-b18eecb43cd1", "tags": ["pulp:repository:integration_test_id_clone",
        "pulp:action:unassociate"], "finish_time": "2018-08-30T03:18:43Z", "_ns":
        "task_status", "start_time": "2018-08-30T03:18:43Z", "traceback": null, "spawned_tasks":
        [], "progress_report": {}, "queue": "reserved_resource_worker-0@alpha.partello.example.com.dq2",
        "state": "finished", "worker_name": "reserved_resource_worker-0@alpha.partello.example.com",
        "result": {"units_successful": [{"unit_key": {"repo_id": "integration_test_id_clone",
        "id": "mammal"}, "type_id": "package_group"}]}, "error": null, "_id": {"$oid":
        "5b87621304b1e079c02f5506"}, "id": "5b87621304b1e079c02f5506"}'
    http_version: 
  recorded_at: Thu, 30 Aug 2018 03:18:48 GMT
- request:
    method: get
    uri: https://alpha.partello.example.com/pulp/api/v2/tasks/e528d899-07db-4b9b-a5c9-d2f722bd838e/
    body:
      encoding: US-ASCII
      string: ''
    headers:
      Accept:
      - application/json
      Accept-Encoding:
      - gzip, deflate
      User-Agent:
      - rest-client/2.0.2 (linux-gnu x86_64) ruby/2.4.1p111
      Content-Type:
      - application/json
      Host:
      - alpha.partello.example.com
      Authorization:
      - Basic YWRtaW46YWRtaW4=
  response:
    status:
      code: 200
      message: OK
    headers:
      Date:
      - Thu, 30 Aug 2018 03:22:07 GMT
      Server:
      - Apache/2.4.6 (CentOS)
      Etag:
      - '"4f40ced882a1d18ff8fe011dac874f86-gzip"'
      Vary:
      - Accept-Encoding
      Content-Length:
      - '6681'
      Content-Type:
      - application/json; charset=utf-8
    body:
      encoding: ASCII-8BIT
      string: '{"exception": null, "task_type": "pulp.server.managers.repo.unit_association.associate_from_repo",
        "_href": "/pulp/api/v2/tasks/e528d899-07db-4b9b-a5c9-d2f722bd838e/", "task_id":
        "e528d899-07db-4b9b-a5c9-d2f722bd838e", "tags": ["pulp:repository:integration_test_id_clone",
        "pulp:repository:integration_test_id", "pulp:action:associate"], "finish_time":
        "2018-08-30T03:22:07Z", "_ns": "task_status", "start_time": "2018-08-30T03:22:07Z",
        "traceback": null, "spawned_tasks": [], "progress_report": {}, "queue": "reserved_resource_worker-0@alpha.partello.example.com.dq2",
        "state": "finished", "worker_name": "reserved_resource_worker-0@alpha.partello.example.com",
        "result": {"units_successful": [{"unit_key": {"id": "RHEA-2010:0002"}, "type_id":
        "erratum"}, {"unit_key": {"variant": "TestVariant", "version": "16", "arch":
        "x86_64", "id": "ks-Test Family-TestVariant-16-x86_64", "family": "Test Family"},
        "type_id": "distribution"}, {"signing_key": null, "unit_key": {"name": "squirrel",
        "checksum": "251768bdd15f13d78487c27638aa6aecd01551e253756093cde1c0ae878a17d2",
        "epoch": "0", "version": "0.3", "release": "0.8", "arch": "noarch", "checksumtype":
        "sha256"}, "type_id": "rpm"}, {"unit_key": {"id": "RHEA-2012:0059"}, "type_id":
        "erratum"}, {"unit_key": {"context": "deadbeef", "version": 20180730233102,
        "arch": "noarch", "name": "duck", "stream": "0"}, "type_id": "modulemd"},
        {"signing_key": null, "unit_key": {"name": "monkey", "checksum": "0e8fa50d0128fbabc7ccc5632e3fa25d39b0280169f6166cb8e2c84de8501db1",
        "epoch": "0", "version": "0.3", "release": "0.8", "arch": "noarch", "checksumtype":
        "sha256"}, "type_id": "rpm"}, {"unit_key": {"repo_id": "integration_test_id_clone",
        "name": "kangaroo"}, "type_id": "modulemd_defaults"}, {"unit_key": {"context":
        "deadbeef", "version": 20180730223407, "arch": "noarch", "name": "kangaroo",
        "stream": "0"}, "type_id": "modulemd"}, {"signing_key": null, "unit_key":
        {"name": "cheetah", "checksum": "422d0baa0cd9d7713ae796e886a23e17f578f924f74880debdbb7d65fb368dae",
        "epoch": "0", "version": "0.3", "release": "0.8", "arch": "noarch", "checksumtype":
        "sha256"}, "type_id": "rpm"}, {"signing_key": null, "unit_key": {"name": "penguin",
        "checksum": "3fcb2c927de9e13bf68469032a28b139d3e5ad2e58564fc210fd6e48635be694",
        "epoch": "0", "version": "0.3", "release": "0.8", "arch": "noarch", "checksumtype":
        "sha256"}, "type_id": "rpm"}, {"unit_key": {"repo_id": "integration_test_id_clone",
        "id": "all"}, "type_id": "package_category"}, {"signing_key": null, "unit_key":
        {"name": "walrus", "checksum": "6e8d6dc057e3e2c9819f0dc7e6c7b7f86bf2e8571bba414adec7fb621a461dfd",
        "epoch": "0", "version": "0.3", "release": "0.8", "arch": "noarch", "checksumtype":
        "sha256"}, "type_id": "rpm"}, {"signing_key": null, "unit_key": {"name": "duck",
        "checksum": "96f37877518a1fe6ea2e17f4ce1fc81b40908043bcbed76744b3d7d38a774bc7",
        "epoch": "0", "version": "0.6", "release": "1", "arch": "noarch", "checksumtype":
        "sha256"}, "type_id": "rpm"}, {"signing_key": null, "unit_key": {"name": "duck",
        "checksum": "5bd363b860ad6783217cbca3bbc3ef260f98d140ffb121bf4c208e3f66c24712",
        "epoch": "0", "version": "0.7", "release": "1", "arch": "noarch", "checksumtype":
        "sha256"}, "type_id": "rpm"}, {"signing_key": null, "unit_key": {"name": "elephant",
        "checksum": "3e1c70cd1b421328acaf6397cb3d16145306bb95f65d1b095fc31372a0a701f3",
        "epoch": "0", "version": "0.3", "release": "0.8", "arch": "noarch", "checksumtype":
        "sha256"}, "type_id": "rpm"}, {"unit_key": {"context": "deadbeef", "version":
        20180704244205, "arch": "noarch", "name": "duck", "stream": "0"}, "type_id":
        "modulemd"}, {"unit_key": {"repo_id": "integration_test_id_clone", "id": "bird"},
        "type_id": "package_group"}, {"unit_key": {"context": "c0ffee42", "version":
        20180707144203, "arch": "x86_64", "name": "walrus", "stream": "0.71"}, "type_id":
        "modulemd"}, {"unit_key": {"repo_id": "integration_test_id_clone", "name":
        "walrus"}, "type_id": "modulemd_defaults"}, {"signing_key": null, "unit_key":
        {"name": "walrus", "checksum": "516a22ccc0cbe3ecb2cbee1c626a39b91767dbf0f815afda7b733aa56523142c",
        "epoch": "0", "version": "0.71", "release": "1", "arch": "noarch", "checksumtype":
        "sha256"}, "type_id": "rpm"}, {"unit_key": {"id": "RHEA-2010:0001"}, "type_id":
        "erratum"}, {"signing_key": null, "unit_key": {"name": "kangaroo", "checksum":
        "865a4c89485bdd9723a3c407280c141e9202f024e7db38cba3d097c3f256b2fd", "epoch":
        "0", "version": "0.3", "release": "1", "arch": "noarch", "checksumtype": "sha256"},
        "type_id": "rpm"}, {"unit_key": {"repo_id": "integration_test_id_clone", "id":
        "mammal"}, "type_id": "package_group"}, {"unit_key": {"context": "deadbeef",
        "version": 20180704111719, "arch": "noarch", "name": "kangaroo", "stream":
        "0"}, "type_id": "modulemd"}, {"signing_key": null, "unit_key": {"name": "lion",
        "checksum": "12400dc95c23a4c160725a908716cd3fcdd7a8981585437ab64cd62efa3e4ae4",
        "epoch": "0", "version": "0.3", "release": "0.8", "arch": "noarch", "checksumtype":
        "sha256"}, "type_id": "rpm"}, {"signing_key": null, "unit_key": {"name": "kangaroo",
        "checksum": "833af594bc0ba31256045ed1fb17d3df2d8341a89b0c5a9bf610dd6103ce4cc8",
        "epoch": "0", "version": "0.2", "release": "1", "arch": "noarch", "checksumtype":
        "sha256"}, "type_id": "rpm"}, {"signing_key": null, "unit_key": {"name": "walrus",
        "checksum": "74533fbd4f9ada9e02a6361cbbf014b8ff88dff8d69785ec48b77e01898e7c31",
        "epoch": "0", "version": "5.21", "release": "1", "arch": "noarch", "checksumtype":
        "sha256"}, "type_id": "rpm"}, {"unit_key": {"context": "deadbeef", "version":
        20180704144203, "arch": "x86_64", "name": "walrus", "stream": "5.21"}, "type_id":
        "modulemd"}, {"signing_key": null, "unit_key": {"name": "giraffe", "checksum":
        "f25d67d1d9da04f12e57ca323247b43891ac46533e355b82de6d1922009f9f14", "epoch":
        "0", "version": "0.3", "release": "0.8", "arch": "noarch", "checksumtype":
        "sha256"}, "type_id": "rpm"}, {"unit_key": {"repo_id": "integration_test_id_clone",
        "name": "duck"}, "type_id": "modulemd_defaults"}], "units_failed_signature_filter":
        [{"unit_key": {"repo_id": "integration_test_id", "id": "bird"}, "type_id":
        "package_group"}, {"unit_key": {"repo_id": "integration_test_id", "name":
        "duck"}, "type_id": "modulemd_defaults"}, {"unit_key": {"repo_id": "integration_test_id",
        "name": "walrus"}, "type_id": "modulemd_defaults"}, {"unit_key": {"repo_id":
        "integration_test_id", "name": "kangaroo"}, "type_id": "modulemd_defaults"},
        {"unit_key": {"repo_id": "integration_test_id", "id": "all"}, "type_id": "package_category"},
        {"unit_key": {"repo_id": "integration_test_id", "id": "mammal"}, "type_id":
        "package_group"}]}, "error": null, "_id": {"$oid": "5b8762df04b1e079c02f57fa"},
        "id": "5b8762df04b1e079c02f57fa"}'
    http_version: 
  recorded_at: Thu, 30 Aug 2018 03:22:07 GMT
- request:
    method: get
    uri: https://alpha.partello.example.com/pulp/api/v2/tasks/6b08cf6c-4e6d-4721-a9d4-182f30e9fbd1/
    body:
      encoding: US-ASCII
      string: ''
    headers:
      Accept:
      - application/json
      Accept-Encoding:
      - gzip, deflate
      User-Agent:
      - rest-client/2.0.2 (linux-gnu x86_64) ruby/2.4.1p111
      Content-Type:
      - application/json
      Host:
      - alpha.partello.example.com
      Authorization:
      - Basic YWRtaW46YWRtaW4=
  response:
    status:
      code: 200
      message: OK
    headers:
      Date:
      - Thu, 30 Aug 2018 03:22:08 GMT
      Server:
      - Apache/2.4.6 (CentOS)
      Etag:
      - '"726c75b67d3fdae42a904587140ec013-gzip"'
      Vary:
      - Accept-Encoding
      Content-Length:
      - '855'
      Content-Type:
      - application/json; charset=utf-8
    body:
      encoding: ASCII-8BIT
      string: '{"exception": null, "task_type": "pulp.server.managers.repo.unit_association.unassociate_by_criteria",
        "_href": "/pulp/api/v2/tasks/6b08cf6c-4e6d-4721-a9d4-182f30e9fbd1/", "task_id":
        "6b08cf6c-4e6d-4721-a9d4-182f30e9fbd1", "tags": ["pulp:repository:integration_test_id_clone",
        "pulp:action:unassociate"], "finish_time": "2018-08-30T03:22:08Z", "_ns":
        "task_status", "start_time": "2018-08-30T03:22:08Z", "traceback": null, "spawned_tasks":
        [], "progress_report": {}, "queue": "reserved_resource_worker-0@alpha.partello.example.com.dq2",
        "state": "finished", "worker_name": "reserved_resource_worker-0@alpha.partello.example.com",
        "result": {"units_successful": [{"unit_key": {"repo_id": "integration_test_id_clone",
        "id": "bird"}, "type_id": "package_group"}]}, "error": null, "_id": {"$oid":
        "5b8762e004b1e079c02f5819"}, "id": "5b8762e004b1e079c02f5819"}'
    http_version: 
  recorded_at: Thu, 30 Aug 2018 03:22:08 GMT
- request:
    method: post
    uri: https://alpha.partello.example.com/pulp/api/v2/repositories/integration_test_id_clone/actions/associate/
    body:
      encoding: UTF-8
      string: '{"source_repo_id":"integration_test_id"}'
    headers:
      Accept:
      - application/json
      Accept-Encoding:
      - gzip, deflate
      User-Agent:
      - rest-client/2.0.2 (linux-gnu x86_64) ruby/2.4.1p111
      Content-Type:
      - application/json
      Content-Length:
      - '40'
      Host:
      - alpha.partello.example.com
      Authorization:
      - Basic YWRtaW46YWRtaW4=
  response:
    status:
      code: 202
      message: Accepted
    headers:
      Date:
      - Thu, 30 Aug 2018 04:42:49 GMT
      Server:
      - Apache/2.4.6 (CentOS)
      Content-Length:
      - '172'
      Content-Type:
      - application/json; charset=utf-8
    body:
      encoding: UTF-8
      string: '{"spawned_tasks": [{"_href": "/pulp/api/v2/tasks/fcdd5de0-6127-495f-9069-5fc65fcccb99/",
        "task_id": "fcdd5de0-6127-495f-9069-5fc65fcccb99"}], "result": null, "error":
        null}'
    http_version: 
  recorded_at: Thu, 30 Aug 2018 04:42:49 GMT
- request:
    method: get
    uri: https://alpha.partello.example.com/pulp/api/v2/tasks/fcdd5de0-6127-495f-9069-5fc65fcccb99/
    body:
      encoding: US-ASCII
      string: ''
    headers:
      Accept:
      - application/json
      Accept-Encoding:
      - gzip, deflate
      User-Agent:
      - rest-client/2.0.2 (linux-gnu x86_64) ruby/2.4.1p111
      Content-Type:
      - application/json
      Host:
      - alpha.partello.example.com
      Authorization:
      - Basic YWRtaW46YWRtaW4=
  response:
    status:
      code: 200
      message: OK
    headers:
      Date:
      - Thu, 30 Aug 2018 04:42:50 GMT
      Server:
      - Apache/2.4.6 (CentOS)
      Etag:
      - '"381277cf96c12d668b8f0f3694d50e14-gzip"'
      Vary:
      - Accept-Encoding
      Content-Length:
      - '6681'
      Content-Type:
      - application/json; charset=utf-8
    body:
      encoding: ASCII-8BIT
      string: '{"exception": null, "task_type": "pulp.server.managers.repo.unit_association.associate_from_repo",
        "_href": "/pulp/api/v2/tasks/fcdd5de0-6127-495f-9069-5fc65fcccb99/", "task_id":
        "fcdd5de0-6127-495f-9069-5fc65fcccb99", "tags": ["pulp:repository:integration_test_id_clone",
        "pulp:repository:integration_test_id", "pulp:action:associate"], "finish_time":
        "2018-08-30T04:42:49Z", "_ns": "task_status", "start_time": "2018-08-30T04:42:49Z",
        "traceback": null, "spawned_tasks": [], "progress_report": {}, "queue": "reserved_resource_worker-0@alpha.partello.example.com.dq2",
        "state": "finished", "worker_name": "reserved_resource_worker-0@alpha.partello.example.com",
        "result": {"units_successful": [{"unit_key": {"id": "RHEA-2010:0002"}, "type_id":
        "erratum"}, {"unit_key": {"variant": "TestVariant", "version": "16", "arch":
        "x86_64", "id": "ks-Test Family-TestVariant-16-x86_64", "family": "Test Family"},
        "type_id": "distribution"}, {"signing_key": null, "unit_key": {"name": "squirrel",
        "checksum": "251768bdd15f13d78487c27638aa6aecd01551e253756093cde1c0ae878a17d2",
        "epoch": "0", "version": "0.3", "release": "0.8", "arch": "noarch", "checksumtype":
        "sha256"}, "type_id": "rpm"}, {"unit_key": {"id": "RHEA-2012:0059"}, "type_id":
        "erratum"}, {"unit_key": {"context": "deadbeef", "version": 20180730233102,
        "arch": "noarch", "name": "duck", "stream": "0"}, "type_id": "modulemd"},
        {"signing_key": null, "unit_key": {"name": "monkey", "checksum": "0e8fa50d0128fbabc7ccc5632e3fa25d39b0280169f6166cb8e2c84de8501db1",
        "epoch": "0", "version": "0.3", "release": "0.8", "arch": "noarch", "checksumtype":
        "sha256"}, "type_id": "rpm"}, {"unit_key": {"repo_id": "integration_test_id_clone",
        "name": "kangaroo"}, "type_id": "modulemd_defaults"}, {"unit_key": {"context":
        "deadbeef", "version": 20180730223407, "arch": "noarch", "name": "kangaroo",
        "stream": "0"}, "type_id": "modulemd"}, {"signing_key": null, "unit_key":
        {"name": "cheetah", "checksum": "422d0baa0cd9d7713ae796e886a23e17f578f924f74880debdbb7d65fb368dae",
        "epoch": "0", "version": "0.3", "release": "0.8", "arch": "noarch", "checksumtype":
        "sha256"}, "type_id": "rpm"}, {"signing_key": null, "unit_key": {"name": "penguin",
        "checksum": "3fcb2c927de9e13bf68469032a28b139d3e5ad2e58564fc210fd6e48635be694",
        "epoch": "0", "version": "0.3", "release": "0.8", "arch": "noarch", "checksumtype":
        "sha256"}, "type_id": "rpm"}, {"unit_key": {"repo_id": "integration_test_id_clone",
        "id": "all"}, "type_id": "package_category"}, {"signing_key": null, "unit_key":
        {"name": "walrus", "checksum": "6e8d6dc057e3e2c9819f0dc7e6c7b7f86bf2e8571bba414adec7fb621a461dfd",
        "epoch": "0", "version": "0.3", "release": "0.8", "arch": "noarch", "checksumtype":
        "sha256"}, "type_id": "rpm"}, {"signing_key": null, "unit_key": {"name": "duck",
        "checksum": "96f37877518a1fe6ea2e17f4ce1fc81b40908043bcbed76744b3d7d38a774bc7",
        "epoch": "0", "version": "0.6", "release": "1", "arch": "noarch", "checksumtype":
        "sha256"}, "type_id": "rpm"}, {"signing_key": null, "unit_key": {"name": "duck",
        "checksum": "5bd363b860ad6783217cbca3bbc3ef260f98d140ffb121bf4c208e3f66c24712",
        "epoch": "0", "version": "0.7", "release": "1", "arch": "noarch", "checksumtype":
        "sha256"}, "type_id": "rpm"}, {"signing_key": null, "unit_key": {"name": "elephant",
        "checksum": "3e1c70cd1b421328acaf6397cb3d16145306bb95f65d1b095fc31372a0a701f3",
        "epoch": "0", "version": "0.3", "release": "0.8", "arch": "noarch", "checksumtype":
        "sha256"}, "type_id": "rpm"}, {"unit_key": {"context": "deadbeef", "version":
        20180704244205, "arch": "noarch", "name": "duck", "stream": "0"}, "type_id":
        "modulemd"}, {"unit_key": {"repo_id": "integration_test_id_clone", "id": "bird"},
        "type_id": "package_group"}, {"unit_key": {"context": "c0ffee42", "version":
        20180707144203, "arch": "x86_64", "name": "walrus", "stream": "0.71"}, "type_id":
        "modulemd"}, {"unit_key": {"repo_id": "integration_test_id_clone", "name":
        "walrus"}, "type_id": "modulemd_defaults"}, {"signing_key": null, "unit_key":
        {"name": "walrus", "checksum": "516a22ccc0cbe3ecb2cbee1c626a39b91767dbf0f815afda7b733aa56523142c",
        "epoch": "0", "version": "0.71", "release": "1", "arch": "noarch", "checksumtype":
        "sha256"}, "type_id": "rpm"}, {"unit_key": {"id": "RHEA-2010:0001"}, "type_id":
        "erratum"}, {"signing_key": null, "unit_key": {"name": "kangaroo", "checksum":
        "865a4c89485bdd9723a3c407280c141e9202f024e7db38cba3d097c3f256b2fd", "epoch":
        "0", "version": "0.3", "release": "1", "arch": "noarch", "checksumtype": "sha256"},
        "type_id": "rpm"}, {"unit_key": {"repo_id": "integration_test_id_clone", "id":
        "mammal"}, "type_id": "package_group"}, {"unit_key": {"context": "deadbeef",
        "version": 20180704111719, "arch": "noarch", "name": "kangaroo", "stream":
        "0"}, "type_id": "modulemd"}, {"signing_key": null, "unit_key": {"name": "lion",
        "checksum": "12400dc95c23a4c160725a908716cd3fcdd7a8981585437ab64cd62efa3e4ae4",
        "epoch": "0", "version": "0.3", "release": "0.8", "arch": "noarch", "checksumtype":
        "sha256"}, "type_id": "rpm"}, {"signing_key": null, "unit_key": {"name": "kangaroo",
        "checksum": "833af594bc0ba31256045ed1fb17d3df2d8341a89b0c5a9bf610dd6103ce4cc8",
        "epoch": "0", "version": "0.2", "release": "1", "arch": "noarch", "checksumtype":
        "sha256"}, "type_id": "rpm"}, {"signing_key": null, "unit_key": {"name": "walrus",
        "checksum": "74533fbd4f9ada9e02a6361cbbf014b8ff88dff8d69785ec48b77e01898e7c31",
        "epoch": "0", "version": "5.21", "release": "1", "arch": "noarch", "checksumtype":
        "sha256"}, "type_id": "rpm"}, {"unit_key": {"context": "deadbeef", "version":
        20180704144203, "arch": "x86_64", "name": "walrus", "stream": "5.21"}, "type_id":
        "modulemd"}, {"signing_key": null, "unit_key": {"name": "giraffe", "checksum":
        "f25d67d1d9da04f12e57ca323247b43891ac46533e355b82de6d1922009f9f14", "epoch":
        "0", "version": "0.3", "release": "0.8", "arch": "noarch", "checksumtype":
        "sha256"}, "type_id": "rpm"}, {"unit_key": {"repo_id": "integration_test_id_clone",
        "name": "duck"}, "type_id": "modulemd_defaults"}], "units_failed_signature_filter":
        [{"unit_key": {"repo_id": "integration_test_id", "id": "bird"}, "type_id":
        "package_group"}, {"unit_key": {"repo_id": "integration_test_id", "name":
        "duck"}, "type_id": "modulemd_defaults"}, {"unit_key": {"repo_id": "integration_test_id",
        "name": "walrus"}, "type_id": "modulemd_defaults"}, {"unit_key": {"repo_id":
        "integration_test_id", "name": "kangaroo"}, "type_id": "modulemd_defaults"},
        {"unit_key": {"repo_id": "integration_test_id", "id": "all"}, "type_id": "package_category"},
        {"unit_key": {"repo_id": "integration_test_id", "id": "mammal"}, "type_id":
        "package_group"}]}, "error": null, "_id": {"$oid": "5b8775c904b1e079c02f63ac"},
        "id": "5b8775c904b1e079c02f63ac"}'
    http_version: 
  recorded_at: Thu, 30 Aug 2018 04:42:50 GMT
- request:
    method: post
    uri: https://alpha.partello.example.com/pulp/api/v2/repositories/integration_test_id_clone/search/units/
    body:
      encoding: UTF-8
      string: '{"criteria":{"type_ids":["package_group"]}}'
    headers:
      Accept:
      - application/json
      Accept-Encoding:
      - gzip, deflate
      User-Agent:
      - rest-client/2.0.2 (linux-gnu x86_64) ruby/2.4.1p111
      Content-Type:
      - application/json
      Content-Length:
      - '43'
      Host:
      - alpha.partello.example.com
      Authorization:
      - Basic YWRtaW46YWRtaW4=
  response:
    status:
      code: 200
      message: OK
    headers:
      Date:
      - Thu, 30 Aug 2018 04:42:50 GMT
      Server:
      - Apache/2.4.6 (CentOS)
      Vary:
      - Accept-Encoding
      Content-Length:
      - '1550'
      Content-Type:
      - application/json; charset=utf-8
    body:
      encoding: ASCII-8BIT
      string: '[{"metadata": {"mandatory_package_names": ["penguin"], "repo_id": "integration_test_id_clone",
        "name": "bird", "user_visible": true, "default": true, "_ns": "units_package_group",
        "_last_updated": 1535604169, "optional_package_names": [], "translated_name":
        {}, "translated_description": {}, "pulp_user_metadata": {}, "default_package_names":
        [], "_content_type_id": "package_group", "id": "bird", "_id": "37e7663f-6f3c-4fa7-b554-e2f0d176041b",
        "display_order": 1024, "conditional_package_names": []}, "updated": "2018-08-30T04:42:49Z",
        "repo_id": "integration_test_id_clone", "created": "2018-08-30T04:42:49Z",
        "unit_type_id": "package_group", "unit_id": "37e7663f-6f3c-4fa7-b554-e2f0d176041b",
        "_id": {"$oid": "5b8775c904b1e079c02f63ad"}}, {"metadata": {"mandatory_package_names":
        ["elephant,giraffe,cheetah,lion,monkey,penguin,squirrel,walrus", "penguin"],
        "repo_id": "integration_test_id_clone", "name": "mammal", "user_visible":
        true, "default": true, "_ns": "units_package_group", "_last_updated": 1535604169,
        "optional_package_names": [], "translated_name": {}, "translated_description":
        {}, "pulp_user_metadata": {}, "default_package_names": [], "_content_type_id":
        "package_group", "id": "mammal", "_id": "6417ed9c-d81d-4463-8fec-46d3155fc854",
        "display_order": 1024, "conditional_package_names": []}, "updated": "2018-08-30T04:42:49Z",
        "repo_id": "integration_test_id_clone", "created": "2018-08-30T04:42:49Z",
        "unit_type_id": "package_group", "unit_id": "6417ed9c-d81d-4463-8fec-46d3155fc854",
        "_id": {"$oid": "5b8775c904b1e079c02f63af"}}]'
    http_version: 
  recorded_at: Thu, 30 Aug 2018 04:42:50 GMT
- request:
    method: post
    uri: https://alpha.partello.example.com/pulp/api/v2/repositories/integration_test_id_clone/search/units/
    body:
      encoding: UTF-8
      string: '{"criteria":{"type_ids":["package_group"]}}'
    headers:
      Accept:
      - application/json
      Accept-Encoding:
      - gzip, deflate
      User-Agent:
      - rest-client/2.0.2 (linux-gnu x86_64) ruby/2.4.1p111
      Content-Type:
      - application/json
      Content-Length:
      - '43'
      Host:
      - alpha.partello.example.com
      Authorization:
      - Basic YWRtaW46YWRtaW4=
  response:
    status:
      code: 200
      message: OK
    headers:
      Date:
      - Thu, 30 Aug 2018 04:42:50 GMT
      Server:
      - Apache/2.4.6 (CentOS)
      Vary:
      - Accept-Encoding
      Content-Length:
      - '1550'
      Content-Type:
      - application/json; charset=utf-8
    body:
      encoding: ASCII-8BIT
      string: '[{"metadata": {"mandatory_package_names": ["penguin"], "repo_id": "integration_test_id_clone",
        "name": "bird", "user_visible": true, "default": true, "_ns": "units_package_group",
        "_last_updated": 1535604169, "optional_package_names": [], "translated_name":
        {}, "translated_description": {}, "pulp_user_metadata": {}, "default_package_names":
        [], "_content_type_id": "package_group", "id": "bird", "_id": "37e7663f-6f3c-4fa7-b554-e2f0d176041b",
        "display_order": 1024, "conditional_package_names": []}, "updated": "2018-08-30T04:42:49Z",
        "repo_id": "integration_test_id_clone", "created": "2018-08-30T04:42:49Z",
        "unit_type_id": "package_group", "unit_id": "37e7663f-6f3c-4fa7-b554-e2f0d176041b",
        "_id": {"$oid": "5b8775c904b1e079c02f63ad"}}, {"metadata": {"mandatory_package_names":
        ["elephant,giraffe,cheetah,lion,monkey,penguin,squirrel,walrus", "penguin"],
        "repo_id": "integration_test_id_clone", "name": "mammal", "user_visible":
        true, "default": true, "_ns": "units_package_group", "_last_updated": 1535604169,
        "optional_package_names": [], "translated_name": {}, "translated_description":
        {}, "pulp_user_metadata": {}, "default_package_names": [], "_content_type_id":
        "package_group", "id": "mammal", "_id": "6417ed9c-d81d-4463-8fec-46d3155fc854",
        "display_order": 1024, "conditional_package_names": []}, "updated": "2018-08-30T04:42:49Z",
        "repo_id": "integration_test_id_clone", "created": "2018-08-30T04:42:49Z",
        "unit_type_id": "package_group", "unit_id": "6417ed9c-d81d-4463-8fec-46d3155fc854",
        "_id": {"$oid": "5b8775c904b1e079c02f63af"}}]'
    http_version: 
  recorded_at: Thu, 30 Aug 2018 04:42:50 GMT
- request:
    method: post
    uri: https://alpha.partello.example.com/pulp/api/v2/repositories/integration_test_id_clone/actions/unassociate/
    body:
      encoding: UTF-8
      string: '{"criteria":{"type_ids":["package_group"],"filters":{"unit":{"id":{"$in":["bird"]}}}}}'
    headers:
      Accept:
      - application/json
      Accept-Encoding:
      - gzip, deflate
      User-Agent:
      - rest-client/2.0.2 (linux-gnu x86_64) ruby/2.4.1p111
      Content-Type:
      - application/json
      Content-Length:
      - '86'
      Host:
      - alpha.partello.example.com
      Authorization:
      - Basic YWRtaW46YWRtaW4=
  response:
    status:
      code: 202
      message: Accepted
    headers:
      Date:
      - Thu, 30 Aug 2018 04:42:50 GMT
      Server:
      - Apache/2.4.6 (CentOS)
      Content-Length:
      - '172'
      Content-Type:
      - application/json; charset=utf-8
    body:
      encoding: UTF-8
      string: '{"spawned_tasks": [{"_href": "/pulp/api/v2/tasks/34a3c1b2-04e8-4ba3-a242-b79fae761efd/",
        "task_id": "34a3c1b2-04e8-4ba3-a242-b79fae761efd"}], "result": null, "error":
        null}'
    http_version: 
  recorded_at: Thu, 30 Aug 2018 04:42:50 GMT
- request:
    method: get
    uri: https://alpha.partello.example.com/pulp/api/v2/tasks/34a3c1b2-04e8-4ba3-a242-b79fae761efd/
    body:
      encoding: US-ASCII
      string: ''
    headers:
      Accept:
      - application/json
      Accept-Encoding:
      - gzip, deflate
      User-Agent:
      - rest-client/2.0.2 (linux-gnu x86_64) ruby/2.4.1p111
      Content-Type:
      - application/json
      Host:
      - alpha.partello.example.com
      Authorization:
      - Basic YWRtaW46YWRtaW4=
  response:
    status:
      code: 200
      message: OK
    headers:
      Date:
      - Thu, 30 Aug 2018 04:42:51 GMT
      Server:
      - Apache/2.4.6 (CentOS)
      Etag:
      - '"1dcc382dc983f4337183b3596e45ff95-gzip"'
      Vary:
      - Accept-Encoding
      Content-Length:
      - '855'
      Content-Type:
      - application/json; charset=utf-8
    body:
      encoding: ASCII-8BIT
      string: '{"exception": null, "task_type": "pulp.server.managers.repo.unit_association.unassociate_by_criteria",
        "_href": "/pulp/api/v2/tasks/34a3c1b2-04e8-4ba3-a242-b79fae761efd/", "task_id":
        "34a3c1b2-04e8-4ba3-a242-b79fae761efd", "tags": ["pulp:repository:integration_test_id_clone",
        "pulp:action:unassociate"], "finish_time": "2018-08-30T04:42:50Z", "_ns":
        "task_status", "start_time": "2018-08-30T04:42:50Z", "traceback": null, "spawned_tasks":
        [], "progress_report": {}, "queue": "reserved_resource_worker-0@alpha.partello.example.com.dq2",
        "state": "finished", "worker_name": "reserved_resource_worker-0@alpha.partello.example.com",
        "result": {"units_successful": [{"unit_key": {"repo_id": "integration_test_id_clone",
        "id": "bird"}, "type_id": "package_group"}]}, "error": null, "_id": {"$oid":
        "5b8775ca04b1e079c02f63b3"}, "id": "5b8775ca04b1e079c02f63b3"}'
    http_version: 
  recorded_at: Thu, 30 Aug 2018 04:42:51 GMT
- request:
    method: post
    uri: https://alpha.partello.example.com/pulp/api/v2/repositories/integration_test_id_clone/search/units/
    body:
      encoding: UTF-8
      string: '{"criteria":{"type_ids":["package_group"]}}'
    headers:
      Accept:
      - application/json
      Accept-Encoding:
      - gzip, deflate
      User-Agent:
      - rest-client/2.0.2 (linux-gnu x86_64) ruby/2.4.1p111
      Content-Type:
      - application/json
      Content-Length:
      - '43'
      Host:
      - alpha.partello.example.com
      Authorization:
      - Basic YWRtaW46YWRtaW4=
  response:
    status:
      code: 200
      message: OK
    headers:
      Date:
      - Thu, 30 Aug 2018 04:42:51 GMT
      Server:
      - Apache/2.4.6 (CentOS)
      Vary:
      - Accept-Encoding
      Content-Length:
      - '809'
      Content-Type:
      - application/json; charset=utf-8
    body:
      encoding: ASCII-8BIT
      string: '[{"metadata": {"mandatory_package_names": ["elephant,giraffe,cheetah,lion,monkey,penguin,squirrel,walrus",
        "penguin"], "repo_id": "integration_test_id_clone", "name": "mammal", "user_visible":
        true, "default": true, "_ns": "units_package_group", "_last_updated": 1535604169,
        "optional_package_names": [], "translated_name": {}, "translated_description":
        {}, "pulp_user_metadata": {}, "default_package_names": [], "_content_type_id":
        "package_group", "id": "mammal", "_id": "6417ed9c-d81d-4463-8fec-46d3155fc854",
        "display_order": 1024, "conditional_package_names": []}, "updated": "2018-08-30T04:42:49Z",
        "repo_id": "integration_test_id_clone", "created": "2018-08-30T04:42:49Z",
        "unit_type_id": "package_group", "unit_id": "6417ed9c-d81d-4463-8fec-46d3155fc854",
        "_id": {"$oid": "5b8775c904b1e079c02f63af"}}]'
    http_version: 
  recorded_at: Thu, 30 Aug 2018 04:42:51 GMT
recorded_with: VCR 4.0.0
