---
http_interactions:
- request:
    method: get
    uri: https://admin:admin@box.devel.com/pulp/api/v2/tasks/16e25cdf-a2ff-45c6-9d35-4516af16c707/
    body:
      encoding: US-ASCII
      string: ''
    headers:
      Accept:
      - application/json
      Accept-Encoding:
      - gzip, deflate
      Content-Type:
      - application/json
      User-Agent:
      - Ruby
  response:
    status:
      code: 200
      message: OK
    headers:
      Date:
      - Wed, 15 Oct 2014 14:25:35 GMT
      Server:
      - Apache/2.2.15 (Red Hat)
      Vary:
      - Accept-Encoding
      Content-Length:
      - '611'
      Connection:
      - close
      Content-Type:
      - application/json
    body:
      encoding: ASCII-8BIT
      string: '{"exception": null, "task_type": "pulp.server.tasks.repository.delete",
        "_href": "/pulp/api/v2/tasks/16e25cdf-a2ff-45c6-9d35-4516af16c707/", "task_id":
        "16e25cdf-a2ff-45c6-9d35-4516af16c707", "tags": ["pulp:repository:integration_test_id",
        "pulp:action:delete"], "finish_time": "2014-10-15T14:25:35Z", "_ns": "task_status",
        "start_time": "2014-10-15T14:25:35Z", "traceback": null, "spawned_tasks":
        [], "progress_report": {}, "queue": "reserved_resource_worker-1@box.devel.com.dq",
        "state": "finished", "result": null, "error": null, "_id": {"$oid": "543e83df505c6f3b4b509b7a"},
        "id": "543e83df47078708d9ecb573"}'
    http_version: 
  recorded_at: Wed, 15 Oct 2014 14:25:36 GMT
- request:
    method: get
    uri: https://admin:eYo5Dh2rR6jQayB4vFLEpqUwMcXosuXg@kt1.local/pulp/api/v2/tasks/e08eed80-067c-41f2-974f-b3d6df9a016c/
    body:
      encoding: US-ASCII
      string: ''
    headers:
      Accept:
      - application/json
      Accept-Encoding:
      - gzip, deflate
      Content-Type:
      - application/json
      User-Agent:
      - Ruby
  response:
    status:
      code: 200
      message: OK
    headers:
      Date:
      - Sun, 01 Feb 2015 18:28:32 GMT
      Server:
      - Apache/2.2.15 (Red Hat)
      Vary:
      - Accept-Encoding
      Content-Length:
      - '662'
      Content-Type:
      - application/json
    body:
      encoding: ASCII-8BIT
      string: '{"exception": null, "task_type": "pulp.server.tasks.repository.delete",
        "_href": "/pulp/api/v2/tasks/e08eed80-067c-41f2-974f-b3d6df9a016c/", "task_id":
        "e08eed80-067c-41f2-974f-b3d6df9a016c", "tags": ["pulp:repository:integration_test_id",
        "pulp:action:delete"], "finish_time": "2015-02-01T18:28:31Z", "_ns": "task_status",
        "start_time": "2015-02-01T18:28:31Z", "traceback": null, "spawned_tasks":
        [], "progress_report": {}, "queue": "reserved_resource_worker-0@kt1.local.dq",
        "state": "finished", "worker_name": "reserved_resource_worker-0@kt1.local",
        "result": null, "error": null, "_id": {"$oid": "54ce704f962f40ae3501a2a4"},
        "id": "54ce704fb2ff981dcc43fe19"}'
    http_version: 
  recorded_at: Sun, 01 Feb 2015 18:28:32 GMT
- request:
    method: get
    uri: https://admin:eYo5Dh2rR6jQayB4vFLEpqUwMcXosuXg@kt1.local/pulp/api/v2/tasks/83a05941-d27f-4183-9112-350b61ac894b/
    body:
      encoding: US-ASCII
      string: ''
    headers:
      Accept:
      - application/json
      Accept-Encoding:
      - gzip, deflate
      Content-Type:
      - application/json
      User-Agent:
      - Ruby
  response:
    status:
      code: 200
      message: OK
    headers:
      Date:
      - Mon, 02 Feb 2015 06:39:45 GMT
      Server:
      - Apache/2.2.15 (Red Hat)
      Vary:
      - Accept-Encoding
      Content-Length:
      - '662'
      Content-Type:
      - application/json
    body:
      encoding: ASCII-8BIT
      string: '{"exception": null, "task_type": "pulp.server.tasks.repository.delete",
        "_href": "/pulp/api/v2/tasks/83a05941-d27f-4183-9112-350b61ac894b/", "task_id":
        "83a05941-d27f-4183-9112-350b61ac894b", "tags": ["pulp:repository:integration_test_id",
        "pulp:action:delete"], "finish_time": "2015-02-02T06:39:44Z", "_ns": "task_status",
        "start_time": "2015-02-02T06:39:44Z", "traceback": null, "spawned_tasks":
        [], "progress_report": {}, "queue": "reserved_resource_worker-0@kt1.local.dq",
        "state": "finished", "worker_name": "reserved_resource_worker-0@kt1.local",
        "result": null, "error": null, "_id": {"$oid": "54cf1bb0962f40ae3501a3a8"},
        "id": "54cf1bb0b2ff981dcc44041f"}'
    http_version: 
  recorded_at: Mon, 02 Feb 2015 06:39:45 GMT
- request:
    method: get
    uri: https://admin:eYo5Dh2rR6jQayB4vFLEpqUwMcXosuXg@kt1.local/pulp/api/v2/tasks/5ce08142-7909-4f85-ad41-db6503bd5a4a/
    body:
      encoding: US-ASCII
      string: ''
    headers:
      Accept:
      - application/json
      Accept-Encoding:
      - gzip, deflate
      Content-Type:
      - application/json
      User-Agent:
      - Ruby
  response:
    status:
      code: 200
      message: OK
    headers:
      Date:
      - Tue, 03 Feb 2015 20:24:03 GMT
      Server:
      - Apache/2.2.15 (Red Hat)
      Vary:
      - Accept-Encoding
      Content-Length:
      - '662'
      Connection:
      - close
      Content-Type:
      - application/json
    body:
      encoding: ASCII-8BIT
      string: '{"exception": null, "task_type": "pulp.server.tasks.repository.delete",
        "_href": "/pulp/api/v2/tasks/5ce08142-7909-4f85-ad41-db6503bd5a4a/", "task_id":
        "5ce08142-7909-4f85-ad41-db6503bd5a4a", "tags": ["pulp:repository:integration_test_id",
        "pulp:action:delete"], "finish_time": "2015-02-03T20:24:03Z", "_ns": "task_status",
        "start_time": "2015-02-03T20:24:03Z", "traceback": null, "spawned_tasks":
        [], "progress_report": {}, "queue": "reserved_resource_worker-0@kt1.local.dq",
        "state": "finished", "worker_name": "reserved_resource_worker-0@kt1.local",
        "result": null, "error": null, "_id": {"$oid": "54d12e63db087ce12b11fd0b"},
        "id": "54d12e63b2ff980faeab9ef8"}'
    http_version: 
  recorded_at: Tue, 03 Feb 2015 20:24:04 GMT
- request:
    method: get
    uri: https://admin:7HLGDTSxNnAEEtqKgjecYCvftjzNmoRE@katello-kant.example.com/pulp/api/v2/tasks/d8326ac2-f3de-4121-955a-a59efb7e4956/
    body:
      encoding: US-ASCII
      string: ''
    headers:
      Accept:
      - application/json
      Accept-Encoding:
      - gzip, deflate
      Content-Type:
      - application/json
      User-Agent:
      - Ruby
  response:
    status:
      code: 200
      message: OK
    headers:
      Date:
      - Tue, 23 Jun 2015 22:38:01 GMT
      Server:
      - Apache/2.4.6 (CentOS)
      Content-Length:
      - '692'
      Connection:
      - close
      Content-Type:
      - application/json
    body:
      encoding: UTF-8
      string: '{"exception": null, "task_type": "pulp.server.tasks.repository.delete",
        "_href": "/pulp/api/v2/tasks/d8326ac2-f3de-4121-955a-a59efb7e4956/", "task_id":
        "d8326ac2-f3de-4121-955a-a59efb7e4956", "tags": ["pulp:repository:integration_test_id",
        "pulp:action:delete"], "finish_time": "2015-06-23T22:38:01Z", "_ns": "task_status",
        "start_time": "2015-06-23T22:38:01Z", "traceback": null, "spawned_tasks":
        [], "progress_report": {}, "queue": "reserved_resource_worker-0@katello-kant.example.com.dq",
        "state": "finished", "worker_name": "reserved_resource_worker-0@katello-kant.example.com",
        "result": null, "error": null, "_id": {"$oid": "5589dfc92812e3d33cf0fffa"},
        "id": "5589dfc92812e3d33cf0fffa"}'
    http_version: 
  recorded_at: Tue, 23 Jun 2015 22:38:02 GMT
- request:
    method: get
    uri: https://admin:7HLGDTSxNnAEEtqKgjecYCvftjzNmoRE@katello-kant.example.com/pulp/api/v2/tasks/3704a1b2-0ebf-46da-a09c-21818a063d66/
    body:
      encoding: US-ASCII
      string: ''
    headers:
      Accept:
      - application/json
      Accept-Encoding:
      - gzip, deflate
      Content-Type:
      - application/json
      User-Agent:
      - Ruby
  response:
    status:
      code: 200
      message: OK
    headers:
      Date:
      - Tue, 23 Jun 2015 22:45:29 GMT
      Server:
      - Apache/2.4.6 (CentOS)
      Content-Length:
      - '692'
      Connection:
      - close
      Content-Type:
      - application/json
    body:
      encoding: UTF-8
      string: '{"exception": null, "task_type": "pulp.server.tasks.repository.delete",
        "_href": "/pulp/api/v2/tasks/3704a1b2-0ebf-46da-a09c-21818a063d66/", "task_id":
        "3704a1b2-0ebf-46da-a09c-21818a063d66", "tags": ["pulp:repository:integration_test_id",
        "pulp:action:delete"], "finish_time": "2015-06-23T22:45:28Z", "_ns": "task_status",
        "start_time": "2015-06-23T22:45:28Z", "traceback": null, "spawned_tasks":
        [], "progress_report": {}, "queue": "reserved_resource_worker-0@katello-kant.example.com.dq",
        "state": "finished", "worker_name": "reserved_resource_worker-0@katello-kant.example.com",
        "result": null, "error": null, "_id": {"$oid": "5589e1882812e3d33cf103e0"},
        "id": "5589e1882812e3d33cf103e0"}'
    http_version: 
  recorded_at: Tue, 23 Jun 2015 22:45:29 GMT
- request:
    method: get
    uri: https://admin:9km5fr4KB5byeUujz2qinVjT9LExvYSg@katello-wisdom.example.com/pulp/api/v2/tasks/be9b53a3-6432-474c-bc68-826afd4c0c5b/
    body:
      encoding: US-ASCII
      string: ''
    headers:
      Accept:
      - application/json
      Accept-Encoding:
      - gzip, deflate
      Content-Type:
      - application/json
      User-Agent:
      - Ruby
  response:
    status:
      code: 200
      message: OK
    headers:
      Date:
      - Thu, 28 Jan 2016 04:44:43 GMT
      Server:
      - Apache/2.4.6 (CentOS)
      Vary:
      - Accept-Encoding
      Content-Length:
      - '696'
      Connection:
      - close
      Content-Type:
      - application/json; charset=utf-8
    body:
      encoding: ASCII-8BIT
      string: '{"exception": null, "task_type": "pulp.server.tasks.repository.delete",
        "_href": "/pulp/api/v2/tasks/be9b53a3-6432-474c-bc68-826afd4c0c5b/", "task_id":
        "be9b53a3-6432-474c-bc68-826afd4c0c5b", "tags": ["pulp:repository:integration_test_id",
        "pulp:action:delete"], "finish_time": "2016-01-28T04:44:43Z", "_ns": "task_status",
        "start_time": "2016-01-28T04:44:43Z", "traceback": null, "spawned_tasks":
        [], "progress_report": {}, "queue": "reserved_resource_worker-1@katello-wisdom.example.com.dq",
        "state": "finished", "worker_name": "reserved_resource_worker-1@katello-wisdom.example.com",
        "result": null, "error": null, "_id": {"$oid": "56a99cba6c5b191f0bd243e6"},
        "id": "56a99cba6c5b191f0bd243e6"}'
    http_version: 
  recorded_at: Thu, 28 Jan 2016 04:44:43 GMT
- request:
    method: get
    uri: https://admin:icizRXdtWXs66PqkAXytGFMconvzbE8w@katello-yoda.example.com/pulp/api/v2/tasks/a5b11e23-cdbb-4d0c-af32-c53de6eca72d/
    body:
      encoding: US-ASCII
      string: ''
    headers:
      Accept:
      - application/json
      Accept-Encoding:
      - gzip, deflate
      Content-Type:
      - application/json
      User-Agent:
      - Ruby
  response:
    status:
      code: 200
      message: OK
    headers:
      Date:
      - Fri, 29 Jan 2016 17:07:10 GMT
      Server:
      - Apache/2.4.6 (CentOS)
      Vary:
      - Accept-Encoding
      Content-Length:
      - '692'
      Connection:
      - close
      Content-Type:
      - application/json; charset=utf-8
    body:
      encoding: ASCII-8BIT
      string: '{"exception": null, "task_type": "pulp.server.tasks.repository.delete",
        "_href": "/pulp/api/v2/tasks/a5b11e23-cdbb-4d0c-af32-c53de6eca72d/", "task_id":
        "a5b11e23-cdbb-4d0c-af32-c53de6eca72d", "tags": ["pulp:repository:integration_test_id",
        "pulp:action:delete"], "finish_time": "2016-01-29T17:07:10Z", "_ns": "task_status",
        "start_time": "2016-01-29T17:07:10Z", "traceback": null, "spawned_tasks":
        [], "progress_report": {}, "queue": "reserved_resource_worker-1@katello-yoda.example.com.dq",
        "state": "finished", "worker_name": "reserved_resource_worker-1@katello-yoda.example.com",
        "result": null, "error": null, "_id": {"$oid": "56ab9c3e7e09741dd640d176"},
        "id": "56ab9c3e7e09741dd640d176"}'
    http_version: 
  recorded_at: Fri, 29 Jan 2016 17:07:10 GMT
- request:
    method: get
    uri: https://admin:icizRXdtWXs66PqkAXytGFMconvzbE8w@katello-yoda.example.com/pulp/api/v2/tasks/a91fa954-f544-4a16-aee4-13cd903ac30b/
    body:
      encoding: US-ASCII
      string: ''
    headers:
      Accept:
      - application/json
      Accept-Encoding:
      - gzip, deflate
      Content-Type:
      - application/json
      User-Agent:
      - Ruby
  response:
    status:
      code: 200
      message: OK
    headers:
      Date:
      - Fri, 29 Jan 2016 17:29:43 GMT
      Server:
      - Apache/2.4.6 (CentOS)
      Vary:
      - Accept-Encoding
      Content-Length:
      - '692'
      Connection:
      - close
      Content-Type:
      - application/json; charset=utf-8
    body:
      encoding: ASCII-8BIT
      string: '{"exception": null, "task_type": "pulp.server.tasks.repository.delete",
        "_href": "/pulp/api/v2/tasks/a91fa954-f544-4a16-aee4-13cd903ac30b/", "task_id":
        "a91fa954-f544-4a16-aee4-13cd903ac30b", "tags": ["pulp:repository:integration_test_id",
        "pulp:action:delete"], "finish_time": "2016-01-29T17:29:43Z", "_ns": "task_status",
        "start_time": "2016-01-29T17:29:43Z", "traceback": null, "spawned_tasks":
        [], "progress_report": {}, "queue": "reserved_resource_worker-1@katello-yoda.example.com.dq",
        "state": "finished", "worker_name": "reserved_resource_worker-1@katello-yoda.example.com",
        "result": null, "error": null, "_id": {"$oid": "56aba1877e09741dd640d4e3"},
        "id": "56aba1877e09741dd640d4e3"}'
    http_version: 
  recorded_at: Fri, 29 Jan 2016 17:29:43 GMT
- request:
    method: delete
    uri: https://admin:icizRXdtWXs66PqkAXytGFMconvzbE8w@katello-yoda.example.com/pulp/api/v2/repositories/integration_test_id/
    body:
      encoding: US-ASCII
      string: ''
    headers:
      Accept:
      - application/json
      Accept-Encoding:
      - gzip, deflate
      Content-Type:
      - application/json
      User-Agent:
      - Ruby
  response:
    status:
      code: 404
      message: NOT FOUND
    headers:
      Date:
      - Tue, 02 Feb 2016 23:12:04 GMT
      Server:
      - Apache/2.4.6 (CentOS)
      Content-Encoding:
      - utf-8
      Content-Length:
      - '454'
      Connection:
      - close
      Content-Type:
      - application/json; charset=utf-8
    body:
      encoding: UTF-8
      string: '{"http_request_method": "DELETE", "exception": null, "error_message":
        "Missing resource(s): repository=integration_test_id", "_href": "/pulp/api/v2/repositories/integration_test_id/",
        "http_status": 404, "error": {"code": "PLP0009", "data": {"resources": {"repository":
        "integration_test_id"}}, "description": "Missing resource(s): repository=integration_test_id",
        "sub_errors": []}, "traceback": null, "resources": {"repository": "integration_test_id"}}'
    http_version: 
  recorded_at: Tue, 02 Feb 2016 23:12:04 GMT
- request:
    method: post
    uri: https://admin:icizRXdtWXs66PqkAXytGFMconvzbE8w@katello-yoda.example.com/pulp/api/v2/repositories/
    body:
      encoding: UTF-8
      string: '{"id":"integration_test_id","importer_type_id":"yum_importer","importer_config":{},"notes":{"_repo-type":"rpm-repo"}}'
    headers:
      Accept:
      - application/json
      Accept-Encoding:
      - gzip, deflate
      Content-Type:
      - application/json
      Content-Length:
      - '117'
      User-Agent:
      - Ruby
  response:
    status:
      code: 201
      message: CREATED
    headers:
      Date:
      - Tue, 02 Feb 2016 23:12:04 GMT
      Server:
      - Apache/2.4.6 (CentOS)
      Content-Length:
      - '343'
      Location:
      - https://katello-yoda.example.com/pulp/api/v2/repositories/integration_test_id/
      Connection:
      - close
      Content-Type:
      - application/json; charset=utf-8
    body:
      encoding: UTF-8
      string: '{"scratchpad": {}, "display_name": "integration_test_id", "description":
        null, "last_unit_added": null, "notes": {"_repo-type": "rpm-repo"}, "last_unit_removed":
        null, "content_unit_counts": {}, "_ns": "repos", "_id": {"$oid": "56b137c4de040355761eb7aa"},
        "id": "integration_test_id", "_href": "/pulp/api/v2/repositories/integration_test_id/"}'
    http_version: 
  recorded_at: Tue, 02 Feb 2016 23:12:04 GMT
- request:
    method: get
    uri: https://admin:icizRXdtWXs66PqkAXytGFMconvzbE8w@katello-yoda.example.com/pulp/api/v2/repositories/integration_test_id/?details=true
    body:
      encoding: US-ASCII
      string: ''
    headers:
      Accept:
      - application/json
      Accept-Encoding:
      - gzip, deflate
      Content-Type:
      - application/json
      User-Agent:
      - Ruby
  response:
    status:
      code: 200
      message: OK
    headers:
      Date:
      - Tue, 02 Feb 2016 23:12:04 GMT
      Server:
      - Apache/2.4.6 (CentOS)
      Vary:
      - Accept-Encoding
      Content-Length:
      - '733'
      Connection:
      - close
      Content-Type:
      - application/json; charset=utf-8
    body:
      encoding: ASCII-8BIT
      string: '{"scratchpad": {}, "display_name": "integration_test_id", "description":
        null, "distributors": [], "last_unit_added": null, "notes": {"_repo-type":
        "rpm-repo"}, "last_unit_removed": null, "content_unit_counts": {}, "_ns":
        "repos", "importers": [{"scratchpad": null, "_href": "/pulp/api/v2/repositories/integration_test_id/importers/yum_importer/",
        "_ns": "repo_importers", "importer_type_id": "yum_importer", "last_sync":
        null, "repo_id": "integration_test_id", "_id": {"$oid": "56b137c4de040355761eb7ab"},
        "config": {}, "id": "yum_importer"}], "locally_stored_units": 0, "_id": {"$oid":
        "56b137c4de040355761eb7aa"}, "total_repository_units": 0, "id": "integration_test_id",
        "_href": "/pulp/api/v2/repositories/integration_test_id/"}'
    http_version: 
  recorded_at: Tue, 02 Feb 2016 23:12:04 GMT
- request:
    method: delete
    uri: https://admin:icizRXdtWXs66PqkAXytGFMconvzbE8w@katello-yoda.example.com/pulp/api/v2/repositories/integration_test_id/
    body:
      encoding: US-ASCII
      string: ''
    headers:
      Accept:
      - application/json
      Accept-Encoding:
      - gzip, deflate
      Content-Type:
      - application/json
      User-Agent:
      - Ruby
  response:
    status:
      code: 202
      message: ACCEPTED
    headers:
      Date:
      - Tue, 02 Feb 2016 23:12:04 GMT
      Server:
      - Apache/2.4.6 (CentOS)
      Content-Length:
      - '172'
      Connection:
      - close
      Content-Type:
      - application/json; charset=utf-8
    body:
      encoding: UTF-8
      string: '{"spawned_tasks": [{"_href": "/pulp/api/v2/tasks/d465bb86-763e-48f9-8312-208eec519bdf/",
        "task_id": "d465bb86-763e-48f9-8312-208eec519bdf"}], "result": null, "error":
        null}'
    http_version: 
  recorded_at: Tue, 02 Feb 2016 23:12:04 GMT
- request:
    method: get
    uri: https://admin:icizRXdtWXs66PqkAXytGFMconvzbE8w@katello-yoda.example.com/pulp/api/v2/tasks/d465bb86-763e-48f9-8312-208eec519bdf/
    body:
      encoding: US-ASCII
      string: ''
    headers:
      Accept:
      - application/json
      Accept-Encoding:
      - gzip, deflate
      Content-Type:
      - application/json
      User-Agent:
      - Ruby
  response:
    status:
      code: 200
      message: OK
    headers:
      Date:
      - Tue, 02 Feb 2016 23:12:05 GMT
      Server:
      - Apache/2.4.6 (CentOS)
      Vary:
      - Accept-Encoding
      Content-Length:
      - '692'
      Connection:
      - close
      Content-Type:
      - application/json; charset=utf-8
    body:
      encoding: ASCII-8BIT
      string: '{"exception": null, "task_type": "pulp.server.tasks.repository.delete",
        "_href": "/pulp/api/v2/tasks/d465bb86-763e-48f9-8312-208eec519bdf/", "task_id":
        "d465bb86-763e-48f9-8312-208eec519bdf", "tags": ["pulp:repository:integration_test_id",
        "pulp:action:delete"], "finish_time": "2016-02-02T23:12:04Z", "_ns": "task_status",
        "start_time": "2016-02-02T23:12:04Z", "traceback": null, "spawned_tasks":
        [], "progress_report": {}, "queue": "reserved_resource_worker-1@katello-yoda.example.com.dq",
        "state": "finished", "worker_name": "reserved_resource_worker-1@katello-yoda.example.com",
        "result": null, "error": null, "_id": {"$oid": "56b137c44e0aa7f8e9289c49"},
        "id": "56b137c44e0aa7f8e9289c49"}'
    http_version: 
  recorded_at: Tue, 02 Feb 2016 23:12:05 GMT
recorded_with: VCR 3.0.1
