--- 
http_interactions: 
- request: 
    method: delete
    uri: https://admin:admin@centos.installer/pulp/api/v2/repositories/integration_test_id/
    body: 
      encoding: US-ASCII
      string: ""
    headers: 
      Accept: 
      - application/json
      Accept-Encoding: 
      - gzip, deflate
      Content-Type: 
      - application/json
      User-Agent: 
      - Ruby
  response: 
    status: 
      code: 404
      message: Not Found
    headers: 
      Date: 
      - Wed, 30 Apr 2014 20:49:02 GMT
      Server: 
      - Apache/2.2.15 (CentOS)
      Content-Encoding: 
      - utf-8
      Content-Length: 
      - "442"
      Connection: 
      - close
      Content-Type: 
      - application/json
    body: 
      encoding: US-ASCII
      string: "{\"http_request_method\": \"DELETE\", \"exception\": null, \"error_message\": \"Missing resource(s): repo_id=integration_test_id\", \"_href\": \"/pulp/api/v2/repositories/integration_test_id/\", \"http_status\": 404, \"error\": {\"code\": \"PLP0009\", \"data\": {\"resources\": {\"repo_id\": \"integration_test_id\"}}, \"description\": \"Missing resource(s): repo_id=integration_test_id\", \"sub_errors\": []}, \"traceback\": null, \"resources\": {\"repo_id\": \"integration_test_id\"}}"
    http_version: 
  recorded_at: Wed, 30 Apr 2014 20:49:02 GMT
- request: 
    method: post
    uri: https://admin:admin@centos.installer/pulp/api/v2/repositories/
    body: 
      encoding: US-ASCII
      string: "{\"id\":\"integration_test_id\",\"importer_type_id\":\"yum_importer\",\"importer_config\":{},\"notes\":{\"_repo-type\":\"rpm-repo\"},\"distributors\":[{\"distributor_type\":\"yum_distributor\",\"distributor_config\":{\"relative_url\":\"/path\",\"http\":true,\"https\":true},\"auto_publish\":false,\"distributor_id\":\"123\"}]}"
    headers: 
      Accept: 
      - application/json
      Accept-Encoding: 
      - gzip, deflate
      Content-Type: 
      - application/json
      Content-Length: 
      - "288"
      User-Agent: 
      - Ruby
  response: 
    status: 
      code: 201
      message: Created
    headers: 
      Date: 
      - Wed, 30 Apr 2014 20:49:02 GMT
      Server: 
      - Apache/2.2.15 (CentOS)
      Location: 
      - integration_test_id
      Content-Length: 
      - "291"
      Connection: 
      - close
      Content-Type: 
      - application/json
    body: 
      encoding: US-ASCII
      string: "{\"scratchpad\": {}, \"display_name\": \"integration_test_id\", \"description\": null, \"_ns\": \"repos\", \"notes\": {\"_repo-type\": \"rpm-repo\"}, \"content_unit_counts\": {}, \"_id\": {\"$oid\": \"536161be86d9a928f092749f\"}, \"id\": \"integration_test_id\", \"_href\": \"/pulp/api/v2/repositories/integration_test_id/\"}"
    http_version: 
  recorded_at: Wed, 30 Apr 2014 20:49:02 GMT
- request: 
    method: get
    uri: https://admin:admin@centos.installer/pulp/api/v2/repositories/integration_test_id/?details=true
    body: 
      encoding: US-ASCII
      string: ""
    headers: 
      Accept: 
      - application/json
      Accept-Encoding: 
      - gzip, deflate
      Content-Type: 
      - application/json
      User-Agent: 
      - Ruby
  response: 
    status: 
      code: 200
      message: OK
    headers: 
      Date: 
      - Wed, 30 Apr 2014 20:49:02 GMT
      Server: 
      - Apache/2.2.15 (CentOS)
      Content-Length: 
      - "846"
      Connection: 
      - close
      Content-Type: 
      - application/json
    body: 
      encoding: US-ASCII
      string: "{\"scratchpad\": {}, \"display_name\": \"integration_test_id\", \"description\": null, \"distributors\": [{\"repo_id\": \"integration_test_id\", \"_ns\": \"repo_distributors\", \"last_publish\": null, \"auto_publish\": false, \"scheduled_publishes\": [], \"distributor_type_id\": \"yum_distributor\", \"_id\": {\"$oid\": \"536161be86d9a928f09274a1\"}, \"config\": {\"http\": true, \"relative_url\": \"/path\", \"https\": true}, \"id\": \"123\"}], \"_ns\": \"repos\", \"notes\": {\"_repo-type\": \"rpm-repo\"}, \"content_unit_counts\": {}, \"importers\": [{\"repo_id\": \"integration_test_id\", \"_ns\": \"repo_importers\", \"importer_type_id\": \"yum_importer\", \"last_sync\": null, \"scheduled_syncs\": [], \"_id\": {\"$oid\": \"536161be86d9a928f09274a0\"}, \"config\": {}, \"id\": \"yum_importer\"}], \"_id\": {\"$oid\": \"536161be86d9a928f092749f\"}, \"id\": \"integration_test_id\", \"_href\": \"/pulp/api/v2/repositories/integration_test_id/\"}"
    http_version: 
  recorded_at: Wed, 30 Apr 2014 20:49:02 GMT
- request: 
    method: delete
    uri: https://admin:admin@centos.installer/pulp/api/v2/repositories/integration_test_id/
    body: 
      encoding: US-ASCII
      string: ""
    headers: 
      Accept: 
      - application/json
      Accept-Encoding: 
      - gzip, deflate
      Content-Type: 
      - application/json
      User-Agent: 
      - Ruby
  response: 
    status: 
      code: 202
      message: Accepted
    headers: 
      Date: 
      - Wed, 30 Apr 2014 20:49:02 GMT
      Server: 
      - Apache/2.2.15 (CentOS)
      Content-Encoding: 
      - utf-8
      Content-Length: 
      - "172"
      Connection: 
      - close
      Content-Type: 
      - application/json
    body: 
      encoding: US-ASCII
      string: "{\"spawned_tasks\": [{\"_href\": \"/pulp/api/v2/tasks/39ffd4d8-64c5-4a75-a3eb-ec8e7ab954f3/\", \"task_id\": \"39ffd4d8-64c5-4a75-a3eb-ec8e7ab954f3\"}], \"result\": null, \"error\": null}"
    http_version: 
  recorded_at: Wed, 30 Apr 2014 20:49:02 GMT
- request: 
    method: get
    uri: https://admin:admin@centos.installer/pulp/api/v2/tasks/39ffd4d8-64c5-4a75-a3eb-ec8e7ab954f3/
    body: 
      encoding: US-ASCII
      string: ""
    headers: 
      Accept: 
      - application/json
      Accept-Encoding: 
      - gzip, deflate
      Content-Type: 
      - application/json
      User-Agent: 
      - Ruby
  response: 
    status: 
      code: 200
      message: OK
    headers: 
      Date: 
      - Wed, 30 Apr 2014 20:49:03 GMT
      Server: 
      - Apache/2.2.15 (CentOS)
      Content-Length: 
      - "501"
      Connection: 
      - close
      Content-Type: 
      - application/json
    body: 
      encoding: US-ASCII
      string: "{\"task_type\": \"pulp.server.tasks.repository.delete\", \"_href\": \"/pulp/api/v2/tasks/39ffd4d8-64c5-4a75-a3eb-ec8e7ab954f3/\", \"task_id\": \"39ffd4d8-64c5-4a75-a3eb-ec8e7ab954f3\", \"tags\": [\"pulp:repository:integration_test_id\", \"pulp:action:delete\"], \"finish_time\": \"2014-04-30T20:49:02Z\", \"_ns\": \"task_status\", \"start_time\": \"2014-04-30T20:49:02Z\", \"spawned_tasks\": [], \"queue\": \"reserved_resource_worker-0@centos.installer\", \"state\": \"finished\", \"result\": null, \"_id\": {\"$oid\": \"536161be6f17e7ee7c724a62\"}}"
    http_version: 
  recorded_at: Wed, 30 Apr 2014 20:49:03 GMT
recorded_with: VCR 2.9.0
